06-19 15:34:38.578  2404  2404 W ContextImpl: Calling a method in the system process without a qualified user: android.app.ContextImpl.startService:1477 android.content.ContextWrapper.startService:645 android.content.ContextWrapper.startService:645 com.oneplus.skin.OPSkinReceiver.onReceive:194 android.app.ActivityThread.handleReceiver:3410 
06-19 15:34:39.147  1291  1291 I chatty  : uid=1000 system_server expire 9 lines
06-19 15:34:39.705  2404  2404 W ContextImpl: Calling a method in the system process without a qualified user: android.app.ContextImpl.startService:1477 android.content.ContextWrapper.startService:645 android.content.ContextWrapper.startService:645 com.oneplus.skin.OPSkinReceiver.onReceive:194 android.app.ActivityThread.handleReceiver:3410 
06-19 15:34:40.109  1291  2266 I chatty  : uid=1000(system) Binder:1291_7 expire 3 lines
06-19 15:34:42.017  1291  2573 I chatty  : uid=1000(system) backup expire 1 line
06-19 15:34:49.740  1291  1736 I chatty  : uid=1000(system) InputReader expire 2 lines
06-19 15:34:49.768  1291  1480 I chatty  : uid=1000(system) PowerManagerSer expire 13 lines
06-19 15:34:49.768  1291  1857 I chatty  : uid=1000(system) ColorBalanceThr expire 4 lines
06-19 15:34:49.823  1291  1886 I chatty  : uid=1000(system) FingerPrintThre expire 7 lines
06-19 15:34:50.202  1291  1478 I chatty  : uid=1000(system) android.display expire 1 line
06-19 15:34:50.239  1291 17847 I chatty  : uid=1000(system) Binder:1291_20 expire 7 lines
06-19 15:34:50.244  1998  1998 D KeyguardViewMediator: setLockScreenShown begin, true, seq:535801762
06-19 15:34:50.256  1998  2106 D KeyguardViewMediator: setLockScreenShown true, seq:535801762
06-19 15:34:50.379  1998  1998 V KeyguardStatusView: refresh statusview showing:true
06-19 15:34:50.394  1998  1998 V KeyguardDisplayManager: show
06-19 15:34:56.093  1291  1490 I chatty  : uid=1000(system) PackageManager expire 11 lines
06-19 15:35:00.000  1291  1728 I chatty  : uid=1000(system) AlarmManager expire 6 lines
06-19 15:35:00.483  1291  2846 I chatty  : uid=1000(system) Binder:1291_E expire 1 line
06-19 15:35:00.483  1291  1827 I chatty  : uid=1000(system) ConnectivitySer expire 26 lines
06-19 15:35:00.488  1291  6865 I chatty  : uid=1000(system) Binder:1291_17 expire 2 lines
06-19 15:35:00.525  1291  1416 I chatty  : uid=1000(system) ActivityManager expire 18 lines
06-19 15:35:01.841  1291  1415 I chatty  : uid=1000(system) EmbryoManager expire 2 lines
06-19 15:35:02.048  1291  4255 I chatty  : uid=1000(system) Binder:1291_15 expire 1 line
06-19 15:35:02.228  1291 12246 I chatty  : uid=1000(system) Binder:1291_1B expire 4 lines
06-19 15:35:02.506  1291  2258 I chatty  : uid=1000(system) Binder:1291_6 expire 7 lines
06-19 15:35:09.154  1291  1408 I chatty  : uid=1000(system) android.bg expire 1 line
06-19 15:35:09.345 28679 28679 D ActivityThread: Loading provider com.whatsapp.provider.contact: com.whatsapp.contact.ContactProvider
06-19 15:35:10.516  1291  1490 I chatty  : uid=1000(system) PackageManager expire 33 lines
06-19 15:35:15.062  1291  1416 I chatty  : uid=1000(system) ActivityManager expire 24 lines
06-19 15:35:15.117  1291  1415 I chatty  : uid=1000(system) EmbryoManager expire 7 lines
06-19 15:35:15.126  1291  2379 I chatty  : uid=1000(system) Binder:1291_B expire 5 lines
06-19 15:35:15.246  1291 17713 I chatty  : uid=1000(system) Binder:1291_1F expire 8 lines
06-19 15:35:15.346  1291  2258 I chatty  : uid=1000(system) Binder:1291_6 expire 2 lines
06-19 15:35:15.495  1291  1291 I chatty  : uid=1000 system_server expire 8 lines
06-19 15:35:15.594  1291 12786 I chatty  : uid=1000(system) Binder:1291_1C expire 1 line
06-19 15:35:15.595  1291  1827 I chatty  : uid=1000(system) ConnectivitySer expire 73 lines
06-19 15:35:15.595  1291  2266 I chatty  : uid=1000(system) Binder:1291_7 expire 7 lines
06-19 15:35:15.745  1291 14724 I chatty  : uid=1000(system) Binder:1291_1E expire 9 lines
06-19 15:35:15.902  1291 11093 I chatty  : uid=1000(system) Binder:1291_1A expire 12 lines
06-19 15:35:16.096 28896 28896 E ActivityThread: Failed to find provider info for com.opera.minisettingsmocker
06-19 15:35:16.364  1291  1338 I chatty  : uid=1000(system) Binder:1291_2 expire 3 lines
06-19 15:35:16.763  1291  1476 I chatty  : uid=1000(system) android.fg expire 4 lines
06-19 15:35:16.763  1291  1772 I chatty  : uid=1000(system) NetworkStats expire 12 lines
06-19 15:35:20.993  1291 14017 I chatty  : uid=1000(system) Binder:1291_1D expire 7 lines
06-19 15:35:32.618  1291  1728 I chatty  : uid=1000(system) AlarmManager expire 15 lines
06-19 15:35:37.195  1291  2377 I chatty  : uid=1000(system) Binder:1291_9 expire 3 lines
06-19 15:35:37.283  1291 12246 I chatty  : uid=1000(system) Binder:1291_1B expire 5 lines
06-19 15:35:37.293  1291  2376 I chatty  : uid=1000(system) Binder:1291_8 expire 1 line
06-19 15:35:40.169  1291  1417 I chatty  : uid=1000(system) android.ui expire 2 lines
06-19 15:35:40.481  1291  1995 I chatty  : uid=1000(system) Binder:1291_5 expire 2 lines
06-19 15:35:40.699  1291  2863 I chatty  : uid=1000(system) Binder:1291_11 expire 3 lines
06-19 15:35:53.275  1291  2910 I chatty  : uid=1000(system) Binder:1291_13 expire 6 lines
06-19 15:36:02.912  1291  2378 I chatty  : uid=1000(system) Binder:1291_A expire 2 lines
06-19 15:36:04.489  1291  6865 I chatty  : uid=1000(system) Binder:1291_17 expire 6 lines
06-19 15:36:04.680  1291  2847 I chatty  : uid=1000(system) Binder:1291_F expire 5 lines
06-19 15:36:04.807  1291  1742 I chatty  : uid=1000(system) Binder:1291_3 expire 2 lines
06-19 15:36:11.610  1291  2266 I chatty  : uid=1000(system) Binder:1291_7 expire 2 lines
06-19 15:36:11.610  1291  1827 I chatty  : uid=1000(system) ConnectivitySer expire 37 lines
06-19 15:36:11.660  1291 14724 I chatty  : uid=1000(system) Binder:1291_1E expire 2 lines
06-19 15:36:11.814  1291  1490 I chatty  : uid=1000(system) PackageManager expire 42 lines
06-19 15:36:12.883  1291  2847 I chatty  : uid=1000(system) Binder:1291_F expire 5 lines
06-19 15:36:13.399  1291  1408 I chatty  : uid=1000(system) android.bg expire 6 lines
06-19 15:36:13.439  1291  1416 I chatty  : uid=1000(system) ActivityManager expire 33 lines
06-19 15:36:13.736  1291 14017 I chatty  : uid=1000(system) Binder:1291_1D expire 6 lines
06-19 15:36:14.500  1291  1291 I chatty  : uid=1000 system_server expire 5 lines
06-19 15:36:14.620  1291  1415 I chatty  : uid=1000(system) EmbryoManager expire 9 lines
06-19 15:36:14.790  1291  2376 I chatty  : uid=1000(system) Binder:1291_8 expire 11 lines
06-19 15:36:14.809  1291  2910 I chatty  : uid=1000(system) Binder:1291_13 expire 5 lines
06-19 15:36:14.948  1291  6167 I chatty  : uid=1000(system) Binder:1291_16 expire 4 lines
06-19 15:36:16.139  1291 11093 I chatty  : uid=1000(system) Binder:1291_1A expire 8 lines
06-19 15:36:16.212  1291  2378 I chatty  : uid=1000(system) Binder:1291_A expire 1 line
06-19 15:36:16.231  1291  1328 I chatty  : uid=1000(system) Binder:1291_1 expire 2 lines
06-19 15:36:16.311  1291  6865 I chatty  : uid=1000(system) Binder:1291_17 expire 2 lines
06-19 15:36:16.363 30342 30342 E ActivityThread: Failed to find provider info for com.opera.minisettingsmocker
06-19 15:36:16.615  1291  1995 I chatty  : uid=1000(system) Binder:1291_5 expire 2 lines
06-19 15:36:17.532  1291  2573 I chatty  : uid=1000(system) backup expire 1 line
06-19 15:36:19.356  1291  1728 I chatty  : uid=1000(system) AlarmManager expire 12 lines
06-19 15:36:19.609  1291  2834 I chatty  : uid=1000(system) Binder:1291_D expire 3 lines
06-19 15:36:26.001  1291  4255 I chatty  : uid=1000(system) Binder:1291_15 expire 1 line
06-19 15:36:26.391  1291 17847 I chatty  : uid=1000(system) Binder:1291_20 expire 15 lines
06-19 15:36:26.586  1291  2862 I chatty  : uid=1000(system) Binder:1291_10 expire 1 line
06-19 15:36:28.847  1291  1476 I chatty  : uid=1000(system) android.fg expire 5 lines
06-19 15:36:28.848  1291  1772 I chatty  : uid=1000(system) NetworkStats expire 15 lines
06-19 15:36:39.200  1291 17713 I chatty  : uid=1000(system) Binder:1291_1F expire 7 lines
06-19 15:37:03.722  1291  2846 I chatty  : uid=1000(system) Binder:1291_E expire 4 lines
06-19 15:37:22.722  1291 12786 I chatty  : uid=1000(system) Binder:1291_1C expire 2 lines
06-19 15:37:22.895  1291  1417 I chatty  : uid=1000(system) android.ui expire 1 line
06-19 15:37:23.128  1291  2258 I chatty  : uid=1000(system) Binder:1291_6 expire 2 lines
06-19 15:37:23.509  1291  2379 I chatty  : uid=1000(system) Binder:1291_B expire 2 lines
06-19 15:37:52.631  1291  8961 I chatty  : uid=1000(system) Binder:1291_18 expire 2 lines
06-19 15:37:52.634  1291  2909 I chatty  : uid=1000(system) Binder:1291_12 expire 2 lines
06-19 15:37:52.640  1291  1959 I chatty  : uid=1000(system) Binder:1291_4 expire 6 lines
06-19 15:37:52.948  1291  1728 I chatty  : uid=1000(system) AlarmManager expire 51 lines
06-19 15:37:55.692  1291  1415 I chatty  : uid=1000(system) EmbryoManager expire 3 lines
06-19 15:37:58.827  1291  1291 I chatty  : uid=1000 system_server expire 2 lines
06-19 15:37:59.273  1291  1827 I chatty  : uid=1000(system) ConnectivitySer expire 24 lines
06-19 15:38:09.884  1291  1416 I chatty  : uid=1000(system) ActivityManager expire 147 lines
06-19 15:38:11.644  1291  2258 I chatty  : uid=1000(system) Binder:1291_6 expire 6 lines
06-19 15:38:12.142  1291  2377 I chatty  : uid=1000(system) Binder:1291_9 expire 1 line
06-19 15:38:12.142  1291 14724 I chatty  : uid=1000(system) Binder:1291_1E expire 1 line
06-19 15:38:26.851  1291  1476 I chatty  : uid=1000(system) android.fg expire 1 line
06-19 15:38:26.852  1291  1772 I chatty  : uid=1000(system) NetworkStats expire 3 lines
06-19 15:38:32.381  1291  2910 I chatty  : uid=1000(system) Binder:1291_13 expire 1 line
06-19 15:38:32.383  1291  2862 I chatty  : uid=1000(system) Binder:1291_10 expire 1 line
06-19 15:38:32.408  1291 11093 I chatty  : uid=1000(system) Binder:1291_1A expire 1 line
06-19 15:43:50.672  1291  1420 I chatty  : uid=1000(system) batterystats-sy expire 9 lines
06-19 15:48:17.961  1291  1416 I chatty  : uid=1000(system) ActivityManager expire 106 lines
06-19 15:48:39.456  1291 12246 I chatty  : uid=1000(system) Binder:1291_1B expire 2 lines
06-19 15:48:39.655  1291  2378 I chatty  : uid=1000(system) Binder:1291_A expire 10 lines
06-19 15:48:39.832  1291  1959 I chatty  : uid=1000(system) Binder:1291_4 expire 8 lines
06-19 15:48:40.337  1291  2380 I chatty  : uid=1000(system) Binder:1291_C expire 3 lines
06-19 15:48:40.485  1291  1827 I chatty  : uid=1000(system) ConnectivitySer expire 15 lines
06-19 15:49:00.000  1291  1728 I chatty  : uid=1000(system) AlarmManager expire 12 lines
06-19 15:49:00.699  1291  4255 I chatty  : uid=1000(system) Binder:1291_15 expire 6 lines
06-19 15:49:03.746  1291  1415 I chatty  : uid=1000(system) EmbryoManager expire 3 lines
06-19 15:49:11.007  1291 11035 I chatty  : uid=1000(system) Binder:1291_19 expire 1 line
06-19 15:49:11.078  1291 14724 I chatty  : uid=1000(system) Binder:1291_1E expire 4 lines
06-19 15:49:21.484  1291  1729 I chatty  : uid=1000(system) UEventObserver expire 3 lines
06-19 15:49:21.533  1291  1480 I chatty  : uid=1000(system) PowerManagerSer expire 16 lines
06-19 15:49:21.604  1291  1857 I chatty  : uid=1000(system) ColorBalanceThr expire 4 lines
06-19 15:49:21.790  1291  1291 I chatty  : uid=1000 system_server expire 3 lines
06-19 15:49:21.808  1291  1417 I chatty  : uid=1000(system) android.ui expire 6 lines
06-19 15:49:21.814  1291  1478 I chatty  : uid=1000(system) android.display expire 2 lines
06-19 15:49:22.045  1291  2376 I chatty  : uid=1000(system) Binder:1291_8 expire 5 lines
06-19 15:49:22.052 32766 32766 E ActivityThread: Failed to find provider info for com.opera.minisettingsmocker
06-19 15:49:22.129  1291  1827 I chatty  : uid=1000(system) ConnectivitySer expire 5 lines
06-19 15:49:22.485  1291  1476 I chatty  : uid=1000(system) android.fg expire 7 lines
06-19 15:49:27.758  1291  1964 I chatty  : uid=1000(system) HwBinder:1291_3 expire 2 lines
06-19 15:49:27.761  1998  1998 W FingerprintManager: Invalid acquired message: 1000, 0
06-19 15:49:27.959  1291  1886 I chatty  : uid=1000(system) FingerPrintThre expire 15 lines
06-19 15:49:28.267  1291  1416 I chatty  : uid=1000(system) ActivityManager expire 5 lines
06-19 15:49:28.288  1998  1998 D KeyguardViewMediator: setLockScreenShown begin, false, seq:536679806
06-19 15:49:28.296  1998  2106 D KeyguardViewMediator: setLockScreenShown false, seq:536679806
06-19 15:49:28.315  1998  1998 V KeyguardDisplayManager: hide
06-19 15:49:28.316  1291  2378 I chatty  : uid=1000(system) Binder:1291_A expire 3 lines
06-19 15:49:28.329  1291  1408 I chatty  : uid=1000(system) android.bg expire 2 lines
06-19 15:49:41.711  1291   592 I chatty  : uid=1000 system_server expire 1 line
06-19 15:49:41.963  1291  2834 I chatty  : uid=1000(system) Binder:1291_D expire 2 lines
06-19 15:49:42.682  1291 11035 I chatty  : uid=1000(system) Binder:1291_19 expire 6 lines
06-19 15:49:42.695  1291 14724 I chatty  : uid=1000(system) Binder:1291_1E expire 3 lines
06-19 15:49:42.809  1291  4255 I chatty  : uid=1000(system) Binder:1291_15 expire 1 line
06-19 15:49:42.810  1291  1827 I chatty  : uid=1000(system) ConnectivitySer expire 16 lines
06-19 15:49:43.594  1291  1728 I chatty  : uid=1000(system) AlarmManager expire 21 lines
06-19 15:49:45.844  1291  1415 I chatty  : uid=1000(system) EmbryoManager expire 2 lines
06-19 15:50:12.186  1291  1416 I chatty  : uid=1000(system) ActivityManager expire 6 lines
06-19 15:50:12.208  1291 17713 I chatty  : uid=1000(system) Binder:1291_1F expire 4 lines
06-19 15:50:12.275  1291  2862 I chatty  : uid=1000(system) Binder:1291_10 expire 4 lines
06-19 15:50:14.066  1291 12786 I chatty  : uid=1000(system) Binder:1291_1C expire 2 lines
06-19 15:50:14.210  1291  2266 I chatty  : uid=1000(system) Binder:1291_7 expire 11 lines
06-19 15:50:15.363   473   477 D VoldCryptCmdListener: cryptfs getpwtype
06-19 15:50:15.365  1291  1741 I chatty  : uid=1000(system) CryptdConnector expire 1 line
06-19 15:50:50.625  1291  1420 I chatty  : uid=1000(system) batterystats-sy expire 10 lines
06-19 15:50:50.663  1291  1408 I chatty  : uid=1000(system) android.bg expire 7 lines
06-19 15:50:50.867  1291  1827 I chatty  : uid=1000(system) ConnectivitySer expire 14 lines
06-19 15:50:50.886  1291  2376 I chatty  : uid=1000(system) Binder:1291_8 expire 3 lines
06-19 15:53:27.938  1291  1736 I chatty  : uid=1000(system) InputReader expire 2 lines
06-19 15:53:27.938  1291  1480 I chatty  : uid=1000(system) PowerManagerSer expire 42 lines
06-19 15:53:27.938  1291  1857 I chatty  : uid=1000(system) ColorBalanceThr expire 12 lines
06-19 15:53:27.986  1291  1291 I chatty  : uid=1000 system_server expire 7 lines
06-19 15:53:28.018  1291  1886 I chatty  : uid=1000(system) FingerPrintThre expire 7 lines
06-19 15:53:28.318  1291 11093 I chatty  : uid=1000(system) Binder:1291_1A expire 4 lines
06-19 15:53:28.324  1291  1478 I chatty  : uid=1000(system) android.display expire 4 lines
06-19 15:53:28.368  1998  1998 D KeyguardViewMediator: setLockScreenShown begin, true, seq:536919886
06-19 15:53:28.374  1998  2106 D KeyguardViewMediator: setLockScreenShown true, seq:536919886
06-19 15:53:28.377  1291  2929 I chatty  : uid=1000(system) Binder:1291_14 expire 4 lines
06-19 15:53:28.460  1998  1998 V KeyguardStatusView: refresh statusview showing:true
06-19 15:53:28.469  1998  1998 V KeyguardDisplayManager: show
06-19 15:54:00.001  1291  1728 I chatty  : uid=1000(system) AlarmManager expire 23 lines
06-19 15:54:53.344  1291  1729 I chatty  : uid=1000(system) UEventObserver expire 1 line
06-19 15:54:53.529  1291  1417 I chatty  : uid=1000(system) android.ui expire 4 lines
06-19 15:54:54.346  1291  1476 I chatty  : uid=1000(system) android.fg expire 5 lines
06-19 15:54:56.600  1291  1827 I chatty  : uid=1000(system) ConnectivitySer expire 6 lines
06-19 15:55:03.796   914  1128 D QMI_FW  : chen-screen off: is_screen_off = 1 
06-19 15:55:03.796  1103  1204 D QMI_FW  : chen-screen off: is_screen_off = 1 
06-19 15:55:03.815  1291  1742 I chatty  : uid=1000(system) Binder:1291_3 expire 3 lines
06-19 15:55:04.028  1291  1480 I chatty  : uid=1000(system) PowerManagerSer expire 5 lines
06-19 15:56:37.516  1291  1772 I chatty  : uid=1000(system) NetworkStats expire 2 lines
06-19 15:56:37.773  1291  2266 I chatty  : uid=1000(system) Binder:1291_7 expire 1 line
06-19 15:58:57.938  2014  2014 D ActivityThread: Loading provider com.google.android.gm.sapi: com.google.android.gm.sapi.SapiUiProvider
06-19 15:58:58.074  1291  1420 I chatty  : uid=1000(system) batterystats-sy expire 4 lines
06-19 15:58:59.535  1291  2116 I chatty  : uid=1000 system_server expire 1 line
06-19 15:59:28.040  1291  1728 I chatty  : uid=1000(system) AlarmManager expire 4 lines
06-19 16:00:22.189  1291  2131 I chatty  : uid=1000(system) ReferenceQueueD expire 1 line
06-19 16:00:22.198  1291  1857 I chatty  : uid=1000(system) ColorBalanceThr expire 4 lines
06-19 16:00:22.205  1291  1420 I chatty  : uid=1000(system) batterystats-sy expire 2 lines
06-19 16:00:22.216  1291  1480 I chatty  : uid=1000(system) PowerManagerSer expire 10 lines
06-19 16:00:22.219  1291  1291 I chatty  : uid=1000 system_server expire 8 lines
06-19 16:00:22.221  1291  1478 I chatty  : uid=1000(system) android.display expire 2 lines
06-19 16:00:22.238   914  1128 D QMI_FW  : chen-screen on: is_screen_off = 0 
06-19 16:00:22.255  1291  2847 I chatty  : uid=1000(system) Binder:1291_F expire 4 lines
06-19 16:00:22.256  1291  1417 I chatty  : uid=1000(system) android.ui expire 5 lines
06-19 16:00:22.284  1103  1204 D QMI_FW  : chen-screen on: is_screen_off = 0 
06-19 16:00:22.304  1291  1742 I chatty  : uid=1000(system) Binder:1291_3 expire 8 lines
06-19 16:00:22.376  1291  1416 I chatty  : uid=1000(system) ActivityManager expire 14 lines
06-19 16:00:22.380  1291  1729 I chatty  : uid=1000(system) UEventObserver expire 2 lines
06-19 16:00:22.390  1291  1476 I chatty  : uid=1000(system) android.fg expire 2 lines
06-19 16:00:24.545  1291  1964 I chatty  : uid=1000(system) HwBinder:1291_3 expire 2 lines
06-19 16:00:24.546  1291  2846 I chatty  : uid=1000(system) Binder:1291_E expire 10 lines
06-19 16:00:24.547  1998  1998 W FingerprintManager: Invalid acquired message: 1000, 0
06-19 16:00:24.697  1291  1886 I chatty  : uid=1000(system) FingerPrintThre expire 15 lines
06-19 16:00:24.728  1291 17713 I chatty  : uid=1000(system) Binder:1291_1F expire 5 lines
06-19 16:00:25.017  1998  1998 D KeyguardViewMediator: setLockScreenShown begin, false, seq:537024698
06-19 16:00:25.020  1998  2106 D KeyguardViewMediator: setLockScreenShown false, seq:537024698
06-19 16:00:25.033  1998  1998 V KeyguardDisplayManager: hide
06-19 16:00:42.331  1291  1728 I chatty  : uid=1000(system) AlarmManager expire 51 lines
06-19 16:00:42.426  1291  1408 I chatty  : uid=1000(system) android.bg expire 1 line
06-19 16:01:36.448  1291 17847 I chatty  : uid=1000(system) Binder:1291_20 expire 3 lines
06-19 16:01:36.913  1291  1827 I chatty  : uid=1000(system) ConnectivitySer expire 21 lines
06-19 16:01:37.122  1291  4255 I chatty  : uid=1000(system) Binder:1291_15 expire 2 lines
06-19 16:01:39.513  1291  1415 I chatty  : uid=1000(system) EmbryoManager expire 3 lines
06-19 16:02:00.214  1291 11035 I chatty  : uid=1000(system) Binder:1291_19 expire 2 lines
06-19 16:02:06.761  1291  2862 I chatty  : uid=1000(system) Binder:1291_10 expire 3 lines
06-19 16:04:10.098  1291  2376 I chatty  : uid=1000(system) Binder:1291_8 expire 11 lines
06-19 16:04:11.927  1291  2380 I chatty  : uid=1000(system) Binder:1291_C expire 2 lines
06-19 16:04:12.023  1291  2266 I chatty  : uid=1000(system) Binder:1291_7 expire 1 line
06-19 16:04:13.214   473   477 D VoldCryptCmdListener: cryptfs getpwtype
06-19 16:04:13.215  1291  1741 I chatty  : uid=1000(system) CryptdConnector expire 1 line
06-19 16:04:13.469  1291 12786 I chatty  : uid=1000(system) Binder:1291_1C expire 5 lines
06-19 16:04:13.469  1291  1827 I chatty  : uid=1000(system) ConnectivitySer expire 6 lines
06-19 16:04:14.999  1291  1728 I chatty  : uid=1000(system) AlarmManager expire 18 lines
06-19 16:04:35.032  1291  2573 I chatty  : uid=1000(system) backup expire 32 lines
06-19 16:04:37.160  1291  6167 I chatty  : uid=1000(system) Binder:1291_16 expire 7 lines
06-19 16:04:38.315  1291  2573 I chatty  : uid=1000(system) backup expire 18 lines
06-19 16:04:38.329  1291 14724 I chatty  : uid=1000(system) Binder:1291_1E expire 4 lines
06-19 16:04:39.467  1291  2380 I chatty  : uid=1000(system) Binder:1291_C expire 6 lines
06-19 16:04:39.550  1291  2376 I chatty  : uid=1000(system) Binder:1291_8 expire 10 lines
06-19 16:04:40.000  1291  1728 I chatty  : uid=1000(system) AlarmManager expire 32 lines
06-19 16:04:40.602  1291  1415 I chatty  : uid=1000(system) EmbryoManager expire 9 lines
06-19 16:04:43.242  3452  3478 E ActivityThread: Failed to find provider info for com.teslacoilsw.notifier
06-19 16:04:43.245  3452  3478 I chatty  : uid=10132(com.google.android.apps.messaging) identical 1 line
06-19 16:04:43.248  3452  3478 E ActivityThread: Failed to find provider info for com.teslacoilsw.notifier
06-19 16:04:44.357  1291  1416 I chatty  : uid=1000(system) ActivityManager expire 13 lines
06-19 16:05:10.070  1291  2847 I chatty  : uid=1000(system) Binder:1291_F expire 3 lines
06-19 16:05:20.845  1291  2377 I chatty  : uid=1000(system) Binder:1291_9 expire 4 lines
06-19 16:05:20.981  1291  1490 I chatty  : uid=1000(system) PackageManager expire 8 lines
06-19 16:05:23.273  1291  1291 I chatty  : uid=1000 system_server expire 4 lines
06-19 16:05:23.467  1291  2834 I chatty  : uid=1000(system) Binder:1291_D expire 2 lines
06-19 16:05:24.081  1291 17713 I chatty  : uid=1000(system) Binder:1291_1F expire 5 lines
06-19 16:05:24.849  1291  1328 I chatty  : uid=1000(system) Binder:1291_1 expire 1 line
06-19 16:05:24.850  1291  1827 I chatty  : uid=1000(system) ConnectivitySer expire 24 lines
06-19 16:05:24.955  1291  1408 I chatty  : uid=1000(system) android.bg expire 2 lines
06-19 16:05:25.879  1291  2862 I chatty  : uid=1000(system) Binder:1291_10 expire 5 lines
06-19 16:05:26.111  1291  1480 I chatty  : uid=1000(system) PowerManagerSer expire 18 lines
06-19 16:05:26.697  1291  2266 I chatty  : uid=1000(system) Binder:1291_7 expire 3 lines
06-19 16:05:26.980  4237  4237 E ActivityThread: Failed to find provider info for com.opera.minisettingsmocker
06-19 16:05:26.982  1291 12786 I chatty  : uid=1000(system) Binder:1291_1C expire 10 lines
06-19 16:05:27.180  1291  2376 I chatty  : uid=1000(system) Binder:1291_8 expire 6 lines
06-19 16:05:28.259  1291 11035 I chatty  : uid=1000(system) Binder:1291_19 expire 5 lines
06-19 16:05:30.000  1291  1728 I chatty  : uid=1000(system) AlarmManager expire 16 lines
06-19 16:05:31.125  1291  4255 I chatty  : uid=1000(system) Binder:1291_15 expire 2 lines
06-19 16:05:31.263  1291  8961 I chatty  : uid=1000(system) Binder:1291_18 expire 5 lines
06-19 16:05:33.113  1291  1857 I chatty  : uid=1000(system) ColorBalanceThr expire 4 lines
06-19 16:05:33.199  1291  1995 I chatty  : uid=1000(system) Binder:1291_5 expire 4 lines
06-19 16:05:33.201  1291  6865 I chatty  : uid=1000(system) Binder:1291_17 expire 6 lines
06-19 16:05:33.204  1291  1886 I chatty  : uid=1000(system) FingerPrintThre expire 7 lines
06-19 16:05:33.451  1291  1478 I chatty  : uid=1000(system) android.display expire 1 line
06-19 16:05:38.205  1998  1998 D KeyguardViewMediator: setLockScreenShown begin, true, seq:537337886
06-19 16:05:38.208  1998  2106 D KeyguardViewMediator: setLockScreenShown true, seq:537337886
06-19 16:05:38.330  1998  1998 V KeyguardStatusView: refresh statusview showing:true
06-19 16:05:38.339  1998  1998 V KeyguardDisplayManager: show
06-19 16:05:47.532  1291 12786 I chatty  : uid=1000(system) Binder:1291_1C expire 1 line
06-19 16:06:11.176  1291  1959 I chatty  : uid=1000(system) Binder:1291_4 expire 1 line
06-19 16:06:11.177  1291  1827 I chatty  : uid=1000(system) ConnectivitySer expire 11 lines
06-19 16:06:11.797  1291 12246 I chatty  : uid=1000(system) Binder:1291_1B expire 1 line
06-19 16:08:02.143  1291  1408 I chatty  : uid=1000(system) android.bg expire 1 line
06-19 16:08:02.231  1291  2862 I chatty  : uid=1000(system) Binder:1291_10 expire 1 line
06-19 16:08:02.356  4757  4757 D ActivityThread: Loading provider com.google.android.gm.sapi: com.google.android.gm.sapi.SapiUiProvider
06-19 16:08:02.386  1291  6167 I chatty  : uid=1000(system) Binder:1291_16 expire 2 lines
06-19 16:08:02.386  1291  1827 I chatty  : uid=1000(system) ConnectivitySer expire 5 lines
06-19 16:08:06.567  1291  2266 I chatty  : uid=1000(system) Binder:1291_7 expire 4 lines
06-19 16:08:26.786  1291  1728 I chatty  : uid=1000(system) AlarmManager expire 18 lines
06-19 16:08:26.847  1291 11035 I chatty  : uid=1000(system) Binder:1291_19 expire 1 line
06-19 16:12:25.192  1291  1416 I chatty  : uid=1000(system) ActivityManager expire 222 lines
06-19 16:13:29.891  1291  1415 I chatty  : uid=1000(system) EmbryoManager expire 5 lines
06-19 16:13:30.216  1291  1416 I chatty  : uid=1000(system) ActivityManager expire 30 lines
06-19 16:13:41.811  1291  2378 I chatty  : uid=1000(system) Binder:1291_A expire 3 lines
06-19 16:14:00.000  1291  1728 I chatty  : uid=1000(system) AlarmManager expire 38 lines
06-19 16:18:03.585  1291  1995 I chatty  : uid=1000(system) Binder:1291_5 expire 1 line
06-19 16:18:24.383  1291  1827 I chatty  : uid=1000(system) ConnectivitySer expire 46 lines
06-19 16:19:25.536  1291  2929 I chatty  : uid=1000(system) Binder:1291_14 expire 2 lines
06-19 16:19:25.701  1291  2380 I chatty  : uid=1000(system) Binder:1291_C expire 1 line
06-19 16:19:25.880  1291  2266 I chatty  : uid=1000(system) Binder:1291_7 expire 1 line
06-19 16:19:25.886  1291  2847 I chatty  : uid=1000(system) Binder:1291_F expire 3 lines
06-19 16:19:26.140  1291  1476 I chatty  : uid=1000(system) android.fg expire 1 line
06-19 16:19:26.140  1291  1772 I chatty  : uid=1000(system) NetworkStats expire 5 lines
06-19 16:20:06.843  1291  1420 I chatty  : uid=1000(system) batterystats-sy expire 2 lines
06-19 16:20:18.752  1291  1408 I chatty  : uid=1000(system) android.bg expire 1 line
06-19 16:26:16.480  1291  1291 I chatty  : uid=1000 system_server expire 2 lines
06-19 16:26:16.814  1291 12246 I chatty  : uid=1000(system) Binder:1291_1B expire 2 lines
06-19 16:26:16.828  6470  6470 D ActivityThread: Loading provider com.whatsapp.provider.contact: com.whatsapp.contact.ContactProvider
06-19 16:26:17.357  1291  2377 I chatty  : uid=1000(system) Binder:1291_9 expire 3 lines
06-19 16:26:17.376  1291  6167 I chatty  : uid=1000(system) Binder:1291_16 expire 2 lines
06-19 16:26:17.377  1291  1827 I chatty  : uid=1000(system) ConnectivitySer expire 11 lines
06-19 16:27:00.002  1291  1728 I chatty  : uid=1000(system) AlarmManager expire 26 lines
06-19 16:27:26.364  1291  1416 I chatty  : uid=1000(system) ActivityManager expire 66 lines
06-19 16:31:30.188  1291  2862 I chatty  : uid=1000(system) Binder:1291_10 expire 1 line
06-19 16:31:30.195  1291  2910 I chatty  : uid=1000(system) Binder:1291_13 expire 3 lines
06-19 16:33:21.330  1291  2258 I chatty  : uid=1000(system) Binder:1291_6 expire 2 lines
06-19 16:33:30.637  1291  1416 I chatty  : uid=1000(system) ActivityManager expire 184 lines
06-19 16:33:31.084  1291 17713 I chatty  : uid=1000(system) Binder:1291_1F expire 3 lines
06-19 16:33:31.084  1291  1827 I chatty  : uid=1000(system) ConnectivitySer expire 16 lines
06-19 16:33:42.481  1291  2846 I chatty  : uid=1000(system) Binder:1291_E expire 4 lines
06-19 16:33:43.338  1291 12786 I chatty  : uid=1000(system) Binder:1291_1C expire 2 lines
06-19 16:35:16.972  1291  2909 I chatty  : uid=1000(system) Binder:1291_12 expire 1 line
06-19 16:36:16.629  1291  1728 I chatty  : uid=1000(system) AlarmManager expire 11 lines
06-19 16:36:17.037  1291  2862 I chatty  : uid=1000(system) Binder:1291_10 expire 2 lines
06-19 16:36:17.072  1291  6167 I chatty  : uid=1000(system) Binder:1291_16 expire 3 lines
06-19 16:36:17.249  1291  1995 I chatty  : uid=1000(system) Binder:1291_5 expire 1 line
06-19 16:36:23.433  1291  1736 I chatty  : uid=1000(system) InputReader expire 2 lines
06-19 16:36:23.437  1291  1480 I chatty  : uid=1000(system) PowerManagerSer expire 12 lines
06-19 16:36:23.438  1291  1857 I chatty  : uid=1000(system) ColorBalanceThr expire 4 lines
06-19 16:36:23.439  1291  1291 I chatty  : uid=1000 system_server expire 2 lines
06-19 16:36:23.440  1291  1478 I chatty  : uid=1000(system) android.display expire 2 lines
06-19 16:36:23.491  1291  8961 I chatty  : uid=1000(system) Binder:1291_18 expire 1 line
06-19 16:36:23.492  1291  1417 I chatty  : uid=1000(system) android.ui expire 4 lines
06-19 16:36:23.614  1291 12786 I chatty  : uid=1000(system) Binder:1291_1C expire 4 lines
06-19 16:36:24.464  1291  1964 I chatty  : uid=1000(system) HwBinder:1291_3 expire 1 line
06-19 16:36:24.519  1291  1886 I chatty  : uid=1000(system) FingerPrintThre expire 15 lines
06-19 16:36:24.563  1291  2258 I chatty  : uid=1000(system) Binder:1291_6 expire 12 lines
06-19 16:36:24.837  1291  2378 I chatty  : uid=1000(system) Binder:1291_A expire 7 lines
06-19 16:36:24.841  1291  1416 I chatty  : uid=1000(system) ActivityManager expire 13 lines
06-19 16:36:24.912  1998  1998 D KeyguardViewMediator: setLockScreenShown begin, false, seq:539184593
06-19 16:36:24.913  1998  2106 D KeyguardViewMediator: setLockScreenShown false, seq:539184593
06-19 16:36:24.926  1998  1998 V KeyguardDisplayManager: hide
06-19 16:36:25.449  7487  7487 E ActivityThread: Failed to find provider info for com.opera.minisettingsmocker
06-19 16:36:25.505  1291  1328 I chatty  : uid=1000(system) Binder:1291_1 expire 5 lines
06-19 16:36:25.506  1291  1827 I chatty  : uid=1000(system) ConnectivitySer expire 26 lines
06-19 16:36:26.019  1291  6167 I chatty  : uid=1000(system) Binder:1291_16 expire 7 lines
06-19 16:36:26.075  1291  1735 I chatty  : uid=1000(system) InputDispatcher expire 1 line
06-19 16:36:27.949 25688 25688 W ContextImpl: Calling a method in the system process without a qualified user: android.app.ContextImpl.bindService:1557 android.content.ContextWrapper.bindService:679 android.content.pm.permission.RuntimePermissionPresenter$RemoteService.processMessage:154 android.content.pm.permission.RuntimePermissionPresenter.getAppPermissions:118 com.android.settings.applications.PermissionsSummaryHelper.getPermissionSummary:34 
06-19 16:36:28.633  1291  4255 I chatty  : uid=1000(system) Binder:1291_15 expire 5 lines
06-19 16:36:30.001  1291  1728 I chatty  : uid=1000(system) AlarmManager expire 11 lines
06-19 16:36:44.847 25688 25688 W ContextImpl: Calling a method in the system process without a qualified user: android.app.ContextImpl.bindService:1557 android.content.ContextWrapper.bindService:679 android.content.pm.permission.RuntimePermissionPresenter$RemoteService.processMessage:154 android.content.pm.permission.RuntimePermissionPresenter.getAppPermissions:118 com.android.settings.applications.PermissionsSummaryHelper.getPermissionSummary:34 
06-19 16:36:45.000  1291  1728 I chatty  : uid=1000(system) AlarmManager expire 14 lines
06-19 16:36:47.905  1291 14724 I chatty  : uid=1000(system) Binder:1291_1E expire 1 line
06-19 16:36:50.168  1291  2258 I chatty  : uid=1000(system) Binder:1291_6 expire 8 lines
06-19 16:36:51.309  1291  1415 I chatty  : uid=1000(system) EmbryoManager expire 3 lines
06-19 16:36:51.446  1291  2909 I chatty  : uid=1000(system) Binder:1291_12 expire 10 lines
06-19 16:37:07.284  1291  7660 I chatty  : uid=1000 system_server expire 1 line
06-19 16:37:07.320  1291  7661 I chatty  : uid=1000 system_server expire 1 line
06-19 16:37:08.132 25688 25688 W ContextImpl: Calling a method in the system process without a qualified user: android.app.ContextImpl.bindService:1557 android.content.ContextWrapper.bindService:679 android.content.pm.permission.RuntimePermissionPresenter$RemoteService.processMessage:154 android.content.pm.permission.RuntimePermissionPresenter.getAppPermissions:118 com.android.settings.applications.PermissionsSummaryHelper.getPermissionSummary:34 
06-19 16:37:09.289  1291  1416 I chatty  : uid=1000(system) ActivityManager expire 5 lines
06-19 16:37:09.999  1291  1728 I chatty  : uid=1000(system) AlarmManager expire 90 lines
06-19 16:37:48.765  1291  1729 I chatty  : uid=1000(system) UEventObserver expire 1 line
06-19 16:37:48.822  1291  1420 I chatty  : uid=1000(system) batterystats-sy expire 3 lines
06-19 16:37:49.766  1291  1476 I chatty  : uid=1000(system) android.fg expire 5 lines
06-19 16:38:04.537  1291 17713 I chatty  : uid=1000(system) Binder:1291_1F expire 3 lines
06-19 16:38:10.180  1291  1742 I chatty  : uid=1000(system) Binder:1291_3 expire 3 lines
06-19 16:39:30.002  1291  1728 I chatty  : uid=1000(system) AlarmManager expire 121 lines
06-19 16:39:54.501  1291  1827 I chatty  : uid=1000(system) ConnectivitySer expire 77 lines
06-19 16:40:04.265  1291  1420 I chatty  : uid=1000(system) batterystats-sy expire 2 lines
06-19 16:40:08.019  1291  6167 I chatty  : uid=1000(system) Binder:1291_16 expire 5 lines
06-19 16:42:26.396  1291  1291 I chatty  : uid=1000 system_server expire 3 lines
06-19 16:42:26.630  1291  8961 I chatty  : uid=1000(system) Binder:1291_18 expire 5 lines
06-19 16:42:27.535  1291  1416 I chatty  : uid=1000(system) ActivityManager expire 5 lines
06-19 16:42:41.816  1291  1480 I chatty  : uid=1000(system) PowerManagerSer expire 18 lines
06-19 16:42:48.822  1291  1857 I chatty  : uid=1000(system) ColorBalanceThr expire 4 lines
06-19 16:42:48.903  1291  2266 I chatty  : uid=1000(system) Binder:1291_7 expire 4 lines
06-19 16:42:48.907  1291  1886 I chatty  : uid=1000(system) FingerPrintThre expire 7 lines
06-19 16:42:49.157  1291  1478 I chatty  : uid=1000(system) android.display expire 1 line
06-19 16:42:49.223   914  1128 D QMI_FW  : chen-screen off: is_screen_off = 1 
06-19 16:42:49.223  1103  1204 D QMI_FW  : chen-screen off: is_screen_off = 1 
06-19 16:42:54.129  1291  1728 I chatty  : uid=1000(system) AlarmManager expire 2 lines
06-19 16:42:54.146  1291  4255 I chatty  : uid=1000(system) Binder:1291_15 expire 5 lines
06-19 16:42:54.155  1998  1998 D KeyguardViewMediator: setLockScreenShown begin, true, seq:539570839
06-19 16:42:54.157  1998  2106 D KeyguardViewMediator: setLockScreenShown true, seq:539570839
06-19 16:42:54.338  1998  1998 V KeyguardStatusView: refresh statusview showing:true
06-19 16:42:54.347  1998  1998 V KeyguardDisplayManager: show
06-19 16:43:32.677  1291  1728 I chatty  : uid=1000(system) AlarmManager expire 47 lines
06-19 16:43:32.699  1291  1420 I chatty  : uid=1000(system) batterystats-sy expire 20 lines
06-19 16:45:13.230  1291  8198 I chatty  : uid=1000 system_server expire 1 line
06-19 16:46:24.697  1291  1416 I chatty  : uid=1000(system) ActivityManager expire 7 lines
06-19 16:46:25.161  1291  8961 I chatty  : uid=1000(system) Binder:1291_18 expire 5 lines
06-19 16:46:25.216  1291  1827 I chatty  : uid=1000(system) ConnectivitySer expire 11 lines
06-19 16:46:25.304  1291 11093 I chatty  : uid=1000(system) Binder:1291_1A expire 7 lines
06-19 16:46:57.731  1291  8364 I chatty  : uid=1000 system_server expire 1 line
06-19 16:47:15.044  1291  8372 I chatty  : uid=1000 system_server expire 1 line
06-19 16:47:50.324  1291  1408 I chatty  : uid=1000(system) android.bg expire 4 lines
06-19 16:47:50.417  1291 12786 I chatty  : uid=1000(system) Binder:1291_1C expire 8 lines
06-19 16:49:08.211  1291 14724 I chatty  : uid=1000(system) Binder:1291_1E expire 27 lines
06-19 16:53:40.662  1291  8395 I chatty  : uid=1000 system_server expire 1 line
06-19 16:55:00.900  1291  2378 I chatty  : uid=1000(system) Binder:1291_A expire 6 lines
06-19 16:55:01.459  1291  2266 I chatty  : uid=1000(system) Binder:1291_7 expire 4 lines
06-19 16:55:01.884  8430  8430 D ActivityThread: Loading provider com.google.android.gm.sapi: com.google.android.gm.sapi.SapiUiProvider
06-19 16:55:03.034  1291  2258 I chatty  : uid=1000(system) Binder:1291_6 expire 2 lines
06-19 16:55:04.852  1291  8548 I chatty  : uid=1000 system_server expire 2 lines
06-19 16:56:12.037  1291  1728 I chatty  : uid=1000(system) AlarmManager expire 26 lines
06-19 16:56:12.042  1291  1736 I chatty  : uid=1000(system) InputReader expire 2 lines
06-19 16:56:12.044  1291  1291 I chatty  : uid=1000 system_server expire 2 lines
06-19 16:56:12.055  1291  1480 I chatty  : uid=1000(system) PowerManagerSer expire 13 lines
06-19 16:56:12.064  1291  1857 I chatty  : uid=1000(system) ColorBalanceThr expire 4 lines
06-19 16:56:12.066  1291  1420 I chatty  : uid=1000(system) batterystats-sy expire 4 lines
06-19 16:56:12.111  1291  1478 I chatty  : uid=1000(system) android.display expire 2 lines
06-19 16:56:12.128   914  1128 D QMI_FW  : chen-screen on: is_screen_off = 0 
06-19 16:56:12.133  1103  1204 D QMI_FW  : chen-screen on: is_screen_off = 0 
06-19 16:56:12.137  1291  1417 I chatty  : uid=1000(system) android.ui expire 4 lines
06-19 16:56:13.330  1291  1964 I chatty  : uid=1000(system) HwBinder:1291_3 expire 1 line
06-19 16:56:13.377  1291  1886 I chatty  : uid=1000(system) FingerPrintThre expire 15 lines
06-19 16:56:13.700  1998  1998 D KeyguardViewMediator: setLockScreenShown begin, false, seq:539614044
06-19 16:56:13.708  1998  2106 D KeyguardViewMediator: setLockScreenShown false, seq:539614044
06-19 16:56:13.727  1998  1998 V KeyguardDisplayManager: hide
06-19 16:56:16.522  1291  8608 I chatty  : uid=1000 system_server expire 2 lines
06-19 16:56:26.571 25688 25688 W ContextImpl: Calling a method in the system process without a qualified user: android.app.ContextImpl.bindService:1557 android.content.ContextWrapper.bindService:679 android.content.pm.permission.RuntimePermissionPresenter$RemoteService.processMessage:154 android.content.pm.permission.RuntimePermissionPresenter.getAppPermissions:118 com.android.settings.applications.PermissionsSummaryHelper.getPermissionSummary:34 
06-19 16:56:32.221  1291  1772 I chatty  : uid=1000(system) NetworkStats expire 2 lines
06-19 16:56:39.882  1291  1415 I chatty  : uid=1000(system) EmbryoManager expire 1 line
06-19 16:56:45.971  1291  2862 I chatty  : uid=1000(system) Binder:1291_10 expire 1 line
06-19 16:56:45.974  1291 17713 I chatty  : uid=1000(system) Binder:1291_1F expire 2 lines
06-19 16:56:46.672  1291  2863 I chatty  : uid=1000(system) Binder:1291_11 expire 1 line
06-19 16:56:48.365  1291  6865 I chatty  : uid=1000(system) Binder:1291_17 expire 3 lines
06-19 16:56:48.498  1291  1328 I chatty  : uid=1000(system) Binder:1291_1 expire 4 lines
06-19 16:56:48.585  1291  2847 I chatty  : uid=1000(system) Binder:1291_F expire 6 lines
06-19 16:56:48.613  1291  1338 I chatty  : uid=1000(system) Binder:1291_2 expire 6 lines
06-19 16:56:48.706  1291  2258 I chatty  : uid=1000(system) Binder:1291_6 expire 11 lines
06-19 16:56:48.739  1291 14724 I chatty  : uid=1000(system) Binder:1291_1E expire 4 lines
06-19 16:56:48.996  1291  1415 I chatty  : uid=1000(system) EmbryoManager expire 3 lines
06-19 16:56:49.473  1291  1416 I chatty  : uid=1000(system) ActivityManager expire 10 lines
06-19 16:56:49.848  1291 11093 I chatty  : uid=1000(system) Binder:1291_1A expire 4 lines
06-19 16:56:49.919  1291  1736 I chatty  : uid=1000(system) InputReader expire 6 lines
06-19 16:56:49.920  1291  1480 I chatty  : uid=1000(system) PowerManagerSer expire 13 lines
06-19 16:56:49.920  1291  1857 I chatty  : uid=1000(system) ColorBalanceThr expire 12 lines
06-19 16:56:49.957  1291  1291 I chatty  : uid=1000 system_server expire 11 lines
06-19 16:56:49.977  1291  6865 I chatty  : uid=1000(system) Binder:1291_17 expire 8 lines
06-19 16:56:49.981  1291  1886 I chatty  : uid=1000(system) FingerPrintThre expire 18 lines
06-19 16:56:49.999  1291  1728 I chatty  : uid=1000(system) AlarmManager expire 11 lines
06-19 16:56:50.232  1291  1478 I chatty  : uid=1000(system) android.display expire 5 lines
06-19 16:56:50.249   914  1128 D QMI_FW  : chen-screen off: is_screen_off = 1 
06-19 16:56:50.251  1103  1204 D QMI_FW  : chen-screen off: is_screen_off = 1 
06-19 16:56:50.268  1998  1998 D KeyguardViewMediator: setLockScreenShown begin, true, seq:539650612
06-19 16:56:50.270  1998  2106 D KeyguardViewMediator: setLockScreenShown true, seq:539650612
06-19 16:56:50.371  1998  1998 V KeyguardStatusView: refresh statusview showing:true
06-19 16:56:50.382  1998  1998 V KeyguardDisplayManager: show
06-19 16:58:50.877  1291  1420 I chatty  : uid=1000(system) batterystats-sy expire 10 lines
06-19 16:59:04.466  1291  8823 I chatty  : uid=1000 system_server expire 2 lines
06-19 16:59:53.319  1291  1408 I chatty  : uid=1000(system) android.bg expire 6 lines
06-19 16:59:53.792  8828  8828 D ActivityThread: Loading provider com.google.android.gm.sapi: com.google.android.gm.sapi.SapiUiProvider
06-19 17:02:08.901  1291  1417 I chatty  : uid=1000(system) android.ui expire 6 lines
06-19 17:02:08.905  1291  1728 I chatty  : uid=1000(system) AlarmManager expire 12 lines
06-19 17:02:09.148  1291  2847 I chatty  : uid=1000(system) Binder:1291_F expire 16 lines
06-19 17:02:09.624  1291  1328 I chatty  : uid=1000(system) Binder:1291_1 expire 8 lines
06-19 17:02:09.991  1291  2377 I chatty  : uid=1000(system) Binder:1291_9 expire 7 lines
06-19 17:02:38.786  1291  1480 I chatty  : uid=1000(system) PowerManagerSer expire 24 lines
06-19 17:02:38.887   914  1128 D QMI_FW  : chen-screen on: is_screen_off = 0 
06-19 17:02:38.887  1291  1827 I chatty  : uid=1000(system) ConnectivitySer expire 5 lines
06-19 17:02:38.888  1103  1204 D QMI_FW  : chen-screen on: is_screen_off = 0 
06-19 17:02:38.906  1291  9022 I chatty  : uid=1000 system_server expire 3 lines
06-19 17:02:39.126  1291  2909 I chatty  : uid=1000(system) Binder:1291_12 expire 4 lines
06-19 17:02:39.558  1291  1964 I chatty  : uid=1000(system) HwBinder:1291_3 expire 2 lines
06-19 17:02:39.576  1998  1998 W FingerprintManager: Invalid acquired message: 1000, 0
06-19 17:02:40.085  1998  1998 D KeyguardViewMediator: setLockScreenShown begin, false, seq:539662754
06-19 17:02:40.087  1998  2106 D KeyguardViewMediator: setLockScreenShown false, seq:539662754
06-19 17:02:40.098  1291  1886 I chatty  : uid=1000(system) FingerPrintThre expire 11 lines
06-19 17:02:40.105  1998  1998 V KeyguardDisplayManager: hide
06-19 17:02:45.061  1998  1998 V DeadZone: consuming errant click: (1028.0,29.0)
06-19 17:02:48.762   914  1128 D QMI_FW  : chen-screen off: is_screen_off = 1 
06-19 17:02:48.762  1291  2847 I chatty  : uid=1000(system) Binder:1291_F expire 8 lines
06-19 17:02:48.764  1103  1204 D QMI_FW  : chen-screen off: is_screen_off = 1 
06-19 17:02:48.772  1998  1998 D KeyguardViewMediator: setLockScreenShown begin, true, seq:539671441
06-19 17:02:48.778  1998  2106 D KeyguardViewMediator: setLockScreenShown true, seq:539671441
06-19 17:02:48.851  1998  1998 V KeyguardStatusView: refresh statusview showing:true
06-19 17:02:48.858  1998  1998 V KeyguardDisplayManager: show
06-19 17:02:48.999  1291  1480 I chatty  : uid=1000(system) PowerManagerSer expire 2 lines
06-19 17:02:53.810  1291  9239 I chatty  : uid=1000 system_server expire 3 lines
06-19 17:02:55.310  1291  1728 I chatty  : uid=1000(system) AlarmManager expire 4 lines
06-19 17:03:12.712  1291  1416 I chatty  : uid=1000(system) ActivityManager expire 1 line
06-19 17:03:12.864  9271  9271 D ActivityThread: Loading provider com.google.android.gm.sapi: com.google.android.gm.sapi.SapiUiProvider
06-19 17:03:12.948  9288  9288 W ContextImpl: Calling a method in the system process without a qualified user: android.app.ContextImpl.startService:1477 android.content.ContextWrapper.startService:645 net.oneplus.odm.insight.f.<init>:46 net.oneplus.odm.insight.f.aq:51 net.oneplus.odm.DeviceManagerService.onCreate:151 
06-19 17:03:14.425  1291  9376 I chatty  : uid=1000 system_server expire 2 lines
06-19 17:03:15.461  1291  1408 I chatty  : uid=1000(system) android.bg expire 1 line
06-19 17:03:21.064  1291  1728 I chatty  : uid=1000(system) AlarmManager expire 10 lines
06-19 17:04:13.266  1291  1416 I chatty  : uid=1000(system) ActivityManager expire 228 lines
06-19 17:04:13.294  1291  1420 I chatty  : uid=1000(system) batterystats-sy expire 4 lines
06-19 17:04:17.075  1291  9396 I chatty  : uid=1000 system_server expire 2 lines
06-19 17:04:48.597  9398  9398 W ContextImpl: Calling a method in the system process without a qualified user: android.app.ContextImpl.startService:1477 android.content.ContextWrapper.startService:645 com.oneplus.opbackup.OTApplication.onCreate:68 android.app.Instrumentation.callApplicationOnCreate:1129 android.app.ActivityThread.handleBindApplication:6023 
06-19 17:04:48.626  9398  9398 W ContextImpl: Calling a method in the system process without a qualified user: android.app.ContextImpl.startService:1477 android.content.ContextWrapper.startService:645 com.oneplus.opbackup.service.BackupService.a:13 com.oneplus.opbackup.receiver.CheckUpdateReceiver.a:20 com.oneplus.opbackup.receiver.NetworkListenerService$a.onReceive:18 
06-19 17:04:56.048  1291  1736 I chatty  : uid=1000(system) InputReader expire 2 lines
06-19 17:04:56.050  1291  1291 I chatty  : uid=1000 system_server expire 1 line
06-19 17:04:56.053  1291  1480 I chatty  : uid=1000(system) PowerManagerSer expire 4 lines
06-19 17:04:56.056  1291  1857 I chatty  : uid=1000(system) ColorBalanceThr expire 12 lines
06-19 17:04:56.110  1291  1480 I chatty  : uid=1000(system) PowerManagerSer expire 17 lines
06-19 17:04:56.114  1291  1478 I chatty  : uid=1000(system) android.display expire 7 lines
06-19 17:04:56.133  1103  1204 D QMI_FW  : chen-screen on: is_screen_off = 0 
06-19 17:04:56.134   914  1128 D QMI_FW  : chen-screen on: is_screen_off = 0 
06-19 17:04:56.155  1291  6865 I chatty  : uid=1000(system) Binder:1291_17 expire 9 lines
06-19 17:04:56.155  1291  1417 I chatty  : uid=1000(system) android.ui expire 10 lines
06-19 17:04:56.243  1291  1291 I chatty  : uid=1000 system_server expire 13 lines
06-19 17:04:56.254  1291  1338 I chatty  : uid=1000(system) Binder:1291_2 expire 12 lines
06-19 17:04:56.679  1291  2847 I chatty  : uid=1000(system) Binder:1291_F expire 6 lines
06-19 17:04:57.173  1291  1964 I chatty  : uid=1000(system) HwBinder:1291_3 expire 2 lines
06-19 17:04:57.297  1998  1998 W FingerprintManager: Invalid acquired message: 1000, 0
06-19 17:04:57.351  1291  1886 I chatty  : uid=1000(system) FingerPrintThre expire 22 lines
06-19 17:04:57.628  1291  1416 I chatty  : uid=1000(system) ActivityManager expire 13 lines
06-19 17:04:57.651  1998  1998 D KeyguardViewMediator: setLockScreenShown begin, false, seq:539693133
06-19 17:04:57.655  1998  2106 D KeyguardViewMediator: setLockScreenShown false, seq:539693133
06-19 17:04:57.661  1291  2258 I chatty  : uid=1000(system) Binder:1291_6 expire 6 lines
06-19 17:04:57.666  1998  1998 V KeyguardDisplayManager: hide
06-19 17:04:57.739  1291  1328 I chatty  : uid=1000(system) Binder:1291_1 expire 4 lines
06-19 17:04:58.585  1291  9454 I chatty  : uid=1000 system_server expire 3 lines
06-19 17:05:00.000  1291  1728 I chatty  : uid=1000(system) AlarmManager expire 21 lines
06-19 17:05:14.232  1291  1827 I chatty  : uid=1000(system) ConnectivitySer expire 6 lines
06-19 17:05:18.902  1291 12246 I chatty  : uid=1000(system) Binder:1291_1B expire 3 lines
06-19 17:05:28.034  1291  1736 I chatty  : uid=1000(system) InputReader expire 4 lines
06-19 17:05:28.092  1291  2377 I chatty  : uid=1000(system) Binder:1291_9 expire 8 lines
06-19 17:05:28.347  1998  1998 D KeyguardViewMediator: setLockScreenShown begin, true, seq:539723829
06-19 17:05:28.352  1998  2106 D KeyguardViewMediator: setLockScreenShown true, seq:539723829
06-19 17:05:28.352  1291  1480 I chatty  : uid=1000(system) PowerManagerSer expire 13 lines
06-19 17:05:28.377   914  1128 D QMI_FW  : chen-screen off: is_screen_off = 1 
06-19 17:05:28.378  1103  1204 D QMI_FW  : chen-screen off: is_screen_off = 1 
06-19 17:05:28.402  1291  1338 I chatty  : uid=1000(system) Binder:1291_2 expire 6 lines
06-19 17:05:28.459  1291 11093 I chatty  : uid=1000(system) Binder:1291_1A expire 4 lines
06-19 17:05:28.462  1998  1998 V KeyguardStatusView: refresh statusview showing:true
06-19 17:05:28.470  1998  1998 V KeyguardDisplayManager: show
06-19 17:05:50.957  1291  9658 I chatty  : uid=1000 system_server expire 1 line
06-19 17:05:51.808  9732  9732 W ContextImpl: Calling a method in the system process without a qualified user: android.app.ContextImpl.startService:1477 android.content.ContextWrapper.startService:645 com.qualcomm.qcrilhook.QcRilHook.<init>:154 cn.oneplus.nvbackup.OemHookManager.onCreate:39 android.app.Instrumentation.callApplicationOnCreate:1129 
06-19 17:05:51.811  9732  9732 W ContextImpl: Calling a method in the system process without a qualified user: android.app.ContextImpl.bindService:1557 android.content.ContextWrapper.bindService:679 com.qualcomm.qcrilhook.QcRilHook.<init>:156 cn.oneplus.nvbackup.OemHookManager.onCreate:39 android.app.Instrumentation.callApplicationOnCreate:1129 
06-19 17:05:53.111 29912  9545 E ActivityThread: Failed to find provider info for com.whatsapp.provider.phoneid
06-19 17:06:04.775  1291  1728 I chatty  : uid=1000(system) AlarmManager expire 4 lines
06-19 17:06:04.941  9792  9792 D ActivityThread: Loading provider com.whatsapp.provider.contact: com.whatsapp.contact.ContactProvider
06-19 17:06:10.002  1291  9894 I chatty  : uid=1000 system_server expire 4 lines
06-19 17:06:40.739  1291  1886 I chatty  : uid=1000(system) FingerPrintThre expire 11 lines
06-19 17:06:43.120  1291  9918 I chatty  : uid=1000 system_server expire 2 lines
06-19 17:06:45.131  1291  9928 I chatty  : uid=1000 system_server expire 1 line
06-19 17:06:45.161  1291  1420 I chatty  : uid=1000(system) batterystats-sy expire 2 lines
06-19 17:06:45.263   914  1128 D QMI_FW  : chen-screen on: is_screen_off = 0 
06-19 17:06:45.264  1103  1204 D QMI_FW  : chen-screen on: is_screen_off = 0 
