--------- beginning of crash
06-09 12:46:37.309 10802 10949 E AndroidRuntime: FATAL EXCEPTION: WhatsApp Worker #5
06-09 12:46:37.309 10802 10949 E AndroidRuntime: Process: com.whatsapp, PID: 10802
06-09 12:46:37.309 10802 10949 E AndroidRuntime: java.lang.RuntimeException: An error occurred while executing doInBackground()
06-09 12:46:37.309 10802 10949 E AndroidRuntime: 	at android.os.AsyncTask$3.done(AsyncTask.java:353)
06-09 12:46:37.309 10802 10949 E AndroidRuntime: 	at java.util.concurrent.FutureTask.finishCompletion(FutureTask.java:383)
06-09 12:46:37.309 10802 10949 E AndroidRuntime: 	at java.util.concurrent.FutureTask.setException(FutureTask.java:252)
06-09 12:46:37.309 10802 10949 E AndroidRuntime: 	at java.util.concurrent.FutureTask.run(FutureTask.java:271)
06-09 12:46:37.309 10802 10949 E AndroidRuntime: 	at java.util.concurrent.ThreadPoolExecutor.runWorker(ThreadPoolExecutor.java:1162)
06-09 12:46:37.309 10802 10949 E AndroidRuntime: 	at java.util.concurrent.ThreadPoolExecutor$Worker.run(ThreadPoolExecutor.java:636)
06-09 12:46:37.309 10802 10949 E AndroidRuntime: 	at com.whatsapp.util.do.run(Unknown Source:7)
06-09 12:46:37.309 10802 10949 E AndroidRuntime: 	at java.lang.Thread.run(Thread.java:764)
06-09 12:46:37.309 10802 10949 E AndroidRuntime: Caused by: java.lang.IllegalStateException: Cannot perform this operation because the connection pool has been closed.
06-09 12:46:37.309 10802 10949 E AndroidRuntime: 	at android.database.sqlite.SQLiteConnectionPool.throwIfClosedLocked(SQLiteConnectionPool.java:962)
06-09 12:46:37.309 10802 10949 E AndroidRuntime: 	at android.database.sqlite.SQLiteConnectionPool.waitForConnection(SQLiteConnectionPool.java:599)
06-09 12:46:37.309 10802 10949 E AndroidRuntime: 	at android.database.sqlite.SQLiteConnectionPool.acquireConnection(SQLiteConnectionPool.java:348)
06-09 12:46:37.309 10802 10949 E AndroidRuntime: 	at android.database.sqlite.SQLiteSession.acquireConnection(SQLiteSession.java:894)
06-09 12:46:37.309 10802 10949 E AndroidRuntime: 	at android.database.sqlite.SQLiteSession.executeForCursorWindow(SQLiteSession.java:834)
06-09 12:46:37.309 10802 10949 E AndroidRuntime: 	at android.database.sqlite.SQLiteQuery.fillWindow(SQLiteQuery.java:62)
06-09 12:46:37.309 10802 10949 E AndroidRuntime: 	at android.database.sqlite.SQLiteCursor.fillWindow(SQLiteCursor.java:143)
06-09 12:46:37.309 10802 10949 E AndroidRuntime: 	at android.database.sqlite.SQLiteCursor.getCount(SQLiteCursor.java:132)
06-09 12:46:37.309 10802 10949 E AndroidRuntime: 	at android.database.AbstractCursor.moveToPosition(AbstractCursor.java:219)
06-09 12:46:37.309 10802 10949 E AndroidRuntime: 	at android.database.AbstractCursor.moveToNext(AbstractCursor.java:268)
06-09 12:46:37.309 10802 10949 E AndroidRuntime: 	at com.whatsapp.data.ed.a(:67298)
06-09 12:46:37.309 10802 10949 E AndroidRuntime: 	at com.whatsapp.data.ff.e(:68469)
06-09 12:46:37.309 10802 10949 E AndroidRuntime: 	at com.whatsapp.data.ff.b(:68419)
06-09 12:46:37.309 10802 10949 E AndroidRuntime: 	at com.whatsapp.ara$1.doInBackground(:49802)
06-09 12:46:37.309 10802 10949 E AndroidRuntime: 	at android.os.AsyncTask$2.call(AsyncTask.java:333)
06-09 12:46:37.309 10802 10949 E AndroidRuntime: 	at java.util.concurrent.FutureTask.run(FutureTask.java:266)
06-09 12:46:37.309 10802 10949 E AndroidRuntime: 	... 4 more
06-09 12:46:37.589 10802 10949 E AndroidRuntime: FATAL EXCEPTION: WhatsApp Worker #5
06-09 12:46:37.589 10802 10949 E AndroidRuntime: Process: com.whatsapp, PID: 10802
06-09 12:46:37.589 10802 10949 E AndroidRuntime: java.lang.RuntimeException: An error occurred while executing doInBackground()
06-09 12:46:37.589 10802 10949 E AndroidRuntime: 	at android.os.AsyncTask$3.done(AsyncTask.java:353)
06-09 12:46:37.589 10802 10949 E AndroidRuntime: 	at java.util.concurrent.FutureTask.finishCompletion(FutureTask.java:383)
06-09 12:46:37.589 10802 10949 E AndroidRuntime: 	at java.util.concurrent.FutureTask.setException(FutureTask.java:252)
06-09 12:46:37.589 10802 10949 E AndroidRuntime: 	at java.util.concurrent.FutureTask.run(FutureTask.java:271)
06-09 12:46:37.589 10802 10949 E AndroidRuntime: 	at java.util.concurrent.ThreadPoolExecutor.runWorker(ThreadPoolExecutor.java:1162)
06-09 12:46:37.589 10802 10949 E AndroidRuntime: 	at java.util.concurrent.ThreadPoolExecutor$Worker.run(ThreadPoolExecutor.java:636)
06-09 12:46:37.589 10802 10949 E AndroidRuntime: 	at com.whatsapp.util.do.run(Unknown Source:7)
06-09 12:46:37.589 10802 10949 E AndroidRuntime: 	at java.lang.Thread.run(Thread.java:764)
06-09 12:46:37.589 10802 10949 E AndroidRuntime: Caused by: java.lang.IllegalStateException: Cannot perform this operation because the connection pool has been closed.
06-09 12:46:37.589 10802 10949 E AndroidRuntime: 	at android.database.sqlite.SQLiteConnectionPool.throwIfClosedLocked(SQLiteConnectionPool.java:962)
06-09 12:46:37.589 10802 10949 E AndroidRuntime: 	at android.database.sqlite.SQLiteConnectionPool.waitForConnection(SQLiteConnectionPool.java:599)
06-09 12:46:37.589 10802 10949 E AndroidRuntime: 	at android.database.sqlite.SQLiteConnectionPool.acquireConnection(SQLiteConnectionPool.java:348)
06-09 12:46:37.589 10802 10949 E AndroidRuntime: 	at android.database.sqlite.SQLiteSession.acquireConnection(SQLiteSession.java:894)
06-09 12:46:37.589 10802 10949 E AndroidRuntime: 	at android.database.sqlite.SQLiteSession.executeForCursorWindow(SQLiteSession.java:834)
06-09 12:46:37.589 10802 10949 E AndroidRuntime: 	at android.database.sqlite.SQLiteQuery.fillWindow(SQLiteQuery.java:62)
06-09 12:46:37.589 10802 10949 E AndroidRuntime: 	at android.database.sqlite.SQLiteCursor.fillWindow(SQLiteCursor.java:143)
06-09 12:46:37.589 10802 10949 E AndroidRuntime: 	at android.database.sqlite.SQLiteCursor.getCount(SQLiteCursor.java:132)
06-09 12:46:37.589 10802 10949 E AndroidRuntime: 	at android.database.AbstractCursor.moveToPosition(AbstractCursor.java:219)
06-09 12:46:37.589 10802 10949 E AndroidRuntime: 	at android.database.AbstractCursor.moveToNext(AbstractCursor.java:268)
06-09 12:46:37.589 10802 10949 E AndroidRuntime: 	at com.whatsapp.data.ed.a(:67298)
06-09 12:46:37.589 10802 10949 E AndroidRuntime: 	at com.whatsapp.data.ff.e(:68469)
06-09 12:46:37.589 10802 10949 E AndroidRuntime: 	at com.whatsapp.data.ff.b(:68419)
06-09 12:46:37.589 10802 10949 E AndroidRuntime: 	at com.whatsapp.ara$1.doInBackground(:49802)
06-09 12:46:37.589 10802 10949 E AndroidRuntime: 	at android.os.AsyncTask$2.call(AsyncTask.java:333)
06-09 12:46:37.589 10802 10949 E AndroidRuntime: 	at java.util.concurrent.FutureTask.run(FutureTask.java:266)
06-09 12:46:37.589 10802 10949 E AndroidRuntime: 	... 4 more
06-14 00:57:55.126 17378 17174 F google-breakpad: Microdump skipped (uninteresting)
06-18 14:25:46.318 13989 13989 E AndroidRuntime: FATAL EXCEPTION: main
06-18 14:25:46.318 13989 13989 E AndroidRuntime: Process: com.stanfordhci.habitlab, PID: 13989
06-18 14:25:46.318 13989 13989 E AndroidRuntime: com.tns.NativeScriptException: 
06-18 14:25:46.318 13989 13989 E AndroidRuntime: Calling js method run failed
06-18 14:25:46.318 13989 13989 E AndroidRuntime: 
06-18 14:25:46.318 13989 13989 E AndroidRuntime: TypeError: info.loadIcon(...).getBitmap is not a function
06-18 14:25:46.318 13989 13989 E AndroidRuntime: File: "file:///data/data/com.stanfordhci.habitlab/files/app/util/UsageInformationUtil.js, line: 49, column: 66
06-18 14:25:46.318 13989 13989 E AndroidRuntime: 
06-18 14:25:46.318 13989 13989 E AndroidRuntime: StackTrace: 
06-18 14:25:46.318 13989 13989 E AndroidRuntime: 	Frame: function:'exports.getApplicationList', file:'file:///data/data/com.stanfordhci.habitlab/files/app/util/UsageInformationUtil.js', line: 49, column: 67
06-18 14:25:46.318 13989 13989 E AndroidRuntime: 	Frame: function:'createGrid', file:'file:///data/data/com.stanfordhci.habitlab/files/app/views/onboarding/watchlistOnboardingView/watchlistOnboardingView.js', line: 48, column: 24
06-18 14:25:46.318 13989 13989 E AndroidRuntime: 	Frame: function:'timer.setTimeout', file:'file:///data/data/com.stanfordhci.habitlab/files/app/views/onboarding/watchlistOnboardingView/watchlistOnboardingView.js', line: 42, column: 5
06-18 14:25:46.318 13989 13989 E AndroidRuntime: 	Frame: function:'run', file:'<embedded>', line: 726, column: 1
06-18 14:25:46.318 13989 13989 E AndroidRuntime: 
06-18 14:25:46.318 13989 13989 E AndroidRuntime: 
06-18 14:25:46.318 13989 13989 E AndroidRuntime: 	at com.tns.Runtime.callJSMethodNative(Native Method)
06-18 14:25:46.318 13989 13989 E AndroidRuntime: 	at com.tns.Runtime.dispatchCallJSMethodNative(Runtime.java:1043)
06-18 14:25:46.318 13989 13989 E AndroidRuntime: 	at com.tns.Runtime.callJSMethodImpl(Runtime.java:925)
06-18 14:25:46.318 13989 13989 E AndroidRuntime: 	at com.tns.Runtime.callJSMethod(Runtime.java:912)
06-18 14:25:46.318 13989 13989 E AndroidRuntime: 	at com.tns.Runtime.callJSMethod(Runtime.java:896)
06-18 14:25:46.318 13989 13989 E AndroidRuntime: 	at com.tns.Runtime.callJSMethod(Runtime.java:888)
06-18 14:25:46.318 13989 13989 E AndroidRuntime: 	at com.tns.gen.java.lang.Runnable.run(Runnable.java:10)
06-18 14:25:46.318 13989 13989 E AndroidRuntime: 	at android.os.Handler.handleCallback(Handler.java:789)
06-18 14:25:46.318 13989 13989 E AndroidRuntime: 	at android.os.Handler.dispatchMessage(Handler.java:98)
06-18 14:25:46.318 13989 13989 E AndroidRuntime: 	at android.os.Looper.loop(Looper.java:164)
06-18 14:25:46.318 13989 13989 E AndroidRuntime: 	at android.app.ActivityThread.main(ActivityThread.java:6798)
06-18 14:25:46.318 13989 13989 E AndroidRuntime: 	at java.lang.reflect.Method.invoke(Native Method)
06-18 14:25:46.318 13989 13989 E AndroidRuntime: 	at com.android.internal.os.Zygote$MethodAndArgsCaller.run(Zygote.java:240)
06-18 14:25:46.318 13989 13989 E AndroidRuntime: 	at com.android.internal.os.ZygoteInit.main(ZygoteInit.java:767)
06-18 14:25:46.327 13989 13989 E AndroidRuntime: FATAL EXCEPTION: main
06-18 14:25:46.327 13989 13989 E AndroidRuntime: Process: com.stanfordhci.habitlab, PID: 13989
06-18 14:25:46.327 13989 13989 E AndroidRuntime: com.tns.NativeScriptException: 
06-18 14:25:46.327 13989 13989 E AndroidRuntime: Calling js method run failed
06-18 14:25:46.327 13989 13989 E AndroidRuntime: 
06-18 14:25:46.327 13989 13989 E AndroidRuntime: TypeError: info.loadIcon(...).getBitmap is not a function
06-18 14:25:46.327 13989 13989 E AndroidRuntime: File: "file:///data/data/com.stanfordhci.habitlab/files/app/util/UsageInformationUtil.js, line: 49, column: 66
06-18 14:25:46.327 13989 13989 E AndroidRuntime: 
06-18 14:25:46.327 13989 13989 E AndroidRuntime: StackTrace: 
06-18 14:25:46.327 13989 13989 E AndroidRuntime: 	Frame: function:'exports.getApplicationList', file:'file:///data/data/com.stanfordhci.habitlab/files/app/util/UsageInformationUtil.js', line: 49, column: 67
06-18 14:25:46.327 13989 13989 E AndroidRuntime: 	Frame: function:'createGrid', file:'file:///data/data/com.stanfordhci.habitlab/files/app/views/onboarding/watchlistOnboardingView/watchlistOnboardingView.js', line: 48, column: 24
06-18 14:25:46.327 13989 13989 E AndroidRuntime: 	Frame: function:'timer.setTimeout', file:'file:///data/data/com.stanfordhci.habitlab/files/app/views/onboarding/watchlistOnboardingView/watchlistOnboardingView.js', line: 42, column: 5
06-18 14:25:46.327 13989 13989 E AndroidRuntime: 	Frame: function:'run', file:'<embedded>', line: 726, column: 1
06-18 14:25:46.327 13989 13989 E AndroidRuntime: 
06-18 14:25:46.327 13989 13989 E AndroidRuntime: 
06-18 14:25:46.327 13989 13989 E AndroidRuntime: 	at com.tns.Runtime.callJSMethodNative(Native Method)
06-18 14:25:46.327 13989 13989 E AndroidRuntime: 	at com.tns.Runtime.dispatchCallJSMethodNative(Runtime.java:1043)
06-18 14:25:46.327 13989 13989 E AndroidRuntime: 	at com.tns.Runtime.callJSMethodImpl(Runtime.java:925)
06-18 14:25:46.327 13989 13989 E AndroidRuntime: 	at com.tns.Runtime.callJSMethod(Runtime.java:912)
06-18 14:25:46.327 13989 13989 E AndroidRuntime: 	at com.tns.Runtime.callJSMethod(Runtime.java:896)
06-18 14:25:46.327 13989 13989 E AndroidRuntime: 	at com.tns.Runtime.callJSMethod(Runtime.java:888)
06-18 14:25:46.327 13989 13989 E AndroidRuntime: 	at com.tns.gen.java.lang.Runnable.run(Runnable.java:10)
06-18 14:25:46.327 13989 13989 E AndroidRuntime: 	at android.os.Handler.handleCallback(Handler.java:789)
06-18 14:25:46.327 13989 13989 E AndroidRuntime: 	at android.os.Handler.dispatchMessage(Handler.java:98)
06-18 14:25:46.327 13989 13989 E AndroidRuntime: 	at android.os.Looper.loop(Looper.java:164)
06-18 14:25:46.327 13989 13989 E AndroidRuntime: 	at android.app.ActivityThread.main(ActivityThread.java:6798)
06-18 14:25:46.327 13989 13989 E AndroidRuntime: 	at java.lang.reflect.Method.invoke(Native Method)
06-18 14:25:46.327 13989 13989 E AndroidRuntime: 	at com.android.internal.os.Zygote$MethodAndArgsCaller.run(Zygote.java:240)
06-18 14:25:46.327 13989 13989 E AndroidRuntime: 	at com.android.internal.os.ZygoteInit.main(ZygoteInit.java:767)
06-18 14:25:53.028 14179 14179 E AndroidRuntime: FATAL EXCEPTION: main
06-18 14:25:53.028 14179 14179 E AndroidRuntime: Process: com.stanfordhci.habitlab, PID: 14179
06-18 14:25:53.028 14179 14179 E AndroidRuntime: com.tns.NativeScriptException: 
06-18 14:25:53.028 14179 14179 E AndroidRuntime: Calling js method run failed
06-18 14:25:53.028 14179 14179 E AndroidRuntime: 
06-18 14:25:53.028 14179 14179 E AndroidRuntime: TypeError: info.loadIcon(...).getBitmap is not a function
06-18 14:25:53.028 14179 14179 E AndroidRuntime: File: "file:///data/data/com.stanfordhci.habitlab/files/app/util/UsageInformationUtil.js, line: 49, column: 66
06-18 14:25:53.028 14179 14179 E AndroidRuntime: 
06-18 14:25:53.028 14179 14179 E AndroidRuntime: StackTrace: 
06-18 14:25:53.028 14179 14179 E AndroidRuntime: 	Frame: function:'exports.getApplicationList', file:'file:///data/data/com.stanfordhci.habitlab/files/app/util/UsageInformationUtil.js', line: 49, column: 67
06-18 14:25:53.028 14179 14179 E AndroidRuntime: 	Frame: function:'createGrid', file:'file:///data/data/com.stanfordhci.habitlab/files/app/views/onboarding/watchlistOnboardingView/watchlistOnboardingView.js', line: 48, column: 24
06-18 14:25:53.028 14179 14179 E AndroidRuntime: 	Frame: function:'timer.setTimeout', file:'file:///data/data/com.stanfordhci.habitlab/files/app/views/onboarding/watchlistOnboardingView/watchlistOnboardingView.js', line: 42, column: 5
06-18 14:25:53.028 14179 14179 E AndroidRuntime: 	Frame: function:'run', file:'<embedded>', line: 726, column: 1
06-18 14:25:53.028 14179 14179 E AndroidRuntime: 
06-18 14:25:53.028 14179 14179 E AndroidRuntime: 
06-18 14:25:53.028 14179 14179 E AndroidRuntime: 	at com.tns.Runtime.callJSMethodNative(Native Method)
06-18 14:25:53.028 14179 14179 E AndroidRuntime: 	at com.tns.Runtime.dispatchCallJSMethodNative(Runtime.java:1043)
06-18 14:25:53.028 14179 14179 E AndroidRuntime: 	at com.tns.Runtime.callJSMethodImpl(Runtime.java:925)
06-18 14:25:53.028 14179 14179 E AndroidRuntime: 	at com.tns.Runtime.callJSMethod(Runtime.java:912)
06-18 14:25:53.028 14179 14179 E AndroidRuntime: 	at com.tns.Runtime.callJSMethod(Runtime.java:896)
06-18 14:25:53.028 14179 14179 E AndroidRuntime: 	at com.tns.Runtime.callJSMethod(Runtime.java:888)
06-18 14:25:53.028 14179 14179 E AndroidRuntime: 	at com.tns.gen.java.lang.Runnable.run(Runnable.java:10)
06-18 14:25:53.028 14179 14179 E AndroidRuntime: 	at android.os.Handler.handleCallback(Handler.java:789)
06-18 14:25:53.028 14179 14179 E AndroidRuntime: 	at android.os.Handler.dispatchMessage(Handler.java:98)
06-18 14:25:53.028 14179 14179 E AndroidRuntime: 	at android.os.Looper.loop(Looper.java:164)
06-18 14:25:53.028 14179 14179 E AndroidRuntime: 	at android.app.ActivityThread.main(ActivityThread.java:6798)
06-18 14:25:53.028 14179 14179 E AndroidRuntime: 	at java.lang.reflect.Method.invoke(Native Method)
06-18 14:25:53.028 14179 14179 E AndroidRuntime: 	at com.android.internal.os.Zygote$MethodAndArgsCaller.run(Zygote.java:240)
06-18 14:25:53.028 14179 14179 E AndroidRuntime: 	at com.android.internal.os.ZygoteInit.main(ZygoteInit.java:767)
06-18 14:25:53.038 14179 14179 E AndroidRuntime: FATAL EXCEPTION: main
06-18 14:25:53.038 14179 14179 E AndroidRuntime: Process: com.stanfordhci.habitlab, PID: 14179
06-18 14:25:53.038 14179 14179 E AndroidRuntime: com.tns.NativeScriptException: 
06-18 14:25:53.038 14179 14179 E AndroidRuntime: Calling js method run failed
06-18 14:25:53.038 14179 14179 E AndroidRuntime: 
06-18 14:25:53.038 14179 14179 E AndroidRuntime: TypeError: info.loadIcon(...).getBitmap is not a function
06-18 14:25:53.038 14179 14179 E AndroidRuntime: File: "file:///data/data/com.stanfordhci.habitlab/files/app/util/UsageInformationUtil.js, line: 49, column: 66
06-18 14:25:53.038 14179 14179 E AndroidRuntime: 
06-18 14:25:53.038 14179 14179 E AndroidRuntime: StackTrace: 
06-18 14:25:53.038 14179 14179 E AndroidRuntime: 	Frame: function:'exports.getApplicationList', file:'file:///data/data/com.stanfordhci.habitlab/files/app/util/UsageInformationUtil.js', line: 49, column: 67
06-18 14:25:53.038 14179 14179 E AndroidRuntime: 	Frame: function:'createGrid', file:'file:///data/data/com.stanfordhci.habitlab/files/app/views/onboarding/watchlistOnboardingView/watchlistOnboardingView.js', line: 48, column: 24
06-18 14:25:53.038 14179 14179 E AndroidRuntime: 	Frame: function:'timer.setTimeout', file:'file:///data/data/com.stanfordhci.habitlab/files/app/views/onboarding/watchlistOnboardingView/watchlistOnboardingView.js', line: 42, column: 5
06-18 14:25:53.038 14179 14179 E AndroidRuntime: 	Frame: function:'run', file:'<embedded>', line: 726, column: 1
06-18 14:25:53.038 14179 14179 E AndroidRuntime: 
06-18 14:25:53.038 14179 14179 E AndroidRuntime: 
06-18 14:25:53.038 14179 14179 E AndroidRuntime: 	at com.tns.Runtime.callJSMethodNative(Native Method)
06-18 14:25:53.038 14179 14179 E AndroidRuntime: 	at com.tns.Runtime.dispatchCallJSMethodNative(Runtime.java:1043)
06-18 14:25:53.038 14179 14179 E AndroidRuntime: 	at com.tns.Runtime.callJSMethodImpl(Runtime.java:925)
06-18 14:25:53.038 14179 14179 E AndroidRuntime: 	at com.tns.Runtime.callJSMethod(Runtime.java:912)
06-18 14:25:53.038 14179 14179 E AndroidRuntime: 	at com.tns.Runtime.callJSMethod(Runtime.java:896)
06-18 14:25:53.038 14179 14179 E AndroidRuntime: 	at com.tns.Runtime.callJSMethod(Runtime.java:888)
06-18 14:25:53.038 14179 14179 E AndroidRuntime: 	at com.tns.gen.java.lang.Runnable.run(Runnable.java:10)
06-18 14:25:53.038 14179 14179 E AndroidRuntime: 	at android.os.Handler.handleCallback(Handler.java:789)
06-18 14:25:53.038 14179 14179 E AndroidRuntime: 	at android.os.Handler.dispatchMessage(Handler.java:98)
06-18 14:25:53.038 14179 14179 E AndroidRuntime: 	at android.os.Looper.loop(Looper.java:164)
06-18 14:25:53.038 14179 14179 E AndroidRuntime: 	at android.app.ActivityThread.main(ActivityThread.java:6798)
06-18 14:25:53.038 14179 14179 E AndroidRuntime: 	at java.lang.reflect.Method.invoke(Native Method)
06-18 14:25:53.038 14179 14179 E AndroidRuntime: 	at com.android.internal.os.Zygote$MethodAndArgsCaller.run(Zygote.java:240)
06-18 14:25:53.038 14179 14179 E AndroidRuntime: 	at com.android.internal.os.ZygoteInit.main(ZygoteInit.java:767)
06-18 14:26:01.265 14231 14231 E AndroidRuntime: FATAL EXCEPTION: main
06-18 14:26:01.265 14231 14231 E AndroidRuntime: Process: com.stanfordhci.habitlab, PID: 14231
06-18 14:26:01.265 14231 14231 E AndroidRuntime: com.tns.NativeScriptException: 
06-18 14:26:01.265 14231 14231 E AndroidRuntime: Calling js method run failed
06-18 14:26:01.265 14231 14231 E AndroidRuntime: 
06-18 14:26:01.265 14231 14231 E AndroidRuntime: TypeError: info.loadIcon(...).getBitmap is not a function
06-18 14:26:01.265 14231 14231 E AndroidRuntime: File: "file:///data/data/com.stanfordhci.habitlab/files/app/util/UsageInformationUtil.js, line: 49, column: 66
06-18 14:26:01.265 14231 14231 E AndroidRuntime: 
06-18 14:26:01.265 14231 14231 E AndroidRuntime: StackTrace: 
06-18 14:26:01.265 14231 14231 E AndroidRuntime: 	Frame: function:'exports.getApplicationList', file:'file:///data/data/com.stanfordhci.habitlab/files/app/util/UsageInformationUtil.js', line: 49, column: 67
06-18 14:26:01.265 14231 14231 E AndroidRuntime: 	Frame: function:'createGrid', file:'file:///data/data/com.stanfordhci.habitlab/files/app/views/onboarding/watchlistOnboardingView/watchlistOnboardingView.js', line: 48, column: 24
06-18 14:26:01.265 14231 14231 E AndroidRuntime: 	Frame: function:'timer.setTimeout', file:'file:///data/data/com.stanfordhci.habitlab/files/app/views/onboarding/watchlistOnboardingView/watchlistOnboardingView.js', line: 42, column: 5
06-18 14:26:01.265 14231 14231 E AndroidRuntime: 	Frame: function:'run', file:'<embedded>', line: 726, column: 1
06-18 14:26:01.265 14231 14231 E AndroidRuntime: 
06-18 14:26:01.265 14231 14231 E AndroidRuntime: 
06-18 14:26:01.265 14231 14231 E AndroidRuntime: 	at com.tns.Runtime.callJSMethodNative(Native Method)
06-18 14:26:01.265 14231 14231 E AndroidRuntime: 	at com.tns.Runtime.dispatchCallJSMethodNative(Runtime.java:1043)
06-18 14:26:01.265 14231 14231 E AndroidRuntime: 	at com.tns.Runtime.callJSMethodImpl(Runtime.java:925)
06-18 14:26:01.265 14231 14231 E AndroidRuntime: 	at com.tns.Runtime.callJSMethod(Runtime.java:912)
06-18 14:26:01.265 14231 14231 E AndroidRuntime: 	at com.tns.Runtime.callJSMethod(Runtime.java:896)
06-18 14:26:01.265 14231 14231 E AndroidRuntime: 	at com.tns.Runtime.callJSMethod(Runtime.java:888)
06-18 14:26:01.265 14231 14231 E AndroidRuntime: 	at com.tns.gen.java.lang.Runnable.run(Runnable.java:10)
06-18 14:26:01.265 14231 14231 E AndroidRuntime: 	at android.os.Handler.handleCallback(Handler.java:789)
06-18 14:26:01.265 14231 14231 E AndroidRuntime: 	at android.os.Handler.dispatchMessage(Handler.java:98)
06-18 14:26:01.265 14231 14231 E AndroidRuntime: 	at android.os.Looper.loop(Looper.java:164)
06-18 14:26:01.265 14231 14231 E AndroidRuntime: 	at android.app.ActivityThread.main(ActivityThread.java:6798)
06-18 14:26:01.265 14231 14231 E AndroidRuntime: 	at java.lang.reflect.Method.invoke(Native Method)
06-18 14:26:01.265 14231 14231 E AndroidRuntime: 	at com.android.internal.os.Zygote$MethodAndArgsCaller.run(Zygote.java:240)
06-18 14:26:01.265 14231 14231 E AndroidRuntime: 	at com.android.internal.os.ZygoteInit.main(ZygoteInit.java:767)
06-18 14:26:01.275 14231 14231 E AndroidRuntime: FATAL EXCEPTION: main
06-18 14:26:01.275 14231 14231 E AndroidRuntime: Process: com.stanfordhci.habitlab, PID: 14231
06-18 14:26:01.275 14231 14231 E AndroidRuntime: com.tns.NativeScriptException: 
06-18 14:26:01.275 14231 14231 E AndroidRuntime: Calling js method run failed
06-18 14:26:01.275 14231 14231 E AndroidRuntime: 
06-18 14:26:01.275 14231 14231 E AndroidRuntime: TypeError: info.loadIcon(...).getBitmap is not a function
06-18 14:26:01.275 14231 14231 E AndroidRuntime: File: "file:///data/data/com.stanfordhci.habitlab/files/app/util/UsageInformationUtil.js, line: 49, column: 66
06-18 14:26:01.275 14231 14231 E AndroidRuntime: 
06-18 14:26:01.275 14231 14231 E AndroidRuntime: StackTrace: 
06-18 14:26:01.275 14231 14231 E AndroidRuntime: 	Frame: function:'exports.getApplicationList', file:'file:///data/data/com.stanfordhci.habitlab/files/app/util/UsageInformationUtil.js', line: 49, column: 67
06-18 14:26:01.275 14231 14231 E AndroidRuntime: 	Frame: function:'createGrid', file:'file:///data/data/com.stanfordhci.habitlab/files/app/views/onboarding/watchlistOnboardingView/watchlistOnboardingView.js', line: 48, column: 24
06-18 14:26:01.275 14231 14231 E AndroidRuntime: 	Frame: function:'timer.setTimeout', file:'file:///data/data/com.stanfordhci.habitlab/files/app/views/onboarding/watchlistOnboardingView/watchlistOnboardingView.js', line: 42, column: 5
06-18 14:26:01.275 14231 14231 E AndroidRuntime: 	Frame: function:'run', file:'<embedded>', line: 726, column: 1
06-18 14:26:01.275 14231 14231 E AndroidRuntime: 
06-18 14:26:01.275 14231 14231 E AndroidRuntime: 
06-18 14:26:01.275 14231 14231 E AndroidRuntime: 	at com.tns.Runtime.callJSMethodNative(Native Method)
06-18 14:26:01.275 14231 14231 E AndroidRuntime: 	at com.tns.Runtime.dispatchCallJSMethodNative(Runtime.java:1043)
06-18 14:26:01.275 14231 14231 E AndroidRuntime: 	at com.tns.Runtime.callJSMethodImpl(Runtime.java:925)
06-18 14:26:01.275 14231 14231 E AndroidRuntime: 	at com.tns.Runtime.callJSMethod(Runtime.java:912)
06-18 14:26:01.275 14231 14231 E AndroidRuntime: 	at com.tns.Runtime.callJSMethod(Runtime.java:896)
06-18 14:26:01.275 14231 14231 E AndroidRuntime: 	at com.tns.Runtime.callJSMethod(Runtime.java:888)
06-18 14:26:01.275 14231 14231 E AndroidRuntime: 	at com.tns.gen.java.lang.Runnable.run(Runnable.java:10)
06-18 14:26:01.275 14231 14231 E AndroidRuntime: 	at android.os.Handler.handleCallback(Handler.java:789)
06-18 14:26:01.275 14231 14231 E AndroidRuntime: 	at android.os.Handler.dispatchMessage(Handler.java:98)
06-18 14:26:01.275 14231 14231 E AndroidRuntime: 	at android.os.Looper.loop(Looper.java:164)
06-18 14:26:01.275 14231 14231 E AndroidRuntime: 	at android.app.ActivityThread.main(ActivityThread.java:6798)
06-18 14:26:01.275 14231 14231 E AndroidRuntime: 	at java.lang.reflect.Method.invoke(Native Method)
06-18 14:26:01.275 14231 14231 E AndroidRuntime: 	at com.android.internal.os.Zygote$MethodAndArgsCaller.run(Zygote.java:240)
06-18 14:26:01.275 14231 14231 E AndroidRuntime: 	at com.android.internal.os.ZygoteInit.main(ZygoteInit.java:767)
06-18 14:33:13.969 15547 15547 E AndroidRuntime: FATAL EXCEPTION: main
06-18 14:33:13.969 15547 15547 E AndroidRuntime: Process: com.stanfordhci.habitlab, PID: 15547
06-18 14:33:13.969 15547 15547 E AndroidRuntime: com.tns.NativeScriptException: 
06-18 14:33:13.969 15547 15547 E AndroidRuntime: Calling js method run failed
06-18 14:33:13.969 15547 15547 E AndroidRuntime: 
06-18 14:33:13.969 15547 15547 E AndroidRuntime: TypeError: info.loadIcon(...).getBitmap is not a function
06-18 14:33:13.969 15547 15547 E AndroidRuntime: File: "file:///data/data/com.stanfordhci.habitlab/files/app/util/UsageInformationUtil.js, line: 49, column: 66
06-18 14:33:13.969 15547 15547 E AndroidRuntime: 
06-18 14:33:13.969 15547 15547 E AndroidRuntime: StackTrace: 
06-18 14:33:13.969 15547 15547 E AndroidRuntime: 	Frame: function:'exports.getApplicationList', file:'file:///data/data/com.stanfordhci.habitlab/files/app/util/UsageInformationUtil.js', line: 49, column: 67
06-18 14:33:13.969 15547 15547 E AndroidRuntime: 	Frame: function:'createGrid', file:'file:///data/data/com.stanfordhci.habitlab/files/app/views/onboarding/watchlistOnboardingView/watchlistOnboardingView.js', line: 48, column: 24
06-18 14:33:13.969 15547 15547 E AndroidRuntime: 	Frame: function:'timer.setTimeout', file:'file:///data/data/com.stanfordhci.habitlab/files/app/views/onboarding/watchlistOnboardingView/watchlistOnboardingView.js', line: 42, column: 5
06-18 14:33:13.969 15547 15547 E AndroidRuntime: 	Frame: function:'run', file:'<embedded>', line: 726, column: 1
06-18 14:33:13.969 15547 15547 E AndroidRuntime: 
06-18 14:33:13.969 15547 15547 E AndroidRuntime: 
06-18 14:33:13.969 15547 15547 E AndroidRuntime: 	at com.tns.Runtime.callJSMethodNative(Native Method)
06-18 14:33:13.969 15547 15547 E AndroidRuntime: 	at com.tns.Runtime.dispatchCallJSMethodNative(Runtime.java:1043)
06-18 14:33:13.969 15547 15547 E AndroidRuntime: 	at com.tns.Runtime.callJSMethodImpl(Runtime.java:925)
06-18 14:33:13.969 15547 15547 E AndroidRuntime: 	at com.tns.Runtime.callJSMethod(Runtime.java:912)
06-18 14:33:13.969 15547 15547 E AndroidRuntime: 	at com.tns.Runtime.callJSMethod(Runtime.java:896)
06-18 14:33:13.969 15547 15547 E AndroidRuntime: 	at com.tns.Runtime.callJSMethod(Runtime.java:888)
06-18 14:33:13.969 15547 15547 E AndroidRuntime: 	at com.tns.gen.java.lang.Runnable.run(Runnable.java:10)
06-18 14:33:13.969 15547 15547 E AndroidRuntime: 	at android.os.Handler.handleCallback(Handler.java:789)
06-18 14:33:13.969 15547 15547 E AndroidRuntime: 	at android.os.Handler.dispatchMessage(Handler.java:98)
06-18 14:33:13.969 15547 15547 E AndroidRuntime: 	at android.os.Looper.loop(Looper.java:164)
06-18 14:33:13.969 15547 15547 E AndroidRuntime: 	at android.app.ActivityThread.main(ActivityThread.java:6798)
06-18 14:33:13.969 15547 15547 E AndroidRuntime: 	at java.lang.reflect.Method.invoke(Native Method)
06-18 14:33:13.969 15547 15547 E AndroidRuntime: 	at com.android.internal.os.Zygote$MethodAndArgsCaller.run(Zygote.java:240)
06-18 14:33:13.969 15547 15547 E AndroidRuntime: 	at com.android.internal.os.ZygoteInit.main(ZygoteInit.java:767)
--------- beginning of system
06-19 00:55:14.276  4898  4898 W ContextImpl: Calling a method in the system process without a qualified user: android.app.ContextImpl.startService:1477 android.content.ContextWrapper.startService:645 com.oneplus.security.intercept.clean.InterceptCleanService.a:27 com.oneplus.security.SecurityApplication.a:91 com.oneplus.security.SecurityApplication.onCreate:81 
06-19 00:55:14.280  4898  4898 W ContextImpl: Calling a method in the system process without a qualified user: android.app.ContextImpl.startService:1477 android.content.ContextWrapper.startService:645 com.oneplus.security.SecureService.a:53 com.oneplus.security.SecurityApplication.a:92 com.oneplus.security.SecurityApplication.onCreate:81 
06-19 00:55:14.283  4898  4898 W ContextImpl: Calling a method in the system process without a qualified user: android.app.ContextImpl.sendBroadcast:967 android.content.ContextWrapper.sendBroadcast:432 com.oneplus.security.view.SecurityWidgetProvider.a:67 com.oneplus.security.SecurityApplication.a:107 com.oneplus.security.SecurityApplication.onCreate:81 
06-19 00:55:14.344  4898  4898 W ContextImpl: Calling a method in the system process without a qualified user: android.app.ContextImpl.sendBroadcast:967 android.content.ContextWrapper.sendBroadcast:432 com.oneplus.security.SecureService$b.onReceive:172 android.app.LoadedApk$ReceiverDispatcher$Args.lambda$-android_app_LoadedApk$ReceiverDispatcher$Args_53427:1339 android.app.-$Lambda$FilBqgnXJrN9Mgyks1XHeAxzSTk.$m$0:4 
06-19 00:55:15.347  4898  4920 W ContextImpl: Calling a method in the system process without a qualified user: android.app.ContextImpl.startService:1477 android.content.ContextWrapper.startService:645 com.oneplus.security.firewall.NetworkRestrictService.a:154 com.oneplus.security.receiver.a.e:127 com.oneplus.security.SecureService$a.handleMessage:77 
06-19 00:55:16.742  1291  1772 I chatty  : uid=1000(system) NetworkStats expire 6 lines
06-19 00:55:34.249  5029  5029 W ContextImpl: Calling a method in the system process without a qualified user: android.app.ContextImpl.startService:1477 android.content.ContextWrapper.startService:645 com.oneplus.opbackup.OTApplication.onCreate:68 android.app.Instrumentation.callApplicationOnCreate:1129 android.app.ActivityThread.handleBindApplication:6023 
06-19 00:55:34.273  5029  5029 W ContextImpl: Calling a method in the system process without a qualified user: android.app.ContextImpl.startService:1477 android.content.ContextWrapper.startService:645 com.oneplus.opbackup.service.BackupService.a:13 com.oneplus.opbackup.receiver.CheckUpdateReceiver.a:20 com.oneplus.opbackup.receiver.NetworkListenerService$a.onReceive:18 
06-19 00:55:46.386   914  1128 D QMI_FW  : chen-screen on: is_screen_off = 0 
06-19 00:55:46.399  1103  1204 D QMI_FW  : chen-screen on: is_screen_off = 0 
06-19 00:55:46.422  1291  1420 I chatty  : uid=1000(system) batterystats-sy expire 2 lines
06-19 00:55:46.473  1291  2573 I chatty  : uid=1000(system) backup expire 28 lines
06-19 00:55:47.076  1291  2846 I chatty  : uid=1000(system) Binder:1291_E expire 1 line
06-19 00:55:50.413  1291 17713 I chatty  : uid=1000(system) Binder:1291_1F expire 2 lines
06-19 00:55:51.096  1291  2258 I chatty  : uid=1000(system) Binder:1291_6 expire 4 lines
06-19 00:55:51.260  1291  2573 I chatty  : uid=1000(system) backup expire 27 lines
06-19 00:55:51.310  1291  1415 I chatty  : uid=1000(system) EmbryoManager expire 7 lines
06-19 00:55:52.347  1291  1291 I chatty  : uid=1000 system_server expire 5 lines
06-19 00:55:53.096  1291  2863 I chatty  : uid=1000(system) Binder:1291_11 expire 4 lines
06-19 00:55:53.249  1291  1995 I chatty  : uid=1000(system) Binder:1291_5 expire 1 line
06-19 00:55:53.336  1291 11035 I chatty  : uid=1000(system) Binder:1291_19 expire 9 lines
06-19 00:55:53.691  1291  2266 I chatty  : uid=1000(system) Binder:1291_7 expire 6 lines
06-19 00:55:54.120  1291  1416 I chatty  : uid=1000(system) ActivityManager expire 120 lines
06-19 00:55:59.581  1291  2376 I chatty  : uid=1000(system) Binder:1291_8 expire 2 lines
06-19 00:55:59.581  1291  1338 I chatty  : uid=1000(system) Binder:1291_2 expire 3 lines
06-19 00:55:59.582  1291  1827 I chatty  : uid=1000(system) ConnectivitySer expire 3 lines
06-19 00:56:00.000  1291  1728 I chatty  : uid=1000(system) AlarmManager expire 7 lines
06-19 00:56:11.659  1291  1480 I chatty  : uid=1000(system) PowerManagerSer expire 13 lines
06-19 00:56:11.678  1291  1857 I chatty  : uid=1000(system) ColorBalanceThr expire 4 lines
06-19 00:56:11.678  1291  1420 I chatty  : uid=1000(system) batterystats-sy expire 2 lines
06-19 00:56:11.680  1291  1478 I chatty  : uid=1000(system) android.display expire 2 lines
06-19 00:56:11.708  1291  2378 I chatty  : uid=1000(system) Binder:1291_A expire 2 lines
06-19 00:56:11.750  1291  1417 I chatty  : uid=1000(system) android.ui expire 4 lines
06-19 00:56:11.764  1291  4255 I chatty  : uid=1000(system) Binder:1291_15 expire 6 lines
06-19 00:56:11.840  1291 12786 I chatty  : uid=1000(system) Binder:1291_1C expire 5 lines
06-19 00:56:12.898  1291  1964 I chatty  : uid=1000(system) HwBinder:1291_3 expire 1 line
06-19 00:56:12.949  1291  1886 I chatty  : uid=1000(system) FingerPrintThre expire 15 lines
06-19 00:56:13.328  1998  1998 D KeyguardViewMediator: setLockScreenShown begin, false, seq:519131125
06-19 00:56:13.330  1998  2106 D KeyguardViewMediator: setLockScreenShown false, seq:519131125
06-19 00:56:13.355  1998  1998 V KeyguardDisplayManager: hide
06-19 00:56:14.088  1291  1717 I chatty  : uid=1000(system) android.anim expire 2 lines
06-19 00:56:15.941  1291  1735 I chatty  : uid=1000(system) InputDispatcher expire 1 line
06-19 00:56:20.018  1291  1416 I chatty  : uid=1000(system) ActivityManager expire 90 lines
06-19 00:56:25.003  1291  1728 I chatty  : uid=1000(system) AlarmManager expire 69 lines
06-19 00:56:27.525  1291  1291 I chatty  : uid=1000 system_server expire 2 lines
06-19 00:56:38.718  1291  1772 I chatty  : uid=1000(system) NetworkStats expire 2 lines
06-19 00:56:38.802  1291  2863 I chatty  : uid=1000(system) Binder:1291_11 expire 5 lines
06-19 00:56:41.827  1291  1415 I chatty  : uid=1000(system) EmbryoManager expire 1 line
06-19 00:56:49.977  1291  2377 I chatty  : uid=1000(system) Binder:1291_9 expire 1 line
06-19 00:56:50.601  1291 11035 I chatty  : uid=1000(system) Binder:1291_19 expire 5 lines
06-19 00:57:16.512  1291  1420 I chatty  : uid=1000(system) batterystats-sy expire 2 lines
06-19 00:57:16.544  1291  6254 I chatty  : uid=1000 system_server expire 2 lines
06-19 00:57:39.254  1291  1827 I chatty  : uid=1000(system) ConnectivitySer expire 263 lines
06-19 00:57:50.001  1291  1728 I chatty  : uid=1000(system) AlarmManager expire 53 lines
06-19 00:58:03.217  1291  2863 I chatty  : uid=1000(system) Binder:1291_11 expire 1 line
06-19 00:58:03.232  1291  1416 I chatty  : uid=1000(system) ActivityManager expire 7 lines
06-19 00:58:04.069  1291 11035 I chatty  : uid=1000(system) Binder:1291_19 expire 2 lines
06-19 00:58:21.629  1291  1476 I chatty  : uid=1000(system) android.fg expire 1 line
06-19 00:58:21.630  1291  1772 I chatty  : uid=1000(system) NetworkStats expire 3 lines
06-19 00:59:00.104  1291  2910 I chatty  : uid=1000(system) Binder:1291_13 expire 12 lines
06-19 00:59:03.659  1291  1827 I chatty  : uid=1000(system) ConnectivitySer expire 41 lines
06-19 00:59:05.001  1291  1728 I chatty  : uid=1000(system) AlarmManager expire 14 lines
06-19 00:59:10.491  1998  1998 V DeadZone: consuming errant click: (245.0,64.0)
06-19 00:59:10.495  1291  1338 I chatty  : uid=1000(system) Binder:1291_2 expire 1 line
06-19 00:59:10.589  1291  1416 I chatty  : uid=1000(system) ActivityManager expire 3 lines
06-19 00:59:22.779  1291  1736 I chatty  : uid=1000(system) InputReader expire 2 lines
06-19 00:59:22.781  1291  1480 I chatty  : uid=1000(system) PowerManagerSer expire 21 lines
06-19 00:59:22.783  1291  1857 I chatty  : uid=1000(system) ColorBalanceThr expire 8 lines
06-19 00:59:22.830  1291  1291 I chatty  : uid=1000 system_server expire 6 lines
06-19 00:59:22.844  1291  1742 I chatty  : uid=1000(system) Binder:1291_3 expire 5 lines
06-19 00:59:22.846  1291  1886 I chatty  : uid=1000(system) FingerPrintThre expire 51 lines
06-19 00:59:23.122  1998  1998 D KeyguardViewMediator: setLockScreenShown begin, true, seq:519320919
06-19 00:59:23.126  1998  2106 D KeyguardViewMediator: setLockScreenShown true, seq:519320919
06-19 00:59:23.128  1291  2863 I chatty  : uid=1000(system) Binder:1291_11 expire 4 lines
06-19 00:59:23.174  1291  1478 I chatty  : uid=1000(system) android.display expire 3 lines
06-19 00:59:23.202   914  1128 D QMI_FW  : chen-screen off: is_screen_off = 1 
06-19 00:59:23.205  1103  1204 D QMI_FW  : chen-screen off: is_screen_off = 1 
06-19 00:59:23.271  1291  2377 I chatty  : uid=1000(system) Binder:1291_9 expire 6 lines
06-19 00:59:23.277  1998  1998 V KeyguardStatusView: refresh statusview showing:true
06-19 00:59:23.285  1998  1998 V KeyguardDisplayManager: show
06-19 00:59:49.689  1291  1420 I chatty  : uid=1000(system) batterystats-sy expire 12 lines
06-19 00:59:51.622  1291  6475 I chatty  : uid=1000 system_server expire 1 line
06-19 01:00:00.937  1291  1728 I chatty  : uid=1000(system) AlarmManager expire 15 lines
06-19 01:02:13.028  1291  2376 I chatty  : uid=1000(system) Binder:1291_8 expire 5 lines
06-19 01:02:13.089  1291  6489 I chatty  : uid=1000 system_server expire 1 line
06-19 01:02:26.133  1291  2379 I chatty  : uid=1000(system) Binder:1291_B expire 5 lines
06-19 01:02:32.904  1291  6497 I chatty  : uid=1000 system_server expire 2 lines
06-19 01:02:33.593  1291  6498 I chatty  : uid=1000 system_server expire 1 line
06-19 01:02:33.670  1291  2834 I chatty  : uid=1000(system) Binder:1291_D expire 1 line
06-19 01:02:33.672  1291  1417 I chatty  : uid=1000(system) android.ui expire 4 lines
06-19 01:02:33.693   914  1128 D QMI_FW  : chen-screen on: is_screen_off = 0 
06-19 01:02:33.697  1103  1204 D QMI_FW  : chen-screen on: is_screen_off = 0 
06-19 01:02:33.770  1291  1480 I chatty  : uid=1000(system) PowerManagerSer expire 5 lines
06-19 01:02:33.784  1291  1827 I chatty  : uid=1000(system) ConnectivitySer expire 26 lines
06-19 01:02:33.800  1291  1328 I chatty  : uid=1000(system) Binder:1291_1 expire 2 lines
06-19 01:02:33.800  1291  1827 I chatty  : uid=1000(system) ConnectivitySer expire 14 lines
06-19 01:02:33.800  1291  2834 I chatty  : uid=1000(system) Binder:1291_D expire 5 lines
06-19 01:02:33.955  1291  1416 I chatty  : uid=1000(system) ActivityManager expire 148 lines
06-19 01:02:34.638  1291  1291 I chatty  : uid=1000 system_server expire 4 lines
06-19 01:02:34.666  1291  1728 I chatty  : uid=1000(system) AlarmManager expire 11 lines
06-19 01:02:34.778  1291  1480 I chatty  : uid=1000(system) PowerManagerSer expire 20 lines
06-19 01:02:43.603  1291  1857 I chatty  : uid=1000(system) ColorBalanceThr expire 4 lines
06-19 01:02:43.951  1291  2910 I chatty  : uid=1000(system) Binder:1291_13 expire 4 lines
06-19 01:02:43.961  1291  1478 I chatty  : uid=1000(system) android.display expire 1 line
06-19 01:02:43.995   914  1128 D QMI_FW  : chen-screen off: is_screen_off = 1 
06-19 01:02:43.996  1103  1204 D QMI_FW  : chen-screen off: is_screen_off = 1 
06-19 01:02:44.008  1291  2377 I chatty  : uid=1000(system) Binder:1291_9 expire 2 lines
06-19 01:03:21.041  1291  1420 I chatty  : uid=1000(system) batterystats-sy expire 12 lines
06-19 01:03:21.053   914  1128 D QMI_FW  : chen-screen on: is_screen_off = 0 
06-19 01:03:21.057  1103  1204 D QMI_FW  : chen-screen on: is_screen_off = 0 
06-19 01:03:21.071  1291  1827 I chatty  : uid=1000(system) ConnectivitySer expire 3 lines
06-19 01:03:21.076  1291  2266 I chatty  : uid=1000(system) Binder:1291_7 expire 1 line
06-19 01:03:23.508  1291  1728 I chatty  : uid=1000(system) AlarmManager expire 14 lines
06-19 01:03:29.100  1291  1408 I chatty  : uid=1000(system) android.bg expire 1 line
06-19 01:03:29.322  6593  6593 D ActivityThread: Loading provider com.google.android.gm.sapi: com.google.android.gm.sapi.SapiUiProvider
06-19 01:04:02.886  1291  1415 I chatty  : uid=1000(system) EmbryoManager expire 1 line
06-19 01:05:52.384 29912  6768 E ActivityThread: Failed to find provider info for com.facebook.mlite.sso.MessengerLoggedInUserProvider
06-19 01:06:00.000  1291  1728 I chatty  : uid=1000(system) AlarmManager expire 47 lines
06-19 01:10:12.533  1291  1416 I chatty  : uid=1000(system) ActivityManager expire 57 lines
06-19 01:10:33.662  1291  1420 I chatty  : uid=1000(system) batterystats-sy expire 24 lines
06-19 01:11:09.408  1291  2834 I chatty  : uid=1000(system) Binder:1291_D expire 5 lines
06-19 01:11:28.677  1291  1408 I chatty  : uid=1000(system) android.bg expire 1 line
06-19 01:14:00.381  1291  2909 I chatty  : uid=1000(system) Binder:1291_12 expire 4 lines
06-19 01:14:00.416  1291  2266 I chatty  : uid=1000(system) Binder:1291_7 expire 2 lines
06-19 01:14:03.872  1291  1291 I chatty  : uid=1000 system_server expire 3 lines
06-19 01:16:19.271  1291  2379 I chatty  : uid=1000(system) Binder:1291_B expire 4 lines
06-19 01:16:19.271  1291  1827 I chatty  : uid=1000(system) ConnectivitySer expire 88 lines
06-19 01:16:20.260  1291  2376 I chatty  : uid=1000(system) Binder:1291_8 expire 4 lines
06-19 01:16:20.315  1291  1328 I chatty  : uid=1000(system) Binder:1291_1 expire 3 lines
06-19 01:18:16.104  1291  2910 I chatty  : uid=1000(system) Binder:1291_13 expire 3 lines
06-19 01:18:20.599  1291  1415 I chatty  : uid=1000(system) EmbryoManager expire 1 line
06-19 01:22:09.810  1291  1480 I chatty  : uid=1000(system) PowerManagerSer expire 8 lines
06-19 01:22:09.813  1291  1857 I chatty  : uid=1000(system) ColorBalanceThr expire 4 lines
06-19 01:22:09.816  1291  1478 I chatty  : uid=1000(system) android.display expire 2 lines
06-19 01:22:09.847  1291  1417 I chatty  : uid=1000(system) android.ui expire 5 lines
06-19 01:22:09.926  1291  1480 I chatty  : uid=1000(system) PowerManagerSer expire 18 lines
06-19 01:22:09.933  1291  2266 I chatty  : uid=1000(system) Binder:1291_7 expire 11 lines
06-19 01:22:09.934  1291  1291 I chatty  : uid=1000 system_server expire 10 lines
06-19 01:22:09.960  1291  1827 I chatty  : uid=1000(system) ConnectivitySer expire 40 lines
06-19 01:22:10.743  1291  1964 I chatty  : uid=1000(system) HwBinder:1291_3 expire 2 lines
06-19 01:22:10.746  1998  1998 W FingerprintManager: Invalid acquired message: 1000, 0
06-19 01:22:10.909  1291  1886 I chatty  : uid=1000(system) FingerPrintThre expire 22 lines
06-19 01:22:10.932  1291  2834 I chatty  : uid=1000(system) Binder:1291_D expire 10 lines
06-19 01:22:10.939  1291  2379 I chatty  : uid=1000(system) Binder:1291_B expire 9 lines
06-19 01:22:11.217  1291  1416 I chatty  : uid=1000(system) ActivityManager expire 6 lines
06-19 01:22:11.243  1998  1998 D KeyguardViewMediator: setLockScreenShown begin, false, seq:520522368
06-19 01:22:11.248  1291  1328 I chatty  : uid=1000(system) Binder:1291_1 expire 3 lines
06-19 01:22:11.264  1998  2106 D KeyguardViewMediator: setLockScreenShown false, seq:520522368
06-19 01:22:11.280  1998  1998 V KeyguardDisplayManager: hide
06-19 01:22:11.680  1291  2910 I chatty  : uid=1000(system) Binder:1291_13 expire 4 lines
06-19 01:22:15.001  1291  1728 I chatty  : uid=1000(system) AlarmManager expire 34 lines
06-19 01:22:16.348  1291  1736 I chatty  : uid=1000(system) InputReader expire 2 lines
06-19 01:22:16.349  1291  1857 I chatty  : uid=1000(system) ColorBalanceThr expire 4 lines
06-19 01:22:16.648  1998  1998 D KeyguardViewMediator: setLockScreenShown begin, true, seq:520527773
06-19 01:22:16.650  1998  2106 D KeyguardViewMediator: setLockScreenShown true, seq:520527773
06-19 01:22:16.682  1291  1478 I chatty  : uid=1000(system) android.display expire 1 line
06-19 01:22:16.719   914  1128 D QMI_FW  : chen-screen off: is_screen_off = 1 
06-19 01:22:16.719  1103  1204 D QMI_FW  : chen-screen off: is_screen_off = 1 
06-19 01:22:16.815  1998  1998 V KeyguardStatusView: refresh statusview showing:true
06-19 01:22:16.822  1998  1998 V KeyguardDisplayManager: show
06-19 01:23:02.741  1291  1420 I chatty  : uid=1000(system) batterystats-sy expire 19 lines
06-19 01:26:19.792  1291  7772 I chatty  : uid=1000 system_server expire 1 line
06-19 01:27:52.528  1291  1772 I chatty  : uid=1000(system) NetworkStats expire 1 line
06-19 01:27:52.595  1291  1408 I chatty  : uid=1000(system) android.bg expire 2 lines
06-19 01:27:55.173  7780  7780 D ActivityThread: Loading provider com.whatsapp.provider.contact: com.whatsapp.contact.ContactProvider
06-19 01:27:57.592  1291  7856 I chatty  : uid=1000 system_server expire 2 lines
06-19 01:28:00.000  1291  1728 I chatty  : uid=1000(system) AlarmManager expire 41 lines
06-19 01:28:01.561  1291  2909 I chatty  : uid=1000(system) Binder:1291_12 expire 2 lines
06-19 01:32:54.431  1291  2377 I chatty  : uid=1000(system) Binder:1291_9 expire 1 line
06-19 01:32:54.432  1291  1827 I chatty  : uid=1000(system) ConnectivitySer expire 5 lines
06-19 01:32:54.702  1291  1415 I chatty  : uid=1000(system) EmbryoManager expire 1 line
06-19 01:32:54.990  1291  2376 I chatty  : uid=1000(system) Binder:1291_8 expire 2 lines
06-19 01:32:56.714  1291  8026 I chatty  : uid=1000 system_server expire 2 lines
06-19 01:43:16.631  1291  1728 I chatty  : uid=1000(system) AlarmManager expire 34 lines
06-19 01:43:16.641  1291  1416 I chatty  : uid=1000(system) ActivityManager expire 194 lines
06-19 01:43:16.810  1291  1291 I chatty  : uid=1000 system_server expire 1 line
06-19 01:43:16.853  1291  1420 I chatty  : uid=1000(system) batterystats-sy expire 13 lines
06-19 01:43:16.946  1291 11093 I chatty  : uid=1000(system) Binder:1291_1A expire 2 lines
06-19 01:43:17.037  1291  2834 I chatty  : uid=1000(system) Binder:1291_D expire 2 lines
06-19 01:43:17.151  1291  8082 I chatty  : uid=1000 system_server expire 1 line
06-19 01:43:20.433  1291  1415 I chatty  : uid=1000(system) EmbryoManager expire 1 line
06-19 01:43:21.853  1291  1408 I chatty  : uid=1000(system) android.bg expire 1 line
06-19 01:43:21.899  1291  1328 I chatty  : uid=1000(system) Binder:1291_1 expire 2 lines
06-19 01:43:45.397  1291  8121 I chatty  : uid=1000 system_server expire 1 line
06-19 01:48:17.768  1291 12786 I chatty  : uid=1000(system) Binder:1291_1C expire 1 line
06-19 01:52:52.741  1291  1742 I chatty  : uid=1000(system) Binder:1291_3 expire 1 line
06-19 01:52:52.839  1291  8137 I chatty  : uid=1000 system_server expire 2 lines
06-19 01:56:39.446  1291  1728 I chatty  : uid=1000(system) AlarmManager expire 220 lines
06-19 01:56:39.454  1291  1772 I chatty  : uid=1000(system) NetworkStats expire 1 line
06-19 01:56:39.625  1291  2909 I chatty  : uid=1000(system) Binder:1291_12 expire 4 lines
06-19 01:56:39.779  1291  2910 I chatty  : uid=1000(system) Binder:1291_13 expire 2 lines
06-19 01:56:39.823  1291  1420 I chatty  : uid=1000(system) batterystats-sy expire 15 lines
06-19 01:58:22.624  1291  1408 I chatty  : uid=1000(system) android.bg expire 2 lines
06-19 01:58:23.805  1291  2834 I chatty  : uid=1000(system) Binder:1291_D expire 1 line
06-19 01:58:24.707  1291  1416 I chatty  : uid=1000(system) ActivityManager expire 2 lines
06-19 01:58:24.711  1291  2377 I chatty  : uid=1000(system) Binder:1291_9 expire 1 line
06-19 01:58:24.912  1291 12786 I chatty  : uid=1000(system) Binder:1291_1C expire 1 line
06-19 01:58:24.967  1291  8278 I chatty  : uid=1000 system_server expire 3 lines
06-19 01:58:27.520  1291  1328 I chatty  : uid=1000(system) Binder:1291_1 expire 1 line
06-19 02:02:29.241  1291  8307 I chatty  : uid=1000 system_server expire 2 lines
06-19 02:08:19.164  1291  8324 I chatty  : uid=1000 system_server expire 1 line
06-19 02:13:28.326  1291  1728 I chatty  : uid=1000(system) AlarmManager expire 57 lines
06-19 02:13:28.427  1291  2379 I chatty  : uid=1000(system) Binder:1291_B expire 2 lines
06-19 02:13:28.440  1291  1408 I chatty  : uid=1000(system) android.bg expire 2 lines
06-19 02:13:32.699  1291  8359 I chatty  : uid=1000 system_server expire 1 line
06-19 02:13:33.064  1291  1420 I chatty  : uid=1000(system) batterystats-sy expire 22 lines
06-19 02:13:41.117  1291  2909 I chatty  : uid=1000(system) Binder:1291_12 expire 3 lines
06-19 02:13:46.064  1291  1328 I chatty  : uid=1000(system) Binder:1291_1 expire 1 line
06-19 02:13:46.065  1291  1827 I chatty  : uid=1000(system) ConnectivitySer expire 9 lines
06-19 02:18:17.208  1291  2376 I chatty  : uid=1000(system) Binder:1291_8 expire 1 line
06-19 02:18:17.348  1291  1338 I chatty  : uid=1000(system) Binder:1291_2 expire 4 lines
06-19 02:18:17.484  1291  1415 I chatty  : uid=1000(system) EmbryoManager expire 2 lines
06-19 02:19:49.793  1291  2258 I chatty  : uid=1000(system) Binder:1291_6 expire 134 lines
06-19 02:19:49.876  1291  8447 I chatty  : uid=1000 system_server expire 2 lines
06-19 02:19:51.551  1291 11035 I chatty  : uid=1000(system) Binder:1291_19 expire 2 lines
06-19 02:19:51.585  1291  2862 I chatty  : uid=1000(system) Binder:1291_10 expire 2 lines
06-19 02:20:45.931  1291  8514 I chatty  : uid=1000(system) Jit thread pool expire 3 lines
06-19 02:22:59.263  1291  8533 I chatty  : uid=1000 system_server expire 1 line
06-19 02:23:00.700  1291  1416 I chatty  : uid=1000(system) ActivityManager expire 2 lines
06-19 02:23:05.599  1291  1291 I chatty  : uid=1000 system_server expire 1 line
