06-19 11:49:40.511 28380 28380 W ContextImpl: Calling a method in the system process without a qualified user: android.app.ContextImpl.startService:1477 android.content.ContextWrapper.startService:645 com.oneplus.opbackup.OTApplication.onCreate:68 android.app.Instrumentation.callApplicationOnCreate:1129 android.app.ActivityThread.handleBindApplication:6023 
06-19 11:49:40.540 28380 28380 W ContextImpl: Calling a method in the system process without a qualified user: android.app.ContextImpl.startService:1477 android.content.ContextWrapper.startService:645 com.oneplus.opbackup.service.BackupService.a:13 com.oneplus.opbackup.receiver.CheckUpdateReceiver.a:20 com.oneplus.opbackup.receiver.NetworkListenerService$a.onReceive:18 
06-19 11:49:45.000  1291  1728 I chatty  : uid=1000(system) AlarmManager expire 13 lines
06-19 11:49:45.727  1291  1827 I chatty  : uid=1000(system) ConnectivitySer expire 12 lines
06-19 11:49:47.781  1291  1772 I chatty  : uid=1000(system) NetworkStats expire 3 lines
06-19 11:50:00.460 28545 28545 W ContextImpl: Calling a method in the system process without a qualified user: android.app.ContextImpl.startService:1477 android.content.ContextWrapper.startService:645 com.qualcomm.qcrilhook.QcRilHook.<init>:154 cn.oneplus.nvbackup.OemHookManager.onCreate:39 android.app.Instrumentation.callApplicationOnCreate:1129 
06-19 11:50:00.462 28545 28545 W ContextImpl: Calling a method in the system process without a qualified user: android.app.ContextImpl.bindService:1557 android.content.ContextWrapper.bindService:679 com.qualcomm.qcrilhook.QcRilHook.<init>:156 cn.oneplus.nvbackup.OemHookManager.onCreate:39 android.app.Instrumentation.callApplicationOnCreate:1129 
06-19 11:50:05.001  1291  1728 I chatty  : uid=1000(system) AlarmManager expire 13 lines
06-19 11:50:10.027  1291  1420 I chatty  : uid=1000(system) batterystats-sy expire 2 lines
06-19 11:50:10.050  1291 28571 I chatty  : uid=1000 system_server expire 2 lines
06-19 11:50:10.390  1291  1416 I chatty  : uid=1000(system) ActivityManager expire 1 line
06-19 11:50:12.797  1291  6167 I chatty  : uid=1000(system) Binder:1291_16 expire 9 lines
06-19 11:50:13.227  1291  2377 I chatty  : uid=1000(system) Binder:1291_9 expire 6 lines
06-19 11:50:14.249 28596 28617 E ActivityThread: Failed to find provider info for com.teslacoilsw.notifier
06-19 11:50:14.252 28596 28617 I chatty  : uid=10132(com.google.android.apps.messaging) identical 1 line
06-19 11:50:14.255 28596 28617 E ActivityThread: Failed to find provider info for com.teslacoilsw.notifier
06-19 11:50:14.302  1291  2376 I chatty  : uid=1000(system) Binder:1291_8 expire 8 lines
06-19 11:50:15.000  1291  1728 I chatty  : uid=1000(system) AlarmManager expire 26 lines
06-19 11:50:20.390  1291  1416 I chatty  : uid=1000(system) ActivityManager expire 23 lines
06-19 11:50:21.817  1291  2862 I chatty  : uid=1000(system) Binder:1291_10 expire 8 lines
06-19 11:50:21.882  1291  1735 I chatty  : uid=1000(system) InputDispatcher expire 3 lines
06-19 11:50:22.629  1291  1827 I chatty  : uid=1000(system) ConnectivitySer expire 11 lines
06-19 11:50:40.495 28782 28782 W ContextImpl: Calling a method in the system process without a qualified user: android.app.ContextImpl.startService:1477 android.content.ContextWrapper.startService:645 com.oneplus.security.intercept.clean.InterceptCleanService.a:27 com.oneplus.security.SecurityApplication.a:91 com.oneplus.security.SecurityApplication.onCreate:81 
06-19 11:50:40.500 28782 28782 W ContextImpl: Calling a method in the system process without a qualified user: android.app.ContextImpl.startService:1477 android.content.ContextWrapper.startService:645 com.oneplus.security.SecureService.a:53 com.oneplus.security.SecurityApplication.a:92 com.oneplus.security.SecurityApplication.onCreate:81 
06-19 11:50:40.504 28782 28782 W ContextImpl: Calling a method in the system process without a qualified user: android.app.ContextImpl.sendBroadcast:967 android.content.ContextWrapper.sendBroadcast:432 com.oneplus.security.view.SecurityWidgetProvider.a:67 com.oneplus.security.SecurityApplication.a:107 com.oneplus.security.SecurityApplication.onCreate:81 
06-19 11:50:40.557 28782 28782 W ContextImpl: Calling a method in the system process without a qualified user: android.app.ContextImpl.sendBroadcast:967 android.content.ContextWrapper.sendBroadcast:432 com.oneplus.security.SecureService$b.onReceive:172 android.app.LoadedApk$ReceiverDispatcher$Args.lambda$-android_app_LoadedApk$ReceiverDispatcher$Args_53427:1339 android.app.-$Lambda$FilBqgnXJrN9Mgyks1XHeAxzSTk.$m$0:4 
06-19 11:50:41.269  1291  2929 I chatty  : uid=1000(system) Binder:1291_14 expire 1 line
06-19 11:50:41.560 28782 28806 W ContextImpl: Calling a method in the system process without a qualified user: android.app.ContextImpl.startService:1477 android.content.ContextWrapper.startService:645 com.oneplus.security.firewall.NetworkRestrictService.a:154 com.oneplus.security.receiver.a.e:127 com.oneplus.security.SecureService$a.handleMessage:77 
06-19 11:50:42.570  1291  1728 I chatty  : uid=1000(system) AlarmManager expire 60 lines
06-19 11:50:42.622  1291 14724 I chatty  : uid=1000(system) Binder:1291_1E expire 6 lines
06-19 11:50:43.102  1291  1415 I chatty  : uid=1000(system) EmbryoManager expire 4 lines
06-19 11:50:51.326  1291  1408 I chatty  : uid=1000(system) android.bg expire 2 lines
06-19 11:50:51.476 28914 28914 D ActivityThread: Loading provider com.google.android.gm.sapi: com.google.android.gm.sapi.SapiUiProvider
06-19 11:51:13.089  1291  2378 I chatty  : uid=1000(system) Binder:1291_A expire 3 lines
06-19 11:51:26.108  1291 17847 I chatty  : uid=1000(system) Binder:1291_20 expire 1 line
06-19 11:51:26.129  1291  1827 I chatty  : uid=1000(system) ConnectivitySer expire 28 lines
06-19 11:51:26.499  1291  1478 I chatty  : uid=1000(system) android.display expire 4 lines
06-19 11:51:26.508  1291  1291 I chatty  : uid=1000 system_server expire 13 lines
06-19 11:51:27.453  1291  2846 I chatty  : uid=1000(system) Binder:1291_E expire 3 lines
06-19 11:51:27.541  1291  1742 I chatty  : uid=1000(system) Binder:1291_3 expire 6 lines
06-19 11:51:28.643  1291  2379 I chatty  : uid=1000(system) Binder:1291_B expire 1 line
06-19 11:51:29.076  1291  2258 I chatty  : uid=1000(system) Binder:1291_6 expire 1 line
06-19 11:51:29.077  1291  2847 I chatty  : uid=1000(system) Binder:1291_F expire 1 line
06-19 11:51:29.078  1291  6865 I chatty  : uid=1000(system) Binder:1291_17 expire 3 lines
06-19 11:51:29.451  1291  2910 I chatty  : uid=1000(system) Binder:1291_13 expire 8 lines
06-19 11:51:29.734  1291  1717 I chatty  : uid=1000(system) android.anim expire 2 lines
06-19 11:51:30.071  1291  1328 I chatty  : uid=1000(system) Binder:1291_1 expire 6 lines
06-19 11:51:30.229  1291  2863 I chatty  : uid=1000(system) Binder:1291_11 expire 3 lines
06-19 11:51:31.572  1291  4255 I chatty  : uid=1000(system) Binder:1291_15 expire 11 lines
06-19 11:51:49.054  1291  1728 I chatty  : uid=1000(system) AlarmManager expire 26 lines
06-19 11:51:50.159  1291  1476 I chatty  : uid=1000(system) android.fg expire 1 line
06-19 11:51:50.159  1291  1772 I chatty  : uid=1000(system) NetworkStats expire 3 lines
06-19 11:51:52.327  1291  1291 I chatty  : uid=1000 system_server expire 4 lines
06-19 11:51:52.368  1291  1420 I chatty  : uid=1000(system) batterystats-sy expire 2 lines
06-19 11:51:52.394  1291 29882 I chatty  : uid=1000 system_server expire 5 lines
06-19 11:51:58.491  1291  1416 I chatty  : uid=1000(system) ActivityManager expire 22 lines
06-19 11:51:58.635  1291  2378 I chatty  : uid=1000(system) Binder:1291_A expire 1 line
06-19 11:51:59.030  1291  8961 I chatty  : uid=1000(system) Binder:1291_18 expire 7 lines
06-19 11:51:59.297  1291  2863 I chatty  : uid=1000(system) Binder:1291_11 expire 5 lines
06-19 11:51:59.528  1291  2376 I chatty  : uid=1000(system) Binder:1291_8 expire 12 lines
06-19 11:51:59.975  1291  1827 I chatty  : uid=1000(system) ConnectivitySer expire 10 lines
06-19 11:52:00.934  1291  1742 I chatty  : uid=1000(system) Binder:1291_3 expire 9 lines
06-19 11:52:00.942  1291  1478 I chatty  : uid=1000(system) android.display expire 3 lines
06-19 11:52:03.960  1291  1415 I chatty  : uid=1000(system) EmbryoManager expire 3 lines
06-19 11:52:13.388  1291 12786 I chatty  : uid=1000(system) Binder:1291_1C expire 3 lines
06-19 11:52:17.790  1291  2846 I chatty  : uid=1000(system) Binder:1291_E expire 5 lines
06-19 11:52:18.595 30380 30380 W ContextImpl: Calling a method in the system process without a qualified user: android.app.ContextImpl.startService:1477 android.content.ContextWrapper.startService:645 net.oneplus.odm.insight.f.<init>:46 net.oneplus.odm.insight.f.aq:51 net.oneplus.odm.DeviceManagerService.onCreate:151 
06-19 11:52:20.001  1291  1728 I chatty  : uid=1000(system) AlarmManager expire 25 lines
06-19 11:52:20.046  1291 11093 I chatty  : uid=1000(system) Binder:1291_1A expire 8 lines
06-19 11:52:20.085  1291  1959 I chatty  : uid=1000(system) Binder:1291_4 expire 1 line
06-19 11:52:20.085  1291  1827 I chatty  : uid=1000(system) ConnectivitySer expire 17 lines
06-19 11:52:39.168  1291  6865 I chatty  : uid=1000(system) Binder:1291_17 expire 7 lines
06-19 11:52:40.202  1291 12246 I chatty  : uid=1000(system) Binder:1291_1B expire 7 lines
06-19 11:52:44.697  1291  1735 I chatty  : uid=1000(system) InputDispatcher expire 1 line
06-19 11:52:44.745  1291 17713 I chatty  : uid=1000(system) Binder:1291_1F expire 1 line
06-19 11:52:45.709  1291  1717 I chatty  : uid=1000(system) android.anim expire 1 line
06-19 11:52:45.769  1291  2929 I chatty  : uid=1000(system) Binder:1291_14 expire 1 line
06-19 11:52:48.615 30536 30536 W ContextImpl: Calling a method in the system process without a qualified user: android.app.ContextImpl.startService:1477 android.content.ContextWrapper.startService:645 com.oneplus.opbackup.OTApplication.onCreate:68 android.app.Instrumentation.callApplicationOnCreate:1129 android.app.ActivityThread.handleBindApplication:6023 
06-19 11:52:48.645  1291  1728 I chatty  : uid=1000(system) AlarmManager expire 20 lines
06-19 11:52:48.651 30536 30536 W ContextImpl: Calling a method in the system process without a qualified user: android.app.ContextImpl.startService:1477 android.content.ContextWrapper.startService:645 com.oneplus.opbackup.service.BackupService.a:13 com.oneplus.opbackup.receiver.CheckUpdateReceiver.a:20 com.oneplus.opbackup.receiver.NetworkListenerService$a.onReceive:18 
06-19 11:52:51.657  1291  1416 I chatty  : uid=1000(system) ActivityManager expire 4 lines
06-19 11:52:51.778 30566 30566 W ContextImpl: Calling a method in the system process without a qualified user: android.app.ContextImpl.startService:1477 android.content.ContextWrapper.startService:645 com.oneplus.security.intercept.clean.InterceptCleanService.a:27 com.oneplus.security.SecurityApplication.a:91 com.oneplus.security.SecurityApplication.onCreate:81 
06-19 11:52:51.781 30566 30566 W ContextImpl: Calling a method in the system process without a qualified user: android.app.ContextImpl.startService:1477 android.content.ContextWrapper.startService:645 com.oneplus.security.SecureService.a:53 com.oneplus.security.SecurityApplication.a:92 com.oneplus.security.SecurityApplication.onCreate:81 
06-19 11:52:51.784 30566 30566 W ContextImpl: Calling a method in the system process without a qualified user: android.app.ContextImpl.sendBroadcast:967 android.content.ContextWrapper.sendBroadcast:432 com.oneplus.security.view.SecurityWidgetProvider.a:67 com.oneplus.security.SecurityApplication.a:107 com.oneplus.security.SecurityApplication.onCreate:81 
06-19 11:52:51.825 30566 30566 W ContextImpl: Calling a method in the system process without a qualified user: android.app.ContextImpl.sendBroadcast:967 android.content.ContextWrapper.sendBroadcast:432 com.oneplus.security.SecureService$b.onReceive:172 android.app.LoadedApk$ReceiverDispatcher$Args.lambda$-android_app_LoadedApk$ReceiverDispatcher$Args_53427:1339 android.app.-$Lambda$FilBqgnXJrN9Mgyks1XHeAxzSTk.$m$0:4 
06-19 11:52:52.828 30566 30592 W ContextImpl: Calling a method in the system process without a qualified user: android.app.ContextImpl.startService:1477 android.content.ContextWrapper.startService:645 com.oneplus.security.firewall.NetworkRestrictService.a:154 com.oneplus.security.receiver.a.e:127 com.oneplus.security.SecureService$a.handleMessage:77 
06-19 11:53:08.568 30638 30638 W ContextImpl: Calling a method in the system process without a qualified user: android.app.ContextImpl.startService:1477 android.content.ContextWrapper.startService:645 com.qualcomm.qcrilhook.QcRilHook.<init>:154 cn.oneplus.nvbackup.OemHookManager.onCreate:39 android.app.Instrumentation.callApplicationOnCreate:1129 
06-19 11:53:08.571 30638 30638 W ContextImpl: Calling a method in the system process without a qualified user: android.app.ContextImpl.bindService:1557 android.content.ContextWrapper.bindService:679 com.qualcomm.qcrilhook.QcRilHook.<init>:156 cn.oneplus.nvbackup.OemHookManager.onCreate:39 android.app.Instrumentation.callApplicationOnCreate:1129 
06-19 11:53:08.721  1291  1728 I chatty  : uid=1000(system) AlarmManager expire 180 lines
06-19 11:54:16.570  1291  1408 I chatty  : uid=1000(system) android.bg expire 2 lines
06-19 11:55:13.369  1291  1416 I chatty  : uid=1000(system) ActivityManager expire 9 lines
06-19 11:55:13.917  1291  2846 I chatty  : uid=1000(system) Binder:1291_E expire 1 line
06-19 11:55:13.918  1291  1827 I chatty  : uid=1000(system) ConnectivitySer expire 21 lines
06-19 11:55:41.122  1291  1291 I chatty  : uid=1000 system_server expire 1 line
06-19 11:55:41.135  1291  1420 I chatty  : uid=1000(system) batterystats-sy expire 6 lines
06-19 11:55:41.178  1291 30903 I chatty  : uid=1000 system_server expire 2 lines
06-19 11:56:39.251  1291  1772 I chatty  : uid=1000(system) NetworkStats expire 2 lines
06-19 11:56:54.769  1291 11093 I chatty  : uid=1000(system) Binder:1291_1A expire 1 line
06-19 11:57:18.759  1291  6167 I chatty  : uid=1000(system) Binder:1291_16 expire 1 line
06-19 11:57:36.973  1291  8961 I chatty  : uid=1000(system) Binder:1291_18 expire 2 lines
06-19 11:57:37.189 31027 31027 D ActivityThread: Loading provider com.google.android.gm.sapi: com.google.android.gm.sapi.SapiUiProvider
06-19 11:57:37.869  1291 12246 I chatty  : uid=1000(system) Binder:1291_1B expire 3 lines
06-19 11:57:37.872  1291  1478 I chatty  : uid=1000(system) android.display expire 1 line
06-19 11:57:39.069  1291  2909 I chatty  : uid=1000(system) Binder:1291_12 expire 2 lines
06-19 11:57:39.475  1291  1728 I chatty  : uid=1000(system) AlarmManager expire 49 lines
06-19 11:58:00.142  1291  1338 I chatty  : uid=1000(system) Binder:1291_2 expire 1 line
06-19 11:58:00.161  1291  2847 I chatty  : uid=1000(system) Binder:1291_F expire 1 line
06-19 11:58:00.162  1291  1959 I chatty  : uid=1000(system) Binder:1291_4 expire 3 lines
06-19 11:58:03.201  1291  1415 I chatty  : uid=1000(system) EmbryoManager expire 1 line
06-19 11:58:57.706  1291  1717 I chatty  : uid=1000(system) android.anim expire 2 lines
06-19 11:58:59.100  1291  2910 I chatty  : uid=1000(system) Binder:1291_13 expire 2 lines
06-19 11:58:59.129  1291  1416 I chatty  : uid=1000(system) ActivityManager expire 16 lines
06-19 11:58:59.160  1291  1827 I chatty  : uid=1000(system) ConnectivitySer expire 14 lines
06-19 11:59:00.000  1291  1728 I chatty  : uid=1000(system) AlarmManager expire 60 lines
06-19 11:59:00.439  1291  2929 I chatty  : uid=1000(system) Binder:1291_14 expire 2 lines
06-19 11:59:01.041  1291  1291 I chatty  : uid=1000 system_server expire 9 lines
06-19 11:59:01.071  1291  1478 I chatty  : uid=1000(system) android.display expire 4 lines
06-19 11:59:01.794  1291  1338 I chatty  : uid=1000(system) Binder:1291_2 expire 9 lines
06-19 11:59:01.813  1291  2847 I chatty  : uid=1000(system) Binder:1291_F expire 1 line
06-19 11:59:02.028  1291 12246 I chatty  : uid=1000(system) Binder:1291_1B expire 9 lines
06-19 11:59:27.880  1291 14017 I chatty  : uid=1000(system) Binder:1291_1D expire 1 line
06-19 11:59:27.966  1291  1408 I chatty  : uid=1000(system) android.bg expire 4 lines
06-19 11:59:47.968  1291  1420 I chatty  : uid=1000(system) batterystats-sy expire 4 lines
06-19 12:00:04.623  1291 31669 I chatty  : uid=1000 system_server expire 1 line
06-19 12:00:05.056 31671 31671 E ActivityThread: Failed to find provider info for com.opera.minisettingsmocker
06-19 12:00:05.153 31694 31694 D ActivityThread: Loading provider com.whatsapp.provider.contact: com.whatsapp.contact.ContactProvider
06-19 12:00:05.221  1291  2862 I chatty  : uid=1000(system) Binder:1291_10 expire 11 lines
06-19 12:00:05.247  1291  1827 I chatty  : uid=1000(system) ConnectivitySer expire 13 lines
06-19 12:00:05.308  1291 17713 I chatty  : uid=1000(system) Binder:1291_1F expire 4 lines
06-19 12:00:05.419  1291  1736 I chatty  : uid=1000(system) InputReader expire 2 lines
06-19 12:00:05.419  1291  1480 I chatty  : uid=1000(system) PowerManagerSer expire 13 lines
06-19 12:00:05.420  1291  1857 I chatty  : uid=1000(system) ColorBalanceThr expire 4 lines
06-19 12:00:05.477  1291  2378 I chatty  : uid=1000(system) Binder:1291_A expire 9 lines
06-19 12:00:05.481  1291  1886 I chatty  : uid=1000(system) FingerPrintThre expire 7 lines
06-19 12:00:05.746  1998  1998 D KeyguardViewMediator: setLockScreenShown begin, true, seq:525283119
06-19 12:00:05.794  1998  2106 D KeyguardViewMediator: setLockScreenShown true, seq:525283119
06-19 12:00:05.801  1291 11035 I chatty  : uid=1000(system) Binder:1291_19 expire 7 lines
06-19 12:00:05.817  1103  1204 D QMI_FW  : chen-screen off: is_screen_off = 1 
06-19 12:00:05.817   914  1128 D QMI_FW  : chen-screen off: is_screen_off = 1 
06-19 12:00:05.892  1291  1728 I chatty  : uid=1000(system) AlarmManager expire 5 lines
06-19 12:00:05.946  1998  1998 V KeyguardStatusView: refresh statusview showing:true
06-19 12:00:05.954  1998  1998 V KeyguardDisplayManager: show
06-19 12:00:06.625  1291  6167 I chatty  : uid=1000(system) Binder:1291_16 expire 13 lines
06-19 12:00:07.071  1291 12786 I chatty  : uid=1000(system) Binder:1291_1C expire 4 lines
06-19 12:00:08.348  1291  2834 I chatty  : uid=1000(system) Binder:1291_D expire 8 lines
06-19 12:00:08.440  1291 11093 I chatty  : uid=1000(system) Binder:1291_1A expire 3 lines
06-19 12:00:09.653  1291  6865 I chatty  : uid=1000(system) Binder:1291_17 expire 4 lines
06-19 12:00:09.732  1291  2377 I chatty  : uid=1000(system) Binder:1291_9 expire 3 lines
06-19 12:00:10.132  1291  1476 I chatty  : uid=1000(system) android.fg expire 1 line
06-19 12:00:10.137  1291  1772 I chatty  : uid=1000(system) NetworkStats expire 3 lines
06-19 12:00:10.662  1291  2846 I chatty  : uid=1000(system) Binder:1291_E expire 1 line
06-19 12:00:10.987  1291  2376 I chatty  : uid=1000(system) Binder:1291_8 expire 1 line
06-19 12:00:11.346  1291  2380 I chatty  : uid=1000(system) Binder:1291_C expire 5 lines
06-19 12:00:11.814  1291  1827 I chatty  : uid=1000(system) ConnectivitySer expire 26 lines
06-19 12:00:11.847 31671 31671 E ActivityThread: Failed to find provider info for com.opera.branding.BrandingProvider
06-19 12:00:12.168  1291  2929 I chatty  : uid=1000(system) Binder:1291_14 expire 8 lines
06-19 12:00:12.435  1291  6167 I chatty  : uid=1000(system) Binder:1291_16 expire 5 lines
06-19 12:00:13.053  1291  2376 I chatty  : uid=1000(system) Binder:1291_8 expire 5 lines
06-19 12:00:13.298  1291  1291 I chatty  : uid=1000 system_server expire 7 lines
06-19 12:00:13.897  1291  1338 I chatty  : uid=1000(system) Binder:1291_2 expire 5 lines
06-19 12:00:14.888  1291  1415 I chatty  : uid=1000(system) EmbryoManager expire 10 lines
06-19 12:00:15.206  1291  4255 I chatty  : uid=1000(system) Binder:1291_15 expire 8 lines
06-19 12:00:15.392  1044  1172 E ActivityThread: Failed to find provider info for com.teslacoilsw.notifier
06-19 12:00:15.412  1044  1172 I chatty  : uid=10132(com.google.android.apps.messaging) identical 1 line
06-19 12:00:15.455  1044  1172 E ActivityThread: Failed to find provider info for com.teslacoilsw.notifier
06-19 12:00:15.562  1291  1416 I chatty  : uid=1000(system) ActivityManager expire 10 lines
06-19 12:00:16.109  1291 12786 I chatty  : uid=1000(system) Binder:1291_1C expire 2 lines
06-19 12:00:17.005  1291  2862 I chatty  : uid=1000(system) Binder:1291_10 expire 2 lines
06-19 12:00:17.379  1291 17713 I chatty  : uid=1000(system) Binder:1291_1F expire 5 lines
06-19 12:00:17.848  1291  1742 I chatty  : uid=1000(system) Binder:1291_3 expire 9 lines
06-19 12:00:19.651  1291  6865 I chatty  : uid=1000(system) Binder:1291_17 expire 4 lines
06-19 12:00:21.626  1291  1728 I chatty  : uid=1000(system) AlarmManager expire 10 lines
06-19 12:00:21.822  1291  2266 I chatty  : uid=1000(system) Binder:1291_7 expire 5 lines
06-19 12:00:22.232  1291  2909 I chatty  : uid=1000(system) Binder:1291_12 expire 6 lines
06-19 12:00:22.277  1291  2834 I chatty  : uid=1000(system) Binder:1291_D expire 6 lines
06-19 12:00:24.901  1291  1420 I chatty  : uid=1000(system) batterystats-sy expire 8 lines
06-19 12:00:24.902  1291  2573 I chatty  : uid=1000(system) backup expire 30 lines
06-19 12:00:24.917   914  1128 D QMI_FW  : chen-screen on: is_screen_off = 0 
06-19 12:00:24.921  1103  1204 D QMI_FW  : chen-screen on: is_screen_off = 0 
06-19 12:00:25.363  1291  1417 I chatty  : uid=1000(system) android.ui expire 1 line
06-19 12:00:27.614  1291 11035 I chatty  : uid=1000(system) Binder:1291_19 expire 6 lines
06-19 12:00:27.893  1291  2863 I chatty  : uid=1000(system) Binder:1291_11 expire 1 line
06-19 12:00:28.152  1291  2910 I chatty  : uid=1000(system) Binder:1291_13 expire 2 lines
06-19 12:00:28.485  1291  1959 I chatty  : uid=1000(system) Binder:1291_4 expire 1 line
06-19 12:00:31.598  1291  2847 I chatty  : uid=1000(system) Binder:1291_F expire 2 lines
06-19 12:00:32.240  1291  1827 I chatty  : uid=1000(system) ConnectivitySer expire 11 lines
06-19 12:00:32.261  1291  2379 I chatty  : uid=1000(system) Binder:1291_B expire 4 lines
06-19 12:00:58.831  2562  2562 W ContextImpl: Calling a method in the system process without a qualified user: android.app.ContextImpl.startService:1477 android.content.ContextWrapper.startService:645 net.oneplus.odm.insight.f.<init>:46 net.oneplus.odm.insight.f.aq:51 net.oneplus.odm.DeviceManagerService.onCreate:151 
06-19 12:01:03.728  1291  1328 I chatty  : uid=1000(system) Binder:1291_1 expire 8 lines
06-19 12:01:09.239   473   477 D VoldCryptCmdListener: cryptfs getpwtype
06-19 12:01:09.242  1291  1741 I chatty  : uid=1000(system) CryptdConnector expire 1 line
06-19 12:01:10.068  1291  1415 I chatty  : uid=1000(system) EmbryoManager expire 2 lines
06-19 12:01:17.641  1291  8961 I chatty  : uid=1000(system) Binder:1291_18 expire 1 line
06-19 12:01:18.749  1291  1416 I chatty  : uid=1000(system) ActivityManager expire 10 lines
06-19 12:01:18.857  2720  2720 W ContextImpl: Calling a method in the system process without a qualified user: android.app.ContextImpl.startService:1477 android.content.ContextWrapper.startService:645 com.oneplus.opbackup.OTApplication.onCreate:68 android.app.Instrumentation.callApplicationOnCreate:1129 android.app.ActivityThread.handleBindApplication:6023 
06-19 12:01:18.884  2720  2720 W ContextImpl: Calling a method in the system process without a qualified user: android.app.ContextImpl.startService:1477 android.content.ContextWrapper.startService:645 com.oneplus.opbackup.service.BackupService.a:13 com.oneplus.opbackup.receiver.CheckUpdateReceiver.a:20 com.oneplus.opbackup.receiver.NetworkListenerService$a.onReceive:18 
06-19 12:01:23.031  1291  1728 I chatty  : uid=1000(system) AlarmManager expire 12 lines
06-19 12:01:38.382  1291 14724 I chatty  : uid=1000(system) Binder:1291_1E expire 6 lines
06-19 12:01:38.699  1291 14017 I chatty  : uid=1000(system) Binder:1291_1D expire 2 lines
06-19 12:01:38.699  1291  1827 I chatty  : uid=1000(system) ConnectivitySer expire 11 lines
06-19 12:01:38.846  2801  2801 W ContextImpl: Calling a method in the system process without a qualified user: android.app.ContextImpl.startService:1477 android.content.ContextWrapper.startService:645 com.oneplus.security.intercept.clean.InterceptCleanService.a:27 com.oneplus.security.SecurityApplication.a:91 com.oneplus.security.SecurityApplication.onCreate:81 
06-19 12:01:38.851  2801  2801 W ContextImpl: Calling a method in the system process without a qualified user: android.app.ContextImpl.startService:1477 android.content.ContextWrapper.startService:645 com.oneplus.security.SecureService.a:53 com.oneplus.security.SecurityApplication.a:92 com.oneplus.security.SecurityApplication.onCreate:81 
06-19 12:01:38.860  2801  2801 W ContextImpl: Calling a method in the system process without a qualified user: android.app.ContextImpl.sendBroadcast:967 android.content.ContextWrapper.sendBroadcast:432 com.oneplus.security.view.SecurityWidgetProvider.a:67 com.oneplus.security.SecurityApplication.a:107 com.oneplus.security.SecurityApplication.onCreate:81 
06-19 12:01:38.896  2801  2801 W ContextImpl: Calling a method in the system process without a qualified user: android.app.ContextImpl.sendBroadcast:967 android.content.ContextWrapper.sendBroadcast:432 com.oneplus.security.SecureService$b.onReceive:172 android.app.LoadedApk$ReceiverDispatcher$Args.lambda$-android_app_LoadedApk$ReceiverDispatcher$Args_53427:1339 android.app.-$Lambda$FilBqgnXJrN9Mgyks1XHeAxzSTk.$m$0:4 
06-19 12:01:39.899  2801  2886 W ContextImpl: Calling a method in the system process without a qualified user: android.app.ContextImpl.startService:1477 android.content.ContextWrapper.startService:645 com.oneplus.security.firewall.NetworkRestrictService.a:154 com.oneplus.security.receiver.a.e:127 com.oneplus.security.SecureService$a.handleMessage:77 
06-19 12:01:58.851  2945  2945 W ContextImpl: Calling a method in the system process without a qualified user: android.app.ContextImpl.startService:1477 android.content.ContextWrapper.startService:645 com.qualcomm.qcrilhook.QcRilHook.<init>:154 cn.oneplus.nvbackup.OemHookManager.onCreate:39 android.app.Instrumentation.callApplicationOnCreate:1129 
06-19 12:01:58.853  2945  2945 W ContextImpl: Calling a method in the system process without a qualified user: android.app.ContextImpl.bindService:1557 android.content.ContextWrapper.bindService:679 com.qualcomm.qcrilhook.QcRilHook.<init>:156 cn.oneplus.nvbackup.OemHookManager.onCreate:39 android.app.Instrumentation.callApplicationOnCreate:1129 
06-19 12:05:03.005  1291  2258 I chatty  : uid=1000(system) Binder:1291_6 expire 1 line
06-19 12:05:03.184  1291  2909 I chatty  : uid=1000(system) Binder:1291_12 expire 7 lines
06-19 12:05:03.212  1291 17713 I chatty  : uid=1000(system) Binder:1291_1F expire 16 lines
06-19 12:05:04.173  1291  1416 I chatty  : uid=1000(system) ActivityManager expire 13 lines
06-19 12:05:05.925  1291  1728 I chatty  : uid=1000(system) AlarmManager expire 13 lines
06-19 12:05:06.139  1291  1415 I chatty  : uid=1000(system) EmbryoManager expire 7 lines
06-19 12:05:14.952  1291  2379 I chatty  : uid=1000(system) Binder:1291_B expire 3 lines
06-19 12:05:15.338  1291  1995 I chatty  : uid=1000(system) Binder:1291_5 expire 9 lines
06-19 12:05:15.487  1291 11093 I chatty  : uid=1000(system) Binder:1291_1A expire 4 lines
06-19 12:05:15.670  1291  1827 I chatty  : uid=1000(system) ConnectivitySer expire 10 lines
06-19 12:05:16.046  1291  2846 I chatty  : uid=1000(system) Binder:1291_E expire 12 lines
06-19 12:05:16.062  1291  2929 I chatty  : uid=1000(system) Binder:1291_14 expire 2 lines
06-19 12:05:19.674  1291  2377 I chatty  : uid=1000(system) Binder:1291_9 expire 5 lines
06-19 12:05:20.805  3931  3931 W ContextImpl: Calling a method in the system process without a qualified user: android.app.ContextImpl.startService:1477 android.content.ContextWrapper.startService:645 com.oneplus.opbackup.OTApplication.onCreate:68 android.app.Instrumentation.callApplicationOnCreate:1129 android.app.ActivityThread.handleBindApplication:6023 
06-19 12:05:20.838  3931  3931 W ContextImpl: Calling a method in the system process without a qualified user: android.app.ContextImpl.startService:1477 android.content.ContextWrapper.startService:645 com.oneplus.opbackup.service.BackupService.a:13 com.oneplus.opbackup.receiver.CheckUpdateReceiver.a:20 com.oneplus.opbackup.receiver.NetworkListenerService$a.onReceive:18 
06-19 12:05:20.919  1291  2862 I chatty  : uid=1000(system) Binder:1291_10 expire 4 lines
06-19 12:05:22.041  3991  3991 W ContextImpl: Calling a method in the system process without a qualified user: android.app.ContextImpl.startService:1477 android.content.ContextWrapper.startService:645 com.oneplus.security.intercept.clean.InterceptCleanService.a:27 com.oneplus.security.SecurityApplication.a:91 com.oneplus.security.SecurityApplication.onCreate:81 
06-19 12:05:22.044  3991  3991 W ContextImpl: Calling a method in the system process without a qualified user: android.app.ContextImpl.startService:1477 android.content.ContextWrapper.startService:645 com.oneplus.security.SecureService.a:53 com.oneplus.security.SecurityApplication.a:92 com.oneplus.security.SecurityApplication.onCreate:81 
06-19 12:05:22.046  3991  3991 W ContextImpl: Calling a method in the system process without a qualified user: android.app.ContextImpl.sendBroadcast:967 android.content.ContextWrapper.sendBroadcast:432 com.oneplus.security.view.SecurityWidgetProvider.a:67 com.oneplus.security.SecurityApplication.a:107 com.oneplus.security.SecurityApplication.onCreate:81 
06-19 12:05:22.086  3991  3991 W ContextImpl: Calling a method in the system process without a qualified user: android.app.ContextImpl.sendBroadcast:967 android.content.ContextWrapper.sendBroadcast:432 com.oneplus.security.SecureService$b.onReceive:172 android.app.LoadedApk$ReceiverDispatcher$Args.lambda$-android_app_LoadedApk$ReceiverDispatcher$Args_53427:1339 android.app.-$Lambda$FilBqgnXJrN9Mgyks1XHeAxzSTk.$m$0:4 
06-19 12:05:23.089  3991  4015 W ContextImpl: Calling a method in the system process without a qualified user: android.app.ContextImpl.startService:1477 android.content.ContextWrapper.startService:645 com.oneplus.security.firewall.NetworkRestrictService.a:154 com.oneplus.security.receiver.a.e:127 com.oneplus.security.SecureService$a.handleMessage:77 
06-19 12:05:24.759  1291  1420 I chatty  : uid=1000(system) batterystats-sy expire 8 lines
06-19 12:05:35.996  1291  1416 I chatty  : uid=1000(system) ActivityManager expire 57 lines
06-19 12:05:45.718  1291  1291 I chatty  : uid=1000 system_server expire 1 line
06-19 12:05:48.127  1291 17847 I chatty  : uid=1000(system) Binder:1291_20 expire 3 lines
06-19 12:05:48.164  1291  1328 I chatty  : uid=1000(system) Binder:1291_1 expire 3 lines
06-19 12:05:50.155  1291  1476 I chatty  : uid=1000(system) android.fg expire 1 line
06-19 12:05:50.156  1291  1772 I chatty  : uid=1000(system) NetworkStats expire 3 lines
06-19 12:05:54.755  1291  1408 I chatty  : uid=1000(system) android.bg expire 1 line
06-19 12:05:54.977  4351  4351 D ActivityThread: Loading provider com.google.android.gm.sapi: com.google.android.gm.sapi.SapiUiProvider
06-19 12:05:54.999  1291  1728 I chatty  : uid=1000(system) AlarmManager expire 18 lines
06-19 12:05:55.135  1291  2863 I chatty  : uid=1000(system) Binder:1291_11 expire 2 lines
06-19 12:05:55.558  1291 12786 I chatty  : uid=1000(system) Binder:1291_1C expire 4 lines
06-19 12:06:06.070  4477  4477 W ContextImpl: Calling a method in the system process without a qualified user: android.app.ContextImpl.startService:1477 android.content.ContextWrapper.startService:645 net.oneplus.odm.insight.f.<init>:46 net.oneplus.odm.insight.f.aq:51 net.oneplus.odm.DeviceManagerService.onCreate:151 
06-19 12:06:06.080  1291  2266 I chatty  : uid=1000(system) Binder:1291_7 expire 3 lines
06-19 12:06:12.030  1291  1827 I chatty  : uid=1000(system) ConnectivitySer expire 6 lines
06-19 12:06:12.031  1291  1959 I chatty  : uid=1000(system) Binder:1291_4 expire 2 lines
06-19 12:06:26.067  4544  4544 W ContextImpl: Calling a method in the system process without a qualified user: android.app.ContextImpl.startService:1477 android.content.ContextWrapper.startService:645 com.qualcomm.qcrilhook.QcRilHook.<init>:154 cn.oneplus.nvbackup.OemHookManager.onCreate:39 android.app.Instrumentation.callApplicationOnCreate:1129 
06-19 12:06:26.069  4544  4544 W ContextImpl: Calling a method in the system process without a qualified user: android.app.ContextImpl.bindService:1557 android.content.ContextWrapper.bindService:679 com.qualcomm.qcrilhook.QcRilHook.<init>:156 cn.oneplus.nvbackup.OemHookManager.onCreate:39 android.app.Instrumentation.callApplicationOnCreate:1129 
06-19 12:06:30.001  1291  1728 I chatty  : uid=1000(system) AlarmManager expire 37 lines
06-19 12:06:36.053  1291 14017 I chatty  : uid=1000(system) Binder:1291_1D expire 1 line
06-19 12:06:36.053  1291  1742 I chatty  : uid=1000(system) Binder:1291_3 expire 2 lines
06-19 12:08:48.293  1291  1416 I chatty  : uid=1000(system) ActivityManager expire 178 lines
06-19 12:08:49.999  1291  1728 I chatty  : uid=1000(system) AlarmManager expire 70 lines
06-19 12:09:04.690  1291  1420 I chatty  : uid=1000(system) batterystats-sy expire 6 lines
06-19 12:11:06.196  1291  2834 I chatty  : uid=1000(system) Binder:1291_D expire 2 lines
06-19 12:11:55.002  1291  1728 I chatty  : uid=1000(system) AlarmManager expire 144 lines
06-19 12:12:30.827  1291  1416 I chatty  : uid=1000(system) ActivityManager expire 8 lines
06-19 12:12:42.775  1291  1420 I chatty  : uid=1000(system) batterystats-sy expire 16 lines
06-19 12:14:21.898  1291  1742 I chatty  : uid=1000(system) Binder:1291_3 expire 4 lines
06-19 12:14:22.088  1291 17847 I chatty  : uid=1000(system) Binder:1291_20 expire 1 line
06-19 12:14:22.089  1291  1827 I chatty  : uid=1000(system) ConnectivitySer expire 62 lines
06-19 12:15:58.403  1291  2379 I chatty  : uid=1000(system) Binder:1291_B expire 3 lines
06-19 12:16:14.268  1291  5261 I chatty  : uid=1000 system_server expire 1 line
06-19 12:16:14.289  1291  5263 I chatty  : uid=1000 system_server expire 1 line
06-19 12:18:39.495  1291  1408 I chatty  : uid=1000(system) android.bg expire 1 line
06-19 12:21:21.192  1291  1338 I chatty  : uid=1000(system) Binder:1291_2 expire 3 lines
06-19 12:21:21.317  1291 12786 I chatty  : uid=1000(system) Binder:1291_1C expire 1 line
06-19 12:21:21.729  1291  2929 I chatty  : uid=1000(system) Binder:1291_14 expire 8 lines
06-19 12:21:21.937  1291  1959 I chatty  : uid=1000(system) Binder:1291_4 expire 1 line
06-19 12:21:24.775  1291  2929 I chatty  : uid=1000(system) Binder:1291_14 expire 1 line
06-19 12:21:26.638  1291  1416 I chatty  : uid=1000(system) ActivityManager expire 88 lines
06-19 12:21:27.766  1291  1415 I chatty  : uid=1000(system) EmbryoManager expire 2 lines
06-19 12:21:37.671  1291  1728 I chatty  : uid=1000(system) AlarmManager expire 92 lines
06-19 12:21:38.142  1291  2834 I chatty  : uid=1000(system) Binder:1291_D expire 3 lines
06-19 12:21:38.206  1291  1827 I chatty  : uid=1000(system) ConnectivitySer expire 8 lines
06-19 12:21:38.805  1291  2379 I chatty  : uid=1000(system) Binder:1291_B expire 3 lines
06-19 12:21:56.284  1291  1408 I chatty  : uid=1000(system) android.bg expire 1 line
06-19 12:21:56.486  1291  2846 I chatty  : uid=1000(system) Binder:1291_E expire 3 lines
06-19 12:22:36.783  1291  1420 I chatty  : uid=1000(system) batterystats-sy expire 10 lines
06-19 12:24:10.578  1291  1742 I chatty  : uid=1000(system) Binder:1291_3 expire 1 line
06-19 12:26:40.429  1291  1772 I chatty  : uid=1000(system) NetworkStats expire 2 lines
06-19 12:26:40.651  1291 12786 I chatty  : uid=1000(system) Binder:1291_1C expire 6 lines
06-19 12:26:40.767  6220  6220 D ActivityThread: Loading provider com.whatsapp.provider.contact: com.whatsapp.contact.ContactProvider
06-19 12:26:45.002  1291  1728 I chatty  : uid=1000(system) AlarmManager expire 32 lines
06-19 12:28:17.806  1291  1291 I chatty  : uid=1000 system_server expire 1 line
06-19 12:28:30.622  1291  2266 I chatty  : uid=1000(system) Binder:1291_7 expire 1 line
06-19 12:28:30.652  1291  1338 I chatty  : uid=1000(system) Binder:1291_2 expire 1 line
06-19 12:28:48.689  1291  1416 I chatty  : uid=1000(system) ActivityManager expire 146 lines
06-19 12:28:48.761  1291  1420 I chatty  : uid=1000(system) batterystats-sy expire 8 lines
06-19 12:28:49.999  1291  1728 I chatty  : uid=1000(system) AlarmManager expire 17 lines
06-19 12:28:50.184  1291  2929 I chatty  : uid=1000(system) Binder:1291_14 expire 11 lines
06-19 12:28:51.065  1291  2834 I chatty  : uid=1000(system) Binder:1291_D expire 10 lines
06-19 12:28:51.108  1291  2379 I chatty  : uid=1000(system) Binder:1291_B expire 6 lines
06-19 12:28:51.169  1291  1742 I chatty  : uid=1000(system) Binder:1291_3 expire 1 line
06-19 12:28:51.170  1291  1827 I chatty  : uid=1000(system) ConnectivitySer expire 13 lines
06-19 12:28:51.264  1291  2266 I chatty  : uid=1000(system) Binder:1291_7 expire 3 lines
06-19 12:28:51.295  1291 17713 I chatty  : uid=1000(system) Binder:1291_1F expire 3 lines
06-19 12:28:52.292  6643  6643 W ContextImpl: Calling a method in the system process without a qualified user: android.app.ContextImpl.startService:1477 android.content.ContextWrapper.startService:645 com.oneplus.opbackup.OTApplication.onCreate:68 android.app.Instrumentation.callApplicationOnCreate:1129 android.app.ActivityThread.handleBindApplication:6023 
06-19 12:28:52.328  6643  6643 W ContextImpl: Calling a method in the system process without a qualified user: android.app.ContextImpl.startService:1477 android.content.ContextWrapper.startService:645 com.oneplus.opbackup.service.BackupService.a:13 com.oneplus.opbackup.receiver.CheckUpdateReceiver.a:20 com.oneplus.opbackup.receiver.NetworkListenerService$a.onReceive:18 
06-19 12:29:12.288  1291  1959 I chatty  : uid=1000(system) Binder:1291_4 expire 1 line
06-19 12:29:15.329  1291  1415 I chatty  : uid=1000(system) EmbryoManager expire 1 line
06-19 12:29:32.275  6745  6745 W ContextImpl: Calling a method in the system process without a qualified user: android.app.ContextImpl.startService:1477 android.content.ContextWrapper.startService:645 com.qualcomm.qcrilhook.QcRilHook.<init>:154 cn.oneplus.nvbackup.OemHookManager.onCreate:39 android.app.Instrumentation.callApplicationOnCreate:1129 
06-19 12:29:32.277  6745  6745 W ContextImpl: Calling a method in the system process without a qualified user: android.app.ContextImpl.bindService:1557 android.content.ContextWrapper.bindService:679 com.qualcomm.qcrilhook.QcRilHook.<init>:156 cn.oneplus.nvbackup.OemHookManager.onCreate:39 android.app.Instrumentation.callApplicationOnCreate:1129 
06-19 12:29:35.000  1291  1728 I chatty  : uid=1000(system) AlarmManager expire 30 lines
06-19 12:29:42.210  1291  1416 I chatty  : uid=1000(system) ActivityManager expire 10 lines
06-19 12:33:40.002  1291  1728 I chatty  : uid=1000(system) AlarmManager expire 33 lines
06-19 12:33:48.789  1291  1420 I chatty  : uid=1000(system) batterystats-sy expire 10 lines
06-19 12:35:52.840  1291  1291 I chatty  : uid=1000 system_server expire 1 line
06-19 12:35:53.025  1291  1959 I chatty  : uid=1000(system) Binder:1291_4 expire 4 lines
06-19 12:35:56.974  1291  6865 I chatty  : uid=1000(system) Binder:1291_17 expire 4 lines
06-19 12:35:56.974  1291  1827 I chatty  : uid=1000(system) ConnectivitySer expire 6 lines
06-19 12:38:22.794  1291  1408 I chatty  : uid=1000(system) android.bg expire 2 lines
06-19 12:38:22.876  1291  2380 I chatty  : uid=1000(system) Binder:1291_C expire 1 line
06-19 12:38:23.017  7192  7192 D ActivityThread: Loading provider com.google.android.gm.sapi: com.google.android.gm.sapi.SapiUiProvider
06-19 12:39:37.248  1291  2834 I chatty  : uid=1000(system) Binder:1291_D expire 1 line
06-19 12:39:40.332  1291  1415 I chatty  : uid=1000(system) EmbryoManager expire 1 line
06-19 12:39:42.777  1291  1420 I chatty  : uid=1000(system) batterystats-sy expire 10 lines
06-19 12:41:04.484  1291  1416 I chatty  : uid=1000(system) ActivityManager expire 110 lines
06-19 12:41:18.004  1291  1728 I chatty  : uid=1000(system) AlarmManager expire 152 lines
06-19 12:48:49.092  1291  1416 I chatty  : uid=1000(system) ActivityManager expire 127 lines
06-19 12:48:52.528  1291  1415 I chatty  : uid=1000(system) EmbryoManager expire 1 line
06-19 12:49:07.279  1291  1959 I chatty  : uid=1000(system) Binder:1291_4 expire 3 lines
06-19 12:49:07.409  1291 17847 I chatty  : uid=1000(system) Binder:1291_20 expire 4 lines
06-19 12:49:07.409  1291  1827 I chatty  : uid=1000(system) ConnectivitySer expire 15 lines
06-19 12:49:07.913  1291 14017 I chatty  : uid=1000(system) Binder:1291_1D expire 2 lines
06-19 12:49:39.943  1291  6865 I chatty  : uid=1000(system) Binder:1291_17 expire 1 line
06-19 12:49:42.795  1291  1420 I chatty  : uid=1000(system) batterystats-sy expire 6 lines
06-19 12:50:52.759  1291 12786 I chatty  : uid=1000(system) Binder:1291_1C expire 2 lines
06-19 12:52:35.143  1291  2909 I chatty  : uid=1000(system) Binder:1291_12 expire 3 lines
06-19 12:52:35.291  1291 12246 I chatty  : uid=1000(system) Binder:1291_1B expire 3 lines
06-19 12:56:41.646  1291  1772 I chatty  : uid=1000(system) NetworkStats expire 2 lines
06-19 12:56:41.729  1291  1291 I chatty  : uid=1000 system_server expire 2 lines
06-19 12:56:42.236  1291  1742 I chatty  : uid=1000(system) Binder:1291_3 expire 1 line
06-19 12:56:42.236  1291  1827 I chatty  : uid=1000(system) ConnectivitySer expire 12 lines
06-19 12:56:42.238  1291 12786 I chatty  : uid=1000(system) Binder:1291_1C expire 3 lines
06-19 12:56:42.261  1291  2862 I chatty  : uid=1000(system) Binder:1291_10 expire 2 lines
06-19 12:56:42.283  1291 12246 I chatty  : uid=1000(system) Binder:1291_1B expire 8 lines
06-19 12:56:43.295  1291  1416 I chatty  : uid=1000(system) ActivityManager expire 10 lines
06-19 12:56:45.000  1291  1728 I chatty  : uid=1000(system) AlarmManager expire 87 lines
06-19 12:56:45.254  1291  1415 I chatty  : uid=1000(system) EmbryoManager expire 3 lines
06-19 12:56:45.362  1291  2377 I chatty  : uid=1000(system) Binder:1291_9 expire 6 lines
06-19 12:56:45.415  1291  2909 I chatty  : uid=1000(system) Binder:1291_12 expire 4 lines
06-19 12:56:45.444  1291  4255 I chatty  : uid=1000(system) Binder:1291_15 expire 8 lines
06-19 12:56:56.516  8555  8555 W ContextImpl: Calling a method in the system process without a qualified user: android.app.ContextImpl.startService:1477 android.content.ContextWrapper.startService:645 net.oneplus.odm.insight.f.<init>:46 net.oneplus.odm.insight.f.aq:51 net.oneplus.odm.DeviceManagerService.onCreate:151 
06-19 12:56:56.530  1291  2380 I chatty  : uid=1000(system) Binder:1291_C expire 4 lines
06-19 12:58:21.581  1291  1420 I chatty  : uid=1000(system) batterystats-sy expire 8 lines
06-19 13:00:54.524  1291  1408 I chatty  : uid=1000(system) android.bg expire 3 lines
06-19 13:01:24.823  1291 11093 I chatty  : uid=1000(system) Binder:1291_1A expire 5 lines
06-19 13:02:47.513  8958  8958 D ActivityThread: Loading provider com.google.android.gm.sapi: com.google.android.gm.sapi.SapiUiProvider
06-19 13:02:50.002  1291  1728 I chatty  : uid=1000(system) AlarmManager expire 63 lines
06-19 13:03:08.974  1291 17847 I chatty  : uid=1000(system) Binder:1291_20 expire 2 lines
06-19 13:04:51.211  1291  1291 I chatty  : uid=1000 system_server expire 2 lines
06-19 13:04:51.357  1291  2258 I chatty  : uid=1000(system) Binder:1291_6 expire 1 line
06-19 13:04:55.286  1291  2846 I chatty  : uid=1000(system) Binder:1291_E expire 2 lines
06-19 13:04:56.768  1291  1416 I chatty  : uid=1000(system) ActivityManager expire 20 lines
06-19 13:05:37.841  1291 14017 I chatty  : uid=1000(system) Binder:1291_1D expire 2 lines
06-19 13:08:49.529  1291  1416 I chatty  : uid=1000(system) ActivityManager expire 206 lines
06-19 13:08:51.052  1291  2909 I chatty  : uid=1000(system) Binder:1291_12 expire 6 lines
06-19 13:08:51.247  1291  2862 I chatty  : uid=1000(system) Binder:1291_10 expire 3 lines
06-19 13:08:51.349  1291 17713 I chatty  : uid=1000(system) Binder:1291_1F expire 2 lines
06-19 13:08:52.010  1291  1827 I chatty  : uid=1000(system) ConnectivitySer expire 10 lines
06-19 13:08:52.118  1291  2834 I chatty  : uid=1000(system) Binder:1291_D expire 2 lines
06-19 13:08:52.260  1291  2846 I chatty  : uid=1000(system) Binder:1291_E expire 4 lines
06-19 13:08:52.306  1291 14724 I chatty  : uid=1000(system) Binder:1291_1E expire 2 lines
06-19 13:08:52.335  1291  2380 I chatty  : uid=1000(system) Binder:1291_C expire 2 lines
06-19 13:09:24.783  1291  1420 I chatty  : uid=1000(system) batterystats-sy expire 2 lines
06-19 13:10:28.067  1291 12786 I chatty  : uid=1000(system) Binder:1291_1C expire 1 line
06-19 13:11:05.985  1291  1728 I chatty  : uid=1000(system) AlarmManager expire 2 lines
06-19 13:11:06.061  1291  1291 I chatty  : uid=1000 system_server expire 3 lines
06-19 13:11:06.092  1291  1739 I chatty  : uid=1000(system) StorageManagerS expire 3 lines
06-19 13:11:06.113  2911  3558 D DownloadManager: Removed 0 stale downloads
06-19 13:11:06.121  1291  1740 I chatty  : uid=1000(system) VoldConnector expire 2 lines
06-19 13:11:06.121   473  9818 D vold    : Starting trim of /data
06-19 13:11:06.234   473  9818 I vold    : Trimmed 0 bytes on /data in 112ms
06-19 13:11:06.234   473  9818 D vold    : Starting trim of none
06-19 13:11:06.234   473  9818 W vold    : Failed to open none: No such file or directory
06-19 13:11:06.252  1291  1476 I chatty  : uid=1000(system) android.fg expire 1 line
06-19 13:11:06.476  2911  3558 D DownloadManager: Found 82 files in database
06-19 13:11:06.476  2911  3558 D DownloadManager: Found 0 files on disk
06-19 13:11:06.480  2911  3558 D DownloadManager: Removed 0 stale downloads
06-19 13:11:06.485  2911  3558 D DownloadManager: Found 82 files in database
06-19 13:11:06.485  2911  3558 D DownloadManager: Found 0 files on disk
06-19 13:11:07.146  1291  2266 I chatty  : uid=1000(system) Binder:1291_7 expire 1 line
06-19 13:11:07.605  1291  1827 I chatty  : uid=1000(system) ConnectivitySer expire 25 lines
06-19 13:11:07.677  1291  8961 I chatty  : uid=1000(system) Binder:1291_18 expire 18 lines
06-19 13:11:08.032  1291  2379 I chatty  : uid=1000(system) Binder:1291_B expire 3 lines
06-19 13:11:08.057  1291  2266 I chatty  : uid=1000(system) Binder:1291_7 expire 16 lines
06-19 13:11:08.414  1291  1728 I chatty  : uid=1000(system) AlarmManager expire 28 lines
06-19 13:11:09.073  1291  1416 I chatty  : uid=1000(system) ActivityManager expire 4 lines
06-19 13:11:09.228  1291  1959 I chatty  : uid=1000(system) Binder:1291_4 expire 3 lines
06-19 13:11:09.236  1291  1338 I chatty  : uid=1000(system) Binder:1291_2 expire 1 line
06-19 13:11:09.949  1291  1291 I chatty  : uid=1000 system_server expire 29 lines
06-19 13:11:10.002  1291  9988 I chatty  : uid=1000 system_server expire 6 lines
06-19 13:11:10.151  1291  9989 I chatty  : uid=1000 system_server expire 4 lines
06-19 13:11:10.342  1291  2846 I chatty  : uid=1000(system) Binder:1291_E expire 8 lines
06-19 13:11:10.407  1291 10033 I chatty  : uid=1000 system_server expire 1 line
06-19 13:11:10.503  1291  1415 I chatty  : uid=1000(system) EmbryoManager expire 7 lines
06-19 13:11:11.353  1291  4255 I chatty  : uid=1000(system) Binder:1291_15 expire 5 lines
06-19 13:11:12.963  2911  3558 D DownloadManager: Removed 0 stale downloads
06-19 13:11:12.988  2911  3558 D DownloadManager: Found 82 files in database
06-19 13:11:12.988  2911  3558 D DownloadManager: Found 0 files on disk
06-19 13:11:13.013  2911  3558 D DownloadManager: Removed 0 stale downloads
06-19 13:11:13.040  2911  3558 D DownloadManager: Found 82 files in database
06-19 13:11:13.040  2911  3558 D DownloadManager: Found 0 files on disk
06-19 13:11:14.125  1291 10160 I chatty  : uid=1000 system_server expire 6 lines
06-19 13:11:14.203  1291 10163 I chatty  : uid=1000 system_server expire 3 lines
06-19 13:11:14.210  1291  2862 I chatty  : uid=1000(system) Binder:1291_10 expire 2 lines
06-19 13:11:14.319  1291 10167 I chatty  : uid=1000 system_server expire 1 line
06-19 13:11:15.071  1291  2377 I chatty  : uid=1000(system) Binder:1291_9 expire 1 line
06-19 13:11:17.268  1291  2863 I chatty  : uid=1000(system) Binder:1291_11 expire 1 line
06-19 13:11:17.269  1291 11093 I chatty  : uid=1000(system) Binder:1291_1A expire 4 lines
06-19 13:11:17.288  1291  1478 I chatty  : uid=1000(system) android.display expire 1 line
06-19 13:11:19.174 10206 10206 W ContextImpl: Calling a method in the system process without a qualified user: android.app.ContextImpl.startService:1477 android.content.ContextWrapper.startService:645 com.oneplus.opbackup.OTApplication.onCreate:68 android.app.Instrumentation.callApplicationOnCreate:1129 android.app.ActivityThread.handleBindApplication:6023 
06-19 13:11:19.221 10206 10206 W ContextImpl: Calling a method in the system process without a qualified user: android.app.ContextImpl.startService:1477 android.content.ContextWrapper.startService:645 com.oneplus.opbackup.service.BackupService.a:13 com.oneplus.opbackup.receiver.CheckUpdateReceiver.a:20 com.oneplus.opbackup.receiver.NetworkListenerService$a.onReceive:18 
06-19 13:11:21.065  1291 10256 I chatty  : uid=1000 system_server expire 6 lines
06-19 13:11:23.598  1291 10274 I chatty  : uid=1000 system_server expire 6 lines
06-19 13:11:26.123  1291 10275 I chatty  : uid=1000 system_server expire 6 lines
06-19 13:11:26.267  1291 10277 I chatty  : uid=1000 system_server expire 4 lines
06-19 13:11:26.445  1291 10296 I chatty  : uid=1000 system_server expire 1 line
06-19 13:11:31.470  1291 10347 I chatty  : uid=1000 system_server expire 6 lines
06-19 13:11:31.753  1291 10348 I chatty  : uid=1000 system_server expire 4 lines
06-19 13:11:31.753  1291  1417 I chatty  : uid=1000(system) android.ui expire 1 line
06-19 13:11:32.059  1291 10372 I chatty  : uid=1000 system_server expire 1 line
