06-19 16:18:03.585  1291  1995 I chatty  : uid=1000(system) Binder:1291_5 expire 1 line
06-19 16:18:24.383  1291  1827 I chatty  : uid=1000(system) ConnectivitySer expire 46 lines
06-19 16:19:25.536  1291  2929 I chatty  : uid=1000(system) Binder:1291_14 expire 2 lines
06-19 16:19:25.701  1291  2380 I chatty  : uid=1000(system) Binder:1291_C expire 1 line
06-19 16:19:25.880  1291  2266 I chatty  : uid=1000(system) Binder:1291_7 expire 1 line
06-19 16:19:25.886  1291  2847 I chatty  : uid=1000(system) Binder:1291_F expire 3 lines
06-19 16:19:26.140  1291  1476 I chatty  : uid=1000(system) android.fg expire 1 line
06-19 16:19:26.140  1291  1772 I chatty  : uid=1000(system) NetworkStats expire 5 lines
06-19 16:20:06.843  1291  1420 I chatty  : uid=1000(system) batterystats-sy expire 2 lines
06-19 16:20:18.752  1291  1408 I chatty  : uid=1000(system) android.bg expire 1 line
06-19 16:26:16.480  1291  1291 I chatty  : uid=1000 system_server expire 2 lines
06-19 16:26:16.814  1291 12246 I chatty  : uid=1000(system) Binder:1291_1B expire 2 lines
06-19 16:26:16.828  6470  6470 D ActivityThread: Loading provider com.whatsapp.provider.contact: com.whatsapp.contact.ContactProvider
06-19 16:26:17.357  1291  2377 I chatty  : uid=1000(system) Binder:1291_9 expire 3 lines
06-19 16:26:17.376  1291  6167 I chatty  : uid=1000(system) Binder:1291_16 expire 2 lines
06-19 16:26:17.377  1291  1827 I chatty  : uid=1000(system) ConnectivitySer expire 11 lines
06-19 16:27:00.002  1291  1728 I chatty  : uid=1000(system) AlarmManager expire 26 lines
06-19 16:27:26.364  1291  1416 I chatty  : uid=1000(system) ActivityManager expire 66 lines
06-19 16:31:30.188  1291  2862 I chatty  : uid=1000(system) Binder:1291_10 expire 1 line
06-19 16:31:30.195  1291  2910 I chatty  : uid=1000(system) Binder:1291_13 expire 3 lines
06-19 16:33:21.330  1291  2258 I chatty  : uid=1000(system) Binder:1291_6 expire 2 lines
06-19 16:33:30.637  1291  1416 I chatty  : uid=1000(system) ActivityManager expire 184 lines
06-19 16:33:31.084  1291 17713 I chatty  : uid=1000(system) Binder:1291_1F expire 3 lines
06-19 16:33:31.084  1291  1827 I chatty  : uid=1000(system) ConnectivitySer expire 16 lines
06-19 16:33:42.481  1291  2846 I chatty  : uid=1000(system) Binder:1291_E expire 4 lines
06-19 16:33:43.338  1291 12786 I chatty  : uid=1000(system) Binder:1291_1C expire 2 lines
06-19 16:35:16.972  1291  2909 I chatty  : uid=1000(system) Binder:1291_12 expire 1 line
06-19 16:36:16.629  1291  1728 I chatty  : uid=1000(system) AlarmManager expire 11 lines
06-19 16:36:17.037  1291  2862 I chatty  : uid=1000(system) Binder:1291_10 expire 2 lines
06-19 16:36:17.072  1291  6167 I chatty  : uid=1000(system) Binder:1291_16 expire 3 lines
06-19 16:36:17.249  1291  1995 I chatty  : uid=1000(system) Binder:1291_5 expire 1 line
06-19 16:36:23.433  1291  1736 I chatty  : uid=1000(system) InputReader expire 2 lines
06-19 16:36:23.437  1291  1480 I chatty  : uid=1000(system) PowerManagerSer expire 12 lines
06-19 16:36:23.438  1291  1857 I chatty  : uid=1000(system) ColorBalanceThr expire 4 lines
06-19 16:36:23.439  1291  1291 I chatty  : uid=1000 system_server expire 2 lines
06-19 16:36:23.440  1291  1478 I chatty  : uid=1000(system) android.display expire 2 lines
06-19 16:36:23.491  1291  8961 I chatty  : uid=1000(system) Binder:1291_18 expire 1 line
06-19 16:36:23.492  1291  1417 I chatty  : uid=1000(system) android.ui expire 4 lines
06-19 16:36:23.614  1291 12786 I chatty  : uid=1000(system) Binder:1291_1C expire 4 lines
06-19 16:36:24.464  1291  1964 I chatty  : uid=1000(system) HwBinder:1291_3 expire 1 line
06-19 16:36:24.519  1291  1886 I chatty  : uid=1000(system) FingerPrintThre expire 15 lines
06-19 16:36:24.563  1291  2258 I chatty  : uid=1000(system) Binder:1291_6 expire 12 lines
06-19 16:36:24.837  1291  2378 I chatty  : uid=1000(system) Binder:1291_A expire 7 lines
06-19 16:36:24.841  1291  1416 I chatty  : uid=1000(system) ActivityManager expire 13 lines
06-19 16:36:24.912  1998  1998 D KeyguardViewMediator: setLockScreenShown begin, false, seq:539184593
06-19 16:36:24.913  1998  2106 D KeyguardViewMediator: setLockScreenShown false, seq:539184593
06-19 16:36:24.926  1998  1998 V KeyguardDisplayManager: hide
06-19 16:36:25.449  7487  7487 E ActivityThread: Failed to find provider info for com.opera.minisettingsmocker
06-19 16:36:25.505  1291  1328 I chatty  : uid=1000(system) Binder:1291_1 expire 5 lines
06-19 16:36:25.506  1291  1827 I chatty  : uid=1000(system) ConnectivitySer expire 26 lines
06-19 16:36:26.019  1291  6167 I chatty  : uid=1000(system) Binder:1291_16 expire 7 lines
06-19 16:36:26.075  1291  1735 I chatty  : uid=1000(system) InputDispatcher expire 1 line
06-19 16:36:27.949 25688 25688 W ContextImpl: Calling a method in the system process without a qualified user: android.app.ContextImpl.bindService:1557 android.content.ContextWrapper.bindService:679 android.content.pm.permission.RuntimePermissionPresenter$RemoteService.processMessage:154 android.content.pm.permission.RuntimePermissionPresenter.getAppPermissions:118 com.android.settings.applications.PermissionsSummaryHelper.getPermissionSummary:34 
06-19 16:36:28.633  1291  4255 I chatty  : uid=1000(system) Binder:1291_15 expire 5 lines
06-19 16:36:30.001  1291  1728 I chatty  : uid=1000(system) AlarmManager expire 11 lines
06-19 16:36:44.847 25688 25688 W ContextImpl: Calling a method in the system process without a qualified user: android.app.ContextImpl.bindService:1557 android.content.ContextWrapper.bindService:679 android.content.pm.permission.RuntimePermissionPresenter$RemoteService.processMessage:154 android.content.pm.permission.RuntimePermissionPresenter.getAppPermissions:118 com.android.settings.applications.PermissionsSummaryHelper.getPermissionSummary:34 
06-19 16:36:45.000  1291  1728 I chatty  : uid=1000(system) AlarmManager expire 14 lines
06-19 16:36:47.905  1291 14724 I chatty  : uid=1000(system) Binder:1291_1E expire 1 line
06-19 16:36:50.168  1291  2258 I chatty  : uid=1000(system) Binder:1291_6 expire 8 lines
06-19 16:36:51.309  1291  1415 I chatty  : uid=1000(system) EmbryoManager expire 3 lines
06-19 16:36:51.446  1291  2909 I chatty  : uid=1000(system) Binder:1291_12 expire 10 lines
06-19 16:37:07.284  1291  7660 I chatty  : uid=1000 system_server expire 1 line
06-19 16:37:07.320  1291  7661 I chatty  : uid=1000 system_server expire 1 line
06-19 16:37:08.132 25688 25688 W ContextImpl: Calling a method in the system process without a qualified user: android.app.ContextImpl.bindService:1557 android.content.ContextWrapper.bindService:679 android.content.pm.permission.RuntimePermissionPresenter$RemoteService.processMessage:154 android.content.pm.permission.RuntimePermissionPresenter.getAppPermissions:118 com.android.settings.applications.PermissionsSummaryHelper.getPermissionSummary:34 
06-19 16:37:09.289  1291  1416 I chatty  : uid=1000(system) ActivityManager expire 5 lines
06-19 16:37:09.999  1291  1728 I chatty  : uid=1000(system) AlarmManager expire 90 lines
06-19 16:37:48.765  1291  1729 I chatty  : uid=1000(system) UEventObserver expire 1 line
06-19 16:37:48.822  1291  1420 I chatty  : uid=1000(system) batterystats-sy expire 3 lines
06-19 16:37:49.766  1291  1476 I chatty  : uid=1000(system) android.fg expire 5 lines
06-19 16:38:04.537  1291 17713 I chatty  : uid=1000(system) Binder:1291_1F expire 3 lines
06-19 16:38:10.180  1291  1742 I chatty  : uid=1000(system) Binder:1291_3 expire 3 lines
06-19 16:39:30.002  1291  1728 I chatty  : uid=1000(system) AlarmManager expire 121 lines
06-19 16:39:54.501  1291  1827 I chatty  : uid=1000(system) ConnectivitySer expire 77 lines
06-19 16:40:04.265  1291  1420 I chatty  : uid=1000(system) batterystats-sy expire 2 lines
06-19 16:40:08.019  1291  6167 I chatty  : uid=1000(system) Binder:1291_16 expire 5 lines
06-19 16:42:26.396  1291  1291 I chatty  : uid=1000 system_server expire 3 lines
06-19 16:42:26.630  1291  8961 I chatty  : uid=1000(system) Binder:1291_18 expire 5 lines
06-19 16:42:27.535  1291  1416 I chatty  : uid=1000(system) ActivityManager expire 5 lines
06-19 16:42:41.816  1291  1480 I chatty  : uid=1000(system) PowerManagerSer expire 18 lines
06-19 16:42:48.822  1291  1857 I chatty  : uid=1000(system) ColorBalanceThr expire 4 lines
06-19 16:42:48.903  1291  2266 I chatty  : uid=1000(system) Binder:1291_7 expire 4 lines
06-19 16:42:48.907  1291  1886 I chatty  : uid=1000(system) FingerPrintThre expire 7 lines
06-19 16:42:49.157  1291  1478 I chatty  : uid=1000(system) android.display expire 1 line
06-19 16:42:49.223   914  1128 D QMI_FW  : chen-screen off: is_screen_off = 1 
06-19 16:42:49.223  1103  1204 D QMI_FW  : chen-screen off: is_screen_off = 1 
06-19 16:42:54.129  1291  1728 I chatty  : uid=1000(system) AlarmManager expire 2 lines
06-19 16:42:54.146  1291  4255 I chatty  : uid=1000(system) Binder:1291_15 expire 5 lines
06-19 16:42:54.155  1998  1998 D KeyguardViewMediator: setLockScreenShown begin, true, seq:539570839
06-19 16:42:54.157  1998  2106 D KeyguardViewMediator: setLockScreenShown true, seq:539570839
06-19 16:42:54.338  1998  1998 V KeyguardStatusView: refresh statusview showing:true
06-19 16:42:54.347  1998  1998 V KeyguardDisplayManager: show
06-19 16:43:32.677  1291  1728 I chatty  : uid=1000(system) AlarmManager expire 47 lines
06-19 16:43:32.699  1291  1420 I chatty  : uid=1000(system) batterystats-sy expire 20 lines
06-19 16:45:13.230  1291  8198 I chatty  : uid=1000 system_server expire 1 line
06-19 16:46:24.697  1291  1416 I chatty  : uid=1000(system) ActivityManager expire 7 lines
06-19 16:46:25.161  1291  8961 I chatty  : uid=1000(system) Binder:1291_18 expire 5 lines
06-19 16:46:25.216  1291  1827 I chatty  : uid=1000(system) ConnectivitySer expire 11 lines
06-19 16:46:25.304  1291 11093 I chatty  : uid=1000(system) Binder:1291_1A expire 7 lines
06-19 16:46:57.731  1291  8364 I chatty  : uid=1000 system_server expire 1 line
06-19 16:47:15.044  1291  8372 I chatty  : uid=1000 system_server expire 1 line
06-19 16:47:50.324  1291  1408 I chatty  : uid=1000(system) android.bg expire 4 lines
06-19 16:47:50.417  1291 12786 I chatty  : uid=1000(system) Binder:1291_1C expire 8 lines
06-19 16:49:08.211  1291 14724 I chatty  : uid=1000(system) Binder:1291_1E expire 27 lines
06-19 16:53:40.662  1291  8395 I chatty  : uid=1000 system_server expire 1 line
06-19 16:55:00.900  1291  2378 I chatty  : uid=1000(system) Binder:1291_A expire 6 lines
06-19 16:55:01.459  1291  2266 I chatty  : uid=1000(system) Binder:1291_7 expire 4 lines
06-19 16:55:01.884  8430  8430 D ActivityThread: Loading provider com.google.android.gm.sapi: com.google.android.gm.sapi.SapiUiProvider
06-19 16:55:03.034  1291  2258 I chatty  : uid=1000(system) Binder:1291_6 expire 2 lines
06-19 16:55:04.852  1291  8548 I chatty  : uid=1000 system_server expire 2 lines
06-19 16:56:12.037  1291  1728 I chatty  : uid=1000(system) AlarmManager expire 26 lines
06-19 16:56:12.042  1291  1736 I chatty  : uid=1000(system) InputReader expire 2 lines
06-19 16:56:12.044  1291  1291 I chatty  : uid=1000 system_server expire 2 lines
06-19 16:56:12.055  1291  1480 I chatty  : uid=1000(system) PowerManagerSer expire 13 lines
06-19 16:56:12.064  1291  1857 I chatty  : uid=1000(system) ColorBalanceThr expire 4 lines
06-19 16:56:12.066  1291  1420 I chatty  : uid=1000(system) batterystats-sy expire 4 lines
06-19 16:56:12.111  1291  1478 I chatty  : uid=1000(system) android.display expire 2 lines
06-19 16:56:12.128   914  1128 D QMI_FW  : chen-screen on: is_screen_off = 0 
06-19 16:56:12.133  1103  1204 D QMI_FW  : chen-screen on: is_screen_off = 0 
06-19 16:56:12.137  1291  1417 I chatty  : uid=1000(system) android.ui expire 4 lines
06-19 16:56:13.330  1291  1964 I chatty  : uid=1000(system) HwBinder:1291_3 expire 1 line
06-19 16:56:13.377  1291  1886 I chatty  : uid=1000(system) FingerPrintThre expire 15 lines
06-19 16:56:13.700  1998  1998 D KeyguardViewMediator: setLockScreenShown begin, false, seq:539614044
06-19 16:56:13.708  1998  2106 D KeyguardViewMediator: setLockScreenShown false, seq:539614044
06-19 16:56:13.727  1998  1998 V KeyguardDisplayManager: hide
06-19 16:56:16.522  1291  8608 I chatty  : uid=1000 system_server expire 2 lines
06-19 16:56:26.571 25688 25688 W ContextImpl: Calling a method in the system process without a qualified user: android.app.ContextImpl.bindService:1557 android.content.ContextWrapper.bindService:679 android.content.pm.permission.RuntimePermissionPresenter$RemoteService.processMessage:154 android.content.pm.permission.RuntimePermissionPresenter.getAppPermissions:118 com.android.settings.applications.PermissionsSummaryHelper.getPermissionSummary:34 
06-19 16:56:32.221  1291  1772 I chatty  : uid=1000(system) NetworkStats expire 2 lines
06-19 16:56:39.882  1291  1415 I chatty  : uid=1000(system) EmbryoManager expire 1 line
06-19 16:56:45.971  1291  2862 I chatty  : uid=1000(system) Binder:1291_10 expire 1 line
06-19 16:56:45.974  1291 17713 I chatty  : uid=1000(system) Binder:1291_1F expire 2 lines
06-19 16:56:46.672  1291  2863 I chatty  : uid=1000(system) Binder:1291_11 expire 1 line
06-19 16:56:48.365  1291  6865 I chatty  : uid=1000(system) Binder:1291_17 expire 3 lines
06-19 16:56:48.498  1291  1328 I chatty  : uid=1000(system) Binder:1291_1 expire 4 lines
06-19 16:56:48.585  1291  2847 I chatty  : uid=1000(system) Binder:1291_F expire 6 lines
06-19 16:56:48.613  1291  1338 I chatty  : uid=1000(system) Binder:1291_2 expire 6 lines
06-19 16:56:48.706  1291  2258 I chatty  : uid=1000(system) Binder:1291_6 expire 11 lines
06-19 16:56:48.739  1291 14724 I chatty  : uid=1000(system) Binder:1291_1E expire 4 lines
06-19 16:56:48.996  1291  1415 I chatty  : uid=1000(system) EmbryoManager expire 3 lines
06-19 16:56:49.473  1291  1416 I chatty  : uid=1000(system) ActivityManager expire 10 lines
06-19 16:56:49.848  1291 11093 I chatty  : uid=1000(system) Binder:1291_1A expire 4 lines
06-19 16:56:49.919  1291  1736 I chatty  : uid=1000(system) InputReader expire 6 lines
06-19 16:56:49.920  1291  1480 I chatty  : uid=1000(system) PowerManagerSer expire 13 lines
06-19 16:56:49.920  1291  1857 I chatty  : uid=1000(system) ColorBalanceThr expire 12 lines
06-19 16:56:49.957  1291  1291 I chatty  : uid=1000 system_server expire 11 lines
06-19 16:56:49.977  1291  6865 I chatty  : uid=1000(system) Binder:1291_17 expire 8 lines
06-19 16:56:49.981  1291  1886 I chatty  : uid=1000(system) FingerPrintThre expire 18 lines
06-19 16:56:49.999  1291  1728 I chatty  : uid=1000(system) AlarmManager expire 11 lines
06-19 16:56:50.232  1291  1478 I chatty  : uid=1000(system) android.display expire 5 lines
06-19 16:56:50.249   914  1128 D QMI_FW  : chen-screen off: is_screen_off = 1 
06-19 16:56:50.251  1103  1204 D QMI_FW  : chen-screen off: is_screen_off = 1 
06-19 16:56:50.268  1998  1998 D KeyguardViewMediator: setLockScreenShown begin, true, seq:539650612
06-19 16:56:50.270  1998  2106 D KeyguardViewMediator: setLockScreenShown true, seq:539650612
06-19 16:56:50.371  1998  1998 V KeyguardStatusView: refresh statusview showing:true
06-19 16:56:50.382  1998  1998 V KeyguardDisplayManager: show
06-19 16:58:50.877  1291  1420 I chatty  : uid=1000(system) batterystats-sy expire 10 lines
06-19 16:59:04.466  1291  8823 I chatty  : uid=1000 system_server expire 2 lines
06-19 16:59:53.319  1291  1408 I chatty  : uid=1000(system) android.bg expire 6 lines
06-19 16:59:53.792  8828  8828 D ActivityThread: Loading provider com.google.android.gm.sapi: com.google.android.gm.sapi.SapiUiProvider
06-19 17:02:08.901  1291  1417 I chatty  : uid=1000(system) android.ui expire 6 lines
06-19 17:02:08.905  1291  1728 I chatty  : uid=1000(system) AlarmManager expire 12 lines
06-19 17:02:09.148  1291  2847 I chatty  : uid=1000(system) Binder:1291_F expire 16 lines
06-19 17:02:09.624  1291  1328 I chatty  : uid=1000(system) Binder:1291_1 expire 8 lines
06-19 17:02:09.991  1291  2377 I chatty  : uid=1000(system) Binder:1291_9 expire 7 lines
06-19 17:02:38.786  1291  1480 I chatty  : uid=1000(system) PowerManagerSer expire 24 lines
06-19 17:02:38.887   914  1128 D QMI_FW  : chen-screen on: is_screen_off = 0 
06-19 17:02:38.887  1291  1827 I chatty  : uid=1000(system) ConnectivitySer expire 5 lines
06-19 17:02:38.888  1103  1204 D QMI_FW  : chen-screen on: is_screen_off = 0 
06-19 17:02:38.906  1291  9022 I chatty  : uid=1000 system_server expire 3 lines
06-19 17:02:39.126  1291  2909 I chatty  : uid=1000(system) Binder:1291_12 expire 4 lines
06-19 17:02:39.558  1291  1964 I chatty  : uid=1000(system) HwBinder:1291_3 expire 2 lines
06-19 17:02:39.576  1998  1998 W FingerprintManager: Invalid acquired message: 1000, 0
06-19 17:02:40.085  1998  1998 D KeyguardViewMediator: setLockScreenShown begin, false, seq:539662754
06-19 17:02:40.087  1998  2106 D KeyguardViewMediator: setLockScreenShown false, seq:539662754
06-19 17:02:40.098  1291  1886 I chatty  : uid=1000(system) FingerPrintThre expire 11 lines
06-19 17:02:40.105  1998  1998 V KeyguardDisplayManager: hide
06-19 17:02:45.061  1998  1998 V DeadZone: consuming errant click: (1028.0,29.0)
06-19 17:02:48.762   914  1128 D QMI_FW  : chen-screen off: is_screen_off = 1 
06-19 17:02:48.762  1291  2847 I chatty  : uid=1000(system) Binder:1291_F expire 8 lines
06-19 17:02:48.764  1103  1204 D QMI_FW  : chen-screen off: is_screen_off = 1 
06-19 17:02:48.772  1998  1998 D KeyguardViewMediator: setLockScreenShown begin, true, seq:539671441
06-19 17:02:48.778  1998  2106 D KeyguardViewMediator: setLockScreenShown true, seq:539671441
06-19 17:02:48.851  1998  1998 V KeyguardStatusView: refresh statusview showing:true
06-19 17:02:48.858  1998  1998 V KeyguardDisplayManager: show
06-19 17:02:48.999  1291  1480 I chatty  : uid=1000(system) PowerManagerSer expire 2 lines
06-19 17:02:53.810  1291  9239 I chatty  : uid=1000 system_server expire 3 lines
06-19 17:02:55.310  1291  1728 I chatty  : uid=1000(system) AlarmManager expire 4 lines
06-19 17:03:12.712  1291  1416 I chatty  : uid=1000(system) ActivityManager expire 1 line
06-19 17:03:12.864  9271  9271 D ActivityThread: Loading provider com.google.android.gm.sapi: com.google.android.gm.sapi.SapiUiProvider
06-19 17:03:12.948  9288  9288 W ContextImpl: Calling a method in the system process without a qualified user: android.app.ContextImpl.startService:1477 android.content.ContextWrapper.startService:645 net.oneplus.odm.insight.f.<init>:46 net.oneplus.odm.insight.f.aq:51 net.oneplus.odm.DeviceManagerService.onCreate:151 
06-19 17:03:14.425  1291  9376 I chatty  : uid=1000 system_server expire 2 lines
06-19 17:03:15.461  1291  1408 I chatty  : uid=1000(system) android.bg expire 1 line
06-19 17:03:21.064  1291  1728 I chatty  : uid=1000(system) AlarmManager expire 10 lines
06-19 17:04:13.266  1291  1416 I chatty  : uid=1000(system) ActivityManager expire 228 lines
06-19 17:04:13.294  1291  1420 I chatty  : uid=1000(system) batterystats-sy expire 4 lines
06-19 17:04:17.075  1291  9396 I chatty  : uid=1000 system_server expire 2 lines
06-19 17:04:48.597  9398  9398 W ContextImpl: Calling a method in the system process without a qualified user: android.app.ContextImpl.startService:1477 android.content.ContextWrapper.startService:645 com.oneplus.opbackup.OTApplication.onCreate:68 android.app.Instrumentation.callApplicationOnCreate:1129 android.app.ActivityThread.handleBindApplication:6023 
06-19 17:04:48.626  9398  9398 W ContextImpl: Calling a method in the system process without a qualified user: android.app.ContextImpl.startService:1477 android.content.ContextWrapper.startService:645 com.oneplus.opbackup.service.BackupService.a:13 com.oneplus.opbackup.receiver.CheckUpdateReceiver.a:20 com.oneplus.opbackup.receiver.NetworkListenerService$a.onReceive:18 
06-19 17:04:56.048  1291  1736 I chatty  : uid=1000(system) InputReader expire 2 lines
06-19 17:04:56.050  1291  1291 I chatty  : uid=1000 system_server expire 1 line
06-19 17:04:56.053  1291  1480 I chatty  : uid=1000(system) PowerManagerSer expire 4 lines
06-19 17:04:56.056  1291  1857 I chatty  : uid=1000(system) ColorBalanceThr expire 12 lines
06-19 17:04:56.110  1291  1480 I chatty  : uid=1000(system) PowerManagerSer expire 17 lines
06-19 17:04:56.114  1291  1478 I chatty  : uid=1000(system) android.display expire 7 lines
06-19 17:04:56.133  1103  1204 D QMI_FW  : chen-screen on: is_screen_off = 0 
06-19 17:04:56.134   914  1128 D QMI_FW  : chen-screen on: is_screen_off = 0 
06-19 17:04:56.155  1291  6865 I chatty  : uid=1000(system) Binder:1291_17 expire 9 lines
06-19 17:04:56.155  1291  1417 I chatty  : uid=1000(system) android.ui expire 10 lines
06-19 17:04:56.243  1291  1291 I chatty  : uid=1000 system_server expire 13 lines
06-19 17:04:56.254  1291  1338 I chatty  : uid=1000(system) Binder:1291_2 expire 12 lines
06-19 17:04:56.679  1291  2847 I chatty  : uid=1000(system) Binder:1291_F expire 6 lines
06-19 17:04:57.173  1291  1964 I chatty  : uid=1000(system) HwBinder:1291_3 expire 2 lines
06-19 17:04:57.297  1998  1998 W FingerprintManager: Invalid acquired message: 1000, 0
06-19 17:04:57.351  1291  1886 I chatty  : uid=1000(system) FingerPrintThre expire 22 lines
06-19 17:04:57.628  1291  1416 I chatty  : uid=1000(system) ActivityManager expire 13 lines
06-19 17:04:57.651  1998  1998 D KeyguardViewMediator: setLockScreenShown begin, false, seq:539693133
06-19 17:04:57.655  1998  2106 D KeyguardViewMediator: setLockScreenShown false, seq:539693133
06-19 17:04:57.661  1291  2258 I chatty  : uid=1000(system) Binder:1291_6 expire 6 lines
06-19 17:04:57.666  1998  1998 V KeyguardDisplayManager: hide
06-19 17:04:57.739  1291  1328 I chatty  : uid=1000(system) Binder:1291_1 expire 4 lines
06-19 17:04:58.585  1291  9454 I chatty  : uid=1000 system_server expire 3 lines
06-19 17:05:00.000  1291  1728 I chatty  : uid=1000(system) AlarmManager expire 21 lines
06-19 17:05:14.232  1291  1827 I chatty  : uid=1000(system) ConnectivitySer expire 6 lines
06-19 17:05:18.902  1291 12246 I chatty  : uid=1000(system) Binder:1291_1B expire 3 lines
06-19 17:05:28.034  1291  1736 I chatty  : uid=1000(system) InputReader expire 4 lines
06-19 17:05:28.092  1291  2377 I chatty  : uid=1000(system) Binder:1291_9 expire 8 lines
06-19 17:05:28.347  1998  1998 D KeyguardViewMediator: setLockScreenShown begin, true, seq:539723829
06-19 17:05:28.352  1998  2106 D KeyguardViewMediator: setLockScreenShown true, seq:539723829
06-19 17:05:28.352  1291  1480 I chatty  : uid=1000(system) PowerManagerSer expire 13 lines
06-19 17:05:28.377   914  1128 D QMI_FW  : chen-screen off: is_screen_off = 1 
06-19 17:05:28.378  1103  1204 D QMI_FW  : chen-screen off: is_screen_off = 1 
06-19 17:05:28.402  1291  1338 I chatty  : uid=1000(system) Binder:1291_2 expire 6 lines
06-19 17:05:28.459  1291 11093 I chatty  : uid=1000(system) Binder:1291_1A expire 4 lines
06-19 17:05:28.462  1998  1998 V KeyguardStatusView: refresh statusview showing:true
06-19 17:05:28.470  1998  1998 V KeyguardDisplayManager: show
06-19 17:05:50.957  1291  9658 I chatty  : uid=1000 system_server expire 1 line
06-19 17:05:51.808  9732  9732 W ContextImpl: Calling a method in the system process without a qualified user: android.app.ContextImpl.startService:1477 android.content.ContextWrapper.startService:645 com.qualcomm.qcrilhook.QcRilHook.<init>:154 cn.oneplus.nvbackup.OemHookManager.onCreate:39 android.app.Instrumentation.callApplicationOnCreate:1129 
06-19 17:05:51.811  9732  9732 W ContextImpl: Calling a method in the system process without a qualified user: android.app.ContextImpl.bindService:1557 android.content.ContextWrapper.bindService:679 com.qualcomm.qcrilhook.QcRilHook.<init>:156 cn.oneplus.nvbackup.OemHookManager.onCreate:39 android.app.Instrumentation.callApplicationOnCreate:1129 
06-19 17:05:53.111 29912  9545 E ActivityThread: Failed to find provider info for com.whatsapp.provider.phoneid
06-19 17:06:04.775  1291  1728 I chatty  : uid=1000(system) AlarmManager expire 4 lines
06-19 17:06:04.941  9792  9792 D ActivityThread: Loading provider com.whatsapp.provider.contact: com.whatsapp.contact.ContactProvider
06-19 17:06:10.002  1291  9894 I chatty  : uid=1000 system_server expire 4 lines
06-19 17:06:40.739  1291  1886 I chatty  : uid=1000(system) FingerPrintThre expire 11 lines
06-19 17:06:43.120  1291  9918 I chatty  : uid=1000 system_server expire 2 lines
06-19 17:06:45.131  1291  9928 I chatty  : uid=1000 system_server expire 1 line
06-19 17:06:45.161  1291  1420 I chatty  : uid=1000(system) batterystats-sy expire 2 lines
06-19 17:06:45.263   914  1128 D QMI_FW  : chen-screen on: is_screen_off = 0 
06-19 17:06:45.264  1103  1204 D QMI_FW  : chen-screen on: is_screen_off = 0 
06-19 17:06:45.271  1291  1729 I chatty  : uid=1000(system) UEventObserver expire 2 lines
06-19 17:06:45.323  1291  1476 I chatty  : uid=1000(system) android.fg expire 2 lines
06-19 17:06:45.389  1291  1480 I chatty  : uid=1000(system) PowerManagerSer expire 19 lines
06-19 17:06:45.630  1291  1416 I chatty  : uid=1000(system) ActivityManager expire 3 lines
06-19 17:06:47.343  1291  1857 I chatty  : uid=1000(system) ColorBalanceThr expire 4 lines
06-19 17:06:47.625  1291  2266 I chatty  : uid=1000(system) Binder:1291_7 expire 10 lines
06-19 17:06:53.482  1291  1416 I chatty  : uid=1000(system) ActivityManager expire 11 lines
06-19 17:06:53.628  1291  2258 I chatty  : uid=1000(system) Binder:1291_6 expire 9 lines
06-19 17:06:53.863  1291 12246 I chatty  : uid=1000(system) Binder:1291_1B expire 3 lines
06-19 17:06:55.151  1291 12786 I chatty  : uid=1000(system) Binder:1291_1C expire 10 lines
06-19 17:06:55.152  1291  1827 I chatty  : uid=1000(system) ConnectivitySer expire 19 lines
06-19 17:07:00.000  1291  1728 I chatty  : uid=1000(system) AlarmManager expire 19 lines
06-19 17:07:11.127  1291  2847 I chatty  : uid=1000(system) Binder:1291_F expire 1 line
06-19 17:07:11.143  1291  1995 I chatty  : uid=1000(system) Binder:1291_5 expire 11 lines
06-19 17:07:12.172  1291  1415 I chatty  : uid=1000(system) EmbryoManager expire 7 lines
06-19 17:07:15.519  1291 14017 I chatty  : uid=1000(system) Binder:1291_1D expire 4 lines
06-19 17:07:15.601  1291  2846 I chatty  : uid=1000(system) Binder:1291_E expire 11 lines
06-19 17:07:21.359  1291  1490 I chatty  : uid=1000(system) PackageManager expire 8 lines
06-19 17:07:22.745  1291  2929 I chatty  : uid=1000(system) Binder:1291_14 expire 3 lines
06-19 17:07:22.752  1291  2863 I chatty  : uid=1000(system) Binder:1291_11 expire 9 lines
06-19 17:07:22.757  1291  1478 I chatty  : uid=1000(system) android.display expire 3 lines
06-19 17:07:23.762  1291  1291 I chatty  : uid=1000 system_server expire 5 lines
06-19 17:07:25.196  1291  1408 I chatty  : uid=1000(system) android.bg expire 6 lines
06-19 17:07:26.308  1291  2862 I chatty  : uid=1000(system) Binder:1291_10 expire 1 line
06-19 17:07:26.519 10838 10838 E ActivityThread: Failed to find provider info for com.opera.minisettingsmocker
06-19 17:07:26.594  1291 12786 I chatty  : uid=1000(system) Binder:1291_1C expire 1 line
06-19 17:07:26.594  1291  1827 I chatty  : uid=1000(system) ConnectivitySer expire 11 lines
06-19 17:07:26.691  1291  1995 I chatty  : uid=1000(system) Binder:1291_5 expire 2 lines
06-19 17:07:26.692  1291  1416 I chatty  : uid=1000(system) ActivityManager expire 10 lines
06-19 17:07:26.748  1291 14724 I chatty  : uid=1000(system) Binder:1291_1E expire 1 line
06-19 17:07:27.310  1291  2573 I chatty  : uid=1000(system) backup expire 1 line
06-19 17:07:29.703  1291  1338 I chatty  : uid=1000(system) Binder:1291_2 expire 1 line
06-19 17:07:29.729  1291  8961 I chatty  : uid=1000(system) Binder:1291_18 expire 2 lines
06-19 17:07:31.498  1291  1328 I chatty  : uid=1000(system) Binder:1291_1 expire 1 line
06-19 17:07:45.505  1291  2910 I chatty  : uid=1000(system) Binder:1291_13 expire 10 lines
06-19 17:07:45.540  1291  2380 I chatty  : uid=1000(system) Binder:1291_C expire 6 lines
06-19 17:07:45.589  1291  2378 I chatty  : uid=1000(system) Binder:1291_A expire 1 line
06-19 17:08:47.737  1291 17847 I chatty  : uid=1000(system) Binder:1291_20 expire 5 lines
06-19 17:08:47.853  1291  1420 I chatty  : uid=1000(system) batterystats-sy expire 2 lines
06-19 17:09:01.795  1291  1736 I chatty  : uid=1000(system) InputReader expire 4 lines
06-19 17:09:01.796  1291  1480 I chatty  : uid=1000(system) PowerManagerSer expire 21 lines
06-19 17:09:01.796  1291  1857 I chatty  : uid=1000(system) ColorBalanceThr expire 8 lines
06-19 17:09:01.802  1291  1959 I chatty  : uid=1000(system) Binder:1291_4 expire 6 lines
06-19 17:09:01.803  1291  1417 I chatty  : uid=1000(system) android.ui expire 4 lines
06-19 17:09:04.926  1998  1998 D KeyguardViewMediator: setLockScreenShown begin, false, seq:539881258
06-19 17:09:04.934  1291  1886 I chatty  : uid=1000(system) FingerPrintThre expire 11 lines
06-19 17:09:04.935  1998  1998 V KeyguardDisplayManager: hide
06-19 17:09:04.953  1998  2106 D KeyguardViewMediator: setLockScreenShown false, seq:539881258
06-19 17:09:05.024  1291  2266 I chatty  : uid=1000(system) Binder:1291_7 expire 1 line
06-19 17:09:06.099  1291  1735 I chatty  : uid=1000(system) InputDispatcher expire 2 lines
06-19 17:09:11.718  1291  1480 I chatty  : uid=1000(system) PowerManagerSer expire 35 lines
06-19 17:09:11.718  1291  1478 I chatty  : uid=1000(system) android.display expire 6 lines
06-19 17:09:11.719  1291  1291 I chatty  : uid=1000 system_server expire 10 lines
06-19 17:09:11.721  1291  2910 I chatty  : uid=1000(system) Binder:1291_13 expire 9 lines
06-19 17:09:11.733  1291  2863 I chatty  : uid=1000(system) Binder:1291_11 expire 1 line
06-19 17:09:11.740  1998  1998 D KeyguardViewMediator: setLockScreenShown begin, true, seq:539888073
06-19 17:09:11.742  1998  2106 D KeyguardViewMediator: setLockScreenShown true, seq:539888073
06-19 17:09:11.828  1291  2846 I chatty  : uid=1000(system) Binder:1291_E expire 10 lines
06-19 17:09:11.839  1998  1998 V KeyguardStatusView: refresh statusview showing:true
06-19 17:09:11.851  1998  1998 V KeyguardDisplayManager: show
06-19 17:09:13.230  1291  2266 I chatty  : uid=1000(system) Binder:1291_7 expire 12 lines
06-19 17:09:13.239  1291  1886 I chatty  : uid=1000(system) FingerPrintThre expire 11 lines
06-19 17:09:20.096  1291  1728 I chatty  : uid=1000(system) AlarmManager expire 30 lines
06-19 17:09:25.328  1291  1729 I chatty  : uid=1000(system) UEventObserver expire 1 line
06-19 17:09:25.389  1291  1857 I chatty  : uid=1000(system) ColorBalanceThr expire 12 lines
06-19 17:09:25.424  1291  1420 I chatty  : uid=1000(system) batterystats-sy expire 19 lines
06-19 17:09:25.445  1291  1417 I chatty  : uid=1000(system) android.ui expire 8 lines
06-19 17:09:25.574  1291 17847 I chatty  : uid=1000(system) Binder:1291_20 expire 6 lines
06-19 17:09:26.330  1291  1476 I chatty  : uid=1000(system) android.fg expire 5 lines
06-19 17:09:34.646  1291  1827 I chatty  : uid=1000(system) ConnectivitySer expire 18 lines
06-19 17:09:35.725   914  1128 D QMI_FW  : chen-screen off: is_screen_off = 1 
06-19 17:09:35.735  1103  1204 D QMI_FW  : chen-screen off: is_screen_off = 1 
06-19 17:09:35.738  1291  1886 I chatty  : uid=1000(system) FingerPrintThre expire 11 lines
06-19 17:09:35.762  1291  1959 I chatty  : uid=1000(system) Binder:1291_4 expire 2 lines
06-19 17:09:36.000  1291  1480 I chatty  : uid=1000(system) PowerManagerSer expire 15 lines
06-19 17:09:43.480  1291  1416 I chatty  : uid=1000(system) ActivityManager expire 2 lines
06-19 17:09:43.493  1291  2378 I chatty  : uid=1000(system) Binder:1291_A expire 8 lines
06-19 17:09:47.546  1291 11395 I chatty  : uid=1000 system_server expire 3 lines
06-19 17:13:33.551  1291 11504 I chatty  : uid=1000 system_server expire 1 line
06-19 17:14:39.265  1291 11610 I chatty  : uid=1000 system_server expire 4 lines
06-19 17:15:13.515  1291  1408 I chatty  : uid=1000(system) android.bg expire 1 line
06-19 17:15:13.595  1291 14017 I chatty  : uid=1000(system) Binder:1291_1D expire 4 lines
06-19 17:16:50.266  1291  1415 I chatty  : uid=1000(system) EmbryoManager expire 1 line
06-19 17:16:51.197  1291  1736 I chatty  : uid=1000(system) InputReader expire 2 lines
06-19 17:16:51.278   914  1128 D QMI_FW  : chen-screen on: is_screen_off = 0 
06-19 17:16:51.279  1103  1204 D QMI_FW  : chen-screen on: is_screen_off = 0 
06-19 17:16:51.346  1291  1827 I chatty  : uid=1000(system) ConnectivitySer expire 5 lines
06-19 17:16:51.360  1291 12786 I chatty  : uid=1000(system) Binder:1291_1C expire 1 line
06-19 17:16:51.407  1291  6167 I chatty  : uid=1000(system) Binder:1291_16 expire 1 line
06-19 17:16:51.787  1291  1728 I chatty  : uid=1000(system) AlarmManager expire 1 line
06-19 17:16:51.942  1291  1964 I chatty  : uid=1000(system) HwBinder:1291_3 expire 2 lines
06-19 17:16:51.959  1998  1998 W FingerprintManager: Invalid acquired message: 1000, 0
06-19 17:16:52.106  1291  1886 I chatty  : uid=1000(system) FingerPrintThre expire 22 lines
06-19 17:16:52.136  1291  1959 I chatty  : uid=1000(system) Binder:1291_4 expire 4 lines
06-19 17:16:52.136  1291  1417 I chatty  : uid=1000(system) android.ui expire 1 line
06-19 17:16:52.397  1291 14017 I chatty  : uid=1000(system) Binder:1291_1D expire 6 lines
06-19 17:16:52.398  1291  1416 I chatty  : uid=1000(system) ActivityManager expire 6 lines
06-19 17:16:52.417  1998  1998 D KeyguardViewMediator: setLockScreenShown begin, false, seq:539934466
06-19 17:16:52.426  1998  2106 D KeyguardViewMediator: setLockScreenShown false, seq:539934466
06-19 17:16:52.427  1291  6167 I chatty  : uid=1000(system) Binder:1291_16 expire 4 lines
06-19 17:16:52.429  1998  1998 V KeyguardDisplayManager: hide
06-19 17:16:52.685  1291  2266 I chatty  : uid=1000(system) Binder:1291_7 expire 4 lines
06-19 17:16:52.963  1291 11875 I chatty  : uid=1000 system_server expire 2 lines
06-19 17:16:53.877  1291 12786 I chatty  : uid=1000(system) Binder:1291_1C expire 3 lines
06-19 17:16:53.877  1291  1827 I chatty  : uid=1000(system) ConnectivitySer expire 53 lines
06-19 17:17:00.000  1291  1728 I chatty  : uid=1000(system) AlarmManager expire 53 lines
06-19 17:17:09.687  1291  2846 I chatty  : uid=1000(system) Binder:1291_E expire 1 line
06-19 17:17:09.699  1291  2910 I chatty  : uid=1000(system) Binder:1291_13 expire 3 lines
06-19 17:17:12.721  1291  1415 I chatty  : uid=1000(system) EmbryoManager expire 1 line
06-19 17:17:12.789  1291  1736 I chatty  : uid=1000(system) InputReader expire 2 lines
06-19 17:17:12.790  1291  1480 I chatty  : uid=1000(system) PowerManagerSer expire 13 lines
06-19 17:17:12.790  1291  1857 I chatty  : uid=1000(system) ColorBalanceThr expire 4 lines
06-19 17:17:12.831  1291  1291 I chatty  : uid=1000 system_server expire 7 lines
06-19 17:17:12.849  1291  1328 I chatty  : uid=1000(system) Binder:1291_1 expire 10 lines
06-19 17:17:13.104  1998  1998 D KeyguardViewMediator: setLockScreenShown begin, true, seq:539955154
06-19 17:17:13.106  1291  1478 I chatty  : uid=1000(system) android.display expire 1 line
06-19 17:17:13.120  1998  2106 D KeyguardViewMediator: setLockScreenShown true, seq:539955154
06-19 17:17:13.127   914  1128 D QMI_FW  : chen-screen off: is_screen_off = 1 
06-19 17:17:13.131  1103  1204 D QMI_FW  : chen-screen off: is_screen_off = 1 
06-19 17:17:13.195  1291  2862 I chatty  : uid=1000(system) Binder:1291_10 expire 2 lines
06-19 17:17:13.265  1998  1998 V KeyguardStatusView: refresh statusview showing:true
06-19 17:17:13.278  1998  1998 V KeyguardDisplayManager: show
06-19 17:17:21.042  1291 12162 I chatty  : uid=1000 system_server expire 2 lines
06-19 17:17:28.577  1291  1420 I chatty  : uid=1000(system) batterystats-sy expire 24 lines
06-19 17:17:32.662  1291 12170 I chatty  : uid=1000 system_server expire 1 line
06-19 17:17:41.543  1291 12177 I chatty  : uid=1000 system_server expire 1 line
06-19 17:17:53.994  1291 12180 I chatty  : uid=1000 system_server expire 1 line
06-19 17:18:01.275  1291 12194 I chatty  : uid=1000 system_server expire 1 line
06-19 17:18:11.380  1291 12201 I chatty  : uid=1000 system_server expire 1 line
06-19 17:18:19.546  1291 12205 I chatty  : uid=1000 system_server expire 1 line
06-19 17:18:26.972  1291 12217 I chatty  : uid=1000 system_server expire 1 line
06-19 17:18:38.222  1291 12220 I chatty  : uid=1000 system_server expire 1 line
06-19 17:18:48.998  1291 12224 I chatty  : uid=1000 system_server expire 1 line
06-19 17:19:02.966  1291 12226 I chatty  : uid=1000 system_server expire 1 line
06-19 17:19:08.738  1291 12230 I chatty  : uid=1000 system_server expire 1 line
06-19 17:19:23.164  1291 12238 I chatty  : uid=1000 system_server expire 1 line
06-19 17:19:31.957  1291 12247 I chatty  : uid=1000 system_server expire 1 line
06-19 17:19:48.288  1291 12251 I chatty  : uid=1000 system_server expire 1 line
06-19 17:20:12.945  1291 12257 I chatty  : uid=1000 system_server expire 1 line
06-19 17:20:34.032  1291 12270 I chatty  : uid=1000 system_server expire 1 line
06-19 17:20:54.959  1291 12276 I chatty  : uid=1000 system_server expire 1 line
06-19 17:21:15.040  1291 12287 I chatty  : uid=1000 system_server expire 1 line
06-19 17:21:28.000  1291 12294 I chatty  : uid=1000 system_server expire 3 lines
06-19 17:21:37.943  1291 12297 I chatty  : uid=1000 system_server expire 1 line
06-19 17:21:51.031  1291 12302 I chatty  : uid=1000 system_server expire 1 line
06-19 17:22:06.085  1291 12304 I chatty  : uid=1000 system_server expire 1 line
06-19 17:22:15.106  1291 12311 I chatty  : uid=1000 system_server expire 1 line
06-19 17:22:22.592  1291 12313 I chatty  : uid=1000 system_server expire 2 lines
06-19 17:22:33.989  1291 12317 I chatty  : uid=1000 system_server expire 1 line
06-19 17:22:41.085  1291  1408 I chatty  : uid=1000(system) android.bg expire 2 lines
06-19 17:22:41.158  1291  2862 I chatty  : uid=1000(system) Binder:1291_10 expire 1 line
06-19 17:22:41.195  1291  1328 I chatty  : uid=1000(system) Binder:1291_1 expire 3 lines
06-19 17:22:41.272  1291  1416 I chatty  : uid=1000(system) ActivityManager expire 214 lines
06-19 17:22:41.766  1291  2266 I chatty  : uid=1000(system) Binder:1291_7 expire 1 line
06-19 17:22:41.778  1291 17847 I chatty  : uid=1000(system) Binder:1291_20 expire 2 lines
06-19 17:22:42.560  1291 12375 I chatty  : uid=1000 system_server expire 1 line
06-19 17:22:53.742  1291 12382 I chatty  : uid=1000 system_server expire 1 line
06-19 17:23:00.001  1291  1728 I chatty  : uid=1000(system) AlarmManager expire 15 lines
06-19 17:23:07.070  1291 12389 I chatty  : uid=1000 system_server expire 1 line
06-19 17:23:07.943  1291  1420 I chatty  : uid=1000(system) batterystats-sy expire 7 lines
06-19 17:23:15.093  1291 12394 I chatty  : uid=1000 system_server expire 1 line
06-19 17:23:15.228  1291  1959 I chatty  : uid=1000(system) Binder:1291_4 expire 1 line
06-19 17:23:15.931  1291  1417 I chatty  : uid=1000(system) android.ui expire 1 line
06-19 17:23:28.293  1291 12397 I chatty  : uid=1000 system_server expire 1 line
06-19 17:23:37.969  1291 12400 I chatty  : uid=1000 system_server expire 1 line
06-19 17:23:55.185  1291 12407 I chatty  : uid=1000 system_server expire 1 line
06-19 17:24:09.299  1291 12410 I chatty  : uid=1000 system_server expire 1 line
06-19 17:24:18.953  1291 12416 I chatty  : uid=1000 system_server expire 1 line
06-19 17:24:31.380  1291  1416 I chatty  : uid=1000(system) ActivityManager expire 27 lines
06-19 17:24:34.809  1291  1415 I chatty  : uid=1000(system) EmbryoManager expire 2 lines
06-19 17:24:35.012  1291  1420 I chatty  : uid=1000(system) batterystats-sy expire 12 lines
06-19 17:24:35.244  1291  1728 I chatty  : uid=1000(system) AlarmManager expire 13 lines
06-19 17:24:48.067  1291 12482 I chatty  : uid=1000 system_server expire 1 line
06-19 17:24:51.393  1291  2862 I chatty  : uid=1000(system) Binder:1291_10 expire 2 lines
06-19 17:24:51.557  1291  1328 I chatty  : uid=1000(system) Binder:1291_1 expire 10 lines
06-19 17:24:57.179  1291 12578 I chatty  : uid=1000 system_server expire 1 line
06-19 17:25:15.360  1291 12587 I chatty  : uid=1000 system_server expire 1 line
06-19 17:25:19.013  1291  1408 I chatty  : uid=1000(system) android.bg expire 3 lines
06-19 17:25:32.039  1291 12590 I chatty  : uid=1000 system_server expire 1 line
06-19 17:25:44.968  1291 12591 I chatty  : uid=1000 system_server expire 1 line
06-19 17:25:50.798 12595 12595 D ActivityThread: Loading provider com.whatsapp.provider.contact: com.whatsapp.contact.ContactProvider
06-19 17:25:50.890  1291  2378 I chatty  : uid=1000(system) Binder:1291_A expire 6 lines
06-19 17:25:51.103  1291  1959 I chatty  : uid=1000(system) Binder:1291_4 expire 7 lines
06-19 17:25:51.103  1291  1827 I chatty  : uid=1000(system) ConnectivitySer expire 11 lines
06-19 17:25:55.603  1291 12681 I chatty  : uid=1000 system_server expire 1 line
06-19 17:25:55.648  1291  1728 I chatty  : uid=1000(system) AlarmManager expire 12 lines
06-19 17:26:07.480  1291 12684 I chatty  : uid=1000 system_server expire 1 line
06-19 17:26:19.974  1291 12693 I chatty  : uid=1000 system_server expire 1 line
06-19 17:26:32.090  1291 12697 I chatty  : uid=1000 system_server expire 1 line
06-19 17:26:40.283  1291  1736 I chatty  : uid=1000(system) InputReader expire 6 lines
06-19 17:26:40.284  1291  1291 I chatty  : uid=1000 system_server expire 11 lines
06-19 17:26:40.284  1291  1480 I chatty  : uid=1000(system) PowerManagerSer expire 33 lines
06-19 17:26:40.285  1291  1857 I chatty  : uid=1000(system) ColorBalanceThr expire 12 lines
06-19 17:26:40.344  1291  1478 I chatty  : uid=1000(system) android.display expire 5 lines
06-19 17:26:40.363   914  1128 D QMI_FW  : chen-screen on: is_screen_off = 0 
06-19 17:26:40.363  1103  1204 D QMI_FW  : chen-screen on: is_screen_off = 0 
06-19 17:26:40.401  1291  6167 I chatty  : uid=1000(system) Binder:1291_16 expire 4 lines
06-19 17:26:40.422  1291  1417 I chatty  : uid=1000(system) android.ui expire 8 lines
06-19 17:26:40.476  1291  1420 I chatty  : uid=1000(system) batterystats-sy expire 1 line
06-19 17:26:40.772 12703 12703 D ActivityThread: Loading provider com.google.android.gm.sapi: com.google.android.gm.sapi.SapiUiProvider
06-19 17:26:41.208  1291  2266 I chatty  : uid=1000(system) Binder:1291_7 expire 6 lines
06-19 17:26:41.764  1291 12936 I chatty  : uid=1000 system_server expire 1 line
06-19 17:26:41.900  1291  2188 I chatty  : uid=1000(system) HwBinder:1291_4 expire 1 line
06-19 17:26:41.963  1291  1886 I chatty  : uid=1000(system) FingerPrintThre expire 22 lines
06-19 17:26:41.998  1291 17847 I chatty  : uid=1000(system) Binder:1291_20 expire 3 lines
06-19 17:26:42.255  1291  1416 I chatty  : uid=1000(system) ActivityManager expire 4 lines
06-19 17:26:42.310  1998  1998 D KeyguardViewMediator: setLockScreenShown begin, false, seq:540288449
06-19 17:26:42.315  1998  2106 D KeyguardViewMediator: setLockScreenShown false, seq:540288449
06-19 17:26:42.331  1998  1998 V KeyguardDisplayManager: hide
06-19 17:26:42.796  1291  2863 I chatty  : uid=1000(system) Binder:1291_11 expire 1 line
06-19 17:26:43.309  1291  1735 I chatty  : uid=1000(system) InputDispatcher expire 1 line
06-19 17:26:43.933  1291  2910 I chatty  : uid=1000(system) Binder:1291_13 expire 6 lines
06-19 17:26:47.113  1291  1772 I chatty  : uid=1000(system) NetworkStats expire 2 lines
06-19 17:26:47.594  1291 17713 I chatty  : uid=1000(system) Binder:1291_1F expire 1 line
06-19 17:26:47.605   914  1128 D QMI_FW  : chen-screen off: is_screen_off = 1 
06-19 17:26:47.607  1103  1204 D QMI_FW  : chen-screen off: is_screen_off = 1 
06-19 17:26:47.618  1998  1998 D KeyguardViewMediator: setLockScreenShown begin, true, seq:540293758
06-19 17:26:47.623  1998  2106 D KeyguardViewMediator: setLockScreenShown true, seq:540293758
06-19 17:26:47.627  1291  2909 I chatty  : uid=1000(system) Binder:1291_12 expire 4 lines
06-19 17:26:47.710  1998  1998 V KeyguardStatusView: refresh statusview showing:true
06-19 17:26:47.721  1998  1998 V KeyguardDisplayManager: show
06-19 17:26:53.027  1291 13134 I chatty  : uid=1000 system_server expire 1 line
06-19 17:27:00.231   914  1128 D QMI_FW  : chen-screen on: is_screen_off = 0 
06-19 17:27:00.234  1103  1204 D QMI_FW  : chen-screen on: is_screen_off = 0 
06-19 17:27:00.305  1291  1480 I chatty  : uid=1000(system) PowerManagerSer expire 5 lines
06-19 17:27:00.312  1291  1291 I chatty  : uid=1000 system_server expire 1 line
06-19 17:27:00.374  1291  1728 I chatty  : uid=1000(system) AlarmManager expire 26 lines
06-19 17:27:00.905  1291 13150 I chatty  : uid=1000 system_server expire 2 lines
06-19 17:27:01.327  1291  1736 I chatty  : uid=1000(system) InputReader expire 4 lines
06-19 17:27:01.328  1291  1480 I chatty  : uid=1000(system) PowerManagerSer expire 20 lines
06-19 17:27:01.329  1291  1857 I chatty  : uid=1000(system) ColorBalanceThr expire 8 lines
06-19 17:27:01.329  1291  1291 I chatty  : uid=1000 system_server expire 4 lines
06-19 17:27:01.660  1291  2910 I chatty  : uid=1000(system) Binder:1291_13 expire 1 line
06-19 17:27:01.664  1291  1478 I chatty  : uid=1000(system) android.display expire 3 lines
06-19 17:27:01.667  1291  2909 I chatty  : uid=1000(system) Binder:1291_12 expire 12 lines
06-19 17:27:01.679   914  1128 D QMI_FW  : chen-screen off: is_screen_off = 1 
06-19 17:27:01.684  1103  1204 D QMI_FW  : chen-screen off: is_screen_off = 1 
06-19 17:27:01.698  1291  2846 I chatty  : uid=1000(system) Binder:1291_E expire 2 lines
06-19 17:27:01.702  1291  1959 I chatty  : uid=1000(system) Binder:1291_4 expire 1 line
06-19 17:27:06.192  1291  2378 I chatty  : uid=1000(system) Binder:1291_A expire 7 lines
06-19 17:27:06.200  1291  1886 I chatty  : uid=1000(system) FingerPrintThre expire 11 lines
06-19 17:27:06.707  1291 13160 I chatty  : uid=1000 system_server expire 1 line
06-19 17:27:13.603  1291 13162 I chatty  : uid=1000 system_server expire 2 lines
06-19 17:27:15.159  1291  1827 I chatty  : uid=1000(system) ConnectivitySer expire 42 lines
06-19 17:27:15.189  1291  2862 I chatty  : uid=1000(system) Binder:1291_10 expire 1 line
06-19 17:27:18.069  1291  1416 I chatty  : uid=1000(system) ActivityManager expire 6 lines
06-19 17:27:18.193  1291  1415 I chatty  : uid=1000(system) EmbryoManager expire 1 line
06-19 17:27:18.284  1291  1420 I chatty  : uid=1000(system) batterystats-sy expire 9 lines
06-19 17:27:18.890  1291 13184 I chatty  : uid=1000 system_server expire 3 lines
06-19 17:27:24.877  1291 13191 I chatty  : uid=1000 system_server expire 1 line
06-19 17:27:32.813  1291 13224 I chatty  : uid=1000 system_server expire 1 line
06-19 17:27:38.450  1291 13230 I chatty  : uid=1000 system_server expire 1 line
06-19 17:27:48.081  1291 13240 I chatty  : uid=1000 system_server expire 1 line
06-19 17:27:59.810  1291 13255 I chatty  : uid=1000 system_server expire 1 line
06-19 17:28:06.110  1291 13262 I chatty  : uid=1000 system_server expire 1 line
06-19 17:28:19.569  1291 13265 I chatty  : uid=1000 system_server expire 1 line
06-19 17:28:26.338  1291 13268 I chatty  : uid=1000 system_server expire 1 line
06-19 17:28:38.970  1291 13275 I chatty  : uid=1000 system_server expire 2 lines
06-19 17:28:44.012  1291 13278 I chatty  : uid=1000 system_server expire 1 line
06-19 17:28:55.065  1291 13284 I chatty  : uid=1000 system_server expire 1 line
06-19 17:29:01.266  1291 13290 I chatty  : uid=1000 system_server expire 1 line
06-19 17:29:06.747  1291 13299 I chatty  : uid=1000 system_server expire 1 line
06-19 17:29:13.358  1291 13301 I chatty  : uid=1000 system_server expire 1 line
06-19 17:29:19.304   914  1128 D QMI_FW  : chen-screen on: is_screen_off = 0 
06-19 17:29:19.319  1103  1204 D QMI_FW  : chen-screen on: is_screen_off = 0 
06-19 17:29:19.325  1291  1417 I chatty  : uid=1000(system) android.ui expire 5 lines
06-19 17:29:19.335  1291 13305 I chatty  : uid=1000 system_server expire 1 line
06-19 17:29:19.361  1291  1480 I chatty  : uid=1000(system) PowerManagerSer expire 5 lines
06-19 17:29:19.936  1291  1964 I chatty  : uid=1000(system) HwBinder:1291_3 expire 2 lines
06-19 17:29:19.941  1291  2863 I chatty  : uid=1000(system) Binder:1291_11 expire 5 lines
06-19 17:29:19.941  1998  1998 W FingerprintManager: Invalid acquired message: 1000, 0
06-19 17:29:20.105  1291  1886 I chatty  : uid=1000(system) FingerPrintThre expire 15 lines
06-19 17:29:20.430  1998  1998 D KeyguardViewMediator: setLockScreenShown begin, false, seq:540403124
06-19 17:29:20.437  1998  2106 D KeyguardViewMediator: setLockScreenShown false, seq:540403124
06-19 17:29:20.445  1998  1998 V KeyguardDisplayManager: hide
06-19 17:29:20.535  1291 12786 I chatty  : uid=1000(system) Binder:1291_1C expire 2 lines
06-19 17:29:22.170  1291  1728 I chatty  : uid=1000(system) AlarmManager expire 2 lines
06-19 17:29:22.337  1291  1827 I chatty  : uid=1000(system) ConnectivitySer expire 45 lines
06-19 17:29:30.451  1291  1420 I chatty  : uid=1000(system) batterystats-sy expire 7 lines
06-19 17:29:32.890  1291  1728 I chatty  : uid=1000(system) AlarmManager expire 12 lines
06-19 17:29:32.939  1291  1736 I chatty  : uid=1000(system) InputReader expire 2 lines
06-19 17:29:32.940  1291  1480 I chatty  : uid=1000(system) PowerManagerSer expire 13 lines
06-19 17:29:32.940  1291  1857 I chatty  : uid=1000(system) ColorBalanceThr expire 4 lines
06-19 17:29:32.979  1291  1291 I chatty  : uid=1000 system_server expire 4 lines
06-19 17:29:33.005  1291  2846 I chatty  : uid=1000(system) Binder:1291_E expire 5 lines
06-19 17:29:33.011  1291  1886 I chatty  : uid=1000(system) FingerPrintThre expire 33 lines
06-19 17:29:33.252  1291  6167 I chatty  : uid=1000(system) Binder:1291_16 expire 2 lines
06-19 17:29:33.254  1291  1478 I chatty  : uid=1000(system) android.display expire 1 line
06-19 17:29:33.263   914  1128 D QMI_FW  : chen-screen off: is_screen_off = 1 
06-19 17:29:33.267  1103  1204 D QMI_FW  : chen-screen off: is_screen_off = 1 
06-19 17:29:33.270  1291 17847 I chatty  : uid=1000(system) Binder:1291_20 expire 2 lines
06-19 17:29:33.274  1998  1998 D KeyguardViewMediator: setLockScreenShown begin, true, seq:540415968
