06-19 11:13:02.519 11011 11011 W ViewRootImpl[MainActivity]: Cancelling event due to no window focus: KeyEvent { action=ACTION_UP, keyCode=KEYCODE_BACK, scanCode=0, metaState=0, flags=0x68, repeatCount=0, eventTime=523340394, downTime=523340324, deviceId=-1, source=0x101 }
06-19 11:13:02.519 11011 11011 I chatty  : uid=10098(com.shazam.android) embryo identical 7 lines
06-19 11:13:02.519 11011 11011 W ViewRootImpl[MainActivity]: Cancelling event due to no window focus: KeyEvent { action=ACTION_UP, keyCode=KEYCODE_BACK, scanCode=0, metaState=0, flags=0x68, repeatCount=0, eventTime=523340394, downTime=523340324, deviceId=-1, source=0x101 }
06-19 11:13:02.574  1291  1728 I chatty  : uid=1000(system) AlarmManager expire 23 lines
06-19 11:13:03.566  1291  1416 I chatty  : uid=1000(system) ActivityManager expire 4 lines
06-19 11:13:08.000  1291  1420 I chatty  : uid=1000(system) batterystats-sy expire 2 lines
06-19 11:13:08.050  1291 22980 I chatty  : uid=1000 system_server expire 4 lines
06-19 11:13:25.219  1291  1728 I chatty  : uid=1000(system) AlarmManager expire 40 lines
06-19 11:13:28.088  1291  1415 I chatty  : uid=1000(system) EmbryoManager expire 1 line
06-19 11:14:06.852  1291  1416 I chatty  : uid=1000(system) ActivityManager expire 236 lines
06-19 11:14:10.003  1291  1728 I chatty  : uid=1000(system) AlarmManager expire 131 lines
06-19 11:14:27.711  1291  1995 I chatty  : uid=1000(system) Binder:1291_5 expire 2 lines
06-19 11:14:27.824  1291  1827 I chatty  : uid=1000(system) ConnectivitySer expire 38 lines
06-19 11:14:29.034  1291  2378 I chatty  : uid=1000(system) Binder:1291_A expire 3 lines
06-19 11:14:29.090  1291 11035 I chatty  : uid=1000(system) Binder:1291_19 expire 9 lines
06-19 11:14:30.613  1291  2377 I chatty  : uid=1000(system) Binder:1291_9 expire 3 lines
06-19 11:14:34.238  1291 12246 I chatty  : uid=1000(system) Binder:1291_1B expire 2 lines
06-19 11:14:34.830  1291  2847 I chatty  : uid=1000(system) Binder:1291_F expire 5 lines
06-19 11:14:34.884  1291  1717 I chatty  : uid=1000(system) android.anim expire 3 lines
06-19 11:14:36.324  1291  2380 I chatty  : uid=1000(system) Binder:1291_C expire 3 lines
06-19 11:14:37.939  1291  1735 I chatty  : uid=1000(system) InputDispatcher expire 1 line
06-19 11:14:38.198  1291  1291 I chatty  : uid=1000 system_server expire 3 lines
06-19 11:14:38.341  1291  1478 I chatty  : uid=1000(system) android.display expire 2 lines
06-19 11:14:39.584  1291  1476 I chatty  : uid=1000(system) android.fg expire 3 lines
06-19 11:14:39.584  1291  1772 I chatty  : uid=1000(system) NetworkStats expire 9 lines
06-19 11:14:51.079  1291  2910 I chatty  : uid=1000(system) Binder:1291_13 expire 2 lines
06-19 11:14:51.096  1291  4255 I chatty  : uid=1000(system) Binder:1291_15 expire 6 lines
06-19 11:14:51.109  1291  1959 I chatty  : uid=1000(system) Binder:1291_4 expire 1 line
06-19 11:14:54.115  1291  1415 I chatty  : uid=1000(system) EmbryoManager expire 2 lines
06-19 11:16:12.173  1291  2909 I chatty  : uid=1000(system) Binder:1291_12 expire 1 line
06-19 11:16:13.047  1291  1742 I chatty  : uid=1000(system) Binder:1291_3 expire 1 line
06-19 11:16:14.634  1291  1420 I chatty  : uid=1000(system) batterystats-sy expire 2 lines
06-19 11:16:14.674  1291 23893 I chatty  : uid=1000 system_server expire 1 line
06-19 11:16:44.617  1291  1728 I chatty  : uid=1000(system) AlarmManager expire 91 lines
06-19 11:16:54.101  1291  2929 I chatty  : uid=1000(system) Binder:1291_14 expire 3 lines
06-19 11:16:54.118  1291  1416 I chatty  : uid=1000(system) ActivityManager expire 12 lines
06-19 11:16:55.839  1291  1959 I chatty  : uid=1000(system) Binder:1291_4 expire 1 line
06-19 11:17:17.104  1291  2909 I chatty  : uid=1000(system) Binder:1291_12 expire 1 line
06-19 11:17:52.391  1291  1291 I chatty  : uid=1000 system_server expire 1 line
06-19 11:18:23.601  1291  1827 I chatty  : uid=1000(system) ConnectivitySer expire 145 lines
06-19 11:18:35.021  1291  4255 I chatty  : uid=1000(system) Binder:1291_15 expire 3 lines
06-19 11:18:43.262  1291  1827 I chatty  : uid=1000(system) ConnectivitySer expire 197 lines
06-19 11:18:45.002  1291  1728 I chatty  : uid=1000(system) AlarmManager expire 40 lines
06-19 11:19:17.701  1291  2847 I chatty  : uid=1000(system) Binder:1291_F expire 1 line
06-19 11:19:17.719  1291  1416 I chatty  : uid=1000(system) ActivityManager expire 5 lines
06-19 11:19:17.957  1291  1291 I chatty  : uid=1000 system_server expire 1 line
06-19 11:19:18.340  1291  1959 I chatty  : uid=1000(system) Binder:1291_4 expire 1 line
06-19 11:19:27.956  1291  1476 I chatty  : uid=1000(system) android.fg expire 1 line
06-19 11:19:27.956  1291  1772 I chatty  : uid=1000(system) NetworkStats expire 3 lines
06-19 11:19:34.993  1291  1408 I chatty  : uid=1000(system) android.bg expire 1 line
06-19 11:19:35.842  1291  1742 I chatty  : uid=1000(system) Binder:1291_3 expire 1 line
06-19 11:19:35.959  1291  1735 I chatty  : uid=1000(system) InputDispatcher expire 1 line
06-19 11:19:36.561  1291  2929 I chatty  : uid=1000(system) Binder:1291_14 expire 4 lines
06-19 11:19:37.550  1291  1827 I chatty  : uid=1000(system) ConnectivitySer expire 14 lines
06-19 11:19:39.798  1291  1728 I chatty  : uid=1000(system) AlarmManager expire 64 lines
06-19 11:19:40.172  1291  2847 I chatty  : uid=1000(system) Binder:1291_F expire 4 lines
06-19 11:19:40.199  1291  1416 I chatty  : uid=1000(system) ActivityManager expire 3 lines
06-19 11:19:40.226  1291  1959 I chatty  : uid=1000(system) Binder:1291_4 expire 9 lines
06-19 11:19:40.346  1291  1717 I chatty  : uid=1000(system) android.anim expire 1 line
06-19 11:19:43.648  1291  1291 I chatty  : uid=1000 system_server expire 7 lines
06-19 11:19:43.687  1291  1478 I chatty  : uid=1000(system) android.display expire 6 lines
06-19 11:19:44.366  1291  2909 I chatty  : uid=1000(system) Binder:1291_12 expire 6 lines
06-19 11:19:48.582  1291  1736 I chatty  : uid=1000(system) InputReader expire 4 lines
06-19 11:19:48.596  1291  1480 I chatty  : uid=1000(system) PowerManagerSer expire 20 lines
06-19 11:19:48.597  1291  1857 I chatty  : uid=1000(system) ColorBalanceThr expire 8 lines
06-19 11:19:48.658  1291  1742 I chatty  : uid=1000(system) Binder:1291_3 expire 13 lines
06-19 11:19:48.661  1291  1886 I chatty  : uid=1000(system) FingerPrintThre expire 18 lines
06-19 11:19:48.936  1998  1998 D KeyguardViewMediator: setLockScreenShown begin, true, seq:523746913
06-19 11:19:48.939   914  1128 D QMI_FW  : chen-screen off: is_screen_off = 1 
06-19 11:19:48.941  1103  1204 D QMI_FW  : chen-screen off: is_screen_off = 1 
06-19 11:19:48.947  1998  2106 D KeyguardViewMediator: setLockScreenShown true, seq:523746913
06-19 11:19:49.079  1291 12246 I chatty  : uid=1000(system) Binder:1291_1B expire 2 lines
06-19 11:19:49.083  1998  1998 V KeyguardStatusView: refresh statusview showing:true
06-19 11:19:49.091  1998  1998 V KeyguardDisplayManager: show
06-19 11:20:00.849  1291 24385 I chatty  : uid=1000 system_server expire 1 line
06-19 11:20:50.865  1291 24400 I chatty  : uid=1000 system_server expire 1 line
06-19 11:22:10.658  1291 24414 I chatty  : uid=1000 system_server expire 1 line
06-19 11:22:59.296  1291 24420 I chatty  : uid=1000 system_server expire 2 lines
06-19 11:23:25.534  1291 24429 I chatty  : uid=1000 system_server expire 1 line
06-19 11:24:20.710  1291  4255 I chatty  : uid=1000(system) Binder:1291_15 expire 4 lines
06-19 11:24:41.006  1291 24485 I chatty  : uid=1000 system_server expire 1 line
06-19 11:25:20.762  1291  1479 I chatty  : uid=1000(system) CpuTracker expire 2 lines
06-19 11:25:20.786  1291  1420 I chatty  : uid=1000(system) batterystats-sy expire 8 lines
06-19 11:25:41.030  1291  1408 I chatty  : uid=1000(system) android.bg expire 1 line
06-19 11:28:27.074  1291  1772 I chatty  : uid=1000(system) NetworkStats expire 2 lines
06-19 11:28:39.742   914  1128 D QMI_FW  : chen-screen on: is_screen_off = 0 
06-19 11:28:39.744  1103  1204 D QMI_FW  : chen-screen on: is_screen_off = 0 
06-19 11:28:39.771  1998  1998 D KeyguardBouncer: show first unlock notify, reason:2, mode:PIN
06-19 11:28:39.780  1291  1417 I chatty  : uid=1000(system) android.ui expire 4 lines
06-19 11:28:39.863  1291  1480 I chatty  : uid=1000(system) PowerManagerSer expire 6 lines
06-19 11:28:39.897  1998  1998 D KeyguardBouncer: show first unlock notify, reason:2, mode:PIN
06-19 11:28:40.188  1291  1964 I chatty  : uid=1000(system) HwBinder:1291_3 expire 4 lines
06-19 11:28:40.189  1998  1998 W FingerprintManager: Invalid acquired message: 1000, 0
06-19 11:28:40.269  1291  1742 I chatty  : uid=1000(system) Binder:1291_3 expire 2 lines
06-19 11:28:40.602  1998  1998 W FingerprintManager: Invalid acquired message: 1000, 0
06-19 11:28:40.757  1291  1886 I chatty  : uid=1000(system) FingerPrintThre expire 15 lines
06-19 11:28:40.792  1291 17713 I chatty  : uid=1000(system) Binder:1291_1F expire 12 lines
06-19 11:28:42.597  1291 24657 I chatty  : uid=1000 system_server expire 2 lines
06-19 11:28:43.222  1291  2910 I chatty  : uid=1000(system) Binder:1291_13 expire 2 lines
06-19 11:28:44.033  1998  1998 D KeyguardViewMediator: setLockScreenShown begin, false, seq:523820233
06-19 11:28:44.034  1998  2106 D KeyguardViewMediator: setLockScreenShown false, seq:523820233
06-19 11:28:44.044  1998  1998 V KeyguardDisplayManager: hide
06-19 11:28:44.045  1291 14017 I chatty  : uid=1000(system) Binder:1291_1D expire 1 line
06-19 11:28:44.095  1291  2862 I chatty  : uid=1000(system) Binder:1291_10 expire 1 line
06-19 11:28:44.329  1291  1338 I chatty  : uid=1000(system) Binder:1291_2 expire 1 line
06-19 11:28:44.417 23753 23753 E ActivityThread: Failed to find provider info for com.opera.minisettingsmocker
06-19 11:28:44.470  1291  2847 I chatty  : uid=1000(system) Binder:1291_F expire 7 lines
06-19 11:28:44.470  1291  1827 I chatty  : uid=1000(system) ConnectivitySer expire 13 lines
06-19 11:28:44.583  1291  1416 I chatty  : uid=1000(system) ActivityManager expire 15 lines
06-19 11:28:45.001  1291  1728 I chatty  : uid=1000(system) AlarmManager expire 72 lines
06-19 11:28:46.015  1291  1415 I chatty  : uid=1000(system) EmbryoManager expire 2 lines
06-19 11:28:51.013  1291  1735 I chatty  : uid=1000(system) InputDispatcher expire 1 line
06-19 11:28:52.273  1291  1717 I chatty  : uid=1000(system) android.anim expire 2 lines
06-19 11:28:54.241  1291  1291 I chatty  : uid=1000 system_server expire 3 lines
06-19 11:29:05.060  1291 17713 I chatty  : uid=1000(system) Binder:1291_1F expire 4 lines
06-19 11:29:07.884  1291  2258 I chatty  : uid=1000(system) Binder:1291_6 expire 3 lines
06-19 11:29:09.613  1291  6865 I chatty  : uid=1000(system) Binder:1291_17 expire 2 lines
06-19 11:29:09.869  1291  1476 I chatty  : uid=1000(system) android.fg expire 2 lines
06-19 11:29:09.869  1291  1772 I chatty  : uid=1000(system) NetworkStats expire 6 lines
06-19 11:29:44.114  1291  2379 I chatty  : uid=1000(system) Binder:1291_B expire 3 lines
06-19 11:30:08.287  1291  2862 I chatty  : uid=1000(system) Binder:1291_10 expire 2 lines
06-19 11:30:15.445  1291 12246 I chatty  : uid=1000(system) Binder:1291_1B expire 2 lines
06-19 11:30:19.004  1998  1998 V DeadZone: consuming errant click: (265.0,31.0)
06-19 11:30:19.009  1291  2380 I chatty  : uid=1000(system) Binder:1291_C expire 4 lines
06-19 11:30:19.176  1291  1416 I chatty  : uid=1000(system) ActivityManager expire 11 lines
06-19 11:30:19.221  1291  1728 I chatty  : uid=1000(system) AlarmManager expire 70 lines
06-19 11:32:01.562  1998  1998 V DeadZone: consuming errant click: (212.0,17.0)
06-19 11:32:01.566  1291  1995 I chatty  : uid=1000(system) Binder:1291_5 expire 2 lines
06-19 11:32:01.824  1291  1728 I chatty  : uid=1000(system) AlarmManager expire 197 lines
06-19 11:32:35.624  1291  1416 I chatty  : uid=1000(system) ActivityManager expire 33 lines
06-19 11:32:36.040  1291  2380 I chatty  : uid=1000(system) Binder:1291_C expire 2 lines
06-19 11:32:51.374  1291  1291 I chatty  : uid=1000 system_server expire 3 lines
06-19 11:32:51.391  1291  1420 I chatty  : uid=1000(system) batterystats-sy expire 2 lines
06-19 11:32:51.430  1291 25332 I chatty  : uid=1000 system_server expire 1 line
06-19 11:33:02.209  1291  1995 I chatty  : uid=1000(system) Binder:1291_5 expire 2 lines
06-19 11:33:05.084  1291  2258 I chatty  : uid=1000(system) Binder:1291_6 expire 4 lines
06-19 11:33:29.617  1291  1476 I chatty  : uid=1000(system) android.fg expire 5 lines
06-19 11:33:29.617  1291  1772 I chatty  : uid=1000(system) NetworkStats expire 15 lines
06-19 11:34:27.406  1291  2862 I chatty  : uid=1000(system) Binder:1291_10 expire 8 lines
06-19 11:35:13.944  1291 17713 I chatty  : uid=1000(system) Binder:1291_1F expire 1 line
06-19 11:35:14.026  1291  1959 I chatty  : uid=1000(system) Binder:1291_4 expire 3 lines
06-19 11:35:15.190  1291  6865 I chatty  : uid=1000(system) Binder:1291_17 expire 2 lines
06-19 11:35:17.445  1291  1478 I chatty  : uid=1000(system) android.display expire 2 lines
06-19 11:35:33.717  1291  2379 I chatty  : uid=1000(system) Binder:1291_B expire 3 lines
06-19 11:36:11.011  1291 14017 I chatty  : uid=1000(system) Binder:1291_1D expire 2 lines
06-19 11:36:40.002  1291  1728 I chatty  : uid=1000(system) AlarmManager expire 48 lines
06-19 11:36:58.229  1291  1420 I chatty  : uid=1000(system) batterystats-sy expire 10 lines
06-19 11:36:58.236  1291  1291 I chatty  : uid=1000 system_server expire 7 lines
06-19 11:36:58.268  1291 25790 I chatty  : uid=1000 system_server expire 1 line
06-19 11:37:06.703  1291  2862 I chatty  : uid=1000(system) Binder:1291_10 expire 2 lines
06-19 11:37:06.719  1291  1416 I chatty  : uid=1000(system) ActivityManager expire 116 lines
06-19 11:37:38.038  1291  2379 I chatty  : uid=1000(system) Binder:1291_B expire 9 lines
06-19 11:37:39.661  1291  1476 I chatty  : uid=1000(system) android.fg expire 1 line
06-19 11:37:39.661  1291  1772 I chatty  : uid=1000(system) NetworkStats expire 3 lines
06-19 11:37:46.720  1291  1736 I chatty  : uid=1000(system) InputReader expire 2 lines
06-19 11:37:46.722  1291  1480 I chatty  : uid=1000(system) PowerManagerSer expire 13 lines
06-19 11:37:46.724  1291  1857 I chatty  : uid=1000(system) ColorBalanceThr expire 4 lines
06-19 11:37:46.804  1291  1886 I chatty  : uid=1000(system) FingerPrintThre expire 11 lines
06-19 11:37:47.016  1291  2380 I chatty  : uid=1000(system) Binder:1291_C expire 4 lines
06-19 11:37:47.026  1998  1998 D KeyguardViewMediator: setLockScreenShown begin, true, seq:524363226
06-19 11:37:47.033  1998  2106 D KeyguardViewMediator: setLockScreenShown true, seq:524363226
06-19 11:37:47.068  1291  1478 I chatty  : uid=1000(system) android.display expire 1 line
06-19 11:37:47.086   914  1128 D QMI_FW  : chen-screen off: is_screen_off = 1 
06-19 11:37:47.093  1103  1204 D QMI_FW  : chen-screen off: is_screen_off = 1 
06-19 11:37:47.146  1998  1998 V KeyguardStatusView: refresh statusview showing:true
06-19 11:37:47.154  1998  1998 V KeyguardDisplayManager: show
06-19 11:38:12.507  1291  1728 I chatty  : uid=1000(system) AlarmManager expire 20 lines
06-19 11:38:38.056  1291 25913 I chatty  : uid=1000 system_server expire 1 line
06-19 11:44:05.861  1291 25937 I chatty  : uid=1000 system_server expire 1 line
06-19 11:44:09.638  1291  1416 I chatty  : uid=1000(system) ActivityManager expire 86 lines
06-19 11:44:09.727  1291  1408 I chatty  : uid=1000(system) android.bg expire 1 line
06-19 11:44:09.770  1291  2379 I chatty  : uid=1000(system) Binder:1291_B expire 11 lines
06-19 11:44:09.842  1291  2258 I chatty  : uid=1000(system) Binder:1291_6 expire 5 lines
06-19 11:44:10.466  1291  6865 I chatty  : uid=1000(system) Binder:1291_17 expire 6 lines
06-19 11:44:46.465  1291 11035 I chatty  : uid=1000(system) Binder:1291_19 expire 7 lines
06-19 11:44:46.487  1291  1886 I chatty  : uid=1000(system) FingerPrintThre expire 29 lines
06-19 11:44:46.493  1291  1420 I chatty  : uid=1000(system) batterystats-sy expire 2 lines
06-19 11:44:52.817  1291 25995 I chatty  : uid=1000 system_server expire 1 line
06-19 11:45:03.169  1291  1728 I chatty  : uid=1000(system) AlarmManager expire 33 lines
06-19 11:45:03.464  1291  1736 I chatty  : uid=1000(system) InputReader expire 2 lines
06-19 11:45:03.465  1291  1480 I chatty  : uid=1000(system) PowerManagerSer expire 12 lines
06-19 11:45:03.465  1291  1291 I chatty  : uid=1000 system_server expire 2 lines
06-19 11:45:03.467  1291  1857 I chatty  : uid=1000(system) ColorBalanceThr expire 4 lines
06-19 11:45:03.489  1291  1478 I chatty  : uid=1000(system) android.display expire 2 lines
06-19 11:45:03.507   914  1128 D QMI_FW  : chen-screen on: is_screen_off = 0 
06-19 11:45:03.512  1103  1204 D QMI_FW  : chen-screen on: is_screen_off = 0 
06-19 11:45:03.519  1291  1417 I chatty  : uid=1000(system) android.ui expire 4 lines
06-19 11:45:03.602  1291 14017 I chatty  : uid=1000(system) Binder:1291_1D expire 2 lines
06-19 11:45:04.487  1291  1964 I chatty  : uid=1000(system) HwBinder:1291_3 expire 1 line
06-19 11:45:04.535  1291  1886 I chatty  : uid=1000(system) FingerPrintThre expire 15 lines
06-19 11:45:04.552  1291  2380 I chatty  : uid=1000(system) Binder:1291_C expire 2 lines
06-19 11:45:04.847  1291  1416 I chatty  : uid=1000(system) ActivityManager expire 8 lines
06-19 11:45:04.874  1998  1998 D KeyguardViewMediator: setLockScreenShown begin, false, seq:524382248
06-19 11:45:04.884  1998  2106 D KeyguardViewMediator: setLockScreenShown false, seq:524382248
06-19 11:45:04.891  1998  1998 V KeyguardDisplayManager: hide
06-19 11:45:05.015  1291  1959 I chatty  : uid=1000(system) Binder:1291_4 expire 3 lines
06-19 11:45:05.042  1291  2862 I chatty  : uid=1000(system) Binder:1291_10 expire 3 lines
06-19 11:45:05.305  1291  1995 I chatty  : uid=1000(system) Binder:1291_5 expire 1 line
06-19 11:45:08.498  1291 26064 I chatty  : uid=1000 system_server expire 4 lines
06-19 11:45:26.112  1291 12246 I chatty  : uid=1000(system) Binder:1291_1B expire 5 lines
06-19 11:45:30.071  1291  1827 I chatty  : uid=1000(system) ConnectivitySer expire 3 lines
06-19 11:45:35.605  1291  1735 I chatty  : uid=1000(system) InputDispatcher expire 4 lines
06-19 11:45:45.001  1291  1728 I chatty  : uid=1000(system) AlarmManager expire 112 lines
06-19 11:45:45.685  1291 11035 I chatty  : uid=1000(system) Binder:1291_19 expire 5 lines
06-19 11:45:45.786  1291  1416 I chatty  : uid=1000(system) ActivityManager expire 16 lines
06-19 11:46:00.825  1291  1827 I chatty  : uid=1000(system) ConnectivitySer expire 36 lines
06-19 11:46:19.129  1291  1476 I chatty  : uid=1000(system) android.fg expire 3 lines
06-19 11:46:19.129  1291  1772 I chatty  : uid=1000(system) NetworkStats expire 9 lines
06-19 11:46:30.924  1291  1959 I chatty  : uid=1000(system) Binder:1291_4 expire 5 lines
06-19 11:46:31.005  1291  1995 I chatty  : uid=1000(system) Binder:1291_5 expire 10 lines
06-19 11:46:32.771  1291  2379 I chatty  : uid=1000(system) Binder:1291_B expire 5 lines
06-19 11:46:33.579  1291  1717 I chatty  : uid=1000(system) android.anim expire 2 lines
06-19 11:46:35.254  1291  2258 I chatty  : uid=1000(system) Binder:1291_6 expire 1 line
06-19 11:46:36.949  1291  1291 I chatty  : uid=1000 system_server expire 1 line
06-19 11:46:37.016  1291  1478 I chatty  : uid=1000(system) android.display expire 3 lines
06-19 11:47:14.494  1291  2380 I chatty  : uid=1000(system) Binder:1291_C expire 2 lines
06-19 11:47:25.744  1291  2847 I chatty  : uid=1000(system) Binder:1291_F expire 4 lines
06-19 11:47:30.129  1291  2929 I chatty  : uid=1000(system) Binder:1291_14 expire 1 line
06-19 11:47:30.129  1291  2266 I chatty  : uid=1000(system) Binder:1291_7 expire 10 lines
06-19 11:47:30.130  1291 12246 I chatty  : uid=1000(system) Binder:1291_1B expire 4 lines
06-19 11:47:33.151  1291  1415 I chatty  : uid=1000(system) EmbryoManager expire 1 line
06-19 11:47:33.480  1291  1420 I chatty  : uid=1000(system) batterystats-sy expire 2 lines
06-19 11:47:33.523  1291 26753 I chatty  : uid=1000 system_server expire 4 lines
06-19 11:48:10.101  1291  1408 I chatty  : uid=1000(system) android.bg expire 1 line
06-19 11:48:10.271 26800 26800 D ActivityThread: Loading provider com.google.android.gm.sapi: com.google.android.gm.sapi.SapiUiProvider
06-19 11:48:15.000  1291  1728 I chatty  : uid=1000(system) AlarmManager expire 16 lines
06-19 11:48:25.008  1291  2377 I chatty  : uid=1000(system) Binder:1291_9 expire 3 lines
06-19 11:48:25.254  1291  1416 I chatty  : uid=1000(system) ActivityManager expire 215 lines
06-19 11:48:38.279  1291  6167 I chatty  : uid=1000(system) Binder:1291_16 expire 12 lines
06-19 11:48:39.868  8226 27106 W ActivityThread: ClassLoader.getResources: The class loader returned by Thread.getContextClassLoader() may fail for processes that host multiple applications. You should explicitly specify a context class loader. For example: Thread.setContextClassLoader(getClass().getClassLoader());
06-19 11:48:39.999  1291  1728 I chatty  : uid=1000(system) AlarmManager expire 6 lines
06-19 11:48:40.045  1291 12246 I chatty  : uid=1000(system) Binder:1291_1B expire 1 line
06-19 11:48:40.526  1291  1478 I chatty  : uid=1000(system) android.display expire 3 lines
06-19 11:48:40.530  1291  1480 I chatty  : uid=1000(system) PowerManagerSer expire 4 lines
06-19 11:48:44.785  1291  1338 I chatty  : uid=1000(system) Binder:1291_2 expire 1 line
06-19 11:48:44.785  1291  2377 I chatty  : uid=1000(system) Binder:1291_9 expire 2 lines
06-19 11:48:44.787  1291  1827 I chatty  : uid=1000(system) ConnectivitySer expire 9 lines
06-19 11:48:44.816  1291 14724 I chatty  : uid=1000(system) Binder:1291_1E expire 4 lines
06-19 11:48:44.849  1291  2862 I chatty  : uid=1000(system) Binder:1291_10 expire 1 line
06-19 11:48:44.849  1291 14017 I chatty  : uid=1000(system) Binder:1291_1D expire 1 line
06-19 11:48:44.850  1291  1995 I chatty  : uid=1000(system) Binder:1291_5 expire 4 lines
06-19 11:48:47.830  1291  1415 I chatty  : uid=1000(system) EmbryoManager expire 3 lines
06-19 11:48:48.244  1291  1416 I chatty  : uid=1000(system) ActivityManager expire 11 lines
06-19 11:48:50.000  1291  1728 I chatty  : uid=1000(system) AlarmManager expire 22 lines
06-19 11:48:52.758  1291  6167 I chatty  : uid=1000(system) Binder:1291_16 expire 12 lines
06-19 11:48:52.851  1291  1735 I chatty  : uid=1000(system) InputDispatcher expire 1 line
06-19 11:48:52.917  1291 11093 I chatty  : uid=1000(system) Binder:1291_1A expire 2 lines
06-19 11:48:53.280  1291  1480 I chatty  : uid=1000(system) PowerManagerSer expire 4 lines
06-19 11:48:55.002  1291  1338 I chatty  : uid=1000(system) Binder:1291_2 expire 2 lines
06-19 11:48:55.208  1291  2266 I chatty  : uid=1000(system) Binder:1291_7 expire 1 line
06-19 11:48:55.583 27376 27376 D ActivityThread: Loading provider com.whatsapp.provider.contact: com.whatsapp.contact.ContactProvider
06-19 11:48:58.245  1291  1827 I chatty  : uid=1000(system) ConnectivitySer expire 16 lines
06-19 11:48:58.641  1291  1291 I chatty  : uid=1000 system_server expire 2 lines
06-19 11:48:59.125  1291  6865 I chatty  : uid=1000(system) Binder:1291_17 expire 1 line
06-19 11:48:59.361  1291  1959 I chatty  : uid=1000(system) Binder:1291_4 expire 3 lines
06-19 11:48:59.383  1291  2378 I chatty  : uid=1000(system) Binder:1291_A expire 16 lines
06-19 11:49:03.782  1291  1476 I chatty  : uid=1000(system) android.fg expire 7 lines
06-19 11:49:03.782  1291  1772 I chatty  : uid=1000(system) NetworkStats expire 18 lines
06-19 11:49:03.917  1291  2380 I chatty  : uid=1000(system) Binder:1291_C expire 4 lines
06-19 11:49:04.532  1291  8961 I chatty  : uid=1000(system) Binder:1291_18 expire 4 lines
06-19 11:49:04.625  1291  2862 I chatty  : uid=1000(system) Binder:1291_10 expire 10 lines
06-19 11:49:05.194  1291 11035 I chatty  : uid=1000(system) Binder:1291_19 expire 10 lines
06-19 11:49:06.062  1291  2377 I chatty  : uid=1000(system) Binder:1291_9 expire 8 lines
06-19 11:49:07.191  1291 14017 I chatty  : uid=1000(system) Binder:1291_1D expire 5 lines
06-19 11:49:10.528 27762 27762 W ContextImpl: Calling a method in the system process without a qualified user: android.app.ContextImpl.startService:1477 android.content.ContextWrapper.startService:645 net.oneplus.odm.insight.f.<init>:46 net.oneplus.odm.insight.f.aq:51 net.oneplus.odm.DeviceManagerService.onCreate:151 
06-19 11:49:11.737  1291  1416 I chatty  : uid=1000(system) ActivityManager expire 10 lines
06-19 11:49:14.714  1291  2379 I chatty  : uid=1000(system) Binder:1291_B expire 3 lines
06-19 11:49:15.000  1291  1728 I chatty  : uid=1000(system) AlarmManager expire 18 lines
06-19 11:49:16.186  1291  2929 I chatty  : uid=1000(system) Binder:1291_14 expire 1 line
06-19 11:49:24.160  1291  2910 I chatty  : uid=1000(system) Binder:1291_13 expire 1 line
06-19 11:49:25.791  1291  2376 I chatty  : uid=1000(system) Binder:1291_8 expire 10 lines
06-19 11:49:26.562  1291  1408 I chatty  : uid=1000(system) android.bg expire 5 lines
06-19 11:49:40.511 28380 28380 W ContextImpl: Calling a method in the system process without a qualified user: android.app.ContextImpl.startService:1477 android.content.ContextWrapper.startService:645 com.oneplus.opbackup.OTApplication.onCreate:68 android.app.Instrumentation.callApplicationOnCreate:1129 android.app.ActivityThread.handleBindApplication:6023 
06-19 11:49:40.540 28380 28380 W ContextImpl: Calling a method in the system process without a qualified user: android.app.ContextImpl.startService:1477 android.content.ContextWrapper.startService:645 com.oneplus.opbackup.service.BackupService.a:13 com.oneplus.opbackup.receiver.CheckUpdateReceiver.a:20 com.oneplus.opbackup.receiver.NetworkListenerService$a.onReceive:18 
06-19 11:49:45.000  1291  1728 I chatty  : uid=1000(system) AlarmManager expire 13 lines
06-19 11:49:45.727  1291  1827 I chatty  : uid=1000(system) ConnectivitySer expire 12 lines
06-19 11:49:47.781  1291  1772 I chatty  : uid=1000(system) NetworkStats expire 3 lines
06-19 11:50:00.460 28545 28545 W ContextImpl: Calling a method in the system process without a qualified user: android.app.ContextImpl.startService:1477 android.content.ContextWrapper.startService:645 com.qualcomm.qcrilhook.QcRilHook.<init>:154 cn.oneplus.nvbackup.OemHookManager.onCreate:39 android.app.Instrumentation.callApplicationOnCreate:1129 
06-19 11:50:00.462 28545 28545 W ContextImpl: Calling a method in the system process without a qualified user: android.app.ContextImpl.bindService:1557 android.content.ContextWrapper.bindService:679 com.qualcomm.qcrilhook.QcRilHook.<init>:156 cn.oneplus.nvbackup.OemHookManager.onCreate:39 android.app.Instrumentation.callApplicationOnCreate:1129 
06-19 11:50:05.001  1291  1728 I chatty  : uid=1000(system) AlarmManager expire 13 lines
06-19 11:50:10.027  1291  1420 I chatty  : uid=1000(system) batterystats-sy expire 2 lines
06-19 11:50:10.050  1291 28571 I chatty  : uid=1000 system_server expire 2 lines
06-19 11:50:10.390  1291  1416 I chatty  : uid=1000(system) ActivityManager expire 1 line
06-19 11:50:12.797  1291  6167 I chatty  : uid=1000(system) Binder:1291_16 expire 9 lines
06-19 11:50:13.227  1291  2377 I chatty  : uid=1000(system) Binder:1291_9 expire 6 lines
06-19 11:50:14.249 28596 28617 E ActivityThread: Failed to find provider info for com.teslacoilsw.notifier
06-19 11:50:14.252 28596 28617 I chatty  : uid=10132(com.google.android.apps.messaging) identical 1 line
06-19 11:50:14.255 28596 28617 E ActivityThread: Failed to find provider info for com.teslacoilsw.notifier
06-19 11:50:14.302  1291  2376 I chatty  : uid=1000(system) Binder:1291_8 expire 8 lines
06-19 11:50:15.000  1291  1728 I chatty  : uid=1000(system) AlarmManager expire 26 lines
06-19 11:50:20.390  1291  1416 I chatty  : uid=1000(system) ActivityManager expire 23 lines
06-19 11:50:21.817  1291  2862 I chatty  : uid=1000(system) Binder:1291_10 expire 8 lines
06-19 11:50:21.882  1291  1735 I chatty  : uid=1000(system) InputDispatcher expire 3 lines
06-19 11:50:22.629  1291  1827 I chatty  : uid=1000(system) ConnectivitySer expire 11 lines
06-19 11:50:40.495 28782 28782 W ContextImpl: Calling a method in the system process without a qualified user: android.app.ContextImpl.startService:1477 android.content.ContextWrapper.startService:645 com.oneplus.security.intercept.clean.InterceptCleanService.a:27 com.oneplus.security.SecurityApplication.a:91 com.oneplus.security.SecurityApplication.onCreate:81 
06-19 11:50:40.500 28782 28782 W ContextImpl: Calling a method in the system process without a qualified user: android.app.ContextImpl.startService:1477 android.content.ContextWrapper.startService:645 com.oneplus.security.SecureService.a:53 com.oneplus.security.SecurityApplication.a:92 com.oneplus.security.SecurityApplication.onCreate:81 
06-19 11:50:40.504 28782 28782 W ContextImpl: Calling a method in the system process without a qualified user: android.app.ContextImpl.sendBroadcast:967 android.content.ContextWrapper.sendBroadcast:432 com.oneplus.security.view.SecurityWidgetProvider.a:67 com.oneplus.security.SecurityApplication.a:107 com.oneplus.security.SecurityApplication.onCreate:81 
06-19 11:50:40.557 28782 28782 W ContextImpl: Calling a method in the system process without a qualified user: android.app.ContextImpl.sendBroadcast:967 android.content.ContextWrapper.sendBroadcast:432 com.oneplus.security.SecureService$b.onReceive:172 android.app.LoadedApk$ReceiverDispatcher$Args.lambda$-android_app_LoadedApk$ReceiverDispatcher$Args_53427:1339 android.app.-$Lambda$FilBqgnXJrN9Mgyks1XHeAxzSTk.$m$0:4 
06-19 11:50:41.269  1291  2929 I chatty  : uid=1000(system) Binder:1291_14 expire 1 line
06-19 11:50:41.560 28782 28806 W ContextImpl: Calling a method in the system process without a qualified user: android.app.ContextImpl.startService:1477 android.content.ContextWrapper.startService:645 com.oneplus.security.firewall.NetworkRestrictService.a:154 com.oneplus.security.receiver.a.e:127 com.oneplus.security.SecureService$a.handleMessage:77 
06-19 11:50:42.570  1291  1728 I chatty  : uid=1000(system) AlarmManager expire 60 lines
06-19 11:50:42.622  1291 14724 I chatty  : uid=1000(system) Binder:1291_1E expire 6 lines
06-19 11:50:43.102  1291  1415 I chatty  : uid=1000(system) EmbryoManager expire 4 lines
06-19 11:50:51.326  1291  1408 I chatty  : uid=1000(system) android.bg expire 2 lines
06-19 11:50:51.476 28914 28914 D ActivityThread: Loading provider com.google.android.gm.sapi: com.google.android.gm.sapi.SapiUiProvider
06-19 11:51:13.089  1291  2378 I chatty  : uid=1000(system) Binder:1291_A expire 3 lines
06-19 11:51:26.108  1291 17847 I chatty  : uid=1000(system) Binder:1291_20 expire 1 line
06-19 11:51:26.129  1291  1827 I chatty  : uid=1000(system) ConnectivitySer expire 28 lines
06-19 11:51:26.499  1291  1478 I chatty  : uid=1000(system) android.display expire 4 lines
06-19 11:51:26.508  1291  1291 I chatty  : uid=1000 system_server expire 13 lines
06-19 11:51:27.453  1291  2846 I chatty  : uid=1000(system) Binder:1291_E expire 3 lines
06-19 11:51:27.541  1291  1742 I chatty  : uid=1000(system) Binder:1291_3 expire 6 lines
06-19 11:51:28.643  1291  2379 I chatty  : uid=1000(system) Binder:1291_B expire 1 line
06-19 11:51:29.076  1291  2258 I chatty  : uid=1000(system) Binder:1291_6 expire 1 line
06-19 11:51:29.077  1291  2847 I chatty  : uid=1000(system) Binder:1291_F expire 1 line
06-19 11:51:29.078  1291  6865 I chatty  : uid=1000(system) Binder:1291_17 expire 3 lines
06-19 11:51:29.451  1291  2910 I chatty  : uid=1000(system) Binder:1291_13 expire 8 lines
06-19 11:51:29.734  1291  1717 I chatty  : uid=1000(system) android.anim expire 2 lines
06-19 11:51:30.071  1291  1328 I chatty  : uid=1000(system) Binder:1291_1 expire 6 lines
06-19 11:51:30.229  1291  2863 I chatty  : uid=1000(system) Binder:1291_11 expire 3 lines
06-19 11:51:31.572  1291  4255 I chatty  : uid=1000(system) Binder:1291_15 expire 11 lines
06-19 11:51:49.054  1291  1728 I chatty  : uid=1000(system) AlarmManager expire 26 lines
06-19 11:51:50.159  1291  1476 I chatty  : uid=1000(system) android.fg expire 1 line
06-19 11:51:50.159  1291  1772 I chatty  : uid=1000(system) NetworkStats expire 3 lines
06-19 11:51:52.327  1291  1291 I chatty  : uid=1000 system_server expire 4 lines
06-19 11:51:52.368  1291  1420 I chatty  : uid=1000(system) batterystats-sy expire 2 lines
06-19 11:51:52.394  1291 29882 I chatty  : uid=1000 system_server expire 5 lines
06-19 11:51:58.491  1291  1416 I chatty  : uid=1000(system) ActivityManager expire 22 lines
06-19 11:51:58.635  1291  2378 I chatty  : uid=1000(system) Binder:1291_A expire 1 line
06-19 11:51:59.030  1291  8961 I chatty  : uid=1000(system) Binder:1291_18 expire 7 lines
06-19 11:51:59.297  1291  2863 I chatty  : uid=1000(system) Binder:1291_11 expire 5 lines
06-19 11:51:59.528  1291  2376 I chatty  : uid=1000(system) Binder:1291_8 expire 12 lines
06-19 11:51:59.975  1291  1827 I chatty  : uid=1000(system) ConnectivitySer expire 10 lines
06-19 11:52:00.934  1291  1742 I chatty  : uid=1000(system) Binder:1291_3 expire 9 lines
06-19 11:52:00.942  1291  1478 I chatty  : uid=1000(system) android.display expire 3 lines
06-19 11:52:03.960  1291  1415 I chatty  : uid=1000(system) EmbryoManager expire 3 lines
06-19 11:52:13.388  1291 12786 I chatty  : uid=1000(system) Binder:1291_1C expire 3 lines
06-19 11:52:17.790  1291  2846 I chatty  : uid=1000(system) Binder:1291_E expire 5 lines
06-19 11:52:18.595 30380 30380 W ContextImpl: Calling a method in the system process without a qualified user: android.app.ContextImpl.startService:1477 android.content.ContextWrapper.startService:645 net.oneplus.odm.insight.f.<init>:46 net.oneplus.odm.insight.f.aq:51 net.oneplus.odm.DeviceManagerService.onCreate:151 
06-19 11:52:20.001  1291  1728 I chatty  : uid=1000(system) AlarmManager expire 25 lines
06-19 11:52:20.046  1291 11093 I chatty  : uid=1000(system) Binder:1291_1A expire 8 lines
06-19 11:52:20.085  1291  1959 I chatty  : uid=1000(system) Binder:1291_4 expire 1 line
06-19 11:52:20.085  1291  1827 I chatty  : uid=1000(system) ConnectivitySer expire 17 lines
06-19 11:52:39.168  1291  6865 I chatty  : uid=1000(system) Binder:1291_17 expire 7 lines
06-19 11:52:40.202  1291 12246 I chatty  : uid=1000(system) Binder:1291_1B expire 7 lines
06-19 11:52:44.697  1291  1735 I chatty  : uid=1000(system) InputDispatcher expire 1 line
06-19 11:52:44.745  1291 17713 I chatty  : uid=1000(system) Binder:1291_1F expire 1 line
06-19 11:52:45.709  1291  1717 I chatty  : uid=1000(system) android.anim expire 1 line
06-19 11:52:45.769  1291  2929 I chatty  : uid=1000(system) Binder:1291_14 expire 1 line
06-19 11:52:48.615 30536 30536 W ContextImpl: Calling a method in the system process without a qualified user: android.app.ContextImpl.startService:1477 android.content.ContextWrapper.startService:645 com.oneplus.opbackup.OTApplication.onCreate:68 android.app.Instrumentation.callApplicationOnCreate:1129 android.app.ActivityThread.handleBindApplication:6023 
06-19 11:52:48.645  1291  1728 I chatty  : uid=1000(system) AlarmManager expire 20 lines
06-19 11:52:48.651 30536 30536 W ContextImpl: Calling a method in the system process without a qualified user: android.app.ContextImpl.startService:1477 android.content.ContextWrapper.startService:645 com.oneplus.opbackup.service.BackupService.a:13 com.oneplus.opbackup.receiver.CheckUpdateReceiver.a:20 com.oneplus.opbackup.receiver.NetworkListenerService$a.onReceive:18 
06-19 11:52:51.657  1291  1416 I chatty  : uid=1000(system) ActivityManager expire 4 lines
06-19 11:52:51.778 30566 30566 W ContextImpl: Calling a method in the system process without a qualified user: android.app.ContextImpl.startService:1477 android.content.ContextWrapper.startService:645 com.oneplus.security.intercept.clean.InterceptCleanService.a:27 com.oneplus.security.SecurityApplication.a:91 com.oneplus.security.SecurityApplication.onCreate:81 
06-19 11:52:51.781 30566 30566 W ContextImpl: Calling a method in the system process without a qualified user: android.app.ContextImpl.startService:1477 android.content.ContextWrapper.startService:645 com.oneplus.security.SecureService.a:53 com.oneplus.security.SecurityApplication.a:92 com.oneplus.security.SecurityApplication.onCreate:81 
06-19 11:52:51.784 30566 30566 W ContextImpl: Calling a method in the system process without a qualified user: android.app.ContextImpl.sendBroadcast:967 android.content.ContextWrapper.sendBroadcast:432 com.oneplus.security.view.SecurityWidgetProvider.a:67 com.oneplus.security.SecurityApplication.a:107 com.oneplus.security.SecurityApplication.onCreate:81 
06-19 11:52:51.825 30566 30566 W ContextImpl: Calling a method in the system process without a qualified user: android.app.ContextImpl.sendBroadcast:967 android.content.ContextWrapper.sendBroadcast:432 com.oneplus.security.SecureService$b.onReceive:172 android.app.LoadedApk$ReceiverDispatcher$Args.lambda$-android_app_LoadedApk$ReceiverDispatcher$Args_53427:1339 android.app.-$Lambda$FilBqgnXJrN9Mgyks1XHeAxzSTk.$m$0:4 
06-19 11:52:52.828 30566 30592 W ContextImpl: Calling a method in the system process without a qualified user: android.app.ContextImpl.startService:1477 android.content.ContextWrapper.startService:645 com.oneplus.security.firewall.NetworkRestrictService.a:154 com.oneplus.security.receiver.a.e:127 com.oneplus.security.SecureService$a.handleMessage:77 
06-19 11:53:08.568 30638 30638 W ContextImpl: Calling a method in the system process without a qualified user: android.app.ContextImpl.startService:1477 android.content.ContextWrapper.startService:645 com.qualcomm.qcrilhook.QcRilHook.<init>:154 cn.oneplus.nvbackup.OemHookManager.onCreate:39 android.app.Instrumentation.callApplicationOnCreate:1129 
06-19 11:53:08.571 30638 30638 W ContextImpl: Calling a method in the system process without a qualified user: android.app.ContextImpl.bindService:1557 android.content.ContextWrapper.bindService:679 com.qualcomm.qcrilhook.QcRilHook.<init>:156 cn.oneplus.nvbackup.OemHookManager.onCreate:39 android.app.Instrumentation.callApplicationOnCreate:1129 
06-19 11:53:08.721  1291  1728 I chatty  : uid=1000(system) AlarmManager expire 180 lines
06-19 11:54:16.570  1291  1408 I chatty  : uid=1000(system) android.bg expire 2 lines
06-19 11:55:13.369  1291  1416 I chatty  : uid=1000(system) ActivityManager expire 9 lines
06-19 11:55:13.917  1291  2846 I chatty  : uid=1000(system) Binder:1291_E expire 1 line
06-19 11:55:13.918  1291  1827 I chatty  : uid=1000(system) ConnectivitySer expire 21 lines
06-19 11:55:41.122  1291  1291 I chatty  : uid=1000 system_server expire 1 line
06-19 11:55:41.135  1291  1420 I chatty  : uid=1000(system) batterystats-sy expire 6 lines
06-19 11:55:41.178  1291 30903 I chatty  : uid=1000 system_server expire 2 lines
06-19 11:56:39.251  1291  1772 I chatty  : uid=1000(system) NetworkStats expire 2 lines
06-19 11:56:54.769  1291 11093 I chatty  : uid=1000(system) Binder:1291_1A expire 1 line
06-19 11:57:18.759  1291  6167 I chatty  : uid=1000(system) Binder:1291_16 expire 1 line
06-19 11:57:36.973  1291  8961 I chatty  : uid=1000(system) Binder:1291_18 expire 2 lines
06-19 11:57:37.189 31027 31027 D ActivityThread: Loading provider com.google.android.gm.sapi: com.google.android.gm.sapi.SapiUiProvider
06-19 11:57:37.869  1291 12246 I chatty  : uid=1000(system) Binder:1291_1B expire 3 lines
06-19 11:57:37.872  1291  1478 I chatty  : uid=1000(system) android.display expire 1 line
06-19 11:57:39.069  1291  2909 I chatty  : uid=1000(system) Binder:1291_12 expire 2 lines
06-19 11:57:39.475  1291  1728 I chatty  : uid=1000(system) AlarmManager expire 49 lines
06-19 11:58:00.142  1291  1338 I chatty  : uid=1000(system) Binder:1291_2 expire 1 line
06-19 11:58:00.161  1291  2847 I chatty  : uid=1000(system) Binder:1291_F expire 1 line
06-19 11:58:00.162  1291  1959 I chatty  : uid=1000(system) Binder:1291_4 expire 3 lines
06-19 11:58:03.201  1291  1415 I chatty  : uid=1000(system) EmbryoManager expire 1 line
06-19 11:58:57.706  1291  1717 I chatty  : uid=1000(system) android.anim expire 2 lines
06-19 11:58:59.100  1291  2910 I chatty  : uid=1000(system) Binder:1291_13 expire 2 lines
06-19 11:58:59.129  1291  1416 I chatty  : uid=1000(system) ActivityManager expire 16 lines
06-19 11:58:59.160  1291  1827 I chatty  : uid=1000(system) ConnectivitySer expire 14 lines
06-19 11:59:00.000  1291  1728 I chatty  : uid=1000(system) AlarmManager expire 60 lines
06-19 11:59:00.439  1291  2929 I chatty  : uid=1000(system) Binder:1291_14 expire 2 lines
06-19 11:59:01.041  1291  1291 I chatty  : uid=1000 system_server expire 9 lines
06-19 11:59:01.071  1291  1478 I chatty  : uid=1000(system) android.display expire 4 lines
06-19 11:59:01.794  1291  1338 I chatty  : uid=1000(system) Binder:1291_2 expire 9 lines
06-19 11:59:01.813  1291  2847 I chatty  : uid=1000(system) Binder:1291_F expire 1 line
06-19 11:59:02.028  1291 12246 I chatty  : uid=1000(system) Binder:1291_1B expire 9 lines
06-19 11:59:27.880  1291 14017 I chatty  : uid=1000(system) Binder:1291_1D expire 1 line
06-19 11:59:27.966  1291  1408 I chatty  : uid=1000(system) android.bg expire 4 lines
06-19 11:59:47.968  1291  1420 I chatty  : uid=1000(system) batterystats-sy expire 4 lines
06-19 12:00:04.623  1291 31669 I chatty  : uid=1000 system_server expire 1 line
06-19 12:00:05.056 31671 31671 E ActivityThread: Failed to find provider info for com.opera.minisettingsmocker
06-19 12:00:05.153 31694 31694 D ActivityThread: Loading provider com.whatsapp.provider.contact: com.whatsapp.contact.ContactProvider
06-19 12:00:05.221  1291  2862 I chatty  : uid=1000(system) Binder:1291_10 expire 11 lines
06-19 12:00:05.247  1291  1827 I chatty  : uid=1000(system) ConnectivitySer expire 13 lines
06-19 12:00:05.308  1291 17713 I chatty  : uid=1000(system) Binder:1291_1F expire 4 lines
06-19 12:00:05.419  1291  1736 I chatty  : uid=1000(system) InputReader expire 2 lines
06-19 12:00:05.419  1291  1480 I chatty  : uid=1000(system) PowerManagerSer expire 13 lines
06-19 12:00:05.420  1291  1857 I chatty  : uid=1000(system) ColorBalanceThr expire 4 lines
06-19 12:00:05.477  1291  2378 I chatty  : uid=1000(system) Binder:1291_A expire 9 lines
06-19 12:00:05.481  1291  1886 I chatty  : uid=1000(system) FingerPrintThre expire 7 lines
06-19 12:00:05.746  1998  1998 D KeyguardViewMediator: setLockScreenShown begin, true, seq:525283119
06-19 12:00:05.794  1998  2106 D KeyguardViewMediator: setLockScreenShown true, seq:525283119
06-19 12:00:05.801  1291 11035 I chatty  : uid=1000(system) Binder:1291_19 expire 7 lines
06-19 12:00:05.817  1103  1204 D QMI_FW  : chen-screen off: is_screen_off = 1 
06-19 12:00:05.817   914  1128 D QMI_FW  : chen-screen off: is_screen_off = 1 
06-19 12:00:05.892  1291  1728 I chatty  : uid=1000(system) AlarmManager expire 5 lines
06-19 12:00:05.946  1998  1998 V KeyguardStatusView: refresh statusview showing:true
06-19 12:00:05.954  1998  1998 V KeyguardDisplayManager: show
06-19 12:00:06.625  1291  6167 I chatty  : uid=1000(system) Binder:1291_16 expire 13 lines
06-19 12:00:07.071  1291 12786 I chatty  : uid=1000(system) Binder:1291_1C expire 4 lines
06-19 12:00:08.348  1291  2834 I chatty  : uid=1000(system) Binder:1291_D expire 8 lines
06-19 12:00:08.440  1291 11093 I chatty  : uid=1000(system) Binder:1291_1A expire 3 lines
06-19 12:00:09.653  1291  6865 I chatty  : uid=1000(system) Binder:1291_17 expire 4 lines
06-19 12:00:09.732  1291  2377 I chatty  : uid=1000(system) Binder:1291_9 expire 3 lines
06-19 12:00:10.132  1291  1476 I chatty  : uid=1000(system) android.fg expire 1 line
06-19 12:00:10.137  1291  1772 I chatty  : uid=1000(system) NetworkStats expire 3 lines
06-19 12:00:10.662  1291  2846 I chatty  : uid=1000(system) Binder:1291_E expire 1 line
06-19 12:00:10.987  1291  2376 I chatty  : uid=1000(system) Binder:1291_8 expire 1 line
06-19 12:00:11.346  1291  2380 I chatty  : uid=1000(system) Binder:1291_C expire 5 lines
06-19 12:00:11.814  1291  1827 I chatty  : uid=1000(system) ConnectivitySer expire 26 lines
06-19 12:00:11.847 31671 31671 E ActivityThread: Failed to find provider info for com.opera.branding.BrandingProvider
06-19 12:00:12.168  1291  2929 I chatty  : uid=1000(system) Binder:1291_14 expire 8 lines
06-19 12:00:12.435  1291  6167 I chatty  : uid=1000(system) Binder:1291_16 expire 5 lines
06-19 12:00:13.053  1291  2376 I chatty  : uid=1000(system) Binder:1291_8 expire 5 lines
06-19 12:00:13.298  1291  1291 I chatty  : uid=1000 system_server expire 7 lines
06-19 12:00:13.897  1291  1338 I chatty  : uid=1000(system) Binder:1291_2 expire 5 lines
06-19 12:00:14.888  1291  1415 I chatty  : uid=1000(system) EmbryoManager expire 10 lines
06-19 12:00:15.206  1291  4255 I chatty  : uid=1000(system) Binder:1291_15 expire 8 lines
06-19 12:00:15.392  1044  1172 E ActivityThread: Failed to find provider info for com.teslacoilsw.notifier
06-19 12:00:15.412  1044  1172 I chatty  : uid=10132(com.google.android.apps.messaging) identical 1 line
06-19 12:00:15.455  1044  1172 E ActivityThread: Failed to find provider info for com.teslacoilsw.notifier
06-19 12:00:15.562  1291  1416 I chatty  : uid=1000(system) ActivityManager expire 10 lines
06-19 12:00:16.109  1291 12786 I chatty  : uid=1000(system) Binder:1291_1C expire 2 lines
06-19 12:00:17.005  1291  2862 I chatty  : uid=1000(system) Binder:1291_10 expire 2 lines
06-19 12:00:17.379  1291 17713 I chatty  : uid=1000(system) Binder:1291_1F expire 5 lines
06-19 12:00:17.848  1291  1742 I chatty  : uid=1000(system) Binder:1291_3 expire 9 lines
06-19 12:00:19.651  1291  6865 I chatty  : uid=1000(system) Binder:1291_17 expire 4 lines
06-19 12:00:21.626  1291  1728 I chatty  : uid=1000(system) AlarmManager expire 10 lines
06-19 12:00:21.822  1291  2266 I chatty  : uid=1000(system) Binder:1291_7 expire 5 lines
06-19 12:00:22.232  1291  2909 I chatty  : uid=1000(system) Binder:1291_12 expire 6 lines
06-19 12:00:22.277  1291  2834 I chatty  : uid=1000(system) Binder:1291_D expire 6 lines
06-19 12:00:24.901  1291  1420 I chatty  : uid=1000(system) batterystats-sy expire 8 lines
06-19 12:00:24.902  1291  2573 I chatty  : uid=1000(system) backup expire 30 lines
06-19 12:00:24.917   914  1128 D QMI_FW  : chen-screen on: is_screen_off = 0 
06-19 12:00:24.921  1103  1204 D QMI_FW  : chen-screen on: is_screen_off = 0 
06-19 12:00:25.363  1291  1417 I chatty  : uid=1000(system) android.ui expire 1 line
06-19 12:00:27.614  1291 11035 I chatty  : uid=1000(system) Binder:1291_19 expire 6 lines
06-19 12:00:27.893  1291  2863 I chatty  : uid=1000(system) Binder:1291_11 expire 1 line
06-19 12:00:28.152  1291  2910 I chatty  : uid=1000(system) Binder:1291_13 expire 2 lines
06-19 12:00:28.485  1291  1959 I chatty  : uid=1000(system) Binder:1291_4 expire 1 line
06-19 12:00:31.598  1291  2847 I chatty  : uid=1000(system) Binder:1291_F expire 2 lines
06-19 12:00:32.240  1291  1827 I chatty  : uid=1000(system) ConnectivitySer expire 11 lines
06-19 12:00:32.261  1291  2379 I chatty  : uid=1000(system) Binder:1291_B expire 4 lines
06-19 12:00:58.831  2562  2562 W ContextImpl: Calling a method in the system process without a qualified user: android.app.ContextImpl.startService:1477 android.content.ContextWrapper.startService:645 net.oneplus.odm.insight.f.<init>:46 net.oneplus.odm.insight.f.aq:51 net.oneplus.odm.DeviceManagerService.onCreate:151 
06-19 12:01:03.728  1291  1328 I chatty  : uid=1000(system) Binder:1291_1 expire 8 lines
06-19 12:01:09.239   473   477 D VoldCryptCmdListener: cryptfs getpwtype
06-19 12:01:09.242  1291  1741 I chatty  : uid=1000(system) CryptdConnector expire 1 line
06-19 12:01:10.068  1291  1415 I chatty  : uid=1000(system) EmbryoManager expire 2 lines
06-19 12:01:17.641  1291  8961 I chatty  : uid=1000(system) Binder:1291_18 expire 1 line
06-19 12:01:18.749  1291  1416 I chatty  : uid=1000(system) ActivityManager expire 10 lines
06-19 12:01:18.857  2720  2720 W ContextImpl: Calling a method in the system process without a qualified user: android.app.ContextImpl.startService:1477 android.content.ContextWrapper.startService:645 com.oneplus.opbackup.OTApplication.onCreate:68 android.app.Instrumentation.callApplicationOnCreate:1129 android.app.ActivityThread.handleBindApplication:6023 
06-19 12:01:18.884  2720  2720 W ContextImpl: Calling a method in the system process without a qualified user: android.app.ContextImpl.startService:1477 android.content.ContextWrapper.startService:645 com.oneplus.opbackup.service.BackupService.a:13 com.oneplus.opbackup.receiver.CheckUpdateReceiver.a:20 com.oneplus.opbackup.receiver.NetworkListenerService$a.onReceive:18 
06-19 12:01:23.031  1291  1728 I chatty  : uid=1000(system) AlarmManager expire 12 lines
06-19 12:01:38.382  1291 14724 I chatty  : uid=1000(system) Binder:1291_1E expire 6 lines
06-19 12:01:38.699  1291 14017 I chatty  : uid=1000(system) Binder:1291_1D expire 2 lines
06-19 12:01:38.699  1291  1827 I chatty  : uid=1000(system) ConnectivitySer expire 11 lines
06-19 12:01:38.846  2801  2801 W ContextImpl: Calling a method in the system process without a qualified user: android.app.ContextImpl.startService:1477 android.content.ContextWrapper.startService:645 com.oneplus.security.intercept.clean.InterceptCleanService.a:27 com.oneplus.security.SecurityApplication.a:91 com.oneplus.security.SecurityApplication.onCreate:81 
06-19 12:01:38.851  2801  2801 W ContextImpl: Calling a method in the system process without a qualified user: android.app.ContextImpl.startService:1477 android.content.ContextWrapper.startService:645 com.oneplus.security.SecureService.a:53 com.oneplus.security.SecurityApplication.a:92 com.oneplus.security.SecurityApplication.onCreate:81 
06-19 12:01:38.860  2801  2801 W ContextImpl: Calling a method in the system process without a qualified user: android.app.ContextImpl.sendBroadcast:967 android.content.ContextWrapper.sendBroadcast:432 com.oneplus.security.view.SecurityWidgetProvider.a:67 com.oneplus.security.SecurityApplication.a:107 com.oneplus.security.SecurityApplication.onCreate:81 
