06-19 17:06:45.271  1291  1729 I chatty  : uid=1000(system) UEventObserver expire 2 lines
06-19 17:06:45.323  1291  1476 I chatty  : uid=1000(system) android.fg expire 2 lines
06-19 17:06:45.389  1291  1480 I chatty  : uid=1000(system) PowerManagerSer expire 19 lines
06-19 17:06:45.630  1291  1416 I chatty  : uid=1000(system) ActivityManager expire 3 lines
06-19 17:06:47.343  1291  1857 I chatty  : uid=1000(system) ColorBalanceThr expire 4 lines
06-19 17:06:47.625  1291  2266 I chatty  : uid=1000(system) Binder:1291_7 expire 10 lines
06-19 17:06:53.482  1291  1416 I chatty  : uid=1000(system) ActivityManager expire 11 lines
06-19 17:06:53.628  1291  2258 I chatty  : uid=1000(system) Binder:1291_6 expire 9 lines
06-19 17:06:53.863  1291 12246 I chatty  : uid=1000(system) Binder:1291_1B expire 3 lines
06-19 17:06:55.151  1291 12786 I chatty  : uid=1000(system) Binder:1291_1C expire 10 lines
06-19 17:06:55.152  1291  1827 I chatty  : uid=1000(system) ConnectivitySer expire 19 lines
06-19 17:07:00.000  1291  1728 I chatty  : uid=1000(system) AlarmManager expire 19 lines
06-19 17:07:11.127  1291  2847 I chatty  : uid=1000(system) Binder:1291_F expire 1 line
06-19 17:07:11.143  1291  1995 I chatty  : uid=1000(system) Binder:1291_5 expire 11 lines
06-19 17:07:12.172  1291  1415 I chatty  : uid=1000(system) EmbryoManager expire 7 lines
06-19 17:07:15.519  1291 14017 I chatty  : uid=1000(system) Binder:1291_1D expire 4 lines
06-19 17:07:15.601  1291  2846 I chatty  : uid=1000(system) Binder:1291_E expire 11 lines
06-19 17:07:21.359  1291  1490 I chatty  : uid=1000(system) PackageManager expire 8 lines
06-19 17:07:22.745  1291  2929 I chatty  : uid=1000(system) Binder:1291_14 expire 3 lines
06-19 17:07:22.752  1291  2863 I chatty  : uid=1000(system) Binder:1291_11 expire 9 lines
06-19 17:07:22.757  1291  1478 I chatty  : uid=1000(system) android.display expire 3 lines
06-19 17:07:23.762  1291  1291 I chatty  : uid=1000 system_server expire 5 lines
06-19 17:07:25.196  1291  1408 I chatty  : uid=1000(system) android.bg expire 6 lines
06-19 17:07:26.308  1291  2862 I chatty  : uid=1000(system) Binder:1291_10 expire 1 line
06-19 17:07:26.519 10838 10838 E ActivityThread: Failed to find provider info for com.opera.minisettingsmocker
06-19 17:07:26.594  1291 12786 I chatty  : uid=1000(system) Binder:1291_1C expire 1 line
06-19 17:07:26.594  1291  1827 I chatty  : uid=1000(system) ConnectivitySer expire 11 lines
06-19 17:07:26.691  1291  1995 I chatty  : uid=1000(system) Binder:1291_5 expire 2 lines
06-19 17:07:26.692  1291  1416 I chatty  : uid=1000(system) ActivityManager expire 10 lines
06-19 17:07:26.748  1291 14724 I chatty  : uid=1000(system) Binder:1291_1E expire 1 line
06-19 17:07:27.310  1291  2573 I chatty  : uid=1000(system) backup expire 1 line
06-19 17:07:29.703  1291  1338 I chatty  : uid=1000(system) Binder:1291_2 expire 1 line
06-19 17:07:29.729  1291  8961 I chatty  : uid=1000(system) Binder:1291_18 expire 2 lines
06-19 17:07:31.498  1291  1328 I chatty  : uid=1000(system) Binder:1291_1 expire 1 line
06-19 17:07:45.505  1291  2910 I chatty  : uid=1000(system) Binder:1291_13 expire 10 lines
06-19 17:07:45.540  1291  2380 I chatty  : uid=1000(system) Binder:1291_C expire 6 lines
06-19 17:07:45.589  1291  2378 I chatty  : uid=1000(system) Binder:1291_A expire 1 line
06-19 17:08:47.737  1291 17847 I chatty  : uid=1000(system) Binder:1291_20 expire 5 lines
06-19 17:08:47.853  1291  1420 I chatty  : uid=1000(system) batterystats-sy expire 2 lines
06-19 17:09:01.795  1291  1736 I chatty  : uid=1000(system) InputReader expire 4 lines
06-19 17:09:01.796  1291  1480 I chatty  : uid=1000(system) PowerManagerSer expire 21 lines
06-19 17:09:01.796  1291  1857 I chatty  : uid=1000(system) ColorBalanceThr expire 8 lines
06-19 17:09:01.802  1291  1959 I chatty  : uid=1000(system) Binder:1291_4 expire 6 lines
06-19 17:09:01.803  1291  1417 I chatty  : uid=1000(system) android.ui expire 4 lines
06-19 17:09:04.926  1998  1998 D KeyguardViewMediator: setLockScreenShown begin, false, seq:539881258
06-19 17:09:04.934  1291  1886 I chatty  : uid=1000(system) FingerPrintThre expire 11 lines
06-19 17:09:04.935  1998  1998 V KeyguardDisplayManager: hide
06-19 17:09:04.953  1998  2106 D KeyguardViewMediator: setLockScreenShown false, seq:539881258
06-19 17:09:05.024  1291  2266 I chatty  : uid=1000(system) Binder:1291_7 expire 1 line
06-19 17:09:06.099  1291  1735 I chatty  : uid=1000(system) InputDispatcher expire 2 lines
06-19 17:09:11.718  1291  1480 I chatty  : uid=1000(system) PowerManagerSer expire 35 lines
06-19 17:09:11.718  1291  1478 I chatty  : uid=1000(system) android.display expire 6 lines
06-19 17:09:11.719  1291  1291 I chatty  : uid=1000 system_server expire 10 lines
06-19 17:09:11.721  1291  2910 I chatty  : uid=1000(system) Binder:1291_13 expire 9 lines
06-19 17:09:11.733  1291  2863 I chatty  : uid=1000(system) Binder:1291_11 expire 1 line
06-19 17:09:11.740  1998  1998 D KeyguardViewMediator: setLockScreenShown begin, true, seq:539888073
06-19 17:09:11.742  1998  2106 D KeyguardViewMediator: setLockScreenShown true, seq:539888073
06-19 17:09:11.828  1291  2846 I chatty  : uid=1000(system) Binder:1291_E expire 10 lines
06-19 17:09:11.839  1998  1998 V KeyguardStatusView: refresh statusview showing:true
06-19 17:09:11.851  1998  1998 V KeyguardDisplayManager: show
06-19 17:09:13.230  1291  2266 I chatty  : uid=1000(system) Binder:1291_7 expire 12 lines
06-19 17:09:13.239  1291  1886 I chatty  : uid=1000(system) FingerPrintThre expire 11 lines
06-19 17:09:20.096  1291  1728 I chatty  : uid=1000(system) AlarmManager expire 30 lines
06-19 17:09:25.328  1291  1729 I chatty  : uid=1000(system) UEventObserver expire 1 line
06-19 17:09:25.389  1291  1857 I chatty  : uid=1000(system) ColorBalanceThr expire 12 lines
06-19 17:09:25.424  1291  1420 I chatty  : uid=1000(system) batterystats-sy expire 19 lines
06-19 17:09:25.445  1291  1417 I chatty  : uid=1000(system) android.ui expire 8 lines
06-19 17:09:25.574  1291 17847 I chatty  : uid=1000(system) Binder:1291_20 expire 6 lines
06-19 17:09:26.330  1291  1476 I chatty  : uid=1000(system) android.fg expire 5 lines
06-19 17:09:34.646  1291  1827 I chatty  : uid=1000(system) ConnectivitySer expire 18 lines
06-19 17:09:35.725   914  1128 D QMI_FW  : chen-screen off: is_screen_off = 1 
06-19 17:09:35.735  1103  1204 D QMI_FW  : chen-screen off: is_screen_off = 1 
06-19 17:09:35.738  1291  1886 I chatty  : uid=1000(system) FingerPrintThre expire 11 lines
06-19 17:09:35.762  1291  1959 I chatty  : uid=1000(system) Binder:1291_4 expire 2 lines
06-19 17:09:36.000  1291  1480 I chatty  : uid=1000(system) PowerManagerSer expire 15 lines
06-19 17:09:43.480  1291  1416 I chatty  : uid=1000(system) ActivityManager expire 2 lines
06-19 17:09:43.493  1291  2378 I chatty  : uid=1000(system) Binder:1291_A expire 8 lines
06-19 17:09:47.546  1291 11395 I chatty  : uid=1000 system_server expire 3 lines
06-19 17:13:33.551  1291 11504 I chatty  : uid=1000(system) pool-16-thread- expire 1 line
06-19 17:14:39.265  1291 11610 I chatty  : uid=1000 system_server expire 4 lines
06-19 17:15:13.515  1291  1408 I chatty  : uid=1000(system) android.bg expire 1 line
06-19 17:15:13.595  1291 14017 I chatty  : uid=1000(system) Binder:1291_1D expire 4 lines
06-19 17:16:50.266  1291  1415 I chatty  : uid=1000(system) EmbryoManager expire 1 line
06-19 17:16:51.197  1291  1736 I chatty  : uid=1000(system) InputReader expire 2 lines
06-19 17:16:51.278   914  1128 D QMI_FW  : chen-screen on: is_screen_off = 0 
06-19 17:16:51.279  1103  1204 D QMI_FW  : chen-screen on: is_screen_off = 0 
06-19 17:16:51.346  1291  1827 I chatty  : uid=1000(system) ConnectivitySer expire 5 lines
06-19 17:16:51.360  1291 12786 I chatty  : uid=1000(system) Binder:1291_1C expire 1 line
06-19 17:16:51.407  1291  6167 I chatty  : uid=1000(system) Binder:1291_16 expire 1 line
06-19 17:16:51.787  1291  1728 I chatty  : uid=1000(system) AlarmManager expire 1 line
06-19 17:16:51.942  1291  1964 I chatty  : uid=1000(system) HwBinder:1291_3 expire 2 lines
06-19 17:16:51.959  1998  1998 W FingerprintManager: Invalid acquired message: 1000, 0
06-19 17:16:52.106  1291  1886 I chatty  : uid=1000(system) FingerPrintThre expire 22 lines
06-19 17:16:52.136  1291  1959 I chatty  : uid=1000(system) Binder:1291_4 expire 4 lines
06-19 17:16:52.136  1291  1417 I chatty  : uid=1000(system) android.ui expire 1 line
06-19 17:16:52.397  1291 14017 I chatty  : uid=1000(system) Binder:1291_1D expire 6 lines
06-19 17:16:52.398  1291  1416 I chatty  : uid=1000(system) ActivityManager expire 6 lines
06-19 17:16:52.417  1998  1998 D KeyguardViewMediator: setLockScreenShown begin, false, seq:539934466
06-19 17:16:52.426  1998  2106 D KeyguardViewMediator: setLockScreenShown false, seq:539934466
06-19 17:16:52.427  1291  6167 I chatty  : uid=1000(system) Binder:1291_16 expire 4 lines
06-19 17:16:52.429  1998  1998 V KeyguardDisplayManager: hide
06-19 17:16:52.685  1291  2266 I chatty  : uid=1000(system) Binder:1291_7 expire 4 lines
06-19 17:16:52.963  1291 11875 I chatty  : uid=1000 system_server expire 2 lines
06-19 17:16:53.877  1291 12786 I chatty  : uid=1000(system) Binder:1291_1C expire 3 lines
06-19 17:16:53.877  1291  1827 I chatty  : uid=1000(system) ConnectivitySer expire 53 lines
06-19 17:17:00.000  1291  1728 I chatty  : uid=1000(system) AlarmManager expire 53 lines
06-19 17:17:09.687  1291  2846 I chatty  : uid=1000(system) Binder:1291_E expire 1 line
06-19 17:17:09.699  1291  2910 I chatty  : uid=1000(system) Binder:1291_13 expire 3 lines
06-19 17:17:12.721  1291  1415 I chatty  : uid=1000(system) EmbryoManager expire 1 line
06-19 17:17:12.789  1291  1736 I chatty  : uid=1000(system) InputReader expire 2 lines
06-19 17:17:12.790  1291  1480 I chatty  : uid=1000(system) PowerManagerSer expire 13 lines
06-19 17:17:12.790  1291  1857 I chatty  : uid=1000(system) ColorBalanceThr expire 4 lines
06-19 17:17:12.831  1291  1291 I chatty  : uid=1000 system_server expire 7 lines
06-19 17:17:12.849  1291  1328 I chatty  : uid=1000(system) Binder:1291_1 expire 10 lines
06-19 17:17:13.104  1998  1998 D KeyguardViewMediator: setLockScreenShown begin, true, seq:539955154
06-19 17:17:13.106  1291  1478 I chatty  : uid=1000(system) android.display expire 1 line
06-19 17:17:13.120  1998  2106 D KeyguardViewMediator: setLockScreenShown true, seq:539955154
06-19 17:17:13.127   914  1128 D QMI_FW  : chen-screen off: is_screen_off = 1 
06-19 17:17:13.131  1103  1204 D QMI_FW  : chen-screen off: is_screen_off = 1 
06-19 17:17:13.195  1291  2862 I chatty  : uid=1000(system) Binder:1291_10 expire 2 lines
06-19 17:17:13.265  1998  1998 V KeyguardStatusView: refresh statusview showing:true
06-19 17:17:13.278  1998  1998 V KeyguardDisplayManager: show
06-19 17:17:21.042  1291 12162 I chatty  : uid=1000 system_server expire 2 lines
06-19 17:17:28.577  1291  1420 I chatty  : uid=1000(system) batterystats-sy expire 24 lines
06-19 17:17:32.662  1291 12170 I chatty  : uid=1000 system_server expire 1 line
06-19 17:17:41.543  1291 12177 I chatty  : uid=1000 system_server expire 1 line
06-19 17:17:53.994  1291 12180 I chatty  : uid=1000 system_server expire 1 line
06-19 17:18:01.275  1291 12194 I chatty  : uid=1000 system_server expire 1 line
06-19 17:18:11.380  1291 12201 I chatty  : uid=1000 system_server expire 1 line
06-19 17:18:19.546  1291 12205 I chatty  : uid=1000 system_server expire 1 line
06-19 17:18:26.972  1291 12217 I chatty  : uid=1000 system_server expire 1 line
06-19 17:18:38.222  1291 12220 I chatty  : uid=1000 system_server expire 1 line
06-19 17:18:48.998  1291 12224 I chatty  : uid=1000 system_server expire 1 line
06-19 17:19:02.966  1291 12226 I chatty  : uid=1000 system_server expire 1 line
06-19 17:19:08.738  1291 12230 I chatty  : uid=1000 system_server expire 1 line
06-19 17:19:23.164  1291 12238 I chatty  : uid=1000 system_server expire 1 line
06-19 17:19:31.957  1291 12247 I chatty  : uid=1000 system_server expire 1 line
06-19 17:19:48.288  1291 12251 I chatty  : uid=1000 system_server expire 1 line
06-19 17:20:12.945  1291 12257 I chatty  : uid=1000 system_server expire 1 line
06-19 17:20:34.032  1291 12270 I chatty  : uid=1000 system_server expire 1 line
06-19 17:20:54.959  1291 12276 I chatty  : uid=1000 system_server expire 1 line
06-19 17:21:15.040  1291 12287 I chatty  : uid=1000 system_server expire 1 line
06-19 17:21:28.000  1291 12294 I chatty  : uid=1000 system_server expire 3 lines
06-19 17:21:37.943  1291 12297 I chatty  : uid=1000 system_server expire 1 line
06-19 17:21:51.031  1291 12302 I chatty  : uid=1000 system_server expire 1 line
06-19 17:22:06.085  1291 12304 I chatty  : uid=1000 system_server expire 1 line
06-19 17:22:15.106  1291 12311 I chatty  : uid=1000 system_server expire 1 line
06-19 17:22:22.592  1291 12313 I chatty  : uid=1000 system_server expire 2 lines
06-19 17:22:33.989  1291 12317 I chatty  : uid=1000 system_server expire 1 line
06-19 17:22:41.085  1291  1408 I chatty  : uid=1000(system) android.bg expire 2 lines
06-19 17:22:41.158  1291  2862 I chatty  : uid=1000(system) Binder:1291_10 expire 1 line
06-19 17:22:41.195  1291  1328 I chatty  : uid=1000(system) Binder:1291_1 expire 3 lines
06-19 17:22:41.272  1291  1416 I chatty  : uid=1000(system) ActivityManager expire 214 lines
06-19 17:22:41.766  1291  2266 I chatty  : uid=1000(system) Binder:1291_7 expire 1 line
06-19 17:22:41.778  1291 17847 I chatty  : uid=1000(system) Binder:1291_20 expire 2 lines
06-19 17:22:42.560  1291 12375 I chatty  : uid=1000 system_server expire 1 line
06-19 17:22:53.742  1291 12382 I chatty  : uid=1000 system_server expire 1 line
06-19 17:23:00.001  1291  1728 I chatty  : uid=1000(system) AlarmManager expire 15 lines
06-19 17:23:07.070  1291 12389 I chatty  : uid=1000 system_server expire 1 line
06-19 17:23:07.943  1291  1420 I chatty  : uid=1000(system) batterystats-sy expire 7 lines
06-19 17:23:15.093  1291 12394 I chatty  : uid=1000 system_server expire 1 line
06-19 17:23:15.228  1291  1959 I chatty  : uid=1000(system) Binder:1291_4 expire 1 line
06-19 17:23:15.931  1291  1417 I chatty  : uid=1000(system) android.ui expire 1 line
06-19 17:23:28.293  1291 12397 I chatty  : uid=1000 system_server expire 1 line
06-19 17:23:37.969  1291 12400 I chatty  : uid=1000 system_server expire 1 line
06-19 17:23:55.185  1291 12407 I chatty  : uid=1000 system_server expire 1 line
06-19 17:24:09.299  1291 12410 I chatty  : uid=1000 system_server expire 1 line
06-19 17:24:18.953  1291 12416 I chatty  : uid=1000 system_server expire 1 line
06-19 17:24:31.380  1291  1416 I chatty  : uid=1000(system) ActivityManager expire 27 lines
06-19 17:24:34.809  1291  1415 I chatty  : uid=1000(system) EmbryoManager expire 2 lines
06-19 17:24:35.012  1291  1420 I chatty  : uid=1000(system) batterystats-sy expire 12 lines
06-19 17:24:35.244  1291  1728 I chatty  : uid=1000(system) AlarmManager expire 13 lines
06-19 17:24:48.067  1291 12482 I chatty  : uid=1000 system_server expire 1 line
06-19 17:24:51.393  1291  2862 I chatty  : uid=1000(system) Binder:1291_10 expire 2 lines
06-19 17:24:51.557  1291  1328 I chatty  : uid=1000(system) Binder:1291_1 expire 10 lines
06-19 17:24:57.179  1291 12578 I chatty  : uid=1000 system_server expire 1 line
06-19 17:25:15.360  1291 12587 I chatty  : uid=1000 system_server expire 1 line
06-19 17:25:19.013  1291  1408 I chatty  : uid=1000(system) android.bg expire 3 lines
06-19 17:25:32.039  1291 12590 I chatty  : uid=1000 system_server expire 1 line
06-19 17:25:44.968  1291 12591 I chatty  : uid=1000 system_server expire 1 line
06-19 17:25:50.798 12595 12595 D ActivityThread: Loading provider com.whatsapp.provider.contact: com.whatsapp.contact.ContactProvider
06-19 17:25:50.890  1291  2378 I chatty  : uid=1000(system) Binder:1291_A expire 6 lines
06-19 17:25:51.103  1291  1959 I chatty  : uid=1000(system) Binder:1291_4 expire 7 lines
06-19 17:25:51.103  1291  1827 I chatty  : uid=1000(system) ConnectivitySer expire 11 lines
06-19 17:25:55.603  1291 12681 I chatty  : uid=1000 system_server expire 1 line
06-19 17:25:55.648  1291  1728 I chatty  : uid=1000(system) AlarmManager expire 12 lines
06-19 17:26:07.480  1291 12684 I chatty  : uid=1000 system_server expire 1 line
06-19 17:26:19.974  1291 12693 I chatty  : uid=1000 system_server expire 1 line
06-19 17:26:32.090  1291 12697 I chatty  : uid=1000 system_server expire 1 line
06-19 17:26:40.283  1291  1736 I chatty  : uid=1000(system) InputReader expire 6 lines
06-19 17:26:40.284  1291  1291 I chatty  : uid=1000 system_server expire 11 lines
06-19 17:26:40.284  1291  1480 I chatty  : uid=1000(system) PowerManagerSer expire 33 lines
06-19 17:26:40.285  1291  1857 I chatty  : uid=1000(system) ColorBalanceThr expire 12 lines
06-19 17:26:40.344  1291  1478 I chatty  : uid=1000(system) android.display expire 5 lines
06-19 17:26:40.363   914  1128 D QMI_FW  : chen-screen on: is_screen_off = 0 
06-19 17:26:40.363  1103  1204 D QMI_FW  : chen-screen on: is_screen_off = 0 
06-19 17:26:40.401  1291  6167 I chatty  : uid=1000(system) Binder:1291_16 expire 4 lines
06-19 17:26:40.422  1291  1417 I chatty  : uid=1000(system) android.ui expire 8 lines
06-19 17:26:40.476  1291  1420 I chatty  : uid=1000(system) batterystats-sy expire 1 line
06-19 17:26:40.772 12703 12703 D ActivityThread: Loading provider com.google.android.gm.sapi: com.google.android.gm.sapi.SapiUiProvider
06-19 17:26:41.208  1291  2266 I chatty  : uid=1000(system) Binder:1291_7 expire 6 lines
06-19 17:26:41.764  1291 12936 I chatty  : uid=1000 system_server expire 1 line
06-19 17:26:41.900  1291  2188 I chatty  : uid=1000(system) HwBinder:1291_4 expire 1 line
06-19 17:26:41.963  1291  1886 I chatty  : uid=1000(system) FingerPrintThre expire 22 lines
06-19 17:26:41.998  1291 17847 I chatty  : uid=1000(system) Binder:1291_20 expire 3 lines
06-19 17:26:42.255  1291  1416 I chatty  : uid=1000(system) ActivityManager expire 4 lines
06-19 17:26:42.310  1998  1998 D KeyguardViewMediator: setLockScreenShown begin, false, seq:540288449
06-19 17:26:42.315  1998  2106 D KeyguardViewMediator: setLockScreenShown false, seq:540288449
06-19 17:26:42.331  1998  1998 V KeyguardDisplayManager: hide
06-19 17:26:42.796  1291  2863 I chatty  : uid=1000(system) Binder:1291_11 expire 1 line
06-19 17:26:43.309  1291  1735 I chatty  : uid=1000(system) InputDispatcher expire 1 line
06-19 17:26:43.933  1291  2910 I chatty  : uid=1000(system) Binder:1291_13 expire 6 lines
06-19 17:26:47.113  1291  1772 I chatty  : uid=1000(system) NetworkStats expire 2 lines
06-19 17:26:47.594  1291 17713 I chatty  : uid=1000(system) Binder:1291_1F expire 1 line
06-19 17:26:47.605   914  1128 D QMI_FW  : chen-screen off: is_screen_off = 1 
06-19 17:26:47.607  1103  1204 D QMI_FW  : chen-screen off: is_screen_off = 1 
06-19 17:26:47.618  1998  1998 D KeyguardViewMediator: setLockScreenShown begin, true, seq:540293758
06-19 17:26:47.623  1998  2106 D KeyguardViewMediator: setLockScreenShown true, seq:540293758
06-19 17:26:47.627  1291  2909 I chatty  : uid=1000(system) Binder:1291_12 expire 4 lines
06-19 17:26:47.710  1998  1998 V KeyguardStatusView: refresh statusview showing:true
06-19 17:26:47.721  1998  1998 V KeyguardDisplayManager: show
06-19 17:26:53.027  1291 13134 I chatty  : uid=1000 system_server expire 1 line
06-19 17:27:00.231   914  1128 D QMI_FW  : chen-screen on: is_screen_off = 0 
06-19 17:27:00.234  1103  1204 D QMI_FW  : chen-screen on: is_screen_off = 0 
06-19 17:27:00.305  1291  1480 I chatty  : uid=1000(system) PowerManagerSer expire 5 lines
06-19 17:27:00.312  1291  1291 I chatty  : uid=1000 system_server expire 1 line
06-19 17:27:00.374  1291  1728 I chatty  : uid=1000(system) AlarmManager expire 26 lines
06-19 17:27:00.905  1291 13150 I chatty  : uid=1000 system_server expire 2 lines
06-19 17:27:01.327  1291  1736 I chatty  : uid=1000(system) InputReader expire 4 lines
06-19 17:27:01.328  1291  1480 I chatty  : uid=1000(system) PowerManagerSer expire 20 lines
06-19 17:27:01.329  1291  1857 I chatty  : uid=1000(system) ColorBalanceThr expire 8 lines
06-19 17:27:01.329  1291  1291 I chatty  : uid=1000 system_server expire 4 lines
06-19 17:27:01.660  1291  2910 I chatty  : uid=1000(system) Binder:1291_13 expire 1 line
06-19 17:27:01.664  1291  1478 I chatty  : uid=1000(system) android.display expire 3 lines
06-19 17:27:01.667  1291  2909 I chatty  : uid=1000(system) Binder:1291_12 expire 12 lines
06-19 17:27:01.679   914  1128 D QMI_FW  : chen-screen off: is_screen_off = 1 
06-19 17:27:01.684  1103  1204 D QMI_FW  : chen-screen off: is_screen_off = 1 
06-19 17:27:01.698  1291  2846 I chatty  : uid=1000(system) Binder:1291_E expire 2 lines
06-19 17:27:01.702  1291  1959 I chatty  : uid=1000(system) Binder:1291_4 expire 1 line
06-19 17:27:06.192  1291  2378 I chatty  : uid=1000(system) Binder:1291_A expire 7 lines
06-19 17:27:06.200  1291  1886 I chatty  : uid=1000(system) FingerPrintThre expire 11 lines
06-19 17:27:06.707  1291 13160 I chatty  : uid=1000 system_server expire 1 line
06-19 17:27:13.603  1291 13162 I chatty  : uid=1000 system_server expire 2 lines
06-19 17:27:15.159  1291  1827 I chatty  : uid=1000(system) ConnectivitySer expire 42 lines
06-19 17:27:15.189  1291  2862 I chatty  : uid=1000(system) Binder:1291_10 expire 1 line
06-19 17:27:18.069  1291  1416 I chatty  : uid=1000(system) ActivityManager expire 6 lines
06-19 17:27:18.193  1291  1415 I chatty  : uid=1000(system) EmbryoManager expire 1 line
06-19 17:27:18.284  1291  1420 I chatty  : uid=1000(system) batterystats-sy expire 9 lines
06-19 17:27:18.890  1291 13184 I chatty  : uid=1000 system_server expire 3 lines
06-19 17:27:24.877  1291 13191 I chatty  : uid=1000 system_server expire 1 line
06-19 17:27:32.813  1291 13224 I chatty  : uid=1000 system_server expire 1 line
06-19 17:27:38.450  1291 13230 I chatty  : uid=1000 system_server expire 1 line
06-19 17:27:48.081  1291 13240 I chatty  : uid=1000 system_server expire 1 line
06-19 17:27:59.810  1291 13255 I chatty  : uid=1000 system_server expire 1 line
06-19 17:28:06.110  1291 13262 I chatty  : uid=1000 system_server expire 1 line
06-19 17:28:19.569  1291 13265 I chatty  : uid=1000 system_server expire 1 line
06-19 17:28:26.338  1291 13268 I chatty  : uid=1000 system_server expire 1 line
06-19 17:28:38.970  1291 13275 I chatty  : uid=1000 system_server expire 2 lines
06-19 17:28:44.012  1291 13278 I chatty  : uid=1000 system_server expire 1 line
06-19 17:28:55.065  1291 13284 I chatty  : uid=1000 system_server expire 1 line
06-19 17:29:01.266  1291 13290 I chatty  : uid=1000 system_server expire 1 line
06-19 17:29:06.747  1291 13299 I chatty  : uid=1000 system_server expire 1 line
06-19 17:29:13.358  1291 13301 I chatty  : uid=1000 system_server expire 1 line
06-19 17:29:19.304   914  1128 D QMI_FW  : chen-screen on: is_screen_off = 0 
06-19 17:29:19.319  1103  1204 D QMI_FW  : chen-screen on: is_screen_off = 0 
06-19 17:29:19.325  1291  1417 I chatty  : uid=1000(system) android.ui expire 5 lines
06-19 17:29:19.335  1291 13305 I chatty  : uid=1000 system_server expire 1 line
06-19 17:29:19.361  1291  1480 I chatty  : uid=1000(system) PowerManagerSer expire 5 lines
06-19 17:29:19.936  1291  1964 I chatty  : uid=1000(system) HwBinder:1291_3 expire 2 lines
06-19 17:29:19.941  1291  2863 I chatty  : uid=1000(system) Binder:1291_11 expire 5 lines
06-19 17:29:19.941  1998  1998 W FingerprintManager: Invalid acquired message: 1000, 0
06-19 17:29:20.105  1291  1886 I chatty  : uid=1000(system) FingerPrintThre expire 15 lines
06-19 17:29:20.430  1998  1998 D KeyguardViewMediator: setLockScreenShown begin, false, seq:540403124
06-19 17:29:20.437  1998  2106 D KeyguardViewMediator: setLockScreenShown false, seq:540403124
06-19 17:29:20.445  1998  1998 V KeyguardDisplayManager: hide
06-19 17:29:20.535  1291 12786 I chatty  : uid=1000(system) Binder:1291_1C expire 2 lines
06-19 17:29:22.170  1291  1728 I chatty  : uid=1000(system) AlarmManager expire 2 lines
06-19 17:29:22.337  1291  1827 I chatty  : uid=1000(system) ConnectivitySer expire 45 lines
06-19 17:29:30.451  1291  1420 I chatty  : uid=1000(system) batterystats-sy expire 7 lines
06-19 17:29:32.890  1291  1728 I chatty  : uid=1000(system) AlarmManager expire 12 lines
06-19 17:29:32.939  1291  1736 I chatty  : uid=1000(system) InputReader expire 2 lines
06-19 17:29:32.940  1291  1480 I chatty  : uid=1000(system) PowerManagerSer expire 13 lines
06-19 17:29:32.940  1291  1857 I chatty  : uid=1000(system) ColorBalanceThr expire 4 lines
06-19 17:29:32.979  1291  1291 I chatty  : uid=1000 system_server expire 4 lines
06-19 17:29:33.005  1291  2846 I chatty  : uid=1000(system) Binder:1291_E expire 5 lines
06-19 17:29:33.011  1291  1886 I chatty  : uid=1000(system) FingerPrintThre expire 33 lines
06-19 17:29:33.252  1291  6167 I chatty  : uid=1000(system) Binder:1291_16 expire 2 lines
06-19 17:29:33.254  1291  1478 I chatty  : uid=1000(system) android.display expire 1 line
06-19 17:29:33.263   914  1128 D QMI_FW  : chen-screen off: is_screen_off = 1 
06-19 17:29:33.267  1103  1204 D QMI_FW  : chen-screen off: is_screen_off = 1 
06-19 17:29:33.270  1291 17847 I chatty  : uid=1000(system) Binder:1291_20 expire 2 lines
06-19 17:29:33.274  1998  1998 D KeyguardViewMediator: setLockScreenShown begin, true, seq:540415968
06-19 17:29:33.276  1998  2106 D KeyguardViewMediator: setLockScreenShown true, seq:540415968
06-19 17:29:33.278  1291  2266 I chatty  : uid=1000(system) Binder:1291_7 expire 9 lines
06-19 17:29:33.353  1998  1998 V KeyguardStatusView: refresh statusview showing:true
06-19 17:29:33.362  1998  1998 V KeyguardDisplayManager: show
06-19 17:29:33.579  1291 14017 I chatty  : uid=1000(system) Binder:1291_1D expire 2 lines
06-19 17:29:34.371  1291 12786 I chatty  : uid=1000(system) Binder:1291_1C expire 3 lines
06-19 17:29:39.994  1291 13382 I chatty  : uid=1000 system_server expire 2 lines
06-19 17:29:46.145  1291 13389 I chatty  : uid=1000 system_server expire 4 lines
06-19 17:29:51.894  1291 13398 I chatty  : uid=1000 system_server expire 3 lines
06-19 17:29:57.631  1291 13407 I chatty  : uid=1000 system_server expire 3 lines
06-19 17:30:02.880  1291 13413 I chatty  : uid=1000 system_server expire 3 lines
06-19 17:30:08.012  1291  1416 I chatty  : uid=1000(system) ActivityManager expire 7 lines
06-19 17:30:13.420  1291 13423 I chatty  : uid=1000 system_server expire 3 lines
06-19 17:30:14.513   911   911 W wificond: Failed to get NL80211_ATTR_STATUS_CODE
06-19 17:30:14.540   911   911 E wificond: Failed to get NL80211_STA_INFO_TX_PACKETS
06-19 17:30:17.606   911   911 W wificond: Scan aborted
06-19 17:30:17.676  1291  1827 I chatty  : uid=1000(system) ConnectivitySer expire 113 lines
06-19 17:30:17.678   911   911 I wificond: Oem Command: iwpriv wlan0 wowlDelPtrn 28:05:c0eefbf55376000000000000080045000000000000000000000000000000c0a80066000000000000:fc0e0003c0 (len=122)
06-19 17:30:17.678   911   911 I wificond: iwpriv tool:/system/bin/iwpriv
06-19 17:30:17.753   911   911 I wificond: iwpriv command: 0
06-19 17:30:17.821   911   911 W wificond: Skip match ssid for pno scan: GetConnected@Clink, Drifters & Kiters, WirelessFireless,  EWR Free WiFi, olallieberry, LOSTFOUND57, #SFO FREE WIFI, Coochamolator, @BNE Free Wi-Fi, PA_OverAir_Library, NETGEAR92, TelstraA20471, _LAX Free WiFi, SKYABD31, Chambers, Moore Reception, Toronto Pearson Wi-Fi, TNCAPA91169, VM249691-5G, _VINCI Airports wifi, ADSLPT-AB67047, badger net, SANDS HOTSPOTS, Airport Free Wi-Fi, WiFi-THN9-5G, Moore 3rd Floor 5.0GHz, AndroidAP, HanaHaus Guest, Guest, BTHub5-NCQ8, SCCL, #TELUS, Second Cup - WiFi, #StarbucksWifi, CrewCafe, Red Rock Coffee, RadissonBlu, BELL757, TP-LINK_55A810, SHNWIFI, Cheerful_Spirit_B, SINGTEL-C632, Bergn Guest, BPLUNWIRED, La Francaise, ATT275, Orange Wi-Fi, _The Cloud, #WiFi@Changi, WholeFoodsMarket, Timeplay, #March Jean-Talon/public, IKALA LOUNGE, visionbuilding50, Jafferji House & Spa, Hoppers-Guest, Heathrow Express WiFi, MumbaiAirportWiFi@Tatadocomo, Marina Bay Sands, MELBOURNE AIRPORT, virginamerica, Tribeca Blu, Budin-Wifi, CAFE BEIT, -Brooks Atkinson 
06-19 17:30:17.822   911   911 I wificond: Pno scan started
06-19 17:30:17.926 24700 24700 W ContextImpl: Calling a method in the system process without a qualified user: android.app.ContextImpl.sendBroadcast:967 android.content.ContextWrapper.sendBroadcast:432 com.oneplus.security.SecureService$b.onReceive:172 android.app.LoadedApk$ReceiverDispatcher$Args.lambda$-android_app_LoadedApk$ReceiverDispatcher$Args_53427:1339 android.app.-$Lambda$FilBqgnXJrN9Mgyks1XHeAxzSTk.$m$0:4 
06-19 17:30:18.059 24700 24700 I chatty  : uid=1000(system) /system/bin/healthd identical 25 lines
06-19 17:30:18.064 24700 24700 W ContextImpl: Calling a method in the system process without a qualified user: android.app.ContextImpl.sendBroadcast:967 android.content.ContextWrapper.sendBroadcast:432 com.oneplus.security.SecureService$b.onReceive:172 android.app.LoadedApk$ReceiverDispatcher$Args.lambda$-android_app_LoadedApk$ReceiverDispatcher$Args_53427:1339 android.app.-$Lambda$FilBqgnXJrN9Mgyks1XHeAxzSTk.$m$0:4 
06-19 17:30:18.859  1291  2834 I chatty  : uid=1000(system) Binder:1291_D expire 1 line
06-19 17:30:18.900  1291 13493 I chatty  : uid=1000 system_server expire 3 lines
06-19 17:30:18.945 24700 24721 W ContextImpl: Calling a method in the system process without a qualified user: android.app.ContextImpl.startService:1477 android.content.ContextWrapper.startService:645 com.oneplus.security.firewall.NetworkRestrictService.a:154 com.oneplus.security.receiver.a.e:127 com.oneplus.security.SecureService$a.handleMessage:77 
06-19 17:30:19.037  1291  2929 I chatty  : uid=1000(system) Binder:1291_14 expire 3 lines
06-19 17:30:19.045   473   477 D VoldCryptCmdListener: cryptfs getpwtype
06-19 17:30:19.048  1291  1741 I chatty  : uid=1000(system) CryptdConnector expire 1 line
06-19 17:30:19.149  1291  2910 I chatty  : uid=1000(system) Binder:1291_13 expire 1 line
06-19 17:30:19.529  1291 11035 I chatty  : uid=1000(system) Binder:1291_19 expire 2 lines
06-19 17:30:19.819  1291  2863 I chatty  : uid=1000(system) Binder:1291_11 expire 1 line
06-19 17:30:20.469   911   911 I wificond: Pno scan result ready event
06-19 17:30:20.521   911   911 W wificond: Scan is not started. Ignore abort request
06-19 17:30:20.665  1291  1789 I chatty  : uid=1000(system) WifiStateMachin expire 1 line
06-19 17:30:21.051   911   911 I wificond: Oem Command: iwpriv wlan0 wowlAddPtrn 28:05:c0eefbf55376000000000000080045000000000000000000000000000000c0a80067000000000000:fc0e0003c0 (len=122)
06-19 17:30:21.051   911   911 I wificond: iwpriv tool:/system/bin/iwpriv
06-19 17:30:21.082   911   911 I wificond: iwpriv command: 0
06-19 17:30:21.127   909  1193 E NetlinkEvent: NetlinkEvent::FindParam(): Parameter 'INTERFACE' not found
06-19 17:30:21.127   909  1193 E NetlinkEvent: NetlinkEvent::FindParam(): Parameter 'STATE' not found
06-19 17:30:21.127   909  1193 E NetlinkEvent: NetlinkEvent::FindParam(): Parameter 'TIME_NS' not found
06-19 17:30:21.127   909  1193 E NetlinkEvent: NetlinkEvent::FindParam(): Parameter 'UID' not found
06-19 17:30:21.185  1291  1827 I chatty  : uid=1000(system) ConnectivitySer expire 147 lines
06-19 17:30:21.240  1291  6167 I chatty  : uid=1000(system) Binder:1291_16 expire 3 lines
06-19 17:30:21.287  1291  2862 I chatty  : uid=1000(system) Binder:1291_10 expire 1 line
06-19 17:30:21.288  1291 17847 I chatty  : uid=1000(system) Binder:1291_20 expire 1 line
06-19 17:30:21.345  9398  9398 W ContextImpl: Calling a method in the system process without a qualified user: android.app.ContextImpl.startService:1477 android.content.ContextWrapper.startService:645 com.oneplus.opbackup.service.BackupService.a:13 com.oneplus.opbackup.receiver.CheckUpdateReceiver.a:20 com.oneplus.opbackup.receiver.NetworkListenerService$a.onReceive:18 
06-19 17:30:22.210 24700 24721 W ContextImpl: Calling a method in the system process without a qualified user: android.app.ContextImpl.startService:1477 android.content.ContextWrapper.startService:645 com.oneplus.security.firewall.NetworkRestrictService.a:154 com.oneplus.security.receiver.a.e:127 com.oneplus.security.SecureService$a.handleMessage:77 
06-19 17:30:22.625   911   911 I wificond: Pno scan stopped
06-19 17:30:22.869  1291  1415 I chatty  : uid=1000(system) EmbryoManager expire 1 line
06-19 17:30:23.262  1291  2376 I chatty  : uid=1000(system) Binder:1291_8 expire 1 line
06-19 17:30:23.287  1291  2863 I chatty  : uid=1000(system) Binder:1291_11 expire 9 lines
06-19 17:30:23.391  1291 14017 I chatty  : uid=1000(system) Binder:1291_1D expire 5 lines
06-19 17:30:23.999  1291 13779 I chatty  : uid=1000 system_server expire 3 lines
06-19 17:30:24.300  1291  1416 I chatty  : uid=1000(system) ActivityManager expire 8 lines
06-19 17:30:27.943  1291  1728 I chatty  : uid=1000(system) AlarmManager expire 6 lines
06-19 17:30:29.056  1291 13877 I chatty  : uid=1000 system_server expire 4 lines
06-19 17:30:33.139   911   911 W wificond: Failed to get NL80211_ATTR_STATUS_CODE
06-19 17:30:33.154   911   911 E wificond: Failed to get NL80211_STA_INFO_TX_PACKETS
06-19 17:30:34.912  1291 13927 I chatty  : uid=1000 system_server expire 4 lines
06-19 17:30:36.317   911   911 W wificond: Scan aborted
06-19 17:30:36.404  1291  1827 I chatty  : uid=1000(system) ConnectivitySer expire 44 lines
06-19 17:30:36.406   911   911 I wificond: Oem Command: iwpriv wlan0 wowlDelPtrn 28:05:c0eefbf55376000000000000080045000000000000000000000000000000c0a80067000000000000:fc0e0003c0 (len=122)
06-19 17:30:36.406   911   911 I wificond: iwpriv tool:/system/bin/iwpriv
06-19 17:30:36.450   911   911 I wificond: iwpriv command: 0
06-19 17:30:36.474 24700 24700 W ContextImpl: Calling a method in the system process without a qualified user: android.app.ContextImpl.sendBroadcast:967 android.content.ContextWrapper.sendBroadcast:432 com.oneplus.security.SecureService$b.onReceive:172 android.app.LoadedApk$ReceiverDispatcher$Args.lambda$-android_app_LoadedApk$ReceiverDispatcher$Args_53427:1339 android.app.-$Lambda$FilBqgnXJrN9Mgyks1XHeAxzSTk.$m$0:4 
06-19 17:30:36.538 24700 24700 I chatty  : uid=1000(system) /system/bin/healthd identical 17 lines
06-19 17:30:36.544 24700 24700 W ContextImpl: Calling a method in the system process without a qualified user: android.app.ContextImpl.sendBroadcast:967 android.content.ContextWrapper.sendBroadcast:432 com.oneplus.security.SecureService$b.onReceive:172 android.app.LoadedApk$ReceiverDispatcher$Args.lambda$-android_app_LoadedApk$ReceiverDispatcher$Args_53427:1339 android.app.-$Lambda$FilBqgnXJrN9Mgyks1XHeAxzSTk.$m$0:4 
06-19 17:30:36.597 24700 24700 W ContextImpl: Calling a method in the system process without a qualified user: android.app.ContextImpl.sendBroadcast:967 android.content.ContextWrapper.sendBroadcast:432 com.oneplus.security.SecureService$b.onReceive:172 android.app.LoadedApk$ReceiverDispatcher$Args.lambda$-android_app_LoadedApk$ReceiverDispatcher$Args_53427:1339 android.app.-$Lambda$FilBqgnXJrN9Mgyks1XHeAxzSTk.$m$0:4 
06-19 17:30:36.628 24700 24700 W ContextImpl: Calling a method in the system process without a qualified user: android.app.ContextImpl.sendBroadcast:967 android.content.ContextWrapper.sendBroadcast:432 com.oneplus.security.SecureService$b.onReceive:172 android.app.LoadedApk$ReceiverDispatcher$Args.lambda$-android_app_LoadedApk$ReceiverDispatcher$Args_53427:1339 android.app.-$Lambda$FilBqgnXJrN9Mgyks1XHeAxzSTk.$m$0:4 
06-19 17:30:36.630   911   911 W wificond: Skip match ssid for pno scan: GetConnected@Clink, Drifters & Kiters, WirelessFireless,  EWR Free WiFi, olallieberry, LOSTFOUND57, #SFO FREE WIFI, Coochamolator, @BNE Free Wi-Fi, PA_OverAir_Library, NETGEAR92, TelstraA20471, _LAX Free WiFi, SKYABD31, Chambers, Moore Reception, Toronto Pearson Wi-Fi, TNCAPA91169, VM249691-5G, _VINCI Airports wifi, ADSLPT-AB67047, badger net, SANDS HOTSPOTS, Airport Free Wi-Fi, WiFi-THN9-5G, Moore 3rd Floor 5.0GHz, AndroidAP, HanaHaus Guest, Guest, BTHub5-NCQ8, SCCL, #TELUS, Second Cup - WiFi, #StarbucksWifi, CrewCafe, Red Rock Coffee, RadissonBlu, BELL757, TP-LINK_55A810, SHNWIFI, Cheerful_Spirit_B, SINGTEL-C632, Bergn Guest, BPLUNWIRED, La Francaise, ATT275, Orange Wi-Fi, _The Cloud, #WiFi@Changi, WholeFoodsMarket, Timeplay, #March Jean-Talon/public, IKALA LOUNGE, visionbuilding50, Jafferji House & Spa, Hoppers-Guest, Heathrow Express WiFi, MumbaiAirportWiFi@Tatadocomo, Marina Bay Sands, MELBOURNE AIRPORT, virginamerica, Tribeca Blu, Budin-Wifi, CAFE BEIT, -Brooks Atkinson 
06-19 17:30:36.630   911   911 I wificond: Pno scan started
06-19 17:30:36.656 24700 24700 W ContextImpl: Calling a method in the system process without a qualified user: android.app.ContextImpl.sendBroadcast:967 android.content.ContextWrapper.sendBroadcast:432 com.oneplus.security.SecureService$b.onReceive:172 android.app.LoadedApk$ReceiverDispatcher$Args.lambda$-android_app_LoadedApk$ReceiverDispatcher$Args_53427:1339 android.app.-$Lambda$FilBqgnXJrN9Mgyks1XHeAxzSTk.$m$0:4 
06-19 17:30:36.680 24700 24700 W ContextImpl: Calling a method in the system process without a qualified user: android.app.ContextImpl.sendBroadcast:967 android.content.ContextWrapper.sendBroadcast:432 com.oneplus.security.SecureService$b.onReceive:172 android.app.LoadedApk$ReceiverDispatcher$Args.lambda$-android_app_LoadedApk$ReceiverDispatcher$Args_53427:1339 android.app.-$Lambda$FilBqgnXJrN9Mgyks1XHeAxzSTk.$m$0:4 
06-19 17:30:36.682  1291  1420 I chatty  : uid=1000(system) batterystats-sy expire 2 lines
06-19 17:30:36.692 24700 24700 W ContextImpl: Calling a method in the system process without a qualified user: android.app.ContextImpl.sendBroadcast:967 android.content.ContextWrapper.sendBroadcast:432 com.oneplus.security.SecureService$b.onReceive:172 android.app.LoadedApk$ReceiverDispatcher$Args.lambda$-android_app_LoadedApk$ReceiverDispatcher$Args_53427:1339 android.app.-$Lambda$FilBqgnXJrN9Mgyks1XHeAxzSTk.$m$0:4 
06-19 17:30:36.706 24700 24700 W ContextImpl: Calling a method in the system process without a qualified user: android.app.ContextImpl.sendBroadcast:967 android.content.ContextWrapper.sendBroadcast:432 com.oneplus.security.SecureService$b.onReceive:172 android.app.LoadedApk$ReceiverDispatcher$Args.lambda$-android_app_LoadedApk$ReceiverDispatcher$Args_53427:1339 android.app.-$Lambda$FilBqgnXJrN9Mgyks1XHeAxzSTk.$m$0:4 
06-19 17:30:36.720 24700 24700 W ContextImpl: Calling a method in the system process without a qualified user: android.app.ContextImpl.sendBroadcast:967 android.content.ContextWrapper.sendBroadcast:432 com.oneplus.security.SecureService$b.onReceive:172 android.app.LoadedApk$ReceiverDispatcher$Args.lambda$-android_app_LoadedApk$ReceiverDispatcher$Args_53427:1339 android.app.-$Lambda$FilBqgnXJrN9Mgyks1XHeAxzSTk.$m$0:4 
06-19 17:30:36.787 24700 24700 W ContextImpl: Calling a method in the system process without a qualified user: android.app.ContextImpl.sendBroadcast:967 android.content.ContextWrapper.sendBroadcast:432 com.oneplus.security.SecureService$b.onReceive:172 android.app.LoadedApk$ReceiverDispatcher$Args.lambda$-android_app_LoadedApk$ReceiverDispatcher$Args_53427:1339 android.app.-$Lambda$FilBqgnXJrN9Mgyks1XHeAxzSTk.$m$0:4 
06-19 17:30:37.599 24700 24721 W ContextImpl: Calling a method in the system process without a qualified user: android.app.ContextImpl.startService:1477 android.content.ContextWrapper.startService:645 com.oneplus.security.firewall.NetworkRestrictService.a:154 com.oneplus.security.receiver.a.e:127 com.oneplus.security.SecureService$a.handleMessage:77 
06-19 17:30:39.274   911   911 I wificond: Pno scan result ready event
06-19 17:30:39.304   911   911 W wificond: Scan is not started. Ignore abort request
06-19 17:30:40.907  1291 13948 I chatty  : uid=1000 system_server expire 4 lines
06-19 17:30:41.338   911   911 I wificond: Pno scan stopped
06-19 17:30:46.382  1291 13950 I chatty  : uid=1000 system_server expire 3 lines
06-19 17:30:47.002   911   911 I wificond: Connect timeout
06-19 17:30:47.907   911   911 E wificond: Failed to get wiphy index from reg changed message
06-19 17:30:47.925   911   911 W wificond: Skip match ssid for pno scan: GetConnected@Clink, Drifters & Kiters, WirelessFireless,  EWR Free WiFi, olallieberry, LOSTFOUND57, #SFO FREE WIFI, Coochamolator, @BNE Free Wi-Fi, PA_OverAir_Library, NETGEAR92, TelstraA20471, _LAX Free WiFi, SKYABD31, Chambers, Moore Reception, Toronto Pearson Wi-Fi, TNCAPA91169, VM249691-5G, _VINCI Airports wifi, ADSLPT-AB67047, badger net, SANDS HOTSPOTS, Airport Free Wi-Fi, WiFi-THN9-5G, Moore 3rd Floor 5.0GHz, AndroidAP, HanaHaus Guest, Guest, BTHub5-NCQ8, SCCL, #TELUS, Second Cup - WiFi, #StarbucksWifi, CrewCafe, Red Rock Coffee, RadissonBlu, BELL757, TP-LINK_55A810, SHNWIFI, Cheerful_Spirit_B, SINGTEL-C632, Bergn Guest, BPLUNWIRED, La Francaise, ATT275, Orange Wi-Fi, _The Cloud, #WiFi@Changi, WholeFoodsMarket, Timeplay, #March Jean-Talon/public, IKALA LOUNGE, visionbuilding50, Jafferji House & Spa, Hoppers-Guest, Heathrow Express WiFi, MumbaiAirportWiFi@Tatadocomo, Marina Bay Sands, MELBOURNE AIRPORT, virginamerica, Tribeca Blu, Budin-Wifi, CAFE BEIT, -Brooks Atkinson 
06-19 17:30:47.928   911   911 I wificond: Pno scan started
06-19 17:30:47.929   911   911 I wificond: Received external scan result notification from kernel.
06-19 17:30:47.929   911   911 W wificond: Scan aborted
06-19 17:30:49.989   911   911 I wificond: Pno scan stopped
06-19 17:30:51.916  1291 13954 I chatty  : uid=1000 system_server expire 3 lines
06-19 17:30:54.418 13966 13966 W ContextImpl: Calling a method in the system process without a qualified user: android.app.ContextImpl.startService:1477 android.content.ContextWrapper.startService:645 com.oneplus.opbackup.OTApplication.onCreate:68 android.app.Instrumentation.callApplicationOnCreate:1129 android.app.ActivityThread.handleBindApplication:6023 
06-19 17:30:56.774   911   911 E wificond: Failed to get wiphy index from reg changed message
06-19 17:30:56.799   911   911 W wificond: Skip match ssid for pno scan: GetConnected@Clink, Drifters & Kiters, WirelessFireless,  EWR Free WiFi, olallieberry, LOSTFOUND57, #SFO FREE WIFI, Coochamolator, @BNE Free Wi-Fi, PA_OverAir_Library, NETGEAR92, TelstraA20471, _LAX Free WiFi, SKYABD31, Chambers, Moore Reception, Toronto Pearson Wi-Fi, TNCAPA91169, VM249691-5G, _VINCI Airports wifi, ADSLPT-AB67047, badger net, SANDS HOTSPOTS, Airport Free Wi-Fi, WiFi-THN9-5G, Moore 3rd Floor 5.0GHz, AndroidAP, HanaHaus Guest, Guest, BTHub5-NCQ8, SCCL, #TELUS, Second Cup - WiFi, #StarbucksWifi, CrewCafe, Red Rock Coffee, RadissonBlu, BELL757, TP-LINK_55A810, SHNWIFI, Cheerful_Spirit_B, SINGTEL-C632, Bergn Guest, BPLUNWIRED, La Francaise, ATT275, Orange Wi-Fi, _The Cloud, #WiFi@Changi, WholeFoodsMarket, Timeplay, #March Jean-Talon/public, IKALA LOUNGE, visionbuilding50, Jafferji House & Spa, Hoppers-Guest, Heathrow Express WiFi, MumbaiAirportWiFi@Tatadocomo, Marina Bay Sands, MELBOURNE AIRPORT, virginamerica, Tribeca Blu, Budin-Wifi, CAFE BEIT, -Brooks Atkinson 
06-19 17:30:56.799   911   911 I wificond: Pno scan started
06-19 17:30:57.905  1291 13991 I chatty  : uid=1000 system_server expire 3 lines
06-19 17:30:58.833   911   911 I wificond: Pno scan stopped
06-19 17:31:02.699   911   911 E wificond: Failed to get wiphy index from reg changed message
06-19 17:31:03.873  1291 13998 I chatty  : uid=1000 system_server expire 3 lines
06-19 17:31:05.673   911   911 W wificond: Skip match ssid for pno scan: GetConnected@Clink, Drifters & Kiters, WirelessFireless,  EWR Free WiFi, olallieberry, LOSTFOUND57, #SFO FREE WIFI, Coochamolator, @BNE Free Wi-Fi, PA_OverAir_Library, NETGEAR92, TelstraA20471, _LAX Free WiFi, SKYABD31, Chambers, Moore Reception, Toronto Pearson Wi-Fi, TNCAPA91169, VM249691-5G, _VINCI Airports wifi, ADSLPT-AB67047, badger net, SANDS HOTSPOTS, Airport Free Wi-Fi, WiFi-THN9-5G, Moore 3rd Floor 5.0GHz, AndroidAP, HanaHaus Guest, Guest, BTHub5-NCQ8, SCCL, #TELUS, Second Cup - WiFi, #StarbucksWifi, CrewCafe, Red Rock Coffee, RadissonBlu, BELL757, TP-LINK_55A810, SHNWIFI, Cheerful_Spirit_B, SINGTEL-C632, Bergn Guest, BPLUNWIRED, La Francaise, ATT275, Orange Wi-Fi, _The Cloud, #WiFi@Changi, WholeFoodsMarket, Timeplay, #March Jean-Talon/public, IKALA LOUNGE, visionbuilding50, Jafferji House & Spa, Hoppers-Guest, Heathrow Express WiFi, MumbaiAirportWiFi@Tatadocomo, Marina Bay Sands, MELBOURNE AIRPORT, virginamerica, Tribeca Blu, Budin-Wifi, CAFE BEIT, -Brooks Atkinson 
06-19 17:31:05.673   911   911 I wificond: Pno scan started
06-19 17:31:07.710   911   911 I wificond: Pno scan stopped
06-19 17:31:08.610   911   911 E wificond: Failed to get wiphy index from reg changed message
06-19 17:31:08.614  1291  1728 I chatty  : uid=1000(system) AlarmManager expire 55 lines
06-19 17:31:09.790  1291 14001 I chatty  : uid=1000 system_server expire 3 lines
06-19 17:31:14.544   911   911 W wificond: Skip match ssid for pno scan: GetConnected@Clink, Drifters & Kiters, WirelessFireless,  EWR Free WiFi, olallieberry, LOSTFOUND57, #SFO FREE WIFI, Coochamolator, @BNE Free Wi-Fi, PA_OverAir_Library, NETGEAR92, TelstraA20471, _LAX Free WiFi, SKYABD31, Chambers, Moore Reception, Toronto Pearson Wi-Fi, TNCAPA91169, VM249691-5G, _VINCI Airports wifi, ADSLPT-AB67047, badger net, SANDS HOTSPOTS, Airport Free Wi-Fi, WiFi-THN9-5G, Moore 3rd Floor 5.0GHz, AndroidAP, HanaHaus Guest, Guest, BTHub5-NCQ8, SCCL, #TELUS, Second Cup - WiFi, #StarbucksWifi, CrewCafe, Red Rock Coffee, RadissonBlu, BELL757, TP-LINK_55A810, SHNWIFI, Cheerful_Spirit_B, SINGTEL-C632, Bergn Guest, BPLUNWIRED, La Francaise, ATT275, Orange Wi-Fi, _The Cloud, #WiFi@Changi, WholeFoodsMarket, Timeplay, #March Jean-Talon/public, IKALA LOUNGE, visionbuilding50, Jafferji House & Spa, Hoppers-Guest, Heathrow Express WiFi, MumbaiAirportWiFi@Tatadocomo, Marina Bay Sands, MELBOURNE AIRPORT, virginamerica, Tribeca Blu, Budin-Wifi, CAFE BEIT, -Brooks Atkinson 
06-19 17:31:14.545   911   911 I wificond: Pno scan started
06-19 17:31:14.899  1291 14003 I chatty  : uid=1000 system_server expire 3 lines
06-19 17:31:16.571   911   911 I wificond: Pno scan stopped
06-19 17:31:17.470   911   911 E wificond: Failed to get wiphy index from reg changed message
06-19 17:31:17.511   911   911 W wificond: Scan is not started. Ignore abort request
06-19 17:31:18.571   911   911 I wificond: Connect timeout
06-19 17:31:19.525   911   911 E wificond: Received error messsage: Device or resource busy
06-19 17:31:19.525   911   911 E wificond: NL80211_CMD_TRIGGER_SCAN failed
06-19 17:31:20.886  1291 14006 I chatty  : uid=1000 system_server expire 3 lines
06-19 17:31:21.770   911   911 E wificond: Failed to get wiphy index from reg changed message
06-19 17:31:21.770   911   911 I wificond: Received external scan result notification from kernel.
06-19 17:31:21.802   911   911 W wificond: Skip match ssid for pno scan: GetConnected@Clink, Drifters & Kiters, WirelessFireless,  EWR Free WiFi, olallieberry, LOSTFOUND57, #SFO FREE WIFI, Coochamolator, @BNE Free Wi-Fi, PA_OverAir_Library, NETGEAR92, TelstraA20471, _LAX Free WiFi, SKYABD31, Chambers, Moore Reception, Toronto Pearson Wi-Fi, TNCAPA91169, VM249691-5G, _VINCI Airports wifi, ADSLPT-AB67047, badger net, SANDS HOTSPOTS, Airport Free Wi-Fi, WiFi-THN9-5G, Moore 3rd Floor 5.0GHz, AndroidAP, HanaHaus Guest, Guest, BTHub5-NCQ8, SCCL, #TELUS, Second Cup - WiFi, #StarbucksWifi, CrewCafe, Red Rock Coffee, RadissonBlu, BELL757, TP-LINK_55A810, SHNWIFI, Cheerful_Spirit_B, SINGTEL-C632, Bergn Guest, BPLUNWIRED, La Francaise, ATT275, Orange Wi-Fi, _The Cloud, #WiFi@Changi, WholeFoodsMarket, Timeplay, #March Jean-Talon/public, IKALA LOUNGE, visionbuilding50, Jafferji House & Spa, Hoppers-Guest, Heathrow Express WiFi, MumbaiAirportWiFi@Tatadocomo, Marina Bay Sands, MELBOURNE AIRPORT, virginamerica, Tribeca Blu, Budin-Wifi, CAFE BEIT, -Brooks Atkinson 
06-19 17:31:21.802   911   911 E wificond: Received error messsage: Device or resource busy
06-19 17:31:21.802   911   911 E wificond: NL80211_CMD_START_SCHED_SCAN failed
06-19 17:31:21.802   911   911 E wificond: Failed to start pno scan
06-19 17:31:26.754   911   911 I wificond: Connect timeout
06-19 17:31:26.900  1291 14011 I chatty  : uid=1000 system_server expire 3 lines
06-19 17:31:27.674   911   911 W wificond: Skip match ssid for pno scan: GetConnected@Clink, Drifters & Kiters, WirelessFireless,  EWR Free WiFi, olallieberry, LOSTFOUND57, #SFO FREE WIFI, Coochamolator, @BNE Free Wi-Fi, PA_OverAir_Library, NETGEAR92, TelstraA20471, _LAX Free WiFi, SKYABD31, Chambers, Moore Reception, Toronto Pearson Wi-Fi, TNCAPA91169, VM249691-5G, _VINCI Airports wifi, ADSLPT-AB67047, badger net, SANDS HOTSPOTS, Airport Free Wi-Fi, WiFi-THN9-5G, Moore 3rd Floor 5.0GHz, AndroidAP, HanaHaus Guest, Guest, BTHub5-NCQ8, SCCL, #TELUS, Second Cup - WiFi, #StarbucksWifi, CrewCafe, Red Rock Coffee, RadissonBlu, BELL757, TP-LINK_55A810, SHNWIFI, Cheerful_Spirit_B, SINGTEL-C632, Bergn Guest, BPLUNWIRED, La Francaise, ATT275, Orange Wi-Fi, _The Cloud, #WiFi@Changi, WholeFoodsMarket, Timeplay, #March Jean-Talon/public, IKALA LOUNGE, visionbuilding50, Jafferji House & Spa, Hoppers-Guest, Heathrow Express WiFi, MumbaiAirportWiFi@Tatadocomo, Marina Bay Sands, MELBOURNE AIRPORT, virginamerica, Tribeca Blu, Budin-Wifi, CAFE BEIT, -Brooks Atkinson 
06-19 17:31:27.674   911   911 I wificond: Pno scan started
06-19 17:31:29.707   911   911 I wificond: Pno scan stopped
06-19 17:31:32.730  1291 14022 I chatty  : uid=1000 system_server expire 4 lines
