06-19 02:23:07.916  1291  4255 I chatty  : uid=1000(system) Binder:1291_15 expire 1 line
06-19 02:27:08.323  1291  8578 I chatty  : uid=1000 system_server expire 1 line
06-19 02:33:17.070  1291  1772 I chatty  : uid=1000(system) NetworkStats expire 1 line
06-19 02:33:17.665  1291  2910 I chatty  : uid=1000(system) Binder:1291_13 expire 1 line
06-19 02:38:52.387  1291  8621 I chatty  : uid=1000 system_server expire 1 line
06-19 02:46:04.843  1291  2258 I chatty  : uid=1000(system) Binder:1291_6 expire 212 lines
06-19 02:46:04.846  1291  1420 I chatty  : uid=1000(system) batterystats-sy expire 21 lines
06-19 02:47:32.206  1291  8625 I chatty  : uid=1000 system_server expire 1 line
06-19 03:00:01.111  1291  1728 I chatty  : uid=1000(system) AlarmManager expire 6 lines
06-19 03:00:01.148  1291  1416 I chatty  : uid=1000(system) ActivityManager expire 1 line
06-19 03:00:01.170  1291  2378 I chatty  : uid=1000(system) Binder:1291_A expire 1 line
06-19 03:00:01.682  1291 11035 I chatty  : uid=1000(system) Binder:1291_19 expire 3 lines
06-19 03:00:01.817  1291  1827 I chatty  : uid=1000(system) ConnectivitySer expire 10 lines
06-19 03:00:01.897  1291  2909 I chatty  : uid=1000(system) Binder:1291_12 expire 1 line
06-19 03:02:21.488  1291  1772 I chatty  : uid=1000(system) NetworkStats expire 2 lines
06-19 03:18:18.056  1291  2258 I chatty  : uid=1000(system) Binder:1291_6 expire 49 lines
06-19 03:18:18.062  1291  1420 I chatty  : uid=1000(system) batterystats-sy expire 11 lines
06-19 03:18:18.122  1291  1827 I chatty  : uid=1000(system) ConnectivitySer expire 60 lines
06-19 03:18:18.157  1291  2910 I chatty  : uid=1000(system) Binder:1291_13 expire 3 lines
06-19 03:18:18.184  1291  2834 I chatty  : uid=1000(system) Binder:1291_D expire 2 lines
06-19 03:22:34.636  1291  1728 I chatty  : uid=1000(system) AlarmManager expire 19 lines
06-19 03:22:34.809  1291  1291 I chatty  : uid=1000 system_server expire 1 line
06-19 03:22:35.085  1291  8750 I chatty  : uid=1000 system_server expire 1 line
06-19 03:22:35.518  1291  8961 I chatty  : uid=1000(system) Binder:1291_18 expire 4 lines
06-19 03:22:35.675  1291  1416 I chatty  : uid=1000(system) ActivityManager expire 53 lines
06-19 03:22:36.105  1291  1408 I chatty  : uid=1000(system) android.bg expire 3 lines
06-19 03:22:36.425  1291 17713 I chatty  : uid=1000(system) Binder:1291_1F expire 1 line
06-19 03:22:36.950  1291 12246 I chatty  : uid=1000(system) Binder:1291_1B expire 8 lines
06-19 03:22:40.214  1291  9075 I chatty  : uid=1000 system_server expire 4 lines
06-19 03:22:43.107  9173  9173 D ActivityThread: Loading provider com.google.android.gm.sapi: com.google.android.gm.sapi.SapiUiProvider
06-19 03:22:45.297  1291  9261 I chatty  : uid=1000 system_server expire 7 lines
06-19 03:22:45.652  1291  2258 I chatty  : uid=1000(system) Binder:1291_6 expire 4 lines
06-19 03:22:48.333  1291  2379 I chatty  : uid=1000(system) Binder:1291_B expire 1 line
06-19 03:22:48.557  1291  1827 I chatty  : uid=1000(system) ConnectivitySer expire 3 lines
06-19 03:22:48.773  1291  1415 I chatty  : uid=1000(system) EmbryoManager expire 4 lines
06-19 03:22:50.759  1291  9389 I chatty  : uid=1000 system_server expire 6 lines
06-19 03:22:51.117  1291  1742 I chatty  : uid=1000(system) Binder:1291_3 expire 2 lines
06-19 03:22:51.162  1291  2377 I chatty  : uid=1000(system) Binder:1291_9 expire 5 lines
06-19 03:22:52.223  1291  2266 I chatty  : uid=1000(system) Binder:1291_7 expire 1 line
06-19 03:22:56.165  1291  9433 I chatty  : uid=1000 system_server expire 3 lines
06-19 03:26:44.189  1291  9487 I chatty  : uid=1000 system_server expire 1 line
06-19 03:51:35.691  1291  1416 I chatty  : uid=1000(system) ActivityManager expire 145 lines
06-19 03:51:35.751  1291  1420 I chatty  : uid=1000(system) batterystats-sy expire 6 lines
06-19 04:02:21.879  1291  1408 I chatty  : uid=1000(system) android.bg expire 1 line
06-19 04:02:21.889  1291  1728 I chatty  : uid=1000(system) AlarmManager expire 9 lines
06-19 04:02:21.916  1291  1742 I chatty  : uid=1000(system) Binder:1291_3 expire 2 lines
06-19 04:02:22.043  1291  1772 I chatty  : uid=1000(system) NetworkStats expire 41 lines
06-19 04:18:19.092  1291  1827 I chatty  : uid=1000(system) ConnectivitySer expire 49 lines
06-19 04:20:36.693  1291  9555 I chatty  : uid=1000 system_server expire 1 line
06-19 04:20:37.703  1291  2862 I chatty  : uid=1000(system) Binder:1291_10 expire 1 line
06-19 04:32:21.149  1291  1772 I chatty  : uid=1000(system) NetworkStats expire 155 lines
06-19 04:49:38.284  1291  1728 I chatty  : uid=1000(system) AlarmManager expire 4 lines
06-19 04:49:38.321  1291  1420 I chatty  : uid=1000(system) batterystats-sy expire 11 lines
06-19 04:58:24.907 29912  9576 E ActivityThread: Failed to find provider info for com.facebook.mlite.sso.MessengerLoggedInUserProvider
06-19 04:58:24.921  1291  2909 I chatty  : uid=1000(system) Binder:1291_12 expire 2 lines
06-19 04:58:24.998  1291  1415 I chatty  : uid=1000(system) EmbryoManager expire 1 line
06-19 04:58:25.053  1291  1416 I chatty  : uid=1000(system) ActivityManager expire 3 lines
06-19 04:58:25.917  1291  8961 I chatty  : uid=1000(system) Binder:1291_18 expire 1 line
06-19 04:58:31.299  1291  2834 I chatty  : uid=1000(system) Binder:1291_D expire 1 line
06-19 04:58:31.302  1291  1827 I chatty  : uid=1000(system) ConnectivitySer expire 3 lines
06-19 04:58:31.307  1291  2379 I chatty  : uid=1000(system) Binder:1291_B expire 1 line
06-19 04:58:31.734  1291  9764 I chatty  : uid=1000 system_server expire 2 lines
06-19 05:00:23.597  1291  9850 I chatty  : uid=1000 system_server expire 3 lines
06-19 05:02:21.723  1291  1772 I chatty  : uid=1000(system) NetworkStats expire 1 line
06-19 05:02:21.745  1291 17713 I chatty  : uid=1000(system) Binder:1291_1F expire 195 lines
06-19 05:02:21.752  1291  1420 I chatty  : uid=1000(system) batterystats-sy expire 6 lines
06-19 05:02:21.768  1291  1416 I chatty  : uid=1000(system) ActivityManager expire 3 lines
06-19 05:13:55.428  1291  1728 I chatty  : uid=1000(system) AlarmManager expire 12 lines
06-19 05:13:55.555  1291  1291 I chatty  : uid=1000 system_server expire 6 lines
06-19 05:13:56.515  1291  6865 I chatty  : uid=1000(system) Binder:1291_17 expire 3 lines
06-19 05:13:56.515  1291  2863 I chatty  : uid=1000(system) Binder:1291_11 expire 4 lines
06-19 05:13:56.518  1291  1827 I chatty  : uid=1000(system) ConnectivitySer expire 29 lines
06-19 05:13:56.865  1291 10043 I chatty  : uid=1000 system_server expire 4 lines
06-19 05:13:58.880  1291  1408 I chatty  : uid=1000(system) android.bg expire 9 lines
06-19 05:13:59.430 10156 10156 D ActivityThread: Loading provider com.whatsapp.provider.contact: com.whatsapp.contact.ContactProvider
06-19 05:13:59.512  1291 12246 I chatty  : uid=1000(system) Binder:1291_1B expire 2 lines
06-19 05:13:59.787  1291  1742 I chatty  : uid=1000(system) Binder:1291_3 expire 2 lines
06-19 05:13:59.940 10197 10197 E ActivityThread: Failed to find provider info for com.opera.minisettingsmocker
06-19 05:14:00.096  1291  2910 I chatty  : uid=1000(system) Binder:1291_13 expire 5 lines
06-19 05:14:00.746  1291  1995 I chatty  : uid=1000(system) Binder:1291_5 expire 4 lines
06-19 05:14:01.074  1291 14017 I chatty  : uid=1000(system) Binder:1291_1D expire 4 lines
06-19 05:14:01.690  1291  2376 I chatty  : uid=1000(system) Binder:1291_8 expire 4 lines
06-19 05:14:01.997  1291 10453 I chatty  : uid=1000 system_server expire 6 lines
06-19 05:14:02.220  1291  1417 I chatty  : uid=1000(system) android.ui expire 4 lines
06-19 05:14:02.586  1291  4255 I chatty  : uid=1000(system) Binder:1291_15 expire 8 lines
06-19 05:14:02.594  1291  1338 I chatty  : uid=1000(system) Binder:1291_2 expire 2 lines
06-19 05:14:03.146  1291 17713 I chatty  : uid=1000(system) Binder:1291_1F expire 3 lines
06-19 05:14:03.717  1291  2266 I chatty  : uid=1000(system) Binder:1291_7 expire 2 lines
06-19 05:14:03.848  1291  2379 I chatty  : uid=1000(system) Binder:1291_B expire 1 line
06-19 05:14:04.067  1291  2258 I chatty  : uid=1000(system) Binder:1291_6 expire 2 lines
06-19 05:14:04.208  1291  2847 I chatty  : uid=1000(system) Binder:1291_F expire 3 lines
06-19 05:14:04.308  1291 14724 I chatty  : uid=1000(system) Binder:1291_1E expire 1 line
06-19 05:14:04.422  1291  1959 I chatty  : uid=1000(system) Binder:1291_4 expire 1 line
06-19 05:14:04.700  1291  1415 I chatty  : uid=1000(system) EmbryoManager expire 8 lines
06-19 05:14:06.819  1291  2910 I chatty  : uid=1000(system) Binder:1291_13 expire 1 line
06-19 05:14:06.820  1291  2380 I chatty  : uid=1000(system) Binder:1291_C expire 2 lines
06-19 05:14:06.820  1291  1827 I chatty  : uid=1000(system) ConnectivitySer expire 21 lines
06-19 05:14:06.856 10847 10847 D ActivityThread: Loading provider com.google.android.gm.sapi: com.google.android.gm.sapi.SapiUiProvider
06-19 05:14:07.199  1291 10894 I chatty  : uid=1000 system_server expire 6 lines
06-19 05:14:07.659  1291  2834 I chatty  : uid=1000(system) Binder:1291_D expire 11 lines
06-19 05:14:09.022  1291  2379 I chatty  : uid=1000(system) Binder:1291_B expire 1 line
06-19 05:14:09.078  1291  2929 I chatty  : uid=1000(system) Binder:1291_14 expire 9 lines
06-19 05:14:09.258  1291  1328 I chatty  : uid=1000(system) Binder:1291_1 expire 5 lines
06-19 05:14:09.776  1291  1742 I chatty  : uid=1000(system) Binder:1291_3 expire 2 lines
06-19 05:14:11.213  1291  4255 I chatty  : uid=1000(system) Binder:1291_15 expire 86 lines
06-19 05:14:12.127  1291  1416 I chatty  : uid=1000(system) ActivityManager expire 4 lines
06-19 05:14:12.498  1291  2376 I chatty  : uid=1000(system) Binder:1291_8 expire 1 line
06-19 05:14:12.681  1291 11200 I chatty  : uid=1000 system_server expire 8 lines
06-19 05:14:13.009  1291 12786 I chatty  : uid=1000(system) Binder:1291_1C expire 2 lines
06-19 05:14:13.086  1291  1959 I chatty  : uid=1000(system) Binder:1291_4 expire 6 lines
06-19 05:14:13.259  1291 17847 I chatty  : uid=1000(system) Binder:1291_20 expire 4 lines
06-19 05:14:17.753  1291 11638 I chatty  : uid=1000 system_server expire 4 lines
06-19 05:14:25.428  1291  1728 I chatty  : uid=1000(system) AlarmManager expire 12 lines
06-19 05:14:44.957  1291  1420 I chatty  : uid=1000(system) batterystats-sy expire 6 lines
06-19 05:18:08.375 11732 11732 W ContextImpl: Calling a method in the system process without a qualified user: android.app.ContextImpl.startService:1477 android.content.ContextWrapper.startService:645 com.oneplus.security.intercept.clean.InterceptCleanService.a:27 com.oneplus.security.SecurityApplication.a:91 com.oneplus.security.SecurityApplication.onCreate:81 
06-19 05:18:08.380 11732 11732 W ContextImpl: Calling a method in the system process without a qualified user: android.app.ContextImpl.startService:1477 android.content.ContextWrapper.startService:645 com.oneplus.security.SecureService.a:53 com.oneplus.security.SecurityApplication.a:92 com.oneplus.security.SecurityApplication.onCreate:81 
06-19 05:18:08.384 11732 11732 W ContextImpl: Calling a method in the system process without a qualified user: android.app.ContextImpl.sendBroadcast:967 android.content.ContextWrapper.sendBroadcast:432 com.oneplus.security.view.SecurityWidgetProvider.a:67 com.oneplus.security.SecurityApplication.a:107 com.oneplus.security.SecurityApplication.onCreate:81 
06-19 05:18:08.428 11732 11732 W ContextImpl: Calling a method in the system process without a qualified user: android.app.ContextImpl.sendBroadcast:967 android.content.ContextWrapper.sendBroadcast:432 com.oneplus.security.SecureService$b.onReceive:172 android.app.LoadedApk$ReceiverDispatcher$Args.lambda$-android_app_LoadedApk$ReceiverDispatcher$Args_53427:1339 android.app.-$Lambda$FilBqgnXJrN9Mgyks1XHeAxzSTk.$m$0:4 
06-19 05:18:09.942 11732 11760 W ContextImpl: Calling a method in the system process without a qualified user: android.app.ContextImpl.startService:1477 android.content.ContextWrapper.startService:645 com.oneplus.security.firewall.NetworkRestrictService.a:154 com.oneplus.security.receiver.a.e:127 com.oneplus.security.SecureService$a.handleMessage:77 
06-19 05:18:19.566  1291  1827 I chatty  : uid=1000(system) ConnectivitySer expire 54 lines
06-19 05:26:01.972  1291 11774 I chatty  : uid=1000 system_server expire 1 line
06-19 05:32:21.115  1291  1772 I chatty  : uid=1000(system) NetworkStats expire 1 line
06-19 05:32:21.664  1291  2258 I chatty  : uid=1000(system) Binder:1291_6 expire 1 line
06-19 05:32:21.698  1291  1338 I chatty  : uid=1000(system) Binder:1291_2 expire 113 lines
06-19 05:32:21.757  1291  4255 I chatty  : uid=1000(system) Binder:1291_15 expire 118 lines
06-19 05:32:21.887  1291  1328 I chatty  : uid=1000(system) Binder:1291_1 expire 3 lines
06-19 05:32:21.898  1291  1478 I chatty  : uid=1000(system) android.display expire 1 line
06-19 05:42:57.597  1291  1728 I chatty  : uid=1000(system) AlarmManager expire 5 lines
06-19 05:42:57.620  1291  1420 I chatty  : uid=1000(system) batterystats-sy expire 4 lines
06-19 06:00:01.552  1291  2377 I chatty  : uid=1000(system) Binder:1291_9 expire 1 line
06-19 06:00:01.553  1291  1827 I chatty  : uid=1000(system) ConnectivitySer expire 10 lines
06-19 06:00:01.615  1291  2376 I chatty  : uid=1000(system) Binder:1291_8 expire 1 line
06-19 06:00:01.714  1291  1415 I chatty  : uid=1000(system) EmbryoManager expire 1 line
06-19 06:02:21.977  1291  1338 I chatty  : uid=1000(system) Binder:1291_2 expire 84 lines
06-19 06:02:21.986  1291  1420 I chatty  : uid=1000(system) batterystats-sy expire 6 lines
06-19 06:02:22.039  1291  1772 I chatty  : uid=1000(system) NetworkStats expire 2 lines
06-19 06:02:22.278  1291 11953 I chatty  : uid=1000 system_server expire 3 lines
06-19 06:11:58.767  1291  1728 I chatty  : uid=1000(system) AlarmManager expire 6 lines
06-19 06:18:20.041  1291  1827 I chatty  : uid=1000(system) ConnectivitySer expire 53 lines
06-19 06:40:59.492  1291 12246 I chatty  : uid=1000(system) Binder:1291_1B expire 194 lines
06-19 06:40:59.507  1291  1420 I chatty  : uid=1000(system) batterystats-sy expire 3 lines
06-19 06:40:59.893  1291  1408 I chatty  : uid=1000(system) android.bg expire 1 line
06-19 07:02:21.649  1291  1728 I chatty  : uid=1000(system) AlarmManager expire 6 lines
06-19 07:02:21.671  1291  1772 I chatty  : uid=1000(system) NetworkStats expire 1 line
06-19 07:02:22.516  1291  1416 I chatty  : uid=1000(system) ActivityManager expire 2 lines
06-19 07:10:00.850 11961 11961 W ContextImpl: Calling a method in the system process without a qualified user: android.app.ContextImpl.startService:1477 android.content.ContextWrapper.startService:645 com.qualcomm.qcrilhook.QcRilHook.<init>:154 cn.oneplus.nvbackup.OemHookManager.onCreate:39 android.app.Instrumentation.callApplicationOnCreate:1129 
06-19 07:10:00.855 11961 11961 W ContextImpl: Calling a method in the system process without a qualified user: android.app.ContextImpl.bindService:1557 android.content.ContextWrapper.bindService:679 com.qualcomm.qcrilhook.QcRilHook.<init>:156 cn.oneplus.nvbackup.OemHookManager.onCreate:39 android.app.Instrumentation.callApplicationOnCreate:1129 
06-19 07:10:01.054  1291 11978 I chatty  : uid=1000 system_server expire 1 line
06-19 07:18:20.970  1291 12246 I chatty  : uid=1000(system) Binder:1291_1B expire 194 lines
06-19 07:18:20.987  1291  1420 I chatty  : uid=1000(system) batterystats-sy expire 5 lines
06-19 07:18:21.019  1291  1827 I chatty  : uid=1000(system) ConnectivitySer expire 56 lines
06-19 07:27:56.144  1291  1728 I chatty  : uid=1000(system) AlarmManager expire 9 lines
06-19 07:27:56.165  1291  1408 I chatty  : uid=1000(system) android.bg expire 1 line
06-19 07:27:59.521  1291  8961 I chatty  : uid=1000(system) Binder:1291_18 expire 4 lines
06-19 07:27:59.540  1291  2834 I chatty  : uid=1000(system) Binder:1291_D expire 2 lines
06-19 07:27:59.546  1291  2379 I chatty  : uid=1000(system) Binder:1291_B expire 3 lines
06-19 07:28:00.024  1291 11994 I chatty  : uid=1000 system_server expire 3 lines
06-19 07:32:21.319  1291  1772 I chatty  : uid=1000(system) NetworkStats expire 1 line
06-19 07:32:21.572  1291  1415 I chatty  : uid=1000(system) EmbryoManager expire 2 lines
06-19 07:39:01.540  1291  1416 I chatty  : uid=1000(system) ActivityManager expire 1 line
06-19 07:39:01.723 12039 12039 W ContextImpl: Calling a method in the system process without a qualified user: android.app.ContextImpl.startService:1477 android.content.ContextWrapper.startService:645 net.oneplus.odm.insight.f.<init>:46 net.oneplus.odm.insight.f.aq:51 net.oneplus.odm.DeviceManagerService.onCreate:151 
06-19 07:39:01.725  1291  2266 I chatty  : uid=1000(system) Binder:1291_7 expire 196 lines
06-19 08:02:21.876  1291  1772 I chatty  : uid=1000(system) NetworkStats expire 2 lines
06-19 08:08:01.893  1291  1728 I chatty  : uid=1000(system) AlarmManager expire 9 lines
06-19 08:08:01.932  1291  1420 I chatty  : uid=1000(system) batterystats-sy expire 11 lines
06-19 08:08:50.383  1291 12786 I chatty  : uid=1000(system) Binder:1291_1C expire 1 line
06-19 08:08:50.513  1291 12065 I chatty  : uid=1000 system_server expire 2 lines
06-19 08:08:50.550  1291  1827 I chatty  : uid=1000(system) ConnectivitySer expire 52 lines
06-19 08:20:04.636  1291 12094 I chatty  : uid=1000 system_server expire 1 line
06-19 08:20:47.361  1291  8961 I chatty  : uid=1000(system) Binder:1291_18 expire 69 lines
06-19 08:20:48.407  1291 12112 I chatty  : uid=1000 system_server expire 1 line
06-19 08:20:50.734  1291  1416 I chatty  : uid=1000(system) ActivityManager expire 3 lines
06-19 08:20:50.830 12114 12114 W ContextImpl: Calling a method in the system process without a qualified user: android.app.ContextImpl.startService:1477 android.content.ContextWrapper.startService:645 com.oneplus.opbackup.OTApplication.onCreate:68 android.app.Instrumentation.callApplicationOnCreate:1129 android.app.ActivityThread.handleBindApplication:6023 
06-19 08:20:50.854 12114 12114 W ContextImpl: Calling a method in the system process without a qualified user: android.app.ContextImpl.startService:1477 android.content.ContextWrapper.startService:645 com.oneplus.opbackup.service.BackupService.a:13 com.oneplus.opbackup.receiver.CheckUpdateReceiver.a:20 com.oneplus.opbackup.receiver.NetworkListenerService$a.onReceive:18 
06-19 08:21:11.294  1291  1420 I chatty  : uid=1000(system) batterystats-sy expire 14 lines
06-19 08:21:11.407  1291 12246 I chatty  : uid=1000(system) Binder:1291_1B expire 1 line
06-19 08:21:11.619  1291  2378 I chatty  : uid=1000(system) Binder:1291_A expire 3 lines
06-19 08:21:11.854  1291  1995 I chatty  : uid=1000(system) Binder:1291_5 expire 2 lines
06-19 08:21:11.855  1291  1827 I chatty  : uid=1000(system) ConnectivitySer expire 5 lines
06-19 08:21:16.125  1291 12205 I chatty  : uid=1000 system_server expire 2 lines
06-19 08:26:14.121  1291 12209 I chatty  : uid=1000 system_server expire 1 line
06-19 08:27:00.638  1291  2834 I chatty  : uid=1000(system) Binder:1291_D expire 1 line
06-19 08:27:40.987  1291  2266 I chatty  : uid=1000(system) Binder:1291_7 expire 2 lines
06-19 08:27:41.035  1291  6167 I chatty  : uid=1000(system) Binder:1291_16 expire 1 line
06-19 08:32:21.855  1291  8961 I chatty  : uid=1000(system) Binder:1291_18 expire 127 lines
06-19 08:35:00.679  1291  1728 I chatty  : uid=1000(system) AlarmManager expire 7 lines
06-19 08:35:01.225  1291  2258 I chatty  : uid=1000(system) Binder:1291_6 expire 104 lines
06-19 08:35:01.309  1291  1827 I chatty  : uid=1000(system) ConnectivitySer expire 4 lines
06-19 08:35:01.309  1291  2377 I chatty  : uid=1000(system) Binder:1291_9 expire 2 lines
06-19 08:50:11.919  1291  1420 I chatty  : uid=1000(system) batterystats-sy expire 11 lines
06-19 08:50:15.956  1291 12493 I chatty  : uid=1000 system_server expire 1 line
06-19 08:56:27.187  1291 12515 I chatty  : uid=1000 system_server expire 1 line
06-19 09:02:21.989  1291  2258 I chatty  : uid=1000(system) Binder:1291_6 expire 93 lines
06-19 09:02:26.517  1291  1772 I chatty  : uid=1000(system) NetworkStats expire 13 lines
06-19 09:04:15.223  1291  1728 I chatty  : uid=1000(system) AlarmManager expire 34 lines
06-19 09:04:15.261  1291  1420 I chatty  : uid=1000(system) batterystats-sy expire 2 lines
06-19 09:04:15.380  1291  1291 I chatty  : uid=1000 system_server expire 2 lines
06-19 09:04:15.597  1291  2380 I chatty  : uid=1000(system) Binder:1291_C expire 4 lines
06-19 09:04:15.914  1291  2862 I chatty  : uid=1000(system) Binder:1291_10 expire 5 lines
06-19 09:04:16.001  1291  4255 I chatty  : uid=1000(system) Binder:1291_15 expire 4 lines
06-19 09:04:16.533  1291  1408 I chatty  : uid=1000(system) android.bg expire 2 lines
06-19 09:04:17.251 12654 12654 D ActivityThread: Loading provider com.google.android.gm.sapi: com.google.android.gm.sapi.SapiUiProvider
06-19 09:04:17.776  1291  1827 I chatty  : uid=1000(system) ConnectivitySer expire 11 lines
06-19 09:04:17.862  1291  2909 I chatty  : uid=1000(system) Binder:1291_12 expire 1 line
06-19 09:04:18.680  1291  1415 I chatty  : uid=1000(system) EmbryoManager expire 5 lines
06-19 09:04:19.923  1291 12885 I chatty  : uid=1000 system_server expire 3 lines
06-19 09:04:20.007  1291  2258 I chatty  : uid=1000(system) Binder:1291_6 expire 10 lines
06-19 09:04:20.008  1291  6167 I chatty  : uid=1000(system) Binder:1291_16 expire 7 lines
06-19 09:04:20.009  1291  2266 I chatty  : uid=1000(system) Binder:1291_7 expire 5 lines
06-19 09:04:22.613  1291 17713 I chatty  : uid=1000(system) Binder:1291_1F expire 3 lines
06-19 09:04:23.493  1291  1416 I chatty  : uid=1000(system) ActivityManager expire 5 lines
06-19 09:04:25.219  1291 13087 I chatty  : uid=1000 system_server expire 7 lines
06-19 09:04:25.690  1291 12786 I chatty  : uid=1000(system) Binder:1291_1C expire 10 lines
06-19 09:04:26.300  1291  2378 I chatty  : uid=1000(system) Binder:1291_A expire 3 lines
06-19 09:04:26.604  1291  1476 I chatty  : uid=1000(system) android.fg expire 4 lines
06-19 09:04:28.732  1291  2910 I chatty  : uid=1000(system) Binder:1291_13 expire 2 lines
06-19 09:04:28.775  1291  2929 I chatty  : uid=1000(system) Binder:1291_14 expire 3 lines
06-19 09:04:30.492  1291 13135 I chatty  : uid=1000 system_server expire 6 lines
06-19 09:04:31.772  1291  2377 I chatty  : uid=1000(system) Binder:1291_9 expire 1 line
06-19 09:04:33.668  1291 14017 I chatty  : uid=1000(system) Binder:1291_1D expire 3 lines
06-19 09:04:36.613  1291 13275 I chatty  : uid=1000 system_server expire 5 lines
06-19 09:04:42.704  1291 13283 I chatty  : uid=1000 system_server expire 1 line
06-19 09:04:46.090  1291  2847 I chatty  : uid=1000(system) Binder:1291_F expire 2 lines
06-19 09:05:19.281  1291  1420 I chatty  : uid=1000(system) batterystats-sy expire 12 lines
06-19 09:05:19.301  1291 12786 I chatty  : uid=1000(system) Binder:1291_1C expire 1 line
06-19 09:08:19.026  1291 13384 I chatty  : uid=1000 system_server expire 2 lines
06-19 09:18:22.472  1291  1728 I chatty  : uid=1000(system) AlarmManager expire 5 lines
06-19 09:18:22.547  1291  1827 I chatty  : uid=1000(system) ConnectivitySer expire 49 lines
06-19 09:18:22.595  1291  1416 I chatty  : uid=1000(system) ActivityManager expire 2 lines
06-19 09:18:22.599  1291  1742 I chatty  : uid=1000(system) Binder:1291_3 expire 2 lines
06-19 09:32:21.245  1291  1772 I chatty  : uid=1000(system) NetworkStats expire 1 line
06-19 09:43:49.934  1291  2929 I chatty  : uid=1000(system) Binder:1291_14 expire 197 lines
06-19 09:43:49.969  1291  1420 I chatty  : uid=1000(system) batterystats-sy expire 4 lines
06-19 09:43:50.185  1291 13492 I chatty  : uid=1000 system_server expire 1 line
06-19 09:47:26.732  1291  2188 I chatty  : uid=1000(system) HwBinder:1291_4 expire 2 lines
06-19 09:47:26.742  1291  1480 I chatty  : uid=1000(system) PowerManagerSer expire 42 lines
06-19 09:47:26.745  1291  1857 I chatty  : uid=1000(system) ColorBalanceThr expire 16 lines
06-19 09:47:26.749  1998  1998 W FingerprintManager: Invalid acquired message: 1000, 0
06-19 09:47:26.751  1291  1291 I chatty  : uid=1000 system_server expire 9 lines
06-19 09:47:26.770  1291  1478 I chatty  : uid=1000(system) android.display expire 6 lines
06-19 09:47:26.802  1291  1728 I chatty  : uid=1000(system) AlarmManager expire 15 lines
06-19 09:47:26.887  1291  2929 I chatty  : uid=1000(system) Binder:1291_14 expire 4 lines
06-19 09:47:26.887  1291  1417 I chatty  : uid=1000(system) android.ui expire 7 lines
06-19 09:47:26.893  1291  1886 I chatty  : uid=1000(system) FingerPrintThre expire 6 lines
06-19 09:47:26.917   914  1128 D QMI_FW  : chen-screen on: is_screen_off = 0 
06-19 09:47:26.917  1103  1204 D QMI_FW  : chen-screen on: is_screen_off = 0 
06-19 09:47:26.946  1291  2847 I chatty  : uid=1000(system) Binder:1291_F expire 4 lines
06-19 09:47:26.964  1291 17847 I chatty  : uid=1000(system) Binder:1291_20 expire 9 lines
06-19 09:47:27.020   914  1128 D QMI_FW  : chen-screen off: is_screen_off = 1 
06-19 09:47:27.034  1103  1204 D QMI_FW  : chen-screen off: is_screen_off = 1 
06-19 09:47:27.094  1291  2846 I chatty  : uid=1000(system) Binder:1291_E expire 2 lines
06-19 09:47:27.736  1291 12786 I chatty  : uid=1000(system) Binder:1291_1C expire 1 line
06-19 09:47:28.069  1291  1736 I chatty  : uid=1000(system) InputReader expire 4 lines
06-19 09:47:28.102   914  1128 D QMI_FW  : chen-screen on: is_screen_off = 0 
06-19 09:47:28.103  1103  1204 D QMI_FW  : chen-screen on: is_screen_off = 0 
06-19 09:47:28.128  1291  2910 I chatty  : uid=1000(system) Binder:1291_13 expire 4 lines
06-19 09:47:31.641   914  1128 D QMI_FW  : chen-screen off: is_screen_off = 1 
06-19 09:47:31.651  1103  1204 D QMI_FW  : chen-screen off: is_screen_off = 1 
06-19 09:47:32.046  1291 13581 I chatty  : uid=1000 system_server expire 2 lines
06-19 09:47:33.488  1291  1416 I chatty  : uid=1000(system) ActivityManager expire 5 lines
06-19 09:47:33.942  1291  1476 I chatty  : uid=1000(system) android.fg expire 11 lines
06-19 09:47:33.943  1291  1772 I chatty  : uid=1000(system) NetworkStats expire 33 lines
06-19 09:47:34.538  1291  1474 I chatty  : uid=1000(system) FileObserver expire 1 line
06-19 09:47:37.262  1291 13619 I chatty  : uid=1000 system_server expire 2 lines
06-19 09:47:42.858  1291 13628 I chatty  : uid=1000 system_server expire 1 line
06-19 09:47:47.923  1291 13669 I chatty  : uid=1000 system_server expire 1 line
06-19 09:47:53.519  1291  8961 I chatty  : uid=1000(system) Binder:1291_18 expire 6 lines
06-19 09:47:53.570  1291  6167 I chatty  : uid=1000(system) Binder:1291_16 expire 3 lines
06-19 09:47:53.605  1291 11093 I chatty  : uid=1000(system) Binder:1291_1A expire 5 lines
06-19 09:47:53.630  1291  2834 I chatty  : uid=1000(system) Binder:1291_D expire 2 lines
06-19 09:47:53.818  1291 13739 I chatty  : uid=1000 system_server expire 2 lines
06-19 09:47:54.532  1291  1827 I chatty  : uid=1000(system) ConnectivitySer expire 10 lines
06-19 09:47:56.539  1291  1415 I chatty  : uid=1000(system) EmbryoManager expire 2 lines
06-19 09:47:59.567  1291 13968 I chatty  : uid=1000 system_server expire 4 lines
06-19 09:48:04.660 13998 13998 W ContextImpl: Calling a method in the system process without a qualified user: android.app.ContextImpl.startService:1477 android.content.ContextWrapper.startService:645 com.qualcomm.qcrilhook.QcRilHook.<init>:154 cn.oneplus.nvbackup.OemHookManager.onCreate:39 android.app.Instrumentation.callApplicationOnCreate:1129 
06-19 09:48:04.661 13998 13998 W ContextImpl: Calling a method in the system process without a qualified user: android.app.ContextImpl.bindService:1557 android.content.ContextWrapper.bindService:679 com.qualcomm.qcrilhook.QcRilHook.<init>:156 cn.oneplus.nvbackup.OemHookManager.onCreate:39 android.app.Instrumentation.callApplicationOnCreate:1129 
06-19 09:48:05.429  1291 14020 I chatty  : uid=1000 system_server expire 4 lines
06-19 09:48:06.142  1291  1476 I chatty  : uid=1000(system) android.fg expire 2 lines
06-19 09:48:06.143  1291  1772 I chatty  : uid=1000(system) NetworkStats expire 24 lines
06-19 09:48:11.201  1291 14027 I chatty  : uid=1000 system_server expire 2 lines
06-19 09:48:11.968  1291  1476 I chatty  : uid=1000(system) android.fg expire 6 lines
06-19 09:48:15.689  1291 12246 I chatty  : uid=1000(system) Binder:1291_1B expire 1 line
06-19 09:48:15.709  1291  2909 I chatty  : uid=1000(system) Binder:1291_12 expire 3 lines
06-19 09:48:17.023  1291 14035 I chatty  : uid=1000 system_server expire 2 lines
06-19 09:48:19.540  1291  8961 I chatty  : uid=1000(system) Binder:1291_18 expire 2 lines
06-19 09:48:19.563  1291  4255 I chatty  : uid=1000(system) Binder:1291_15 expire 1 line
06-19 09:48:19.564  1291  1827 I chatty  : uid=1000(system) ConnectivitySer expire 6 lines
06-19 09:48:19.564  1291  2863 I chatty  : uid=1000(system) Binder:1291_11 expire 1 line
06-19 09:48:21.103  1291  1416 I chatty  : uid=1000(system) ActivityManager expire 206 lines
06-19 09:48:21.521  1291 14724 I chatty  : uid=1000(system) Binder:1291_1E expire 2 lines
06-19 09:48:21.526  1291  1478 I chatty  : uid=1000(system) android.display expire 1 line
06-19 09:48:22.578  1291  1415 I chatty  : uid=1000(system) EmbryoManager expire 1 line
06-19 09:48:22.889  1291 14104 I chatty  : uid=1000 system_server expire 3 lines
06-19 09:48:26.790  1291  1728 I chatty  : uid=1000(system) AlarmManager expire 96 lines
06-19 09:48:26.862  1291  1291 I chatty  : uid=1000 system_server expire 1 line
06-19 09:48:27.088  1291  8961 I chatty  : uid=1000(system) Binder:1291_18 expire 6 lines
06-19 09:48:28.015  1291  2863 I chatty  : uid=1000(system) Binder:1291_11 expire 3 lines
06-19 09:48:28.388  1291 14400 I chatty  : uid=1000 system_server expire 2 lines
06-19 09:48:28.395  1291 14724 I chatty  : uid=1000(system) Binder:1291_1E expire 3 lines
06-19 09:48:28.395  1291  1827 I chatty  : uid=1000(system) ConnectivitySer expire 19 lines
06-19 09:48:29.227 14522 14522 D ActivityThread: Loading provider com.whatsapp.provider.contact: com.whatsapp.contact.ContactProvider
06-19 09:48:29.690  1291  1476 I chatty  : uid=1000(system) android.fg expire 15 lines
06-19 09:48:29.690  1291  1772 I chatty  : uid=1000(system) NetworkStats expire 47 lines
06-19 09:48:29.850  1291  1995 I chatty  : uid=1000(system) Binder:1291_5 expire 1 line
06-19 09:48:29.880  1291 14017 I chatty  : uid=1000(system) Binder:1291_1D expire 1 line
06-19 09:48:29.882  1291 17847 I chatty  : uid=1000(system) Binder:1291_20 expire 5 lines
06-19 09:48:33.168  1291  1416 I chatty  : uid=1000(system) ActivityManager expire 4 lines
06-19 09:48:33.534  1291  1328 I chatty  : uid=1000(system) Binder:1291_1 expire 5 lines
06-19 09:48:33.543  1291 14635 I chatty  : uid=1000 system_server expire 4 lines
06-19 09:48:36.370  1291  6865 I chatty  : uid=1000(system) Binder:1291_17 expire 4 lines
06-19 09:48:36.373  1291  2377 I chatty  : uid=1000(system) Binder:1291_9 expire 1 line
06-19 09:48:40.715  1291 14699 I chatty  : uid=1000 system_server expire 2 lines
06-19 09:48:46.565  1291 14707 I chatty  : uid=1000 system_server expire 1 line
06-19 09:48:53.115  1291 14711 I chatty  : uid=1000 system_server expire 1 line
06-19 09:48:58.370  1291  2834 I chatty  : uid=1000(system) Binder:1291_D expire 1 line
06-19 09:48:58.891  1291 14716 I chatty  : uid=1000 system_server expire 1 line
06-19 09:49:04.821  1291 14722 I chatty  : uid=1000 system_server expire 1 line
06-19 09:49:10.657  1291 14726 I chatty  : uid=1000 system_server expire 1 line
06-19 09:49:29.139  1291  1420 I chatty  : uid=1000(system) batterystats-sy expire 22 lines
06-19 09:56:17.476  1291  1408 I chatty  : uid=1000(system) android.bg expire 3 lines
06-19 09:56:17.617  1291  2379 I chatty  : uid=1000(system) Binder:1291_B expire 1 line
06-19 09:56:19.092  1291 14798 I chatty  : uid=1000 system_server expire 1 line
06-19 09:56:40.938  1291 14832 I chatty  : uid=1000 system_server expire 1 line
06-19 10:01:51.258  1291 14908 I chatty  : uid=1000 system_server expire 1 line
06-19 10:03:28.325  1291  2376 I chatty  : uid=1000(system) Binder:1291_8 expire 1 line
06-19 10:03:31.164  1291 14962 I chatty  : uid=1000 system_server expire 1 line
06-19 10:03:31.364  1291  1415 I chatty  : uid=1000(system) EmbryoManager expire 2 lines
06-19 10:05:00.915  1291  1728 I chatty  : uid=1000(system) AlarmManager expire 169 lines
06-19 10:05:01.018  1291  1420 I chatty  : uid=1000(system) batterystats-sy expire 13 lines
06-19 10:05:01.163  1291  2862 I chatty  : uid=1000(system) Binder:1291_10 expire 1 line
06-19 10:05:38.809  1291  1417 I chatty  : uid=1000(system) android.ui expire 1 line
06-19 10:05:51.185  1291  1328 I chatty  : uid=1000(system) Binder:1291_1 expire 2 lines
06-19 10:05:51.204  1291  2378 I chatty  : uid=1000(system) Binder:1291_A expire 3 lines
06-19 10:06:25.336  1291  2379 I chatty  : uid=1000(system) Binder:1291_B expire 1 line
06-19 10:06:25.337  1291  1827 I chatty  : uid=1000(system) ConnectivitySer expire 3 lines
06-19 10:06:25.340  1291 17847 I chatty  : uid=1000(system) Binder:1291_20 expire 2 lines
06-19 10:08:29.452  1291 15041 I chatty  : uid=1000 system_server expire 1 line
06-19 10:08:35.187  1291 15045 I chatty  : uid=1000 system_server expire 1 line
06-19 10:08:47.872  1291 15075 I chatty  : uid=1000 system_server expire 1 line
06-19 10:09:04.036  1291 15103 I chatty  : uid=1000 system_server expire 2 lines
06-19 10:12:30.789  1291  2258 I chatty  : uid=1000(system) Binder:1291_6 expire 4 lines
06-19 10:12:31.560  1291 15115 I chatty  : uid=1000 system_server expire 2 lines
06-19 10:13:33.238  1291  1291 I chatty  : uid=1000 system_server expire 1 line
06-19 10:13:33.505  1291 11093 I chatty  : uid=1000(system) Binder:1291_1A expire 1 line
06-19 10:13:34.006  1291  2847 I chatty  : uid=1000(system) Binder:1291_F expire 1 line
06-19 10:13:34.527  1291  1416 I chatty  : uid=1000(system) ActivityManager expire 38 lines
06-19 10:13:38.059  1291 15230 I chatty  : uid=1000 system_server expire 4 lines
06-19 10:13:38.268  1291  1408 I chatty  : uid=1000(system) android.bg expire 1 line
06-19 10:17:00.298  1291 15240 I chatty  : uid=1000 system_server expire 2 lines
06-19 10:18:23.454  1291  1416 I chatty  : uid=1000(system) ActivityManager expire 161 lines
06-19 10:18:23.464  1291  1420 I chatty  : uid=1000(system) batterystats-sy expire 6 lines
06-19 10:18:23.501  1291  1827 I chatty  : uid=1000(system) ConnectivitySer expire 50 lines
06-19 10:18:48.894  1291  1728 I chatty  : uid=1000(system) AlarmManager expire 28 lines
06-19 10:18:48.920  1291 11093 I chatty  : uid=1000(system) Binder:1291_1A expire 3 lines
06-19 10:18:50.417  1291  2378 I chatty  : uid=1000(system) Binder:1291_A expire 2 lines
06-19 10:18:50.464  1291  2847 I chatty  : uid=1000(system) Binder:1291_F expire 1 line
06-19 10:18:54.809  1291  1995 I chatty  : uid=1000(system) Binder:1291_5 expire 2 lines
06-19 10:18:54.853  1291  1291 I chatty  : uid=1000 system_server expire 1 line
06-19 10:18:55.112  1291  2258 I chatty  : uid=1000(system) Binder:1291_6 expire 2 lines
06-19 10:22:55.724  1291  1728 I chatty  : uid=1000(system) AlarmManager expire 94 lines
06-19 10:22:55.741  1291  1420 I chatty  : uid=1000(system) batterystats-sy expire 13 lines
06-19 10:22:56.010  1291 15399 I chatty  : uid=1000 system_server expire 1 line
06-19 10:23:51.675  1291  1415 I chatty  : uid=1000(system) EmbryoManager expire 3 lines
06-19 10:23:52.951  1291  2846 I chatty  : uid=1000(system) Binder:1291_E expire 7 lines
06-19 10:26:27.001  1291  1408 I chatty  : uid=1000(system) android.bg expire 3 lines
06-19 10:26:31.417  1291  1772 I chatty  : uid=1000(system) NetworkStats expire 1 line
06-19 10:31:27.772  1291  1417 I chatty  : uid=1000(system) android.ui expire 5 lines
06-19 10:31:28.017  1291 15438 I chatty  : uid=1000 system_server expire 1 line
06-19 10:31:30.278  1291  1416 I chatty  : uid=1000(system) ActivityManager expire 13 lines
06-19 10:31:33.084  1291 15454 I chatty  : uid=1000 system_server expire 1 line
06-19 10:32:58.047  1291  1995 I chatty  : uid=1000(system) Binder:1291_5 expire 5 lines
06-19 10:35:01.123  1291 14017 I chatty  : uid=1000(system) Binder:1291_1D expire 2 lines
06-19 10:35:01.124  1291  1291 I chatty  : uid=1000 system_server expire 3 lines
06-19 10:35:01.125  1291  1480 I chatty  : uid=1000(system) PowerManagerSer expire 15 lines
06-19 10:35:01.130  1291  1857 I chatty  : uid=1000(system) ColorBalanceThr expire 4 lines
06-19 10:35:01.152  1291  1478 I chatty  : uid=1000(system) android.display expire 5 lines
06-19 10:35:01.155  1291 11093 I chatty  : uid=1000(system) Binder:1291_1A expire 2 lines
06-19 10:35:01.176   914  1128 D QMI_FW  : chen-screen on: is_screen_off = 0 
06-19 10:35:01.179  1103  1204 D QMI_FW  : chen-screen on: is_screen_off = 0 
06-19 10:35:01.187  1291  8961 I chatty  : uid=1000(system) Binder:1291_18 expire 4 lines
06-19 10:35:01.401  1291  2909 I chatty  : uid=1000(system) Binder:1291_12 expire 4 lines
06-19 10:35:01.417  1291  1328 I chatty  : uid=1000(system) Binder:1291_1 expire 4 lines
06-19 10:35:01.428  1291  1886 I chatty  : uid=1000(system) FingerPrintThre expire 11 lines
06-19 10:35:01.605  1291  2376 I chatty  : uid=1000(system) Binder:1291_8 expire 1 line
06-19 10:35:01.836  1291  1420 I chatty  : uid=1000(system) batterystats-sy expire 3 lines
06-19 10:35:02.245  1291 15537 I chatty  : uid=1000 system_server expire 1 line
06-19 10:35:02.551  1291  1827 I chatty  : uid=1000(system) ConnectivitySer expire 8 lines
06-19 10:35:05.000  1291  1728 I chatty  : uid=1000(system) AlarmManager expire 36 lines
06-19 10:35:20.909  1291  2379 I chatty  : uid=1000(system) Binder:1291_B expire 1 line
06-19 10:35:25.064  1291  2910 I chatty  : uid=1000(system) Binder:1291_13 expire 2 lines
06-19 10:36:01.065  1291 15821 I chatty  : uid=1000 system_server expire 6 lines
06-19 10:36:05.001  1291  1728 I chatty  : uid=1000(system) AlarmManager expire 70 lines
06-19 10:36:27.684  1291  1420 I chatty  : uid=1000(system) batterystats-sy expire 6 lines
06-19 10:37:51.753  1291  2846 I chatty  : uid=1000(system) Binder:1291_E expire 2 lines
06-19 10:37:51.769  1291 11093 I chatty  : uid=1000(system) Binder:1291_1A expire 10 lines
06-19 10:37:51.892  1998  1998 V KeyguardStatusView: refresh statusview showing:true
06-19 10:37:51.896  1291  2910 I chatty  : uid=1000(system) Binder:1291_13 expire 2 lines
06-19 10:37:51.898  1291  1886 I chatty  : uid=1000(system) FingerPrintThre expire 22 lines
06-19 10:37:55.000  1291  1728 I chatty  : uid=1000(system) AlarmManager expire 11 lines
06-19 10:37:57.073  1291  1964 I chatty  : uid=1000(system) HwBinder:1291_3 expire 2 lines
06-19 10:37:57.074  1291  2379 I chatty  : uid=1000(system) Binder:1291_B expire 7 lines
06-19 10:37:57.075  1998  1998 W FingerprintManager: Invalid acquired message: 1000, 0
06-19 10:37:57.262  1291  1417 I chatty  : uid=1000(system) android.ui expire 1 line
06-19 10:37:57.268  1291 12786 I chatty  : uid=1000(system) Binder:1291_1C expire 9 lines
06-19 10:37:57.525  1291  1416 I chatty  : uid=1000(system) ActivityManager expire 6 lines
06-19 10:37:57.560  1998  1998 D KeyguardViewMediator: setLockScreenShown begin, false, seq:521360255
06-19 10:37:57.579  1998  1998 V KeyguardDisplayManager: hide
06-19 10:37:57.585  1998  2106 D KeyguardViewMediator: setLockScreenShown false, seq:521360255
06-19 10:37:58.145  1291  8961 I chatty  : uid=1000(system) Binder:1291_18 expire 2 lines
06-19 10:37:58.289 15949 15949 E ActivityThread: Failed to find provider info for com.opera.minisettingsmocker
06-19 10:37:58.396  1291  2376 I chatty  : uid=1000(system) Binder:1291_8 expire 1 line
06-19 10:37:58.396  1291  1827 I chatty  : uid=1000(system) ConnectivitySer expire 100 lines
06-19 10:38:08.894  1291 14017 I chatty  : uid=1000(system) Binder:1291_1D expire 11 lines
06-19 10:38:12.967  1291  1728 I chatty  : uid=1000(system) AlarmManager expire 52 lines
06-19 10:38:16.399  1291  2847 I chatty  : uid=1000(system) Binder:1291_F expire 2 lines
06-19 10:38:16.724  1291  2379 I chatty  : uid=1000(system) Binder:1291_B expire 40 lines
06-19 10:38:17.123  1291  2910 I chatty  : uid=1000(system) Binder:1291_13 expire 1 line
06-19 10:38:20.349  1291  2846 I chatty  : uid=1000(system) Binder:1291_E expire 6 lines
06-19 10:38:20.470  1291  2909 I chatty  : uid=1000(system) Binder:1291_12 expire 51 lines
06-19 10:38:25.303  1291  8961 I chatty  : uid=1000(system) Binder:1291_18 expire 20 lines
06-19 10:38:26.180  1291  1827 I chatty  : uid=1000(system) ConnectivitySer expire 39 lines
06-19 10:38:31.721  1291  2258 I chatty  : uid=1000(system) Binder:1291_6 expire 32 lines
06-19 10:39:11.741  1291  1416 I chatty  : uid=1000(system) ActivityManager expire 1 line
06-19 10:39:12.394  1291  2376 I chatty  : uid=1000(system) Binder:1291_8 expire 5 lines
06-19 10:39:32.480  1291  1827 I chatty  : uid=1000(system) ConnectivitySer expire 185 lines
06-19 10:39:35.001  1291  1728 I chatty  : uid=1000(system) AlarmManager expire 23 lines
06-19 10:39:49.152  1291  2379 I chatty  : uid=1000(system) Binder:1291_B expire 1 line
06-19 10:39:49.221  1291  1735 I chatty  : uid=1000(system) InputDispatcher expire 2 lines
06-19 10:39:49.231  1291  1416 I chatty  : uid=1000(system) ActivityManager expire 5 lines
06-19 10:39:50.241  1291 12786 I chatty  : uid=1000(system) Binder:1291_1C expire 1 line
06-19 10:39:58.645  1291  1717 I chatty  : uid=1000(system) android.anim expire 2 lines
06-19 10:40:00.335  1291  1291 I chatty  : uid=1000 system_server expire 2 lines
06-19 10:40:01.840  1291  1420 I chatty  : uid=1000(system) batterystats-sy expire 2 lines
06-19 10:40:01.851  1291  2847 I chatty  : uid=1000(system) Binder:1291_F expire 8 lines
06-19 10:40:01.901  1291 16667 I chatty  : uid=1000 system_server expire 4 lines
06-19 10:40:04.280  1291  2846 I chatty  : uid=1000(system) Binder:1291_E expire 11 lines
06-19 10:40:06.380  1291  8961 I chatty  : uid=1000(system) Binder:1291_18 expire 4 lines
06-19 10:40:13.532  1291 14017 I chatty  : uid=1000(system) Binder:1291_1D expire 2 lines
06-19 10:40:14.668  1291  1827 I chatty  : uid=1000(system) ConnectivitySer expire 136 lines
06-19 10:40:15.000  1291  1728 I chatty  : uid=1000(system) AlarmManager expire 13 lines
06-19 10:40:18.104  1291  1416 I chatty  : uid=1000(system) ActivityManager expire 10 lines
06-19 10:40:18.353  1291  1717 I chatty  : uid=1000(system) android.anim expire 2 lines
06-19 10:40:20.303  1291  1291 I chatty  : uid=1000 system_server expire 1 line
06-19 10:40:27.271  1291  2846 I chatty  : uid=1000(system) Binder:1291_E expire 9 lines
06-19 10:40:27.300  1291  2910 I chatty  : uid=1000(system) Binder:1291_13 expire 4 lines
06-19 10:40:27.420  1291 11035 I chatty  : uid=1000(system) Binder:1291_19 expire 3 lines
06-19 10:40:27.424  1291  1478 I chatty  : uid=1000(system) android.display expire 1 line
06-19 10:40:28.507 16837 16837 W ContextImpl: Calling a method in the system process without a qualified user: android.app.ContextImpl.startService:1477 android.content.ContextWrapper.startService:645 com.oneplus.opbackup.OTApplication.onCreate:68 android.app.Instrumentation.callApplicationOnCreate:1129 android.app.ActivityThread.handleBindApplication:6023 
06-19 10:40:28.536 16837 16837 W ContextImpl: Calling a method in the system process without a qualified user: android.app.ContextImpl.startService:1477 android.content.ContextWrapper.startService:645 com.oneplus.opbackup.service.BackupService.a:13 com.oneplus.opbackup.receiver.CheckUpdateReceiver.a:20 com.oneplus.opbackup.receiver.NetworkListenerService$a.onReceive:18 
06-19 10:40:30.000  1291  1728 I chatty  : uid=1000(system) AlarmManager expire 26 lines
06-19 10:40:30.326  1291  1415 I chatty  : uid=1000(system) EmbryoManager expire 1 line
06-19 10:40:42.619  1291  2862 I chatty  : uid=1000(system) Binder:1291_10 expire 6 lines
06-19 10:40:47.851  1291  1827 I chatty  : uid=1000(system) ConnectivitySer expire 11 lines
06-19 10:40:58.653  1291  1476 I chatty  : uid=1000(system) android.fg expire 1 line
06-19 10:40:58.653  1291  1772 I chatty  : uid=1000(system) NetworkStats expire 3 lines
06-19 10:41:08.787  1291  2378 I chatty  : uid=1000(system) Binder:1291_A expire 6 lines
06-19 10:41:08.827  1291  2266 I chatty  : uid=1000(system) Binder:1291_7 expire 6 lines
06-19 10:41:09.994  1291 11093 I chatty  : uid=1000(system) Binder:1291_1A expire 2 lines
06-19 10:41:10.154  1291  6167 I chatty  : uid=1000(system) Binder:1291_16 expire 1 line
06-19 10:41:10.186 17107 17107 W ContextImpl: Calling a method in the system process without a qualified user: android.app.ContextImpl.startService:1477 android.content.ContextWrapper.startService:645 com.oneplus.security.intercept.clean.InterceptCleanService.a:27 com.oneplus.security.SecurityApplication.a:91 com.oneplus.security.SecurityApplication.onCreate:81 
06-19 10:41:10.189 17107 17107 W ContextImpl: Calling a method in the system process without a qualified user: android.app.ContextImpl.startService:1477 android.content.ContextWrapper.startService:645 com.oneplus.security.SecureService.a:53 com.oneplus.security.SecurityApplication.a:92 com.oneplus.security.SecurityApplication.onCreate:81 
06-19 10:41:10.208 17107 17107 W ContextImpl: Calling a method in the system process without a qualified user: android.app.ContextImpl.sendBroadcast:967 android.content.ContextWrapper.sendBroadcast:432 com.oneplus.security.view.SecurityWidgetProvider.a:67 com.oneplus.security.SecurityApplication.a:107 com.oneplus.security.SecurityApplication.onCreate:81 
06-19 10:41:10.210  1291  1827 I chatty  : uid=1000(system) ConnectivitySer expire 7 lines
06-19 10:41:10.287 17107 17107 W ContextImpl: Calling a method in the system process without a qualified user: android.app.ContextImpl.sendBroadcast:967 android.content.ContextWrapper.sendBroadcast:432 com.oneplus.security.SecureService$b.onReceive:172 android.app.LoadedApk$ReceiverDispatcher$Args.lambda$-android_app_LoadedApk$ReceiverDispatcher$Args_53427:1339 android.app.-$Lambda$FilBqgnXJrN9Mgyks1XHeAxzSTk.$m$0:4 
06-19 10:41:11.290 17107 17155 W ContextImpl: Calling a method in the system process without a qualified user: android.app.ContextImpl.startService:1477 android.content.ContextWrapper.startService:645 com.oneplus.security.firewall.NetworkRestrictService.a:154 com.oneplus.security.receiver.a.e:127 com.oneplus.security.SecureService$a.handleMessage:77 
06-19 10:41:13.272  1291  2379 I chatty  : uid=1000(system) Binder:1291_B expire 1 line
06-19 10:41:13.324  1291  1735 I chatty  : uid=1000(system) InputDispatcher expire 1 line
06-19 10:41:13.329  1291  1416 I chatty  : uid=1000(system) ActivityManager expire 9 lines
06-19 10:41:14.007  1291  1827 I chatty  : uid=1000(system) ConnectivitySer expire 53 lines
06-19 10:41:14.019  1291  6167 I chatty  : uid=1000(system) Binder:1291_16 expire 7 lines
06-19 10:41:14.236  1291  1717 I chatty  : uid=1000(system) android.anim expire 1 line
06-19 10:41:15.000  1291  1728 I chatty  : uid=1000(system) AlarmManager expire 18 lines
06-19 10:41:19.012  1291  2266 I chatty  : uid=1000(system) Binder:1291_7 expire 7 lines
06-19 10:41:19.629  1291  2910 I chatty  : uid=1000(system) Binder:1291_13 expire 6 lines
06-19 10:41:20.753  1291  1291 I chatty  : uid=1000 system_server expire 1 line
06-19 10:41:22.487  1291  1415 I chatty  : uid=1000(system) EmbryoManager expire 1 line
06-19 10:41:29.919 17347 17347 W ContextImpl: Calling a method in the system process without a qualified user: android.app.ContextImpl.startService:1477 android.content.ContextWrapper.startService:645 net.oneplus.odm.insight.f.<init>:46 net.oneplus.odm.insight.f.aq:51 net.oneplus.odm.DeviceManagerService.onCreate:151 
06-19 10:41:29.999  1291  1728 I chatty  : uid=1000(system) AlarmManager expire 48 lines
06-19 10:41:42.092  1291  1827 I chatty  : uid=1000(system) ConnectivitySer expire 105 lines
06-19 10:42:20.173  1291  2847 I chatty  : uid=1000(system) Binder:1291_F expire 6 lines
06-19 10:42:21.308  1291  1827 I chatty  : uid=1000(system) ConnectivitySer expire 11 lines
06-19 10:42:21.438  1291  6167 I chatty  : uid=1000(system) Binder:1291_16 expire 2 lines
06-19 10:42:25.000  1291  1728 I chatty  : uid=1000(system) AlarmManager expire 12 lines
06-19 10:42:29.679  1291  2910 I chatty  : uid=1000(system) Binder:1291_13 expire 3 lines
06-19 10:42:29.710  1291  4255 I chatty  : uid=1000(system) Binder:1291_15 expire 4 lines
06-19 10:42:29.759  1291  1959 I chatty  : uid=1000(system) Binder:1291_4 expire 11 lines
06-19 10:42:29.790  1291  2929 I chatty  : uid=1000(system) Binder:1291_14 expire 5 lines
06-19 10:42:30.681  1291  1416 I chatty  : uid=1000(system) ActivityManager expire 4 lines
06-19 10:42:32.733  1291  1415 I chatty  : uid=1000(system) EmbryoManager expire 1 line
06-19 10:42:34.120  1291  2266 I chatty  : uid=1000(system) Binder:1291_7 expire 21 lines
06-19 10:42:37.435  1291  1995 I chatty  : uid=1000(system) Binder:1291_5 expire 11 lines
06-19 10:42:40.758 17862 17862 W ContextImpl: Calling a method in the system process without a qualified user: android.app.ContextImpl.startService:1477 android.content.ContextWrapper.startService:645 com.qualcomm.qcrilhook.QcRilHook.<init>:154 cn.oneplus.nvbackup.OemHookManager.onCreate:39 android.app.Instrumentation.callApplicationOnCreate:1129 
06-19 10:42:40.760 17862 17862 W ContextImpl: Calling a method in the system process without a qualified user: android.app.ContextImpl.bindService:1557 android.content.ContextWrapper.bindService:679 com.qualcomm.qcrilhook.QcRilHook.<init>:156 cn.oneplus.nvbackup.OemHookManager.onCreate:39 android.app.Instrumentation.callApplicationOnCreate:1129 
06-19 10:42:41.079  1291  1959 I chatty  : uid=1000(system) Binder:1291_4 expire 16 lines
06-19 10:42:45.001  1291  1728 I chatty  : uid=1000(system) AlarmManager expire 18 lines
06-19 10:42:51.421  1291  1827 I chatty  : uid=1000(system) ConnectivitySer expire 218 lines
06-19 10:43:15.002  1291  1728 I chatty  : uid=1000(system) AlarmManager expire 34 lines
06-19 10:43:17.157  1291  1476 I chatty  : uid=1000(system) android.fg expire 2 lines
