--------- beginning of crash
06-09 12:46:37.309 10802 10949 E AndroidRuntime: FATAL EXCEPTION: WhatsApp Worker #5
06-09 12:46:37.309 10802 10949 E AndroidRuntime: Process: com.whatsapp, PID: 10802
06-09 12:46:37.309 10802 10949 E AndroidRuntime: java.lang.RuntimeException: An error occurred while executing doInBackground()
06-09 12:46:37.309 10802 10949 E AndroidRuntime: 	at android.os.AsyncTask$3.done(AsyncTask.java:353)
06-09 12:46:37.309 10802 10949 E AndroidRuntime: 	at java.util.concurrent.FutureTask.finishCompletion(FutureTask.java:383)
06-09 12:46:37.309 10802 10949 E AndroidRuntime: 	at java.util.concurrent.FutureTask.setException(FutureTask.java:252)
06-09 12:46:37.309 10802 10949 E AndroidRuntime: 	at java.util.concurrent.FutureTask.run(FutureTask.java:271)
06-09 12:46:37.309 10802 10949 E AndroidRuntime: 	at java.util.concurrent.ThreadPoolExecutor.runWorker(ThreadPoolExecutor.java:1162)
06-09 12:46:37.309 10802 10949 E AndroidRuntime: 	at java.util.concurrent.ThreadPoolExecutor$Worker.run(ThreadPoolExecutor.java:636)
06-09 12:46:37.309 10802 10949 E AndroidRuntime: 	at com.whatsapp.util.do.run(Unknown Source:7)
06-09 12:46:37.309 10802 10949 E AndroidRuntime: 	at java.lang.Thread.run(Thread.java:764)
06-09 12:46:37.309 10802 10949 E AndroidRuntime: Caused by: java.lang.IllegalStateException: Cannot perform this operation because the connection pool has been closed.
06-09 12:46:37.309 10802 10949 E AndroidRuntime: 	at android.database.sqlite.SQLiteConnectionPool.throwIfClosedLocked(SQLiteConnectionPool.java:962)
06-09 12:46:37.309 10802 10949 E AndroidRuntime: 	at android.database.sqlite.SQLiteConnectionPool.waitForConnection(SQLiteConnectionPool.java:599)
06-09 12:46:37.309 10802 10949 E AndroidRuntime: 	at android.database.sqlite.SQLiteConnectionPool.acquireConnection(SQLiteConnectionPool.java:348)
06-09 12:46:37.309 10802 10949 E AndroidRuntime: 	at android.database.sqlite.SQLiteSession.acquireConnection(SQLiteSession.java:894)
06-09 12:46:37.309 10802 10949 E AndroidRuntime: 	at android.database.sqlite.SQLiteSession.executeForCursorWindow(SQLiteSession.java:834)
06-09 12:46:37.309 10802 10949 E AndroidRuntime: 	at android.database.sqlite.SQLiteQuery.fillWindow(SQLiteQuery.java:62)
06-09 12:46:37.309 10802 10949 E AndroidRuntime: 	at android.database.sqlite.SQLiteCursor.fillWindow(SQLiteCursor.java:143)
06-09 12:46:37.309 10802 10949 E AndroidRuntime: 	at android.database.sqlite.SQLiteCursor.getCount(SQLiteCursor.java:132)
06-09 12:46:37.309 10802 10949 E AndroidRuntime: 	at android.database.AbstractCursor.moveToPosition(AbstractCursor.java:219)
06-09 12:46:37.309 10802 10949 E AndroidRuntime: 	at android.database.AbstractCursor.moveToNext(AbstractCursor.java:268)
06-09 12:46:37.309 10802 10949 E AndroidRuntime: 	at com.whatsapp.data.ed.a(:67298)
06-09 12:46:37.309 10802 10949 E AndroidRuntime: 	at com.whatsapp.data.ff.e(:68469)
06-09 12:46:37.309 10802 10949 E AndroidRuntime: 	at com.whatsapp.data.ff.b(:68419)
06-09 12:46:37.309 10802 10949 E AndroidRuntime: 	at com.whatsapp.ara$1.doInBackground(:49802)
06-09 12:46:37.309 10802 10949 E AndroidRuntime: 	at android.os.AsyncTask$2.call(AsyncTask.java:333)
06-09 12:46:37.309 10802 10949 E AndroidRuntime: 	at java.util.concurrent.FutureTask.run(FutureTask.java:266)
06-09 12:46:37.309 10802 10949 E AndroidRuntime: 	... 4 more
06-09 12:46:37.589 10802 10949 E AndroidRuntime: FATAL EXCEPTION: WhatsApp Worker #5
06-09 12:46:37.589 10802 10949 E AndroidRuntime: Process: com.whatsapp, PID: 10802
06-09 12:46:37.589 10802 10949 E AndroidRuntime: java.lang.RuntimeException: An error occurred while executing doInBackground()
06-09 12:46:37.589 10802 10949 E AndroidRuntime: 	at android.os.AsyncTask$3.done(AsyncTask.java:353)
06-09 12:46:37.589 10802 10949 E AndroidRuntime: 	at java.util.concurrent.FutureTask.finishCompletion(FutureTask.java:383)
06-09 12:46:37.589 10802 10949 E AndroidRuntime: 	at java.util.concurrent.FutureTask.setException(FutureTask.java:252)
06-09 12:46:37.589 10802 10949 E AndroidRuntime: 	at java.util.concurrent.FutureTask.run(FutureTask.java:271)
06-09 12:46:37.589 10802 10949 E AndroidRuntime: 	at java.util.concurrent.ThreadPoolExecutor.runWorker(ThreadPoolExecutor.java:1162)
06-09 12:46:37.589 10802 10949 E AndroidRuntime: 	at java.util.concurrent.ThreadPoolExecutor$Worker.run(ThreadPoolExecutor.java:636)
06-09 12:46:37.589 10802 10949 E AndroidRuntime: 	at com.whatsapp.util.do.run(Unknown Source:7)
06-09 12:46:37.589 10802 10949 E AndroidRuntime: 	at java.lang.Thread.run(Thread.java:764)
06-09 12:46:37.589 10802 10949 E AndroidRuntime: Caused by: java.lang.IllegalStateException: Cannot perform this operation because the connection pool has been closed.
06-09 12:46:37.589 10802 10949 E AndroidRuntime: 	at android.database.sqlite.SQLiteConnectionPool.throwIfClosedLocked(SQLiteConnectionPool.java:962)
06-09 12:46:37.589 10802 10949 E AndroidRuntime: 	at android.database.sqlite.SQLiteConnectionPool.waitForConnection(SQLiteConnectionPool.java:599)
06-09 12:46:37.589 10802 10949 E AndroidRuntime: 	at android.database.sqlite.SQLiteConnectionPool.acquireConnection(SQLiteConnectionPool.java:348)
06-09 12:46:37.589 10802 10949 E AndroidRuntime: 	at android.database.sqlite.SQLiteSession.acquireConnection(SQLiteSession.java:894)
06-09 12:46:37.589 10802 10949 E AndroidRuntime: 	at android.database.sqlite.SQLiteSession.executeForCursorWindow(SQLiteSession.java:834)
06-09 12:46:37.589 10802 10949 E AndroidRuntime: 	at android.database.sqlite.SQLiteQuery.fillWindow(SQLiteQuery.java:62)
06-09 12:46:37.589 10802 10949 E AndroidRuntime: 	at android.database.sqlite.SQLiteCursor.fillWindow(SQLiteCursor.java:143)
06-09 12:46:37.589 10802 10949 E AndroidRuntime: 	at android.database.sqlite.SQLiteCursor.getCount(SQLiteCursor.java:132)
06-09 12:46:37.589 10802 10949 E AndroidRuntime: 	at android.database.AbstractCursor.moveToPosition(AbstractCursor.java:219)
06-09 12:46:37.589 10802 10949 E AndroidRuntime: 	at android.database.AbstractCursor.moveToNext(AbstractCursor.java:268)
06-09 12:46:37.589 10802 10949 E AndroidRuntime: 	at com.whatsapp.data.ed.a(:67298)
06-09 12:46:37.589 10802 10949 E AndroidRuntime: 	at com.whatsapp.data.ff.e(:68469)
06-09 12:46:37.589 10802 10949 E AndroidRuntime: 	at com.whatsapp.data.ff.b(:68419)
06-09 12:46:37.589 10802 10949 E AndroidRuntime: 	at com.whatsapp.ara$1.doInBackground(:49802)
06-09 12:46:37.589 10802 10949 E AndroidRuntime: 	at android.os.AsyncTask$2.call(AsyncTask.java:333)
06-09 12:46:37.589 10802 10949 E AndroidRuntime: 	at java.util.concurrent.FutureTask.run(FutureTask.java:266)
06-09 12:46:37.589 10802 10949 E AndroidRuntime: 	... 4 more
06-14 00:57:55.126 17378 17174 F google-breakpad: Microdump skipped (uninteresting)
06-18 14:25:46.318 13989 13989 E AndroidRuntime: FATAL EXCEPTION: main
06-18 14:25:46.318 13989 13989 E AndroidRuntime: Process: com.stanfordhci.habitlab, PID: 13989
06-18 14:25:46.318 13989 13989 E AndroidRuntime: com.tns.NativeScriptException: 
06-18 14:25:46.318 13989 13989 E AndroidRuntime: Calling js method run failed
06-18 14:25:46.318 13989 13989 E AndroidRuntime: 
06-18 14:25:46.318 13989 13989 E AndroidRuntime: TypeError: info.loadIcon(...).getBitmap is not a function
06-18 14:25:46.318 13989 13989 E AndroidRuntime: File: "file:///data/data/com.stanfordhci.habitlab/files/app/util/UsageInformationUtil.js, line: 49, column: 66
06-18 14:25:46.318 13989 13989 E AndroidRuntime: 
06-18 14:25:46.318 13989 13989 E AndroidRuntime: StackTrace: 
06-18 14:25:46.318 13989 13989 E AndroidRuntime: 	Frame: function:'exports.getApplicationList', file:'file:///data/data/com.stanfordhci.habitlab/files/app/util/UsageInformationUtil.js', line: 49, column: 67
06-18 14:25:46.318 13989 13989 E AndroidRuntime: 	Frame: function:'createGrid', file:'file:///data/data/com.stanfordhci.habitlab/files/app/views/onboarding/watchlistOnboardingView/watchlistOnboardingView.js', line: 48, column: 24
06-18 14:25:46.318 13989 13989 E AndroidRuntime: 	Frame: function:'timer.setTimeout', file:'file:///data/data/com.stanfordhci.habitlab/files/app/views/onboarding/watchlistOnboardingView/watchlistOnboardingView.js', line: 42, column: 5
06-18 14:25:46.318 13989 13989 E AndroidRuntime: 	Frame: function:'run', file:'<embedded>', line: 726, column: 1
06-18 14:25:46.318 13989 13989 E AndroidRuntime: 
06-18 14:25:46.318 13989 13989 E AndroidRuntime: 
06-18 14:25:46.318 13989 13989 E AndroidRuntime: 	at com.tns.Runtime.callJSMethodNative(Native Method)
06-18 14:25:46.318 13989 13989 E AndroidRuntime: 	at com.tns.Runtime.dispatchCallJSMethodNative(Runtime.java:1043)
06-18 14:25:46.318 13989 13989 E AndroidRuntime: 	at com.tns.Runtime.callJSMethodImpl(Runtime.java:925)
06-18 14:25:46.318 13989 13989 E AndroidRuntime: 	at com.tns.Runtime.callJSMethod(Runtime.java:912)
06-18 14:25:46.318 13989 13989 E AndroidRuntime: 	at com.tns.Runtime.callJSMethod(Runtime.java:896)
06-18 14:25:46.318 13989 13989 E AndroidRuntime: 	at com.tns.Runtime.callJSMethod(Runtime.java:888)
06-18 14:25:46.318 13989 13989 E AndroidRuntime: 	at com.tns.gen.java.lang.Runnable.run(Runnable.java:10)
06-18 14:25:46.318 13989 13989 E AndroidRuntime: 	at android.os.Handler.handleCallback(Handler.java:789)
06-18 14:25:46.318 13989 13989 E AndroidRuntime: 	at android.os.Handler.dispatchMessage(Handler.java:98)
06-18 14:25:46.318 13989 13989 E AndroidRuntime: 	at android.os.Looper.loop(Looper.java:164)
06-18 14:25:46.318 13989 13989 E AndroidRuntime: 	at android.app.ActivityThread.main(ActivityThread.java:6798)
06-18 14:25:46.318 13989 13989 E AndroidRuntime: 	at java.lang.reflect.Method.invoke(Native Method)
06-18 14:25:46.318 13989 13989 E AndroidRuntime: 	at com.android.internal.os.Zygote$MethodAndArgsCaller.run(Zygote.java:240)
06-18 14:25:46.318 13989 13989 E AndroidRuntime: 	at com.android.internal.os.ZygoteInit.main(ZygoteInit.java:767)
06-18 14:25:46.327 13989 13989 E AndroidRuntime: FATAL EXCEPTION: main
06-18 14:25:46.327 13989 13989 E AndroidRuntime: Process: com.stanfordhci.habitlab, PID: 13989
06-18 14:25:46.327 13989 13989 E AndroidRuntime: com.tns.NativeScriptException: 
06-18 14:25:46.327 13989 13989 E AndroidRuntime: Calling js method run failed
06-18 14:25:46.327 13989 13989 E AndroidRuntime: 
06-18 14:25:46.327 13989 13989 E AndroidRuntime: TypeError: info.loadIcon(...).getBitmap is not a function
06-18 14:25:46.327 13989 13989 E AndroidRuntime: File: "file:///data/data/com.stanfordhci.habitlab/files/app/util/UsageInformationUtil.js, line: 49, column: 66
06-18 14:25:46.327 13989 13989 E AndroidRuntime: 
06-18 14:25:46.327 13989 13989 E AndroidRuntime: StackTrace: 
06-18 14:25:46.327 13989 13989 E AndroidRuntime: 	Frame: function:'exports.getApplicationList', file:'file:///data/data/com.stanfordhci.habitlab/files/app/util/UsageInformationUtil.js', line: 49, column: 67
06-18 14:25:46.327 13989 13989 E AndroidRuntime: 	Frame: function:'createGrid', file:'file:///data/data/com.stanfordhci.habitlab/files/app/views/onboarding/watchlistOnboardingView/watchlistOnboardingView.js', line: 48, column: 24
06-18 14:25:46.327 13989 13989 E AndroidRuntime: 	Frame: function:'timer.setTimeout', file:'file:///data/data/com.stanfordhci.habitlab/files/app/views/onboarding/watchlistOnboardingView/watchlistOnboardingView.js', line: 42, column: 5
06-18 14:25:46.327 13989 13989 E AndroidRuntime: 	Frame: function:'run', file:'<embedded>', line: 726, column: 1
06-18 14:25:46.327 13989 13989 E AndroidRuntime: 
06-18 14:25:46.327 13989 13989 E AndroidRuntime: 
06-18 14:25:46.327 13989 13989 E AndroidRuntime: 	at com.tns.Runtime.callJSMethodNative(Native Method)
06-18 14:25:46.327 13989 13989 E AndroidRuntime: 	at com.tns.Runtime.dispatchCallJSMethodNative(Runtime.java:1043)
06-18 14:25:46.327 13989 13989 E AndroidRuntime: 	at com.tns.Runtime.callJSMethodImpl(Runtime.java:925)
06-18 14:25:46.327 13989 13989 E AndroidRuntime: 	at com.tns.Runtime.callJSMethod(Runtime.java:912)
06-18 14:25:46.327 13989 13989 E AndroidRuntime: 	at com.tns.Runtime.callJSMethod(Runtime.java:896)
06-18 14:25:46.327 13989 13989 E AndroidRuntime: 	at com.tns.Runtime.callJSMethod(Runtime.java:888)
06-18 14:25:46.327 13989 13989 E AndroidRuntime: 	at com.tns.gen.java.lang.Runnable.run(Runnable.java:10)
06-18 14:25:46.327 13989 13989 E AndroidRuntime: 	at android.os.Handler.handleCallback(Handler.java:789)
06-18 14:25:46.327 13989 13989 E AndroidRuntime: 	at android.os.Handler.dispatchMessage(Handler.java:98)
06-18 14:25:46.327 13989 13989 E AndroidRuntime: 	at android.os.Looper.loop(Looper.java:164)
06-18 14:25:46.327 13989 13989 E AndroidRuntime: 	at android.app.ActivityThread.main(ActivityThread.java:6798)
06-18 14:25:46.327 13989 13989 E AndroidRuntime: 	at java.lang.reflect.Method.invoke(Native Method)
06-18 14:25:46.327 13989 13989 E AndroidRuntime: 	at com.android.internal.os.Zygote$MethodAndArgsCaller.run(Zygote.java:240)
06-18 14:25:46.327 13989 13989 E AndroidRuntime: 	at com.android.internal.os.ZygoteInit.main(ZygoteInit.java:767)
06-18 14:25:53.028 14179 14179 E AndroidRuntime: FATAL EXCEPTION: main
06-18 14:25:53.028 14179 14179 E AndroidRuntime: Process: com.stanfordhci.habitlab, PID: 14179
06-18 14:25:53.028 14179 14179 E AndroidRuntime: com.tns.NativeScriptException: 
06-18 14:25:53.028 14179 14179 E AndroidRuntime: Calling js method run failed
06-18 14:25:53.028 14179 14179 E AndroidRuntime: 
06-18 14:25:53.028 14179 14179 E AndroidRuntime: TypeError: info.loadIcon(...).getBitmap is not a function
06-18 14:25:53.028 14179 14179 E AndroidRuntime: File: "file:///data/data/com.stanfordhci.habitlab/files/app/util/UsageInformationUtil.js, line: 49, column: 66
06-18 14:25:53.028 14179 14179 E AndroidRuntime: 
06-18 14:25:53.028 14179 14179 E AndroidRuntime: StackTrace: 
06-18 14:25:53.028 14179 14179 E AndroidRuntime: 	Frame: function:'exports.getApplicationList', file:'file:///data/data/com.stanfordhci.habitlab/files/app/util/UsageInformationUtil.js', line: 49, column: 67
06-18 14:25:53.028 14179 14179 E AndroidRuntime: 	Frame: function:'createGrid', file:'file:///data/data/com.stanfordhci.habitlab/files/app/views/onboarding/watchlistOnboardingView/watchlistOnboardingView.js', line: 48, column: 24
06-18 14:25:53.028 14179 14179 E AndroidRuntime: 	Frame: function:'timer.setTimeout', file:'file:///data/data/com.stanfordhci.habitlab/files/app/views/onboarding/watchlistOnboardingView/watchlistOnboardingView.js', line: 42, column: 5
06-18 14:25:53.028 14179 14179 E AndroidRuntime: 	Frame: function:'run', file:'<embedded>', line: 726, column: 1
06-18 14:25:53.028 14179 14179 E AndroidRuntime: 
06-18 14:25:53.028 14179 14179 E AndroidRuntime: 
06-18 14:25:53.028 14179 14179 E AndroidRuntime: 	at com.tns.Runtime.callJSMethodNative(Native Method)
06-18 14:25:53.028 14179 14179 E AndroidRuntime: 	at com.tns.Runtime.dispatchCallJSMethodNative(Runtime.java:1043)
06-18 14:25:53.028 14179 14179 E AndroidRuntime: 	at com.tns.Runtime.callJSMethodImpl(Runtime.java:925)
06-18 14:25:53.028 14179 14179 E AndroidRuntime: 	at com.tns.Runtime.callJSMethod(Runtime.java:912)
06-18 14:25:53.028 14179 14179 E AndroidRuntime: 	at com.tns.Runtime.callJSMethod(Runtime.java:896)
06-18 14:25:53.028 14179 14179 E AndroidRuntime: 	at com.tns.Runtime.callJSMethod(Runtime.java:888)
06-18 14:25:53.028 14179 14179 E AndroidRuntime: 	at com.tns.gen.java.lang.Runnable.run(Runnable.java:10)
06-18 14:25:53.028 14179 14179 E AndroidRuntime: 	at android.os.Handler.handleCallback(Handler.java:789)
06-18 14:25:53.028 14179 14179 E AndroidRuntime: 	at android.os.Handler.dispatchMessage(Handler.java:98)
06-18 14:25:53.028 14179 14179 E AndroidRuntime: 	at android.os.Looper.loop(Looper.java:164)
06-18 14:25:53.028 14179 14179 E AndroidRuntime: 	at android.app.ActivityThread.main(ActivityThread.java:6798)
06-18 14:25:53.028 14179 14179 E AndroidRuntime: 	at java.lang.reflect.Method.invoke(Native Method)
06-18 14:25:53.028 14179 14179 E AndroidRuntime: 	at com.android.internal.os.Zygote$MethodAndArgsCaller.run(Zygote.java:240)
06-18 14:25:53.028 14179 14179 E AndroidRuntime: 	at com.android.internal.os.ZygoteInit.main(ZygoteInit.java:767)
06-18 14:25:53.038 14179 14179 E AndroidRuntime: FATAL EXCEPTION: main
06-18 14:25:53.038 14179 14179 E AndroidRuntime: Process: com.stanfordhci.habitlab, PID: 14179
06-18 14:25:53.038 14179 14179 E AndroidRuntime: com.tns.NativeScriptException: 
06-18 14:25:53.038 14179 14179 E AndroidRuntime: Calling js method run failed
06-18 14:25:53.038 14179 14179 E AndroidRuntime: 
06-18 14:25:53.038 14179 14179 E AndroidRuntime: TypeError: info.loadIcon(...).getBitmap is not a function
06-18 14:25:53.038 14179 14179 E AndroidRuntime: File: "file:///data/data/com.stanfordhci.habitlab/files/app/util/UsageInformationUtil.js, line: 49, column: 66
06-18 14:25:53.038 14179 14179 E AndroidRuntime: 
06-18 14:25:53.038 14179 14179 E AndroidRuntime: StackTrace: 
06-18 14:25:53.038 14179 14179 E AndroidRuntime: 	Frame: function:'exports.getApplicationList', file:'file:///data/data/com.stanfordhci.habitlab/files/app/util/UsageInformationUtil.js', line: 49, column: 67
06-18 14:25:53.038 14179 14179 E AndroidRuntime: 	Frame: function:'createGrid', file:'file:///data/data/com.stanfordhci.habitlab/files/app/views/onboarding/watchlistOnboardingView/watchlistOnboardingView.js', line: 48, column: 24
06-18 14:25:53.038 14179 14179 E AndroidRuntime: 	Frame: function:'timer.setTimeout', file:'file:///data/data/com.stanfordhci.habitlab/files/app/views/onboarding/watchlistOnboardingView/watchlistOnboardingView.js', line: 42, column: 5
06-18 14:25:53.038 14179 14179 E AndroidRuntime: 	Frame: function:'run', file:'<embedded>', line: 726, column: 1
06-18 14:25:53.038 14179 14179 E AndroidRuntime: 
06-18 14:25:53.038 14179 14179 E AndroidRuntime: 
06-18 14:25:53.038 14179 14179 E AndroidRuntime: 	at com.tns.Runtime.callJSMethodNative(Native Method)
06-18 14:25:53.038 14179 14179 E AndroidRuntime: 	at com.tns.Runtime.dispatchCallJSMethodNative(Runtime.java:1043)
06-18 14:25:53.038 14179 14179 E AndroidRuntime: 	at com.tns.Runtime.callJSMethodImpl(Runtime.java:925)
06-18 14:25:53.038 14179 14179 E AndroidRuntime: 	at com.tns.Runtime.callJSMethod(Runtime.java:912)
06-18 14:25:53.038 14179 14179 E AndroidRuntime: 	at com.tns.Runtime.callJSMethod(Runtime.java:896)
06-18 14:25:53.038 14179 14179 E AndroidRuntime: 	at com.tns.Runtime.callJSMethod(Runtime.java:888)
06-18 14:25:53.038 14179 14179 E AndroidRuntime: 	at com.tns.gen.java.lang.Runnable.run(Runnable.java:10)
06-18 14:25:53.038 14179 14179 E AndroidRuntime: 	at android.os.Handler.handleCallback(Handler.java:789)
06-18 14:25:53.038 14179 14179 E AndroidRuntime: 	at android.os.Handler.dispatchMessage(Handler.java:98)
06-18 14:25:53.038 14179 14179 E AndroidRuntime: 	at android.os.Looper.loop(Looper.java:164)
06-18 14:25:53.038 14179 14179 E AndroidRuntime: 	at android.app.ActivityThread.main(ActivityThread.java:6798)
06-18 14:25:53.038 14179 14179 E AndroidRuntime: 	at java.lang.reflect.Method.invoke(Native Method)
06-18 14:25:53.038 14179 14179 E AndroidRuntime: 	at com.android.internal.os.Zygote$MethodAndArgsCaller.run(Zygote.java:240)
06-18 14:25:53.038 14179 14179 E AndroidRuntime: 	at com.android.internal.os.ZygoteInit.main(ZygoteInit.java:767)
06-18 14:26:01.265 14231 14231 E AndroidRuntime: FATAL EXCEPTION: main
06-18 14:26:01.265 14231 14231 E AndroidRuntime: Process: com.stanfordhci.habitlab, PID: 14231
06-18 14:26:01.265 14231 14231 E AndroidRuntime: com.tns.NativeScriptException: 
06-18 14:26:01.265 14231 14231 E AndroidRuntime: Calling js method run failed
06-18 14:26:01.265 14231 14231 E AndroidRuntime: 
06-18 14:26:01.265 14231 14231 E AndroidRuntime: TypeError: info.loadIcon(...).getBitmap is not a function
06-18 14:26:01.265 14231 14231 E AndroidRuntime: File: "file:///data/data/com.stanfordhci.habitlab/files/app/util/UsageInformationUtil.js, line: 49, column: 66
06-18 14:26:01.265 14231 14231 E AndroidRuntime: 
06-18 14:26:01.265 14231 14231 E AndroidRuntime: StackTrace: 
06-18 14:26:01.265 14231 14231 E AndroidRuntime: 	Frame: function:'exports.getApplicationList', file:'file:///data/data/com.stanfordhci.habitlab/files/app/util/UsageInformationUtil.js', line: 49, column: 67
06-18 14:26:01.265 14231 14231 E AndroidRuntime: 	Frame: function:'createGrid', file:'file:///data/data/com.stanfordhci.habitlab/files/app/views/onboarding/watchlistOnboardingView/watchlistOnboardingView.js', line: 48, column: 24
06-18 14:26:01.265 14231 14231 E AndroidRuntime: 	Frame: function:'timer.setTimeout', file:'file:///data/data/com.stanfordhci.habitlab/files/app/views/onboarding/watchlistOnboardingView/watchlistOnboardingView.js', line: 42, column: 5
06-18 14:26:01.265 14231 14231 E AndroidRuntime: 	Frame: function:'run', file:'<embedded>', line: 726, column: 1
06-18 14:26:01.265 14231 14231 E AndroidRuntime: 
06-18 14:26:01.265 14231 14231 E AndroidRuntime: 
06-18 14:26:01.265 14231 14231 E AndroidRuntime: 	at com.tns.Runtime.callJSMethodNative(Native Method)
06-18 14:26:01.265 14231 14231 E AndroidRuntime: 	at com.tns.Runtime.dispatchCallJSMethodNative(Runtime.java:1043)
06-18 14:26:01.265 14231 14231 E AndroidRuntime: 	at com.tns.Runtime.callJSMethodImpl(Runtime.java:925)
06-18 14:26:01.265 14231 14231 E AndroidRuntime: 	at com.tns.Runtime.callJSMethod(Runtime.java:912)
06-18 14:26:01.265 14231 14231 E AndroidRuntime: 	at com.tns.Runtime.callJSMethod(Runtime.java:896)
06-18 14:26:01.265 14231 14231 E AndroidRuntime: 	at com.tns.Runtime.callJSMethod(Runtime.java:888)
06-18 14:26:01.265 14231 14231 E AndroidRuntime: 	at com.tns.gen.java.lang.Runnable.run(Runnable.java:10)
06-18 14:26:01.265 14231 14231 E AndroidRuntime: 	at android.os.Handler.handleCallback(Handler.java:789)
06-18 14:26:01.265 14231 14231 E AndroidRuntime: 	at android.os.Handler.dispatchMessage(Handler.java:98)
06-18 14:26:01.265 14231 14231 E AndroidRuntime: 	at android.os.Looper.loop(Looper.java:164)
06-18 14:26:01.265 14231 14231 E AndroidRuntime: 	at android.app.ActivityThread.main(ActivityThread.java:6798)
06-18 14:26:01.265 14231 14231 E AndroidRuntime: 	at java.lang.reflect.Method.invoke(Native Method)
06-18 14:26:01.265 14231 14231 E AndroidRuntime: 	at com.android.internal.os.Zygote$MethodAndArgsCaller.run(Zygote.java:240)
06-18 14:26:01.265 14231 14231 E AndroidRuntime: 	at com.android.internal.os.ZygoteInit.main(ZygoteInit.java:767)
06-18 14:26:01.275 14231 14231 E AndroidRuntime: FATAL EXCEPTION: main
06-18 14:26:01.275 14231 14231 E AndroidRuntime: Process: com.stanfordhci.habitlab, PID: 14231
06-18 14:26:01.275 14231 14231 E AndroidRuntime: com.tns.NativeScriptException: 
06-18 14:26:01.275 14231 14231 E AndroidRuntime: Calling js method run failed
06-18 14:26:01.275 14231 14231 E AndroidRuntime: 
06-18 14:26:01.275 14231 14231 E AndroidRuntime: TypeError: info.loadIcon(...).getBitmap is not a function
06-18 14:26:01.275 14231 14231 E AndroidRuntime: File: "file:///data/data/com.stanfordhci.habitlab/files/app/util/UsageInformationUtil.js, line: 49, column: 66
06-18 14:26:01.275 14231 14231 E AndroidRuntime: 
06-18 14:26:01.275 14231 14231 E AndroidRuntime: StackTrace: 
06-18 14:26:01.275 14231 14231 E AndroidRuntime: 	Frame: function:'exports.getApplicationList', file:'file:///data/data/com.stanfordhci.habitlab/files/app/util/UsageInformationUtil.js', line: 49, column: 67
06-18 14:26:01.275 14231 14231 E AndroidRuntime: 	Frame: function:'createGrid', file:'file:///data/data/com.stanfordhci.habitlab/files/app/views/onboarding/watchlistOnboardingView/watchlistOnboardingView.js', line: 48, column: 24
06-18 14:26:01.275 14231 14231 E AndroidRuntime: 	Frame: function:'timer.setTimeout', file:'file:///data/data/com.stanfordhci.habitlab/files/app/views/onboarding/watchlistOnboardingView/watchlistOnboardingView.js', line: 42, column: 5
06-18 14:26:01.275 14231 14231 E AndroidRuntime: 	Frame: function:'run', file:'<embedded>', line: 726, column: 1
06-18 14:26:01.275 14231 14231 E AndroidRuntime: 
06-18 14:26:01.275 14231 14231 E AndroidRuntime: 
06-18 14:26:01.275 14231 14231 E AndroidRuntime: 	at com.tns.Runtime.callJSMethodNative(Native Method)
06-18 14:26:01.275 14231 14231 E AndroidRuntime: 	at com.tns.Runtime.dispatchCallJSMethodNative(Runtime.java:1043)
06-18 14:26:01.275 14231 14231 E AndroidRuntime: 	at com.tns.Runtime.callJSMethodImpl(Runtime.java:925)
06-18 14:26:01.275 14231 14231 E AndroidRuntime: 	at com.tns.Runtime.callJSMethod(Runtime.java:912)
06-18 14:26:01.275 14231 14231 E AndroidRuntime: 	at com.tns.Runtime.callJSMethod(Runtime.java:896)
06-18 14:26:01.275 14231 14231 E AndroidRuntime: 	at com.tns.Runtime.callJSMethod(Runtime.java:888)
06-18 14:26:01.275 14231 14231 E AndroidRuntime: 	at com.tns.gen.java.lang.Runnable.run(Runnable.java:10)
06-18 14:26:01.275 14231 14231 E AndroidRuntime: 	at android.os.Handler.handleCallback(Handler.java:789)
06-18 14:26:01.275 14231 14231 E AndroidRuntime: 	at android.os.Handler.dispatchMessage(Handler.java:98)
06-18 14:26:01.275 14231 14231 E AndroidRuntime: 	at android.os.Looper.loop(Looper.java:164)
06-18 14:26:01.275 14231 14231 E AndroidRuntime: 	at android.app.ActivityThread.main(ActivityThread.java:6798)
06-18 14:26:01.275 14231 14231 E AndroidRuntime: 	at java.lang.reflect.Method.invoke(Native Method)
06-18 14:26:01.275 14231 14231 E AndroidRuntime: 	at com.android.internal.os.Zygote$MethodAndArgsCaller.run(Zygote.java:240)
06-18 14:26:01.275 14231 14231 E AndroidRuntime: 	at com.android.internal.os.ZygoteInit.main(ZygoteInit.java:767)
06-18 14:33:13.969 15547 15547 E AndroidRuntime: FATAL EXCEPTION: main
06-18 14:33:13.969 15547 15547 E AndroidRuntime: Process: com.stanfordhci.habitlab, PID: 15547
06-18 14:33:13.969 15547 15547 E AndroidRuntime: com.tns.NativeScriptException: 
06-18 14:33:13.969 15547 15547 E AndroidRuntime: Calling js method run failed
06-18 14:33:13.969 15547 15547 E AndroidRuntime: 
06-18 14:33:13.969 15547 15547 E AndroidRuntime: TypeError: info.loadIcon(...).getBitmap is not a function
06-18 14:33:13.969 15547 15547 E AndroidRuntime: File: "file:///data/data/com.stanfordhci.habitlab/files/app/util/UsageInformationUtil.js, line: 49, column: 66
06-18 14:33:13.969 15547 15547 E AndroidRuntime: 
06-18 14:33:13.969 15547 15547 E AndroidRuntime: StackTrace: 
06-18 14:33:13.969 15547 15547 E AndroidRuntime: 	Frame: function:'exports.getApplicationList', file:'file:///data/data/com.stanfordhci.habitlab/files/app/util/UsageInformationUtil.js', line: 49, column: 67
06-18 14:33:13.969 15547 15547 E AndroidRuntime: 	Frame: function:'createGrid', file:'file:///data/data/com.stanfordhci.habitlab/files/app/views/onboarding/watchlistOnboardingView/watchlistOnboardingView.js', line: 48, column: 24
06-18 14:33:13.969 15547 15547 E AndroidRuntime: 	Frame: function:'timer.setTimeout', file:'file:///data/data/com.stanfordhci.habitlab/files/app/views/onboarding/watchlistOnboardingView/watchlistOnboardingView.js', line: 42, column: 5
06-18 14:33:13.969 15547 15547 E AndroidRuntime: 	Frame: function:'run', file:'<embedded>', line: 726, column: 1
06-18 14:33:13.969 15547 15547 E AndroidRuntime: 
06-18 14:33:13.969 15547 15547 E AndroidRuntime: 
06-18 14:33:13.969 15547 15547 E AndroidRuntime: 	at com.tns.Runtime.callJSMethodNative(Native Method)
06-18 14:33:13.969 15547 15547 E AndroidRuntime: 	at com.tns.Runtime.dispatchCallJSMethodNative(Runtime.java:1043)
06-18 14:33:13.969 15547 15547 E AndroidRuntime: 	at com.tns.Runtime.callJSMethodImpl(Runtime.java:925)
06-18 14:33:13.969 15547 15547 E AndroidRuntime: 	at com.tns.Runtime.callJSMethod(Runtime.java:912)
06-18 14:33:13.969 15547 15547 E AndroidRuntime: 	at com.tns.Runtime.callJSMethod(Runtime.java:896)
06-18 14:33:13.969 15547 15547 E AndroidRuntime: 	at com.tns.Runtime.callJSMethod(Runtime.java:888)
06-18 14:33:13.969 15547 15547 E AndroidRuntime: 	at com.tns.gen.java.lang.Runnable.run(Runnable.java:10)
06-18 14:33:13.969 15547 15547 E AndroidRuntime: 	at android.os.Handler.handleCallback(Handler.java:789)
06-18 14:33:13.969 15547 15547 E AndroidRuntime: 	at android.os.Handler.dispatchMessage(Handler.java:98)
06-18 14:33:13.969 15547 15547 E AndroidRuntime: 	at android.os.Looper.loop(Looper.java:164)
06-18 14:33:13.969 15547 15547 E AndroidRuntime: 	at android.app.ActivityThread.main(ActivityThread.java:6798)
06-18 14:33:13.969 15547 15547 E AndroidRuntime: 	at java.lang.reflect.Method.invoke(Native Method)
06-18 14:33:13.969 15547 15547 E AndroidRuntime: 	at com.android.internal.os.Zygote$MethodAndArgsCaller.run(Zygote.java:240)
06-18 14:33:13.969 15547 15547 E AndroidRuntime: 	at com.android.internal.os.ZygoteInit.main(ZygoteInit.java:767)
--------- beginning of system
06-18 23:45:09.124  1291 14724 I chatty  : uid=1000(system) Binder:1291_1E expire 1 line
06-18 23:45:09.145  1291 12246 I chatty  : uid=1000(system) Binder:1291_1B expire 3 lines
06-18 23:46:25.002  1291  1728 I chatty  : uid=1000(system) AlarmManager expire 165 lines
06-18 23:46:49.236  1291  1420 I chatty  : uid=1000(system) batterystats-sy expire 12 lines
06-18 23:47:35.153  1291  1416 I chatty  : uid=1000(system) ActivityManager expire 3 lines
06-18 23:50:50.041  1291  1479 I chatty  : uid=1000(system) CpuTracker expire 1 line
06-18 23:50:53.690  1291  1291 I chatty  : uid=1000 system_server expire 1 line
06-18 23:50:54.494  1291  1916 I chatty  : uid=1000(system) AppBootThread expire 191 lines
06-18 23:50:55.002  1291  1728 I chatty  : uid=1000(system) AlarmManager expire 115 lines
06-18 23:50:55.044  1291  1479 I chatty  : uid=1000(system) CpuTracker expire 2 lines
06-18 23:51:01.352  1291  1420 I chatty  : uid=1000(system) batterystats-sy expire 12 lines
06-18 23:52:35.612  1291  1416 I chatty  : uid=1000(system) ActivityManager expire 9 lines
06-18 23:53:18.027  1291  1408 I chatty  : uid=1000(system) android.bg expire 1 line
06-18 23:54:01.562  1291  1416 I chatty  : uid=1000(system) ActivityManager expire 195 lines
06-18 23:54:01.967  1291  2379 I chatty  : uid=1000(system) Binder:1291_B expire 1 line
06-18 23:54:01.972  1291  1478 I chatty  : uid=1000(system) android.display expire 1 line
06-18 23:54:05.001  1291  1728 I chatty  : uid=1000(system) AlarmManager expire 52 lines
06-18 23:54:31.072  1291  1420 I chatty  : uid=1000(system) batterystats-sy expire 10 lines
06-18 23:55:25.001  1291  1728 I chatty  : uid=1000(system) AlarmManager expire 21 lines
06-18 23:55:27.440  1291  6865 I chatty  : uid=1000(system) Binder:1291_17 expire 10 lines
06-18 23:55:27.950  1291  2929 I chatty  : uid=1000(system) Binder:1291_14 expire 1 line
06-18 23:55:28.040  1291  6167 I chatty  : uid=1000(system) Binder:1291_16 expire 10 lines
06-18 23:55:57.867  1998  1998 V DeadZone: consuming errant click: (292.0,70.0)
06-18 23:55:57.897  1291  1416 I chatty  : uid=1000(system) ActivityManager expire 14 lines
06-18 23:55:57.915 30618 30618 W ViewRootImpl[PDFViewerActivity]: Cancelling event due to no window focus: KeyEvent { action=ACTION_UP, keyCode=KEYCODE_BACK, scanCode=0, metaState=0, flags=0x68, repeatCount=0, eventTime=518719573, downTime=518719542, deviceId=-1, source=0x101 }
06-18 23:55:57.915 30618 30618 I chatty  : uid=10060 com.mobisystems.ubreader_west:bookreader identical 5 lines
06-18 23:55:57.915 30618 30618 W ViewRootImpl[PDFViewerActivity]: Cancelling event due to no window focus: KeyEvent { action=ACTION_UP, keyCode=KEYCODE_BACK, scanCode=0, metaState=0, flags=0x68, repeatCount=0, eventTime=518719573, downTime=518719542, deviceId=-1, source=0x101 }
06-18 23:55:57.957 30618 30618 W ViewRootImpl[OpenBookActivity]: Cancelling event due to no window focus: KeyEvent { action=ACTION_UP, keyCode=KEYCODE_BACK, scanCode=0, metaState=0, flags=0x68, repeatCount=0, eventTime=518719607, downTime=518719542, deviceId=-1, source=0x101 }
06-18 23:55:57.957 30618 30618 W ViewRootImpl[OpenBookActivity]: Cancelling event due to no window focus: KeyEvent { action=ACTION_UP, keyCode=KEYCODE_BACK, scanCode=0, metaState=0, flags=0x68, repeatCount=0, eventTime=518719607, downTime=518719542, deviceId=-1, source=0x101 }
06-18 23:55:58.512  1291  2909 I chatty  : uid=1000(system) Binder:1291_12 expire 10 lines
06-18 23:55:58.524  1291  1478 I chatty  : uid=1000(system) android.display expire 4 lines
06-18 23:56:00.000  1291  1728 I chatty  : uid=1000(system) AlarmManager expire 67 lines
06-18 23:56:00.619  1291  1736 I chatty  : uid=1000(system) InputReader expire 4 lines
06-18 23:56:00.622  1291  1480 I chatty  : uid=1000(system) PowerManagerSer expire 20 lines
06-18 23:56:00.623  1291  1857 I chatty  : uid=1000(system) ColorBalanceThr expire 8 lines
06-18 23:56:00.673  1291  1291 I chatty  : uid=1000 system_server expire 4 lines
06-18 23:56:00.690  1291  1886 I chatty  : uid=1000(system) FingerPrintThre expire 18 lines
06-18 23:56:00.968  1998  1998 D KeyguardViewMediator: setLockScreenShown begin, true, seq:518722643
06-18 23:56:00.970  1998  2106 D KeyguardViewMediator: setLockScreenShown true, seq:518722643
06-18 23:56:01.008   914  1128 D QMI_FW  : chen-screen off: is_screen_off = 1 
06-18 23:56:01.011  1103  1204 D QMI_FW  : chen-screen off: is_screen_off = 1 
06-18 23:56:01.114  1998  1998 V KeyguardStatusView: refresh statusview showing:true
06-18 23:56:01.122  1998  1998 V KeyguardDisplayManager: show
06-18 23:56:35.123   914  1128 D QMI_FW  : chen-screen on: is_screen_off = 0 
06-18 23:56:35.134  1291 14017 I chatty  : uid=1000(system) Binder:1291_1D expire 5 lines
06-18 23:56:35.134  1291  1417 I chatty  : uid=1000(system) android.ui expire 5 lines
06-18 23:56:35.137  1103  1204 D QMI_FW  : chen-screen on: is_screen_off = 0 
06-18 23:56:35.194  1291  1480 I chatty  : uid=1000(system) PowerManagerSer expire 6 lines
06-18 23:56:35.213  1291  2909 I chatty  : uid=1000(system) Binder:1291_12 expire 6 lines
06-18 23:56:35.770  1291  1964 I chatty  : uid=1000(system) HwBinder:1291_3 expire 2 lines
06-18 23:56:35.783  1291 11035 I chatty  : uid=1000(system) Binder:1291_19 expire 4 lines
06-18 23:56:35.784  1998  1998 W FingerprintManager: Invalid acquired message: 1000, 0
06-18 23:56:36.273  1998  1998 D KeyguardViewMediator: setLockScreenShown begin, false, seq:518727402
06-18 23:56:36.274  1998  2106 D KeyguardViewMediator: setLockScreenShown false, seq:518727402
06-18 23:56:36.284  1291  1886 I chatty  : uid=1000(system) FingerPrintThre expire 4 lines
06-18 23:56:36.286  1998  1998 V KeyguardDisplayManager: hide
06-18 23:56:36.564  1291 14724 I chatty  : uid=1000(system) Binder:1291_1E expire 1 line
06-18 23:56:36.567  1291 31457 I chatty  : uid=1000 system_server expire 2 lines
06-18 23:56:36.679 31466 31466 E ActivityThread: Failed to find provider info for com.opera.minisettingsmocker
06-18 23:56:36.732  1291  6865 I chatty  : uid=1000(system) Binder:1291_17 expire 1 line
06-18 23:56:36.734  1291  1827 I chatty  : uid=1000(system) ConnectivitySer expire 10 lines
06-18 23:56:37.764  1291  1735 I chatty  : uid=1000(system) InputDispatcher expire 1 line
06-18 23:56:37.820  1291  2377 I chatty  : uid=1000(system) Binder:1291_9 expire 3 lines
06-18 23:56:38.983  1291  1772 I chatty  : uid=1000(system) NetworkStats expire 4 lines
06-18 23:57:12.662  1291  2266 I chatty  : uid=1000(system) Binder:1291_7 expire 1 line
06-18 23:57:35.026  1291  1420 I chatty  : uid=1000(system) batterystats-sy expire 2 lines
06-18 23:57:35.064  1291 31701 I chatty  : uid=1000 system_server expire 1 line
06-18 23:57:57.902  1291  2847 I chatty  : uid=1000(system) Binder:1291_F expire 1 line
06-18 23:58:04.140  1291  1476 I chatty  : uid=1000(system) android.fg expire 2 lines
06-18 23:58:04.198  1291  1772 I chatty  : uid=1000(system) NetworkStats expire 4 lines
06-18 23:58:05.000  1291  1728 I chatty  : uid=1000(system) AlarmManager expire 51 lines
06-18 23:58:06.518  1291  1416 I chatty  : uid=1000(system) ActivityManager expire 9 lines
06-18 23:59:22.467  1291  1736 I chatty  : uid=1000(system) InputReader expire 2 lines
06-18 23:59:22.469  1291  1480 I chatty  : uid=1000(system) PowerManagerSer expire 13 lines
06-18 23:59:22.469  1291  1857 I chatty  : uid=1000(system) ColorBalanceThr expire 4 lines
06-18 23:59:22.511  1291  1291 I chatty  : uid=1000 system_server expire 3 lines
06-18 23:59:22.521  1291  2847 I chatty  : uid=1000(system) Binder:1291_F expire 6 lines
06-18 23:59:22.526  1291  2909 I chatty  : uid=1000(system) Binder:1291_12 expire 6 lines
06-18 23:59:22.530  1291  1886 I chatty  : uid=1000(system) FingerPrintThre expire 7 lines
06-18 23:59:22.758  1291 11035 I chatty  : uid=1000(system) Binder:1291_19 expire 10 lines
06-18 23:59:22.766  1998  1998 D KeyguardViewMediator: setLockScreenShown begin, true, seq:518893895
06-18 23:59:22.771  1998  2106 D KeyguardViewMediator: setLockScreenShown true, seq:518893895
06-18 23:59:22.801  1291  1478 I chatty  : uid=1000(system) android.display expire 1 line
06-18 23:59:22.814   914  1128 D QMI_FW  : chen-screen off: is_screen_off = 1 
06-18 23:59:22.816  1103  1204 D QMI_FW  : chen-screen off: is_screen_off = 1 
06-18 23:59:22.834  1291  2266 I chatty  : uid=1000(system) Binder:1291_7 expire 15 lines
06-18 23:59:22.886  1998  1998 V KeyguardStatusView: refresh statusview showing:true
06-18 23:59:22.893  1998  1998 V KeyguardDisplayManager: show
06-18 23:59:48.876  1291  1420 I chatty  : uid=1000(system) batterystats-sy expire 14 lines
06-19 00:00:00.212  1291  1728 I chatty  : uid=1000(system) AlarmManager expire 41 lines
06-19 00:00:00.647  1291  8961 I chatty  : uid=1000(system) Binder:1291_18 expire 3 lines
06-19 00:00:00.650 29845 29845 W ContextImpl: Calling a method in the system process without a qualified user: android.app.ContextImpl.startService:1477 android.content.ContextWrapper.startService:645 android.content.ContextWrapper.startService:645 com.oneplus.security.receiver.BootDataTimeReceiver.onReceive:36 android.app.ActivityThread.handleReceiver:3410 
06-19 00:00:00.654 29845 29845 W ContextImpl: Calling a method in the system process without a qualified user: android.app.ContextImpl.startService:1477 android.content.ContextWrapper.startService:645 android.content.ContextWrapper.startService:645 com.oneplus.security.receiver.BootDataTimeReceiver.onReceive:38 android.app.ActivityThread.handleReceiver:3410 
06-19 00:00:00.655 29845 29845 W ContextImpl: Calling a method in the system process without a qualified user: android.app.ContextImpl.startService:1477 android.content.ContextWrapper.startService:645 android.content.ContextWrapper.startService:645 com.oneplus.security.intercept.clean.InterceptCleanService.a:27 com.oneplus.security.receiver.BootDataTimeReceiver.onReceive:40 
06-19 00:00:00.784  1291 32201 I chatty  : uid=1000 system_server expire 1 line
06-19 00:00:00.815 32181 32181 D ActivityThread: Loading provider com.whatsapp.provider.contact: com.whatsapp.contact.ContactProvider
06-19 00:00:01.151  1291  1827 I chatty  : uid=1000(system) ConnectivitySer expire 32 lines
06-19 00:00:18.339  1291 14724 I chatty  : uid=1000(system) Binder:1291_1E expire 4 lines
06-19 00:00:19.280  1291 14017 I chatty  : uid=1000(system) Binder:1291_1D expire 2 lines
06-19 00:00:19.437  1291  2910 I chatty  : uid=1000(system) Binder:1291_13 expire 2 lines
06-19 00:00:19.861  1291  1415 I chatty  : uid=1000(system) EmbryoManager expire 3 lines
06-19 00:00:38.834  1291 32483 I chatty  : uid=1000 system_server expire 3 lines
06-19 00:00:39.140  1291  4255 I chatty  : uid=1000(system) Binder:1291_15 expire 1 line
06-19 00:01:03.899  1291  2834 I chatty  : uid=1000(system) Binder:1291_D expire 1 line
06-19 00:01:03.903  1291 11093 I chatty  : uid=1000(system) Binder:1291_1A expire 4 lines
06-19 00:01:08.798  1291  2380 I chatty  : uid=1000(system) Binder:1291_C expire 4 lines
06-19 00:01:08.828  1291  1408 I chatty  : uid=1000(system) android.bg expire 2 lines
06-19 00:01:08.836  1291 32699 I chatty  : uid=1000(system) Db-scheduler expire 2 lines
06-19 00:02:29.302  1291  2258 I chatty  : uid=1000(system) Binder:1291_6 expire 1 line
06-19 00:02:30.019  1291   521 I chatty  : uid=1000 system_server expire 1 line
06-19 00:02:56.264  1291   606 I chatty  : uid=1000 system_server expire 2 lines
06-19 00:04:03.478  1291   611 I chatty  : uid=1000 system_server expire 1 line
06-19 00:05:10.650  1291   636 I chatty  : uid=1000 system_server expire 1 line
06-19 00:05:33.836  1291  1728 I chatty  : uid=1000(system) AlarmManager expire 13 lines
06-19 00:05:33.863  1291  1420 I chatty  : uid=1000(system) batterystats-sy expire 10 lines
06-19 00:06:04.945  1291  2847 I chatty  : uid=1000(system) Binder:1291_F expire 2 lines
06-19 00:10:55.555  1291 11093 I chatty  : uid=1000(system) Binder:1291_1A expire 3 lines
06-19 00:10:55.699  1291  1408 I chatty  : uid=1000(system) android.bg expire 3 lines
06-19 00:10:56.135   680   680 D ActivityThread: Loading provider com.google.android.gm.sapi: com.google.android.gm.sapi.SapiUiProvider
06-19 00:10:59.640  1291   884 I chatty  : uid=1000(system) pool-15-thread- expire 1 line
06-19 00:11:00.430  1291  1728 I chatty  : uid=1000(system) AlarmManager expire 19 lines
06-19 00:11:32.979  1291  1420 I chatty  : uid=1000(system) batterystats-sy expire 12 lines
06-19 00:12:21.503  1291  2266 I chatty  : uid=1000(system) Binder:1291_7 expire 2 lines
06-19 00:18:15.983  1291  1827 I chatty  : uid=1000(system) ConnectivitySer expire 52 lines
06-19 00:18:16.011  1291  2380 I chatty  : uid=1000(system) Binder:1291_C expire 4 lines
06-19 00:18:16.080  1291  2863 I chatty  : uid=1000(system) Binder:1291_11 expire 2 lines
06-19 00:18:16.335  1291   933 I chatty  : uid=1000(system) remote AsyncTas expire 1 line
06-19 00:19:18.042  1291 12786 I chatty  : uid=1000(system) Binder:1291_1C expire 1 line
06-19 00:19:18.076  1291  2258 I chatty  : uid=1000(system) Binder:1291_6 expire 1 line
06-19 00:19:48.762 29912  1185 E ActivityThread: Failed to find provider info for com.facebook.mlite.sso.MessengerLoggedInUserProvider
06-19 00:19:49.180 31799  1264 E ActivityThread: Failed to find provider info for com.facebook.appmanager.attribution
06-19 00:20:54.607  1291  1728 I chatty  : uid=1000(system) AlarmManager expire 121 lines
06-19 00:20:54.626  1291  1420 I chatty  : uid=1000(system) batterystats-sy expire 3 lines
06-19 00:21:01.117  1291  1291 I chatty  : uid=1000 system_server expire 1 line
06-19 00:21:02.204  1291  1451 I chatty  : uid=1000 system_server expire 3 lines
06-19 00:21:07.277  1291  1500 I chatty  : uid=1000 system_server expire 3 lines
06-19 00:26:17.200  1291  1772 I chatty  : uid=1000(system) NetworkStats expire 2 lines
06-19 00:26:17.216  1291  1728 I chatty  : uid=1000(system) AlarmManager expire 152 lines
06-19 00:26:17.494  1291  2380 I chatty  : uid=1000(system) Binder:1291_C expire 2 lines
06-19 00:26:17.554  1291  2266 I chatty  : uid=1000(system) Binder:1291_7 expire 1 line
06-19 00:26:17.995  1291  1420 I chatty  : uid=1000(system) batterystats-sy expire 20 lines
06-19 00:26:18.179  1291  2863 I chatty  : uid=1000(system) Binder:1291_11 expire 5 lines
06-19 00:26:18.180  1291  1827 I chatty  : uid=1000(system) ConnectivitySer expire 11 lines
06-19 00:26:18.272  1291 12786 I chatty  : uid=1000(system) Binder:1291_1C expire 1 line
06-19 00:27:53.024  1291  1415 I chatty  : uid=1000(system) EmbryoManager expire 3 lines
06-19 00:30:19.736  1291  1814 I chatty  : uid=1000 system_server expire 3 lines
06-19 00:36:08.680  1291  1291 I chatty  : uid=1000 system_server expire 3 lines
06-19 00:36:08.688  1291  2846 I chatty  : uid=1000(system) Binder:1291_E expire 3 lines
06-19 00:36:08.807  1291  1416 I chatty  : uid=1000(system) ActivityManager expire 2 lines
06-19 00:36:08.824  1291  2258 I chatty  : uid=1000(system) Binder:1291_6 expire 5 lines
06-19 00:36:09.219  1291  1959 I chatty  : uid=1000(system) Binder:1291_4 expire 4 lines
06-19 00:36:11.398  1291  1879 I chatty  : uid=1000 system_server expire 1 line
06-19 00:36:13.698  1291  1408 I chatty  : uid=1000(system) android.bg expire 3 lines
06-19 00:42:52.937  1291  1931 I chatty  : uid=1000 system_server expire 1 line
06-19 00:51:19.066  1291  2036 I chatty  : uid=1000 system_server expire 2 lines
06-19 00:51:19.610  1291  1995 I chatty  : uid=1000(system) Binder:1291_5 expire 2 lines
06-19 00:51:20.464  1291  2847 I chatty  : uid=1000(system) Binder:1291_F expire 2 lines
06-19 00:51:24.310  1291  2091 I chatty  : uid=1000 system_server expire 3 lines
06-19 00:53:51.859  1291  1736 I chatty  : uid=1000(system) InputReader expire 2 lines
06-19 00:53:51.864  1291  1480 I chatty  : uid=1000(system) PowerManagerSer expire 13 lines
06-19 00:53:51.868  1291  1857 I chatty  : uid=1000(system) ColorBalanceThr expire 4 lines
06-19 00:53:51.938  1291  1478 I chatty  : uid=1000(system) android.display expire 2 lines
06-19 00:53:51.965   914  1128 D QMI_FW  : chen-screen on: is_screen_off = 0 
06-19 00:53:51.974  1103  1204 D QMI_FW  : chen-screen on: is_screen_off = 0 
06-19 00:53:52.018  1291  1417 I chatty  : uid=1000(system) android.ui expire 4 lines
06-19 00:53:52.104  1291 11093 I chatty  : uid=1000(system) Binder:1291_1A expire 9 lines
06-19 00:53:52.119  1291  2266 I chatty  : uid=1000(system) Binder:1291_7 expire 9 lines
06-19 00:53:52.120  1291  1291 I chatty  : uid=1000 system_server expire 6 lines
06-19 00:53:52.183  1291  6167 I chatty  : uid=1000(system) Binder:1291_16 expire 3 lines
06-19 00:53:52.195  1291  1420 I chatty  : uid=1000(system) batterystats-sy expire 3 lines
06-19 00:53:55.003  1291  1728 I chatty  : uid=1000(system) AlarmManager expire 11 lines
06-19 00:53:56.586  1291  2144 I chatty  : uid=1000(system) Profile Saver expire 1 line
06-19 00:53:58.844  1291  1964 I chatty  : uid=1000(system) HwBinder:1291_3 expire 2 lines
06-19 00:53:58.849  1291  1995 I chatty  : uid=1000(system) Binder:1291_5 expire 13 lines
06-19 00:53:58.850  1998  1998 W FingerprintManager: Invalid acquired message: 1000, 0
06-19 00:53:58.886  1291  2146 I chatty  : uid=1000 system_server expire 1 line
06-19 00:53:58.905  1291  1416 I chatty  : uid=1000(system) ActivityManager expire 10 lines
06-19 00:53:59.028  1291  1886 I chatty  : uid=1000(system) FingerPrintThre expire 15 lines
06-19 00:53:59.060  1291  1417 I chatty  : uid=1000(system) android.ui expire 3 lines
06-19 00:53:59.182  1291  1408 I chatty  : uid=1000(system) android.bg expire 6 lines
06-19 00:53:59.384  2149  2149 E ActivityThread: Failed to find provider info for com.opera.minisettingsmocker
06-19 00:53:59.425  1998  1998 D KeyguardViewMediator: setLockScreenShown begin, false, seq:518997222
06-19 00:53:59.426  1998  2106 D KeyguardViewMediator: setLockScreenShown false, seq:518997222
06-19 00:53:59.430  1291  2834 I chatty  : uid=1000(system) Binder:1291_D expire 10 lines
06-19 00:53:59.455  1998  1998 V KeyguardDisplayManager: hide
06-19 00:54:00.754  1291  1959 I chatty  : uid=1000(system) Binder:1291_4 expire 3 lines
06-19 00:54:00.755  1291  1827 I chatty  : uid=1000(system) ConnectivitySer expire 43 lines
06-19 00:54:00.950  1291  2380 I chatty  : uid=1000(system) Binder:1291_C expire 5 lines
06-19 00:54:02.101  1291  2863 I chatty  : uid=1000(system) Binder:1291_11 expire 3 lines
06-19 00:54:02.209  1291 17847 I chatty  : uid=1000(system) Binder:1291_20 expire 9 lines
06-19 00:54:02.209  1291  2258 I chatty  : uid=1000(system) Binder:1291_6 expire 4 lines
06-19 00:54:02.449  1291  2378 I chatty  : uid=1000(system) Binder:1291_A expire 2 lines
06-19 00:54:03.106  1291  2909 I chatty  : uid=1000(system) Binder:1291_12 expire 6 lines
06-19 00:54:03.732  1291  2379 I chatty  : uid=1000(system) Binder:1291_B expire 9 lines
06-19 00:54:04.339  1291  2929 I chatty  : uid=1000(system) Binder:1291_14 expire 2 lines
06-19 00:54:04.507  1291  4255 I chatty  : uid=1000(system) Binder:1291_15 expire 16 lines
06-19 00:54:04.666  1291 12786 I chatty  : uid=1000(system) Binder:1291_1C expire 5 lines
06-19 00:54:05.122  1291  1415 I chatty  : uid=1000(system) EmbryoManager expire 4 lines
06-19 00:54:05.200  1291  2376 I chatty  : uid=1000(system) Binder:1291_8 expire 10 lines
06-19 00:54:05.412  1291  2846 I chatty  : uid=1000(system) Binder:1291_E expire 1 line
06-19 00:54:05.867  1291 12246 I chatty  : uid=1000(system) Binder:1291_1B expire 5 lines
06-19 00:54:06.478  1291 14724 I chatty  : uid=1000(system) Binder:1291_1E expire 1 line
06-19 00:54:08.097  1291  6865 I chatty  : uid=1000(system) Binder:1291_17 expire 2 lines
06-19 00:54:08.101   473   477 D VoldCryptCmdListener: cryptfs getpwtype
06-19 00:54:08.104  1291  1741 I chatty  : uid=1000(system) CryptdConnector expire 2 lines
06-19 00:54:09.480  1291  8961 I chatty  : uid=1000(system) Binder:1291_18 expire 3 lines
06-19 00:54:10.000  1291  1728 I chatty  : uid=1000(system) AlarmManager expire 11 lines
06-19 00:54:13.048  1291  1476 I chatty  : uid=1000(system) android.fg expire 1 line
06-19 00:54:13.049  1291  1772 I chatty  : uid=1000(system) NetworkStats expire 3 lines
06-19 00:54:14.314  1291 11035 I chatty  : uid=1000(system) Binder:1291_19 expire 3 lines
06-19 00:54:14.766   473   477 D VoldCryptCmdListener: cryptfs getpwtype
06-19 00:54:16.760  2149  2149 E ActivityThread: Failed to find provider info for com.opera.branding.BrandingProvider
06-19 00:54:17.928  1291  1416 I chatty  : uid=1000(system) ActivityManager expire 10 lines
06-19 00:54:18.642  1291 11093 I chatty  : uid=1000(system) Binder:1291_1A expire 6 lines
06-19 00:54:18.985  1291 12246 I chatty  : uid=1000(system) Binder:1291_1B expire 11 lines
06-19 00:54:19.091  1291 17847 I chatty  : uid=1000(system) Binder:1291_20 expire 5 lines
06-19 00:54:19.169  1291  1415 I chatty  : uid=1000(system) EmbryoManager expire 8 lines
06-19 00:54:20.000  1291  1728 I chatty  : uid=1000(system) AlarmManager expire 12 lines
06-19 00:54:21.218  1291  1827 I chatty  : uid=1000(system) ConnectivitySer expire 11 lines
06-19 00:54:21.931  1291  2834 I chatty  : uid=1000(system) Binder:1291_D expire 3 lines
06-19 00:54:21.938  1291  1478 I chatty  : uid=1000(system) android.display expire 2 lines
06-19 00:54:21.970  1291  8961 I chatty  : uid=1000(system) Binder:1291_18 expire 8 lines
