06-23 01:36:46.589  8576  8576 I LoadedApk: X.2HM@4ffd679 onReceive android.intent.action.BATTERY_CHANGED in 0ms
06-23 01:36:46.591 17552 17552 I LoadedApk: dbxyzptlk.db10020200.dt.c@f152fd3 onReceive android.intent.action.BATTERY_CHANGED in 0ms
06-23 01:36:46.591 17552 17552 I LoadedApk: dbxyzptlk.db10020200.dt.c@2d48941 onReceive android.intent.action.BATTERY_CHANGED in 0ms
06-23 01:36:49.724  1260  2847 I chatty  : uid=1000(system) Binder:1260_A expire 12 lines
06-23 01:36:49.729  1260  1260 I chatty  : uid=1000 system_server expire 47 lines
06-23 01:36:49.731  1260  1419 I chatty  : uid=1000(system) PowerManagerSer expire 15 lines
06-23 01:36:49.738  3040  3040 I LoadedApk: aomz@4169ded onReceive android.intent.action.BATTERY_CHANGED in 0ms
06-23 01:36:49.739  2337  2337 I LoadedApk: com.qualcomm.ims.vt.LowBatteryHandler$1@fc861a8 onReceive android.intent.action.BATTERY_CHANGED in 3ms
06-23 01:36:49.741  1983  1983 I chatty  : uid=10028(com.android.systemui) expire 15 lines
06-23 01:36:49.741  8576  8576 I LoadedApk: X.2HM@4ffd679 onReceive android.intent.action.BATTERY_CHANGED in 0ms
06-23 01:36:49.741 16437 16437 I LoadedApk: com.h.c.o@5b2b58d onReceive android.intent.action.BATTERY_CHANGED in 0ms
06-23 01:36:49.741  3211  3211 I LoadedApk: com.oneplus.opbackup.download.processor.c$a@91b9c05 onReceive android.intent.action.BATTERY_CHANGED in 0ms
06-23 01:36:49.742 17552 17552 I LoadedApk: dbxyzptlk.db10020200.dt.c@f152fd3 onReceive android.intent.action.BATTERY_CHANGED in 0ms
06-23 01:36:49.742 17069 17069 I LoadedApk: X.1cI@b9c8a7f onReceive android.intent.action.BATTERY_CHANGED in 0ms
06-23 01:36:49.743 15299 15299 I LoadedApk: com.whatsapp.an@8efef5e onReceive android.intent.action.BATTERY_CHANGED in 1ms
06-23 01:36:49.743  5951  5951 I LoadedApk: amlg@95dd4ae onReceive android.intent.action.BATTERY_CHANGED in 1ms
06-23 01:36:49.744 17552 17552 I LoadedApk: dbxyzptlk.db10020200.dt.c@2d48941 onReceive android.intent.action.BATTERY_CHANGED in 1ms
06-23 01:36:50.000  1260  1730 I chatty  : uid=1000(system) AlarmManager expire 48 lines
06-23 01:36:51.274  8503 13756 I chatty  : uid=10094(com.amazon.kindle) BatchTransmitte expire 19 lines
06-23 01:36:55.733  2337  2337 I LoadedApk: com.qualcomm.ims.vt.LowBatteryHandler$1@fc861a8 onReceive android.intent.action.BATTERY_CHANGED in 1ms
06-23 01:36:55.733  3211  3211 I LoadedApk: com.oneplus.opbackup.download.processor.c$a@91b9c05 onReceive android.intent.action.BATTERY_CHANGED in 0ms
06-23 01:36:55.734  3040  3040 I LoadedApk: aomz@4169ded onReceive android.intent.action.BATTERY_CHANGED in 0ms
06-23 01:36:55.735  5951  5951 I LoadedApk: amlg@95dd4ae onReceive android.intent.action.BATTERY_CHANGED in 0ms
06-23 01:36:55.736 15299 15299 I LoadedApk: com.whatsapp.an@8efef5e onReceive android.intent.action.BATTERY_CHANGED in 0ms
06-23 01:36:55.737  8576  8576 I LoadedApk: X.2HM@4ffd679 onReceive android.intent.action.BATTERY_CHANGED in 0ms
06-23 01:36:55.739 17552 17552 I LoadedApk: dbxyzptlk.db10020200.dt.c@f152fd3 onReceive android.intent.action.BATTERY_CHANGED in 0ms
06-23 01:36:55.739 16437 16437 I LoadedApk: com.h.c.o@5b2b58d onReceive android.intent.action.BATTERY_CHANGED in 0ms
06-23 01:36:55.739 17552 17552 I LoadedApk: dbxyzptlk.db10020200.dt.c@2d48941 onReceive android.intent.action.BATTERY_CHANGED in 0ms
06-23 01:36:55.739 17069 17069 I LoadedApk: X.1cI@b9c8a7f onReceive android.intent.action.BATTERY_CHANGED in 0ms
06-23 01:37:01.732  2337  2337 I LoadedApk: com.qualcomm.ims.vt.LowBatteryHandler$1@fc861a8 onReceive android.intent.action.BATTERY_CHANGED in 0ms
06-23 01:37:01.732  1983  1983 I chatty  : uid=10028(com.android.systemui) expire 12 lines
06-23 01:37:01.733  3040  3040 I LoadedApk: aomz@4169ded onReceive android.intent.action.BATTERY_CHANGED in 0ms
06-23 01:37:01.734  5951  5951 I LoadedApk: amlg@95dd4ae onReceive android.intent.action.BATTERY_CHANGED in 0ms
06-23 01:37:01.734  3211  3211 I LoadedApk: com.oneplus.opbackup.download.processor.c$a@91b9c05 onReceive android.intent.action.BATTERY_CHANGED in 0ms
06-23 01:37:01.735  8576  8576 I LoadedApk: X.2HM@4ffd679 onReceive android.intent.action.BATTERY_CHANGED in 0ms
06-23 01:37:01.737 15299 15299 I LoadedApk: com.whatsapp.an@8efef5e onReceive android.intent.action.BATTERY_CHANGED in 0ms
06-23 01:37:01.737 17552 17552 I LoadedApk: dbxyzptlk.db10020200.dt.c@f152fd3 onReceive android.intent.action.BATTERY_CHANGED in 0ms
06-23 01:37:01.737 16437 16437 I LoadedApk: com.h.c.o@5b2b58d onReceive android.intent.action.BATTERY_CHANGED in 1ms
06-23 01:37:01.738 17552 17552 I LoadedApk: dbxyzptlk.db10020200.dt.c@2d48941 onReceive android.intent.action.BATTERY_CHANGED in 0ms
06-23 01:37:01.738 17069 17069 I LoadedApk: X.1cI@b9c8a7f onReceive android.intent.action.BATTERY_CHANGED in 0ms
06-23 01:37:07.723  1260  2150 I chatty  : uid=1000(system) Binder:1260_5 expire 6 lines
06-23 01:37:07.730 15299 15299 I LoadedApk: com.whatsapp.an@8efef5e onReceive android.intent.action.BATTERY_CHANGED in 1ms
06-23 01:37:07.730  2337  2337 I LoadedApk: com.qualcomm.ims.vt.LowBatteryHandler$1@fc861a8 onReceive android.intent.action.BATTERY_CHANGED in 1ms
06-23 01:37:07.730  3040  3040 I LoadedApk: aomz@4169ded onReceive android.intent.action.BATTERY_CHANGED in 0ms
06-23 01:37:07.731 16437 16437 I LoadedApk: com.h.c.o@5b2b58d onReceive android.intent.action.BATTERY_CHANGED in 0ms
06-23 01:37:07.731  5951  5951 I LoadedApk: amlg@95dd4ae onReceive android.intent.action.BATTERY_CHANGED in 0ms
06-23 01:37:07.731 17069 17069 I LoadedApk: X.1cI@b9c8a7f onReceive android.intent.action.BATTERY_CHANGED in 0ms
06-23 01:37:07.731  8576  8576 I LoadedApk: X.2HM@4ffd679 onReceive android.intent.action.BATTERY_CHANGED in 0ms
06-23 01:37:07.732 17552 17552 I LoadedApk: dbxyzptlk.db10020200.dt.c@f152fd3 onReceive android.intent.action.BATTERY_CHANGED in 1ms
06-23 01:37:07.732 17552 17552 I LoadedApk: dbxyzptlk.db10020200.dt.c@2d48941 onReceive android.intent.action.BATTERY_CHANGED in 0ms
06-23 01:37:07.732  3211  3211 I LoadedApk: com.oneplus.opbackup.download.processor.c$a@91b9c05 onReceive android.intent.action.BATTERY_CHANGED in 0ms
06-23 01:37:13.734  2337  2337 I LoadedApk: com.qualcomm.ims.vt.LowBatteryHandler$1@fc861a8 onReceive android.intent.action.BATTERY_CHANGED in 1ms
06-23 01:37:13.734  1983  1983 I chatty  : uid=10028(com.android.systemui) expire 12 lines
06-23 01:37:13.735  3211  3211 I LoadedApk: com.oneplus.opbackup.download.processor.c$a@91b9c05 onReceive android.intent.action.BATTERY_CHANGED in 0ms
06-23 01:37:13.735  3040  3040 I LoadedApk: aomz@4169ded onReceive android.intent.action.BATTERY_CHANGED in 1ms
06-23 01:37:13.736 15299 15299 I LoadedApk: com.whatsapp.an@8efef5e onReceive android.intent.action.BATTERY_CHANGED in 0ms
06-23 01:37:13.738 16437 16437 I LoadedApk: com.h.c.o@5b2b58d onReceive android.intent.action.BATTERY_CHANGED in 0ms
06-23 01:37:13.738  5951  5951 I LoadedApk: amlg@95dd4ae onReceive android.intent.action.BATTERY_CHANGED in 0ms
06-23 01:37:13.738 17069 17069 I LoadedApk: X.1cI@b9c8a7f onReceive android.intent.action.BATTERY_CHANGED in 0ms
06-23 01:37:13.739 17552 17552 I LoadedApk: dbxyzptlk.db10020200.dt.c@f152fd3 onReceive android.intent.action.BATTERY_CHANGED in 0ms
06-23 01:37:13.739  8576  8576 I LoadedApk: X.2HM@4ffd679 onReceive android.intent.action.BATTERY_CHANGED in 1ms
06-23 01:37:13.739 17552 17552 I LoadedApk: dbxyzptlk.db10020200.dt.c@2d48941 onReceive android.intent.action.BATTERY_CHANGED in 0ms
06-23 01:37:19.721  1260  1273 I chatty  : uid=1000(system) Binder:1260_1 expire 17 lines
06-23 01:37:19.725  1260  1260 I chatty  : uid=1000 system_server expire 34 lines
06-23 01:37:19.726  2337  2337 I LoadedApk: com.qualcomm.ims.vt.LowBatteryHandler$1@fc861a8 onReceive android.intent.action.BATTERY_CHANGED in 0ms
06-23 01:37:19.728  3040  3040 I LoadedApk: aomz@4169ded onReceive android.intent.action.BATTERY_CHANGED in 0ms
06-23 01:37:19.728 15299 15299 I LoadedApk: com.whatsapp.an@8efef5e onReceive android.intent.action.BATTERY_CHANGED in 1ms
06-23 01:37:19.729 16437 16437 I LoadedApk: com.h.c.o@5b2b58d onReceive android.intent.action.BATTERY_CHANGED in 0ms
06-23 01:37:19.729 17069 17069 I LoadedApk: X.1cI@b9c8a7f onReceive android.intent.action.BATTERY_CHANGED in 0ms
06-23 01:37:19.729  8576  8576 I LoadedApk: X.2HM@4ffd679 onReceive android.intent.action.BATTERY_CHANGED in 0ms
06-23 01:37:19.729  3211  3211 I LoadedApk: com.oneplus.opbackup.download.processor.c$a@91b9c05 onReceive android.intent.action.BATTERY_CHANGED in 0ms
06-23 01:37:19.730 17552 17552 I LoadedApk: dbxyzptlk.db10020200.dt.c@f152fd3 onReceive android.intent.action.BATTERY_CHANGED in 0ms
06-23 01:37:19.730 17552 17552 I LoadedApk: dbxyzptlk.db10020200.dt.c@2d48941 onReceive android.intent.action.BATTERY_CHANGED in 0ms
06-23 01:37:19.732  5951  5951 I LoadedApk: amlg@95dd4ae onReceive android.intent.action.BATTERY_CHANGED in 1ms
06-23 01:37:24.042  1260  1415 I chatty  : uid=1000(system) android.fg expire 2 lines
06-23 01:37:24.049  2598  2598 I LoadedApk: voj@ef8305e onReceive android.net.conn.DATA_ACTIVITY_CHANGE in 0ms
06-23 01:37:24.081  1260  1273 I chatty  : uid=1000(system) Binder:1260_1 expire 70 lines
06-23 01:37:24.086 23866 23866 D TrafficAlarmReceiver: action:android.net.conn.DATA_ACTIVITY_CHANGE
06-23 01:37:24.089 23866 23866 I ActivityThread: com.oneplus.security.network.trafficalarm.TrafficUsageAlarmReceiver@c45f249 onReceive android.net.conn.DATA_ACTIVITY_CHANGE in 4ms
06-23 01:37:24.123  1260  2247 I chatty  : uid=1000(system) Binder:1260_6 expire 1 line
06-23 01:37:24.124  1260  2847 I chatty  : uid=1000(system) Binder:1260_A expire 27 lines
06-23 01:37:24.124  1260  1758 I chatty  : uid=1000(system) ConnectivitySer expire 6 lines
06-23 01:37:24.124   541   541 W memtrack@1.0-se: type=1400 audit(0.0:56930): avc: denied { read } for name="mem" dev="debugfs" ino=1634540 scontext=u:r:hal_memtrack_default:s0 tcontext=u:object_r:qti_debugfs:s0 tclass=file permissive=0
06-23 01:37:24.124   541   541 W memtrack@1.0-se: type=1400 audit(0.0:56931): avc: denied { read } for name="mem" dev="debugfs" ino=1634540 scontext=u:r:hal_memtrack_default:s0 tcontext=u:object_r:qti_debugfs:s0 tclass=file permissive=0
06-23 01:37:24.135  1260  8399 I chatty  : uid=1000(system) Binder:1260_1B expire 11 lines
06-23 01:37:24.136  1260  8399 I chatty  : uid=1000(system) Binder:1260_1B expire 36 lines
06-23 01:37:24.141  1260  1718 I chatty  : uid=1000(system) android.anim expire 2 lines
06-23 01:37:25.729  1983  1983 I chatty  : uid=10028(com.android.systemui) expire 16 lines
06-23 01:37:25.732  2337  2337 I LoadedApk: com.qualcomm.ims.vt.LowBatteryHandler$1@fc861a8 onReceive android.intent.action.BATTERY_CHANGED in 1ms
06-23 01:37:25.733  8576  8576 I LoadedApk: X.2HM@4ffd679 onReceive android.intent.action.BATTERY_CHANGED in 0ms
06-23 01:37:25.733 17552 17552 I LoadedApk: dbxyzptlk.db10020200.dt.c@f152fd3 onReceive android.intent.action.BATTERY_CHANGED in 0ms
06-23 01:37:25.734 17552 17552 I LoadedApk: dbxyzptlk.db10020200.dt.c@2d48941 onReceive android.intent.action.BATTERY_CHANGED in 0ms
06-23 01:37:25.734 17069 17069 I LoadedApk: X.1cI@b9c8a7f onReceive android.intent.action.BATTERY_CHANGED in 1ms
06-23 01:37:25.735  3040  3040 I LoadedApk: aomz@4169ded onReceive android.intent.action.BATTERY_CHANGED in 0ms
06-23 01:37:25.736  3211  3211 I LoadedApk: com.oneplus.opbackup.download.processor.c$a@91b9c05 onReceive android.intent.action.BATTERY_CHANGED in 0ms
06-23 01:37:25.737  5951  5951 I LoadedApk: amlg@95dd4ae onReceive android.intent.action.BATTERY_CHANGED in 1ms
06-23 01:37:25.738 15299 15299 I LoadedApk: com.whatsapp.an@8efef5e onReceive android.intent.action.BATTERY_CHANGED in 0ms
06-23 01:37:27.187  1260  1289 I chatty  : uid=1000(system) EmbryoManager expire 1 line
06-23 01:37:27.188  1260  1289 I chatty  : uid=1000(system) EmbryoManager expire 40 lines
06-23 01:37:27.252 18416 18416 D Embryo  : preload com.google.android.apps.docs.editors.sheets, 4ms, hwui=false, layout=false, decor=false
06-23 01:37:27.854   556   556 W vendor.qti.hard: type=1400 audit(0.0:56932): avc: denied { kill } for capability=5 scontext=u:r:hal_perf_default:s0 tcontext=u:r:hal_perf_default:s0 tclass=capability permissive=0
06-23 01:37:28.981  2598  2598 I LoadedApk: voj@ef8305e onReceive android.net.conn.DATA_ACTIVITY_CHANGE in 0ms
06-23 01:37:28.994 23866 23866 D TrafficAlarmReceiver: action:android.net.conn.DATA_ACTIVITY_CHANGE
06-23 01:37:28.999 23866 23866 I ActivityThread: com.oneplus.security.network.trafficalarm.TrafficUsageAlarmReceiver@47e606f onReceive android.net.conn.DATA_ACTIVITY_CHANGE in 5ms
06-23 01:37:31.417  8503 13756 I chatty  : uid=10094(com.amazon.kindle) BatchTransmitte expire 19 lines
06-23 01:37:31.715  2337  2337 I LoadedApk: com.qualcomm.ims.vt.LowBatteryHandler$1@fc861a8 onReceive android.intent.action.BATTERY_CHANGED in 0ms
06-23 01:37:31.715  3211  3211 I LoadedApk: com.oneplus.opbackup.download.processor.c$a@91b9c05 onReceive android.intent.action.BATTERY_CHANGED in 1ms
06-23 01:37:31.715  3040  3040 I LoadedApk: aomz@4169ded onReceive android.intent.action.BATTERY_CHANGED in 0ms
06-23 01:37:31.719 17552 17552 I LoadedApk: dbxyzptlk.db10020200.dt.c@f152fd3 onReceive android.intent.action.BATTERY_CHANGED in 0ms
06-23 01:37:31.719 17069 17069 I LoadedApk: X.1cI@b9c8a7f onReceive android.intent.action.BATTERY_CHANGED in 0ms
06-23 01:37:31.719 17552 17552 I LoadedApk: dbxyzptlk.db10020200.dt.c@2d48941 onReceive android.intent.action.BATTERY_CHANGED in 0ms
06-23 01:37:31.719 15299 15299 I LoadedApk: com.whatsapp.an@8efef5e onReceive android.intent.action.BATTERY_CHANGED in 1ms
06-23 01:37:31.720  8576  8576 I LoadedApk: X.2HM@4ffd679 onReceive android.intent.action.BATTERY_CHANGED in 1ms
06-23 01:37:31.720  5951  5951 I LoadedApk: amlg@95dd4ae onReceive android.intent.action.BATTERY_CHANGED in 1ms
06-23 01:37:37.730  2337  2337 I LoadedApk: com.qualcomm.ims.vt.LowBatteryHandler$1@fc861a8 onReceive android.intent.action.BATTERY_CHANGED in 1ms
06-23 01:37:37.730 15299 15299 I LoadedApk: com.whatsapp.an@8efef5e onReceive android.intent.action.BATTERY_CHANGED in 0ms
06-23 01:37:37.730  1983  1983 I chatty  : uid=10028(com.android.systemui) expire 20 lines
06-23 01:37:37.731  3040  3040 I LoadedApk: aomz@4169ded onReceive android.intent.action.BATTERY_CHANGED in 0ms
06-23 01:37:37.732  5951  5951 I LoadedApk: amlg@95dd4ae onReceive android.intent.action.BATTERY_CHANGED in 0ms
06-23 01:37:37.733  3211  3211 I LoadedApk: com.oneplus.opbackup.download.processor.c$a@91b9c05 onReceive android.intent.action.BATTERY_CHANGED in 1ms
06-23 01:37:37.733 17069 17069 I LoadedApk: X.1cI@b9c8a7f onReceive android.intent.action.BATTERY_CHANGED in 0ms
06-23 01:37:37.734 17552 17552 I LoadedApk: dbxyzptlk.db10020200.dt.c@f152fd3 onReceive android.intent.action.BATTERY_CHANGED in 1ms
06-23 01:37:37.734 17552 17552 I LoadedApk: dbxyzptlk.db10020200.dt.c@2d48941 onReceive android.intent.action.BATTERY_CHANGED in 0ms
06-23 01:37:37.734  8576  8576 I LoadedApk: X.2HM@4ffd679 onReceive android.intent.action.BATTERY_CHANGED in 0ms
06-23 01:37:39.483  8503 13755 I chatty  : uid=10094(com.amazon.kindle) Timer-0 expire 10 lines
06-23 01:37:43.733  1260  1260 I chatty  : uid=1000 system_server expire 34 lines
06-23 01:37:43.736  3040  3040 I LoadedApk: aomz@4169ded onReceive android.intent.action.BATTERY_CHANGED in 0ms
06-23 01:37:43.736  2337  2337 I LoadedApk: com.qualcomm.ims.vt.LowBatteryHandler$1@fc861a8 onReceive android.intent.action.BATTERY_CHANGED in 0ms
06-23 01:37:43.739  5951  5951 I LoadedApk: amlg@95dd4ae onReceive android.intent.action.BATTERY_CHANGED in 1ms
06-23 01:37:43.740  3211  3211 I LoadedApk: com.oneplus.opbackup.download.processor.c$a@91b9c05 onReceive android.intent.action.BATTERY_CHANGED in 0ms
06-23 01:37:43.740 17069 17069 I LoadedApk: X.1cI@b9c8a7f onReceive android.intent.action.BATTERY_CHANGED in 0ms
06-23 01:37:43.740  8576  8576 I LoadedApk: X.2HM@4ffd679 onReceive android.intent.action.BATTERY_CHANGED in 0ms
06-23 01:37:43.741 15299 15299 I LoadedApk: com.whatsapp.an@8efef5e onReceive android.intent.action.BATTERY_CHANGED in 1ms
06-23 01:37:43.742 17552 17552 I LoadedApk: dbxyzptlk.db10020200.dt.c@f152fd3 onReceive android.intent.action.BATTERY_CHANGED in 1ms
06-23 01:37:43.742 17552 17552 I LoadedApk: dbxyzptlk.db10020200.dt.c@2d48941 onReceive android.intent.action.BATTERY_CHANGED in 0ms
06-23 01:37:44.006  1260  1269 I chatty  : uid=1000(system) HeapTaskDaemon expire 1 line
06-23 01:37:46.360   880   972 I ThermalEngine: Monitor : quiet_therm = 33, msm_therm = 33, ufs_therm = 33, battery_therm = 308,current_now = -419000 
06-23 01:37:46.544  2337  2337 I LoadedApk: com.qualcomm.ims.vt.LowBatteryHandler$1@fc861a8 onReceive android.intent.action.BATTERY_CHANGED in 1ms
06-23 01:37:46.546  3211  3211 I LoadedApk: com.oneplus.opbackup.download.processor.c$a@91b9c05 onReceive android.intent.action.BATTERY_CHANGED in 1ms
06-23 01:37:46.548  3040  3040 I LoadedApk: aomz@4169ded onReceive android.intent.action.BATTERY_CHANGED in 1ms
06-23 01:37:46.550   996  2290 V LocSvc_HIDL_IzatProvider: [onLocationChanged][67] [HS] =>>>> [HC]
06-23 01:37:46.552  1260 27763 I chatty  : uid=1000(system) HwBinder:1260_5 expire 10 lines
06-23 01:37:46.554   996  2290 V LocSvc_HIDL_IzatProvider: [onLocationChanged][67] [HS] =>>>> [HC]
06-23 01:37:46.556  1260  2289 I chatty  : uid=1000(system) LocationThread expire 8 lines
06-23 01:37:46.559 17552 17552 I LoadedApk: dbxyzptlk.db10020200.dt.c@f152fd3 onReceive android.intent.action.BATTERY_CHANGED in 1ms
06-23 01:37:46.559 17552 17552 I LoadedApk: dbxyzptlk.db10020200.dt.c@2d48941 onReceive android.intent.action.BATTERY_CHANGED in 0ms
06-23 01:37:46.559 15299 15299 I LoadedApk: com.whatsapp.an@8efef5e onReceive android.intent.action.BATTERY_CHANGED in 0ms
06-23 01:37:46.559  8576  8576 I LoadedApk: X.2HM@4ffd679 onReceive android.intent.action.BATTERY_CHANGED in 0ms
06-23 01:37:46.560 17069 17069 I LoadedApk: X.1cI@b9c8a7f onReceive android.intent.action.BATTERY_CHANGED in 0ms
06-23 01:37:46.560  5951  5951 I LoadedApk: amlg@95dd4ae onReceive android.intent.action.BATTERY_CHANGED in 9ms
06-23 01:37:46.561  1260  3188 I chatty  : uid=1000(system) IzatProvider expire 2 lines
06-23 01:37:49.730  2337  2337 I LoadedApk: com.qualcomm.ims.vt.LowBatteryHandler$1@fc861a8 onReceive android.intent.action.BATTERY_CHANGED in 0ms
06-23 01:37:49.730  1983  1983 I chatty  : uid=10028(com.android.systemui) expire 16 lines
06-23 01:37:49.731  3040  3040 I LoadedApk: aomz@4169ded onReceive android.intent.action.BATTERY_CHANGED in 0ms
06-23 01:37:49.732 17069 17069 I LoadedApk: X.1cI@b9c8a7f onReceive android.intent.action.BATTERY_CHANGED in 0ms
06-23 01:37:49.733  8576  8576 I LoadedApk: X.2HM@4ffd679 onReceive android.intent.action.BATTERY_CHANGED in 1ms
06-23 01:37:49.733  5951  5951 I LoadedApk: amlg@95dd4ae onReceive android.intent.action.BATTERY_CHANGED in 0ms
06-23 01:37:49.734 17552 17552 I LoadedApk: dbxyzptlk.db10020200.dt.c@f152fd3 onReceive android.intent.action.BATTERY_CHANGED in 1ms
06-23 01:37:49.734 15299 15299 I LoadedApk: com.whatsapp.an@8efef5e onReceive android.intent.action.BATTERY_CHANGED in 1ms
06-23 01:37:49.734 17552 17552 I LoadedApk: dbxyzptlk.db10020200.dt.c@2d48941 onReceive android.intent.action.BATTERY_CHANGED in 0ms
06-23 01:37:49.735  3211  3211 I LoadedApk: com.oneplus.opbackup.download.processor.c$a@91b9c05 onReceive android.intent.action.BATTERY_CHANGED in 0ms
06-23 01:37:55.732  3040  3040 I LoadedApk: aomz@4169ded onReceive android.intent.action.BATTERY_CHANGED in 0ms
06-23 01:37:55.733  3211  3211 I LoadedApk: com.oneplus.opbackup.download.processor.c$a@91b9c05 onReceive android.intent.action.BATTERY_CHANGED in 0ms
06-23 01:37:55.734 17069 17069 I LoadedApk: X.1cI@b9c8a7f onReceive android.intent.action.BATTERY_CHANGED in 0ms
06-23 01:37:55.734 17552 17552 I LoadedApk: dbxyzptlk.db10020200.dt.c@f152fd3 onReceive android.intent.action.BATTERY_CHANGED in 0ms
06-23 01:37:55.734 17552 17552 I LoadedApk: dbxyzptlk.db10020200.dt.c@2d48941 onReceive android.intent.action.BATTERY_CHANGED in 0ms
06-23 01:37:55.735  2337  2337 I LoadedApk: com.qualcomm.ims.vt.LowBatteryHandler$1@fc861a8 onReceive android.intent.action.BATTERY_CHANGED in 0ms
06-23 01:37:55.736  5951  5951 I LoadedApk: amlg@95dd4ae onReceive android.intent.action.BATTERY_CHANGED in 0ms
06-23 01:37:55.736 15299 15299 I LoadedApk: com.whatsapp.an@8efef5e onReceive android.intent.action.BATTERY_CHANGED in 0ms
06-23 01:37:55.737  8576  8576 I LoadedApk: X.2HM@4ffd679 onReceive android.intent.action.BATTERY_CHANGED in 0ms
06-23 01:38:01.551  8503 14152 I chatty  : uid=10094(com.amazon.kindle) MAPCommonThread expire 24 lines
06-23 01:38:01.712  2337  2337 I LoadedApk: com.qualcomm.ims.vt.LowBatteryHandler$1@fc861a8 onReceive android.intent.action.BATTERY_CHANGED in 0ms
06-23 01:38:01.713  3040  3040 I LoadedApk: aomz@4169ded onReceive android.intent.action.BATTERY_CHANGED in 0ms
06-23 01:38:01.714  3211  3211 I LoadedApk: com.oneplus.opbackup.download.processor.c$a@91b9c05 onReceive android.intent.action.BATTERY_CHANGED in 1ms
06-23 01:38:01.714  1983  1983 I chatty  : uid=10028(com.android.systemui) expire 15 lines
06-23 01:38:01.715 17069 17069 I LoadedApk: X.1cI@b9c8a7f onReceive android.intent.action.BATTERY_CHANGED in 0ms
06-23 01:38:01.715 15299 15299 I LoadedApk: com.whatsapp.an@8efef5e onReceive android.intent.action.BATTERY_CHANGED in 1ms
06-23 01:38:01.717 17552 17552 I LoadedApk: dbxyzptlk.db10020200.dt.c@f152fd3 onReceive android.intent.action.BATTERY_CHANGED in 0ms
06-23 01:38:01.717 17552 17552 I LoadedApk: dbxyzptlk.db10020200.dt.c@2d48941 onReceive android.intent.action.BATTERY_CHANGED in 0ms
06-23 01:38:01.718  8576  8576 I LoadedApk: X.2HM@4ffd679 onReceive android.intent.action.BATTERY_CHANGED in 1ms
06-23 01:38:01.718  5951  5951 I LoadedApk: amlg@95dd4ae onReceive android.intent.action.BATTERY_CHANGED in 1ms
06-23 01:38:07.730  8576  8576 I LoadedApk: X.2HM@4ffd679 onReceive android.intent.action.BATTERY_CHANGED in 0ms
06-23 01:38:07.730  2337  2337 I LoadedApk: com.qualcomm.ims.vt.LowBatteryHandler$1@fc861a8 onReceive android.intent.action.BATTERY_CHANGED in 1ms
06-23 01:38:07.730  1260  1260 I chatty  : uid=1000 system_server expire 20 lines
06-23 01:38:07.731  3040  3040 I LoadedApk: aomz@4169ded onReceive android.intent.action.BATTERY_CHANGED in 0ms
06-23 01:38:07.732 15299 15299 I LoadedApk: com.whatsapp.an@8efef5e onReceive android.intent.action.BATTERY_CHANGED in 0ms
06-23 01:38:07.732  5951  5951 I LoadedApk: amlg@95dd4ae onReceive android.intent.action.BATTERY_CHANGED in 0ms
06-23 01:38:07.733  3211  3211 I LoadedApk: com.oneplus.opbackup.download.processor.c$a@91b9c05 onReceive android.intent.action.BATTERY_CHANGED in 0ms
06-23 01:38:07.734 17552 17552 I LoadedApk: dbxyzptlk.db10020200.dt.c@f152fd3 onReceive android.intent.action.BATTERY_CHANGED in 0ms
06-23 01:38:07.735 17552 17552 I LoadedApk: dbxyzptlk.db10020200.dt.c@2d48941 onReceive android.intent.action.BATTERY_CHANGED in 0ms
06-23 01:38:07.735 17069 17069 I LoadedApk: X.1cI@b9c8a7f onReceive android.intent.action.BATTERY_CHANGED in 0ms
06-23 01:38:08.564   541   541 W memtrack@1.0-se: type=1400 audit(0.0:56933): avc: denied { read } for name="mem" dev="debugfs" ino=44184 scontext=u:r:hal_memtrack_default:s0 tcontext=u:object_r:qti_debugfs:s0 tclass=file permissive=0
06-23 01:38:08.580  1260  1290 I chatty  : uid=1000(system) ActivityManager expire 15 lines
06-23 01:38:08.564   541   541 W memtrack@1.0-se: type=1400 audit(0.0:56934): avc: denied { read } for name="mem" dev="debugfs" ino=44184 scontext=u:r:hal_memtrack_default:s0 tcontext=u:object_r:qti_debugfs:s0 tclass=file permissive=0
06-23 01:38:08.587  1260  7332 I chatty  : uid=1000(system) Binder:1260_1A expire 54 lines
06-23 01:38:08.589  2598  2598 I ActivityThread: com.google.android.gms.lockbox.LockboxAlarmReceiver@38c608d onReceive null in 8ms
06-23 01:38:08.598  2598  2598 I ActivityThread: com.google.android.gms.gcm.nts.SchedulerInternalReceiver@db828a8 onReceive com.google.android.gms.gcm.ACTION_CHECK_QUEUE in 2ms
06-23 01:38:08.608 16900 16900 D pr      : onReceive
06-23 01:38:08.608 16900 16900 D pr      : UpdateViews
06-23 01:38:08.611  1260  8399 I chatty  : uid=1000(system) Binder:1260_1B expire 22 lines
06-23 01:38:08.611 16900 16900 I ActivityThread: tm.app.worldClock.WorldClockWidget2x1@5b2b58d onReceive tm.app.worldClock.WorldClockWidget2x1.UPDATE in 3ms
06-23 01:38:08.615 16900 16900 D pr      : onReceive
06-23 01:38:08.615 16900 16900 D pr      : UpdateViews
06-23 01:38:08.616 16900 16900 W pr      : Widgets list is empty
06-23 01:38:08.616 16900 16900 I ActivityThread: tm.app.worldClock.WorldClockWidget@8767342 onReceive tm.app.worldClock.WorldClockWidget.UPDATE in 1ms
06-23 01:38:08.618  2598 18465 I AsyncOpDispatcher: 35-GetDeviceDataUploadOptInStatusOperation
06-23 01:38:08.619 16900 16900 D pr      : onReceive
06-23 01:38:08.619 16900 16900 D pr      : UpdateViews
06-23 01:38:08.628  7044  7044 D TakenTimeDayMediaList: isDateChanged() - there is no camera media to check local time changed.
06-23 01:38:08.628  7044  7044 I LoadedApk: com.oneplus.gallery2.media.TakenTimeDayMediaList$1@ae8a68f onReceive android.intent.action.TIME_TICK in 0ms
06-23 01:38:08.629  7044  7044 I LoadedApk: com.oneplus.gallery2.GridViewFragment$20@1034502 onReceive android.intent.action.TIME_TICK in 0ms
06-23 01:38:08.631  7044  7044 I LoadedApk: com.oneplus.gallery2.GridViewFragment$20@613d4b3 onReceive android.intent.action.TIME_TICK in 0ms
06-23 01:38:08.632 16900 16900 W pr      : Widgets list is empty
06-23 01:38:08.632 16900 16900 I ActivityThread: tm.app.worldClock.WorldClockWidget1x1@8995f53 onReceive tm.app.worldClock.WorldClockWidget1x1.UPDATE in 13ms
06-23 01:38:08.639 20380 20380 I LoadedApk: bdm@3a04e3f onReceive android.intent.action.TIME_TICK in 1ms
06-23 01:38:08.642 16900 16900 D pr      : onReceive
06-23 01:38:08.642 16900 16900 D pr      : UpdateViews
06-23 01:38:08.643 20380 20380 I LoadedApk: android.widget.TextClock$1@6d2b30c onReceive android.intent.action.TIME_TICK in 0ms
06-23 01:38:08.647  1260  7332 I chatty  : uid=1000(system) Binder:1260_1A expire 8 lines
06-23 01:38:08.648 16900 16900 W pr      : Widgets list is empty
06-23 01:38:08.648 16900 16900 I ActivityThread: tm.app.worldClock.WorldClockWidget1x1@18b1090 onReceive tm.app.worldClock.WorldClockWidget1x1.UPDATE in 6ms
06-23 01:38:08.648 16900 16900 D pr      : onReceive
06-23 01:38:08.657 16900 16900 D pr      : UpdateViews
06-23 01:38:08.659  1260  6802 I chatty  : uid=1000(system) Binder:1260_19 expire 4 lines
06-23 01:38:08.660 16900 16900 I LoadedApk: tm.app.worldClock.WorldClockWidget2x1@432bbf3 onReceive android.intent.action.TIME_TICK in 11ms
06-23 01:38:08.660 16900 16900 D pr      : onReceive
06-23 01:38:08.660 16900 16900 D pr      : UpdateViews
06-23 01:38:08.662 16900 16900 I ActivityThread: tm.app.worldClock.WorldClockWidget2x1@6a21d89 onReceive tm.app.worldClock.WorldClockWidget2x1.UPDATE in 2ms
06-23 01:38:08.663 16900 16900 D pr      : onReceive
06-23 01:38:08.668  1260  6802 I chatty  : uid=1000(system) Binder:1260_19 expire 63 lines
06-23 01:38:08.680  3040 18466 I EventLogChimeraService: Opted in for usage reporting
06-23 01:38:08.680  3040 18466 I EventLogChimeraService: Aggregate from 1529730488373 (log), 1529730488373 (data)
06-23 01:38:08.681 16900 16900 D pr      : UpdateViews
06-23 01:38:08.682 16900 16900 W pr      : Widgets list is empty
06-23 01:38:08.683 16900 16900 I LoadedApk: tm.app.worldClock.WorldClockWidget@9b8b504 onReceive android.intent.action.TIME_TICK in 20ms
06-23 01:38:08.683 16900 16900 D pr      : onReceive
06-23 01:38:08.683 16900 16900 D pr      : UpdateViews
06-23 01:38:08.685 16900 16900 W pr      : Widgets list is empty
06-23 01:38:08.685 16900 16900 I ActivityThread: tm.app.worldClock.WorldClockWidget@8fc818e onReceive tm.app.worldClock.WorldClockWidget.UPDATE in 2ms
06-23 01:38:08.685 16900 16900 D pr      : onReceive
06-23 01:38:08.684   541   541 W memtrack@1.0-se: type=1400 audit(0.0:56935): avc: denied { read } for name="mem" dev="debugfs" ino=32216 scontext=u:r:hal_memtrack_default:s0 tcontext=u:object_r:qti_debugfs:s0 tclass=file permissive=0
06-23 01:38:08.684   541   541 W memtrack@1.0-se: type=1400 audit(0.0:56936): avc: denied { read } for name="mem" dev="debugfs" ino=32216 scontext=u:r:hal_memtrack_default:s0 tcontext=u:object_r:qti_debugfs:s0 tclass=file permissive=0
06-23 01:38:08.701 16900 16900 D pr      : UpdateViews
06-23 01:38:08.708 16900 16900 W pr      : Widgets list is empty
06-23 01:38:08.708 16900 16900 I LoadedApk: tm.app.worldClock.WorldClockWidget1x1@38e1d70 onReceive android.intent.action.TIME_TICK in 23ms
06-23 01:38:08.708 16900 16900 D pr      : onReceive
06-23 01:38:08.708 16900 16900 D pr      : UpdateViews
06-23 01:38:08.714  2842  3356 D OPReportService: addMonitorFolder onEvent path=event_log@2018-06-23-01_38_08_711.txt, event:128
06-23 01:38:08.716 26969 26994 I oemlogkit: oemlogkit: notify has been triggerd! 
06-23 01:38:08.716 26969 26994 E oemlogkit: oemlogkit: filepath is /data/system/dropbox, filename is event_log@2018-06-23-01_38_08_711.txt 
06-23 01:38:08.717 26969 26994 E oemlogkit: oemlogkit: movefile: /data/oem_log/OPBR_7--2018-06-22-17-31-33_current/dropbox/
06-23 01:38:08.717 26969 26994 E oemlogkit: oemlogkit: copy_file /data/system/dropbox/event_log@2018-06-23-01_38_08_711.txt '/data/oem_log/OPBR_7--2018-06-22-17-31-33_current/dropbox/event_log@2018-06-23-01_38_08_711.txt'
06-23 01:38:08.717 16900 16900 W pr      : Widgets list is empty
06-23 01:38:08.717 16900 16900 I ActivityThread: tm.app.worldClock.WorldClockWidget1x1@4d09daf onReceive tm.app.worldClock.WorldClockWidget1x1.UPDATE in 9ms
06-23 01:38:08.717 26969 26994 E oemlogkit: oemlogkit: copy_file '/data/oem_log/OPBR_7--2018-06-22-17-31-33_current/dropbox/event_log@2018-06-23-01_38_08_711.txt'
06-23 01:38:08.719 16900 16900 D pr      : onReceive
06-23 01:38:08.719 16900 16900 D pr      : UpdateViews
06-23 01:38:08.721 16900 16900 W pr      : Widgets list is empty
06-23 01:38:08.721 16900 16900 I ActivityThread: tm.app.worldClock.WorldClockWidget@138a5bc onReceive tm.app.worldClock.WorldClockWidget.UPDATE in 2ms
06-23 01:38:08.723 16900 16900 D pr      : onReceive
06-23 01:38:08.723 16900 16900 D pr      : UpdateViews
06-23 01:38:08.725 16900 16900 I ActivityThread: tm.app.worldClock.WorldClockWidget2x1@3060945 onReceive tm.app.worldClock.WorldClockWidget2x1.UPDATE in 2ms
06-23 01:38:08.727 16900 16900 D pr      : onReceive
06-23 01:38:08.727 16900 16900 D pr      : UpdateViews
06-23 01:38:08.728 16900 16900 W pr      : Widgets list is empty
06-23 01:38:08.729 16900 16900 I ActivityThread: tm.app.worldClock.WorldClockWidget@c3289a onReceive tm.app.worldClock.WorldClockWidget.UPDATE in 1ms
06-23 01:38:08.731 16900 16900 D pr      : onReceive
06-23 01:38:08.731 16900 16900 D pr      : UpdateViews
06-23 01:38:08.737 16900 16900 W pr      : Widgets list is empty
06-23 01:38:08.737 16900 16900 I ActivityThread: tm.app.worldClock.WorldClockWidget1x1@a9365cb onReceive tm.app.worldClock.WorldClockWidget1x1.UPDATE in 5ms
06-23 01:38:08.739 16900 16900 D pr      : onReceive
06-23 01:38:08.739 16900 16900 D pr      : UpdateViews
06-23 01:38:08.741 16900 16900 I ActivityThread: tm.app.worldClock.WorldClockWidget2x1@fc861a8 onReceive tm.app.worldClock.WorldClockWidget2x1.UPDATE in 2ms
06-23 01:38:08.744 16900 16900 D pr      : onReceive
06-23 01:38:08.744 16900 16900 D pr      : UpdateViews
06-23 01:38:08.748 26969 26994 I oemlogkit: oemlogkit: notify has been triggerd! 
06-23 01:38:08.749 26969 26994 E oemlogkit: oemlogkit: filepath is /data/system/dropbox, filename is event_data@2018-06-23-01_38_08_748.txt 
06-23 01:38:08.749 26969 26994 E oemlogkit: oemlogkit: movefile: /data/oem_log/OPBR_7--2018-06-22-17-31-33_current/dropbox/
06-23 01:38:08.749 26969 26994 E oemlogkit: oemlogkit: copy_file /data/system/dropbox/event_data@2018-06-23-01_38_08_748.txt '/data/oem_log/OPBR_7--2018-06-22-17-31-33_current/dropbox/event_data@2018-06-23-01_38_08_748.txt'
06-23 01:38:08.749 26969 26994 E oemlogkit: oemlogkit: copy_file '/data/oem_log/OPBR_7--2018-06-22-17-31-33_current/dropbox/event_data@2018-06-23-01_38_08_748.txt'
06-23 01:38:08.749  2842  3356 D OPReportService: addMonitorFolder onEvent path=event_data@2018-06-23-01_38_08_748.txt, event:128
06-23 01:38:08.749 16900 16900 W pr      : Widgets list is empty
06-23 01:38:08.749 16900 16900 I ActivityThread: tm.app.worldClock.WorldClockWidget1x1@602f4c1 onReceive tm.app.worldClock.WorldClockWidget1x1.UPDATE in 5ms
06-23 01:38:08.753 16900 16900 D pr      : onReceive
06-23 01:38:08.753 16900 16900 D pr      : UpdateViews
06-23 01:38:08.755 16900 16900 W pr      : Widgets list is empty
06-23 01:38:08.755 16900 16900 I ActivityThread: tm.app.worldClock.WorldClockWidget@41b3466 onReceive tm.app.worldClock.WorldClockWidget.UPDATE in 2ms
06-23 01:38:08.757 16900 16900 D pr      : onReceive
06-23 01:38:08.757 16900 16900 D pr      : UpdateViews
06-23 01:38:08.760 16900 16900 I ActivityThread: tm.app.worldClock.WorldClockWidget2x1@67093a7 onReceive tm.app.worldClock.WorldClockWidget2x1.UPDATE in 3ms
06-23 01:38:08.763 16900 16900 D pr      : onReceive
06-23 01:38:08.763 16900 16900 D pr      : UpdateViews
06-23 01:38:08.767 16900 16900 W pr      : Widgets list is empty
06-23 01:38:08.767 16900 16900 I ActivityThread: tm.app.worldClock.WorldClockWidget1x1@515f054 onReceive tm.app.worldClock.WorldClockWidget1x1.UPDATE in 5ms
06-23 01:38:08.770 16900 16900 D pr      : onReceive
06-23 01:38:08.770 16900 16900 D pr      : UpdateViews
06-23 01:38:08.773 16900 16900 W pr      : Widgets list is empty
06-23 01:38:08.773 16900 16900 I ActivityThread: tm.app.worldClock.WorldClockWidget@e891bfd onReceive tm.app.worldClock.WorldClockWidget.UPDATE in 3ms
06-23 01:38:08.775 16900 16900 D pr      : onReceive
06-23 01:38:08.775 16900 16900 D pr      : UpdateViews
06-23 01:38:08.778 16900 16900 I ActivityThread: tm.app.worldClock.WorldClockWidget2x1@99630f2 onReceive tm.app.worldClock.WorldClockWidget2x1.UPDATE in 3ms
06-23 01:38:08.781 16900 16900 D pr      : onReceive
06-23 01:38:08.781 16900 16900 D pr      : UpdateViews
06-23 01:38:08.790 16900 16900 W pr      : Widgets list is empty
06-23 01:38:08.790 16900 16900 I ActivityThread: tm.app.worldClock.WorldClockWidget1x1@508c343 onReceive tm.app.worldClock.WorldClockWidget1x1.UPDATE in 10ms
06-23 01:38:08.792 16900 16900 D pr      : onReceive
06-23 01:38:08.792 16900 16900 D pr      : UpdateViews
06-23 01:38:08.793 16900 16900 W pr      : Widgets list is empty
06-23 01:38:08.793 16900 16900 I ActivityThread: tm.app.worldClock.WorldClockWidget@90bbdc0 onReceive tm.app.worldClock.WorldClockWidget.UPDATE in 1ms
06-23 01:38:08.795 16900 16900 D pr      : onReceive
06-23 01:38:08.795 16900 16900 D pr      : UpdateViews
06-23 01:38:08.798 16900 16900 I ActivityThread: tm.app.worldClock.WorldClockWidget2x1@507af9 onReceive tm.app.worldClock.WorldClockWidget2x1.UPDATE in 3ms
06-23 01:38:08.800 16900 16900 D pr      : onReceive
06-23 01:38:08.800 16900 16900 D pr      : UpdateViews
06-23 01:38:08.801 16900 16900 W pr      : Widgets list is empty
06-23 01:38:08.801 16900 16900 I ActivityThread: tm.app.worldClock.WorldClockWidget@d526a3e onReceive tm.app.worldClock.WorldClockWidget.UPDATE in 1ms
06-23 01:38:08.803 16900 16900 D pr      : onReceive
06-23 01:38:08.803 16900 16900 D pr      : UpdateViews
06-23 01:38:08.809 16900 16900 W pr      : Widgets list is empty
06-23 01:38:08.809 16900 16900 I ActivityThread: tm.app.worldClock.WorldClockWidget1x1@26a509f onReceive tm.app.worldClock.WorldClockWidget1x1.UPDATE in 6ms
06-23 01:38:08.811  1260  6802 D PowerManagerService: acquireWL: l=178984612, f=0x1, t="*net_scheduler*", ws=WorkSource{10145 com.google.android.apps.plus}, uid=10010, pid=2598
06-23 01:38:08.811 16900 16900 D pr      : onReceive
06-23 01:38:08.811 16900 16900 D pr      : UpdateViews
06-23 01:38:08.813  1260  7332 I AppWidgetServiceImpl: updateAppWidgetIds() 0
06-23 01:38:08.813 16900 16900 I ActivityThread: tm.app.worldClock.WorldClockWidget2x1@5cef5ec onReceive tm.app.worldClock.WorldClockWidget2x1.UPDATE in 2ms
06-23 01:38:08.816 16900 16900 D pr      : onReceive
06-23 01:38:08.816 16900 16900 D pr      : UpdateViews
06-23 01:38:08.818 16900 16900 W pr      : Widgets list is empty
06-23 01:38:08.818 16900 16900 I ActivityThread: tm.app.worldClock.WorldClockWidget@894cdb5 onReceive tm.app.worldClock.WorldClockWidget.UPDATE in 2ms
06-23 01:38:08.830  1260  6802 I ActivityManager: Start proc 18468:com.google.android.apps.plus/u0a145 for service com.google.android.apps.plus/com.firebase.jobdispatcher.GooglePlayReceiver
06-23 01:38:08.832 16900 16900 D pr      : onReceive
06-23 01:38:08.832 16900 16900 D pr      : UpdateViews
06-23 01:38:08.833  1260  6802 D PowerManagerService: releaseWL: l=99346954 [*net_scheduler*], f=0x1
06-23 01:38:08.837 16900 16900 W pr      : Widgets list is empty
06-23 01:38:08.837 16900 16900 I ActivityThread: tm.app.worldClock.WorldClockWidget1x1@d06ec4a onReceive tm.app.worldClock.WorldClockWidget1x1.UPDATE in 5ms
06-23 01:38:08.839 16900 16900 D pr      : onReceive
06-23 01:38:08.839 16900 16900 D pr      : UpdateViews
06-23 01:38:08.843  1260  6802 I AppWidgetServiceImpl: updateAppWidgetIds() 0
06-23 01:38:08.843 16900 16900 I ActivityThread: tm.app.worldClock.WorldClockWidget2x1@32d57bb onReceive tm.app.worldClock.WorldClockWidget2x1.UPDATE in 4ms
06-23 01:38:08.846 16900 16900 D pr      : onReceive
06-23 01:38:08.846 16900 16900 D pr      : UpdateViews
06-23 01:38:08.854  1260  7332 I AppWidgetServiceImpl: updateAppWidgetIds() 0
06-23 01:38:08.855 16900 16900 I ActivityThread: tm.app.worldClock.WorldClockWidget2x1@ab84d8 onReceive tm.app.worldClock.WorldClockWidget2x1.UPDATE in 9ms
06-23 01:38:08.858 16900 16900 D pr      : onReceive
06-23 01:38:08.858 16900 16900 D pr      : UpdateViews
06-23 01:38:08.867 16900 16900 W pr      : Widgets list is empty
06-23 01:38:08.867 16900 16900 I ActivityThread: tm.app.worldClock.WorldClockWidget1x1@2919031 onReceive tm.app.worldClock.WorldClockWidget1x1.UPDATE in 10ms
06-23 01:38:08.869 16900 16900 D pr      : onReceive
06-23 01:38:08.869 16900 16900 D pr      : UpdateViews
06-23 01:38:08.870 16900 16900 W pr      : Widgets list is empty
06-23 01:38:08.870 16900 16900 I ActivityThread: tm.app.worldClock.WorldClockWidget@8cf8316 onReceive tm.app.worldClock.WorldClockWidget.UPDATE in 1ms
06-23 01:38:08.872 16900 16900 D pr      : onReceive
06-23 01:38:08.872 16900 16900 D pr      : UpdateViews
06-23 01:38:08.873 16900 16900 W pr      : Widgets list is empty
06-23 01:38:08.874 16900 16900 I ActivityThread: tm.app.worldClock.WorldClockWidget@34fb497 onReceive tm.app.worldClock.WorldClockWidget.UPDATE in 1ms
06-23 01:38:08.876 16900 16900 D pr      : onReceive
06-23 01:38:08.876 16900 16900 D pr      : UpdateViews
06-23 01:38:08.880 16900 16900 W pr      : Widgets list is empty
06-23 01:38:08.881 16900 16900 I ActivityThread: tm.app.worldClock.WorldClockWidget1x1@5c01684 onReceive tm.app.worldClock.WorldClockWidget1x1.UPDATE in 4ms
06-23 01:38:08.883 16900 16900 D pr      : onReceive
06-23 01:38:08.883 16900 16900 D pr      : UpdateViews
06-23 01:38:08.885  1260  6802 I AppWidgetServiceImpl: updateAppWidgetIds() 0
06-23 01:38:08.886 16900 16900 I ActivityThread: tm.app.worldClock.WorldClockWidget2x1@7bdfe6d onReceive tm.app.worldClock.WorldClockWidget2x1.UPDATE in 3ms
06-23 01:38:08.890  1260  6802 V ActivityManager: Broadcast: Intent { act=android.appwidget.action.APPWIDGET_UPDATE flg=0x10 } ordered=false userid=0 from pid=17388 uid=10097
06-23 01:38:08.892 17388 17388 I ActivityThread: com.droid27.transparentclockweather.receivers.TimeAlarmReceiver@7010bcf onReceive com.droid27.tcw.ACTION_TIME_TICK in 3ms
06-23 01:38:08.893  1260  1260 D PowerManagerService: releaseWL: l=211470231 [*alarm*], f=0x40000001
06-23 01:38:08.902  3040  3040 I ActivityThread: com.google.android.gms.stats.service.DropBoxEntryAddedReceiver@b6f7b3 onReceive android.intent.action.DROPBOX_ENTRY_ADDED in 4ms
06-23 01:38:08.918  2598  2598 I ActivityThread: com.google.android.gms.chimera.GmsIntentOperationService$PersistentTrustedReceiver@1088581 onReceive android.intent.action.DROPBOX_ENTRY_ADDED in 13ms
06-23 01:38:08.925  3040  3040 I ActivityThread: com.google.android.gms.stats.service.DropBoxEntryAddedReceiver@2f6be88 onReceive android.intent.action.DROPBOX_ENTRY_ADDED in 5ms
06-23 01:38:08.930  2598  2598 I ActivityThread: com.google.android.gms.chimera.GmsIntentOperationService$PersistentTrustedReceiver@c145626 onReceive android.intent.action.DROPBOX_ENTRY_ADDED in 3ms
06-23 01:38:08.942  3590  6224 E ContentProviderNative: onTransact error from {P:18468;U:10145}
06-23 01:38:08.942  3590  6224 E DatabaseUtils: Writing exception to parcel
06-23 01:38:08.942  3590  6224 E DatabaseUtils: java.lang.SecurityException: Permission Denial: reading com.android.providers.media.MediaProvider uri content://media/external/fs_id from pid=18468, uid=10145 requires android.permission.READ_EXTERNAL_STORAGE, or grantUriPermission()
06-23 01:38:08.942  3590  6224 E DatabaseUtils: 	at android.content.ContentProvider.enforceReadPermissionInner(ContentProvider.java:701)
06-23 01:38:08.942  3590  6224 E DatabaseUtils: 	at android.content.ContentProvider$Transport.enforceReadPermission(ContentProvider.java:562)
06-23 01:38:08.942  3590  6224 E DatabaseUtils: 	at android.content.ContentProvider$Transport.query(ContentProvider.java:221)
06-23 01:38:08.942  3590  6224 E DatabaseUtils: 	at android.content.ContentProviderNative.onTransact(ContentProviderNative.java:112)
06-23 01:38:08.942  3590  6224 E DatabaseUtils: 	at android.os.Binder.execTransact(Binder.java:692)
06-23 01:38:08.949  1260  2255 I AppWidgetServiceImpl: updateAppWidgetIds() 0
06-23 01:38:08.950 17388 17388 I ActivityThread: com.droid27.transparentclockweather.Widget_2x1@e25495c onReceive android.appwidget.action.APPWIDGET_UPDATE in 15ms
06-23 01:38:08.954  1260  2255 I chatty  : uid=1000(system) Binder:1260_7 expire 27 lines
06-23 01:38:08.955 17388 17388 I ActivityThread: com.droid27.transparentclockweather.Widget_4x1@b627465 onReceive android.appwidget.action.APPWIDGET_UPDATE in 0ms
06-23 01:38:08.958 17388 17388 I ActivityThread: com.droid27.transparentclockweather.Weather_4x1_1@380853a onReceive android.appwidget.action.APPWIDGET_UPDATE in 0ms
06-23 01:38:08.961 17388 17388 I ActivityThread: com.droid27.transparentclockweather.Weather_4x1_2@b2c95eb onReceive android.appwidget.action.APPWIDGET_UPDATE in 0ms
06-23 01:38:08.963 17388 17388 I ActivityThread: com.droid27.transparentclockweather.Widget_4x2@66b9f48 onReceive android.appwidget.action.APPWIDGET_UPDATE in 0ms
06-23 01:38:08.966 17388 17388 I ActivityThread: com.droid27.transparentclockweather.Widget_4x2_b@af1e1 onReceive android.appwidget.action.APPWIDGET_UPDATE in 0ms
06-23 01:38:08.970 17388 17388 I ActivityThread: com.droid27.transparentclockweather.Widget_4x3_c@f61bb06 onReceive android.appwidget.action.APPWIDGET_UPDATE in 0ms
06-23 01:38:08.973 18468 18468 I Instrumentation: com.google.android.apps.plus.Gplus_Application@1bef381 onCreate begin
06-23 01:38:08.973 17388 17388 I ActivityThread: com.droid27.transparentclockweather.Widget_4x3_d@3ca5c7 onReceive android.appwidget.action.APPWIDGET_UPDATE in 0ms
06-23 01:38:08.976 17388 17388 I ActivityThread: com.droid27.transparentclockweather.Widget_4x2_c@33f67f4 onReceive android.appwidget.action.APPWIDGET_UPDATE in 1ms
06-23 01:38:08.979 17388 17388 I ActivityThread: com.droid27.transparentclockweather.Widget_4x2_d@e63cb1d onReceive android.appwidget.action.APPWIDGET_UPDATE in 0ms
06-23 01:38:08.982 17388 17388 I ActivityThread: com.droid27.transparentclockweather.Widget_5x2@dce8192 onReceive android.appwidget.action.APPWIDGET_UPDATE in 1ms
06-23 01:38:09.008 18468 18468 E zygote64: The String#value field is not present on Android versions >= 6.0
06-23 01:38:09.025  1260  6802 D PowerManagerService: acquireWL: l=236957898, f=0x1, t="Application creation -> Application.onCreate -> Startup Listeners -> AfterPackageReplaced -> StartupAfterPackageReplaced", ws=null, uid=10145, pid=18468
06-23 01:38:09.032  1260  6802 D PowerManagerService: releaseWL: l=236957898 [Application creation -> Application.onCreate -> Startup Listeners -> AfterPackageReplaced -> StartupAfterPackageReplaced], f=0x1
06-23 01:38:09.061 18468 18468 I Instrumentation: com.google.android.apps.plus.Gplus_Application@1bef381 onCreate in 89ms
06-23 01:38:09.103  1260  6802 D PowerManagerService: acquireWL: l=244682530, f=0x1, t="SyncFirebaseRootTrace -> SyncFirebaseJob", ws=null, uid=10145, pid=18468
06-23 01:38:09.111 17388 17396 I zygote64: Do partial code cache collection, code=18KB, data=18KB
06-23 01:38:09.112 17388 17396 I zygote64: After code cache collection, code=16KB, data=17KB
06-23 01:38:09.112 17388 17396 I zygote64: Increasing code cache capacity to 128KB
06-23 01:38:09.113 17388 17396 I zygote64: Compiler allocated 13MB to compile void com.droid27.transparentclockweather.u.a(android.content.Context, android.appwidget.AppWidgetManager, int, int, java.lang.String)
06-23 01:38:09.117  1260  2255 D PowerManagerService: acquireWL: l=227966387, f=0x1, t="SyncFirebaseRootTrace -> SyncFirebaseJob", ws=null, uid=10145, pid=18468
06-23 01:38:09.130  1260  2255 D PowerManagerService: releaseWL: l=227966387 [SyncFirebaseRootTrace -> SyncFirebaseJob], f=0x1
06-23 01:38:09.136  1260  2255 D PowerManagerService: releaseWL: l=178984612 [*net_scheduler*], f=0x1
06-23 01:38:09.137  1260  2255 D PowerManagerService: acquireWL: l=99346954, f=0x1, t="*net_scheduler*", ws=WorkSource{10010 com.google.android.gms}, uid=10010, pid=2598
06-23 01:38:09.149  1260  2255 V ActivityManager: Broadcast: Intent { act=com.google.android.gms.gcm.ACTION_SCHEDULE flg=0x10 pkg=com.google.android.gms (has extras) } ordered=false userid=0 from pid=18468 uid=10145
06-23 01:38:09.150  1260  2255 D PowerManagerService: releaseWL: l=99346954 [*net_scheduler*], f=0x1
06-23 01:38:09.152  2598  2598 I ActivityThread: com.google.android.gms.gcm.nts.SchedulerReceiver@136f8bd onReceive com.google.android.gms.gcm.ACTION_SCHEDULE in 1ms
06-23 01:38:09.152  1260  2255 D PowerManagerService: releaseWL: l=244682530 [SyncFirebaseRootTrace -> SyncFirebaseJob], f=0x1
06-23 01:38:11.590  8503 13756 I chatty  : uid=10094(com.amazon.kindle) BatchTransmitte expire 19 lines
06-23 01:38:11.596  1260  2255 D PowerManagerService: releaseWL: l=209204914 [HTTPMetricsTransportWakeLock], f=0x1
06-23 01:38:11.607  1260  2255 D PowerManagerService: acquireWL: l=259609321, f=0x1, t="HTTPMetricsTransportWakeLock", ws=null, uid=10094, pid=8503
06-23 01:38:13.723  1260  6802 D BatteryService: Processing new values: chargerAcOnline=false, chargerUsbOnline=true, chargerWirelessOnline=false, maxChargingCurrent500000, maxChargingVoltage5000000, batteryStatus=2, batteryHealth=2, batteryPresent=true, batteryLevel=50, batteryTechnology=Li-ion, batteryVoltage=3914, batteryChargeCounter=1513081, batteryFullCharge=3027000, batteryTemperature=308, mBatteryLevelCritical=false, mPlugType=2
06-23 01:38:13.724  1260  6802 D BatteryService: Processing new values: chargerAcOnline=false, chargerUsbOnline=true, chargerWirelessOnline=false, maxChargingCurrent500000, maxChargingVoltage5000000, batteryStatus=2, batteryHealth=2, batteryPresent=true, batteryLevel=50, batteryTechnology=Li-ion, batteryVoltage=3914, batteryChargeCounter=1513081, batteryFullCharge=3027000, batteryTemperature=308, mBatteryLevelCritical=false, mPlugType=2
06-23 01:38:13.724  1260  6802 D BatteryService: Sending ACTION_BATTERY_CHANGED.  level:50, scale:100, status:2, health:2, present:true, voltage: 3914, temperature: 308, technology: Li-ion, AC powered:false, USB powered:true, Wireless powered:false, icon:17303316, invalid charger:0, maxChargingCurrent:500000, maxChargingVoltage:5000000, chargeCounter:1513081, fastChargeStatus:false
06-23 01:38:13.724  1260  1260 V ActivityManager: Broadcast sticky: Intent { act=android.intent.action.BATTERY_CHANGED flg=0x60000010 (has extras) } ordered=false userid=-1 from pid=1260 uid=1000
06-23 01:38:13.726  1260  1260 I DeviceIdleController: updateChargingLocked: charging=true
06-23 01:38:13.726  1260  1260 I DeviceIdleController: becomeActiveLocked, reason = charging
06-23 01:38:13.730  1260  1419 I chatty  : uid=1000(system) PowerManagerSer expire 21 lines
06-23 01:38:13.731  2337  2337 I LoadedApk: com.qualcomm.ims.vt.LowBatteryHandler$1@fc861a8 onReceive android.intent.action.BATTERY_CHANGED in 1ms
06-23 01:38:13.732  3040  3040 I LoadedApk: aomz@4169ded onReceive android.intent.action.BATTERY_CHANGED in 0ms
06-23 01:38:13.732  1983  1983 I chatty  : uid=10028(com.android.systemui) expire 13 lines
06-23 01:38:13.733  5951  5951 I LoadedApk: amlg@95dd4ae onReceive android.intent.action.BATTERY_CHANGED in 1ms
06-23 01:38:13.735 17552 17552 I LoadedApk: dbxyzptlk.db10020200.dt.c@f152fd3 onReceive android.intent.action.BATTERY_CHANGED in 0ms
06-23 01:38:13.735  3211  3211 I LoadedApk: com.oneplus.opbackup.download.processor.c$a@91b9c05 onReceive android.intent.action.BATTERY_CHANGED in 0ms
06-23 01:38:13.735 17552 17552 I LoadedApk: dbxyzptlk.db10020200.dt.c@2d48941 onReceive android.intent.action.BATTERY_CHANGED in 0ms
06-23 01:38:13.735  8576  8576 I LoadedApk: X.2HM@4ffd679 onReceive android.intent.action.BATTERY_CHANGED in 1ms
06-23 01:38:13.736 17069 17069 I LoadedApk: X.1cI@b9c8a7f onReceive android.intent.action.BATTERY_CHANGED in 0ms
06-23 01:38:13.736 15299 15299 I LoadedApk: com.whatsapp.an@8efef5e onReceive android.intent.action.BATTERY_CHANGED in 0ms
06-23 01:38:13.879 18468 18482 I zygote64: Waiting for a blocking GC ProfileSaver
06-23 01:38:13.894 18468 18482 I zygote64: WaitForGcToComplete blocked for 15.550ms for cause ProfileSaver
