06-23 01:18:56.884  6661  6661 D APP_LAUNCH_START: 35735229 (1) doProcessInputEvents ACTION_DOWN [482,1312]
06-23 01:18:57.029  6661  6661 D APP_LAUNCH: 35735374 (1) doProcessInputEvents ACTION_UP [482,1312]
06-23 01:18:58.533  6661  6661 D APP_LAUNCH_START: 35736879 (1) doProcessInputEvents ACTION_DOWN [458,1232]
06-23 01:18:58.635  6661  6661 D APP_LAUNCH: 35736980 (1) doProcessInputEvents ACTION_UP [415,1071]
06-23 01:18:58.773  6661  6661 D APP_LAUNCH_START: 35737118 (1) doProcessInputEvents ACTION_DOWN [423,1070]
06-23 01:18:58.893  6661  6661 D APP_LAUNCH: 35737239 (1) doProcessInputEvents ACTION_UP [423,1070]
06-23 01:18:59.182  6661  6661 D APP_LAUNCH_START: 35737528 (5) doProcessInputEvents ACTION_DOWN [380,1173]
06-23 01:18:59.280  6661  6661 D APP_LAUNCH: 35737625 (1) doProcessInputEvents ACTION_UP [300,964]
06-23 01:18:59.445  6661  6661 D APP_LAUNCH_START: 35737790 (1) doProcessInputEvents ACTION_DOWN [368,1018]
06-23 01:18:59.574  6661  6661 D APP_LAUNCH: 35737919 (1) doProcessInputEvents ACTION_UP [368,1018]
06-23 01:19:00.000  1260  1730 I chatty  : uid=1000(system) AlarmManager expire 15 lines
06-23 01:19:00.065  1260  2999 I chatty  : uid=1000(system) Binder:1260_12 expire 9 lines
06-23 01:19:00.080  1260  3021 I chatty  : uid=1000(system) Binder:1260_14 expire 10 lines
06-23 01:19:00.141  1260  1260 I chatty  : uid=1000 system_server expire 10 lines
06-23 01:19:00.174  6661  6661 D APP_LAUNCH_START: 35738520 (1) doProcessInputEvents ACTION_DOWN [352,1100]
06-23 01:19:00.240  6661  6661 D APP_LAUNCH: 35738586 (1) doProcessInputEvents ACTION_UP [307,992]
06-23 01:19:06.054  6661  6661 D APP_LAUNCH_START: 35744399 (7) doProcessInputEvents ACTION_DOWN [312,995]
06-23 01:19:06.163  6661  6661 D APP_LAUNCH: 35744509 (1) doProcessInputEvents ACTION_UP [173,817]
06-23 01:19:07.193  6661  6661 D APP_LAUNCH_START: 35745539 (1) doProcessInputEvents ACTION_DOWN [253,889]
06-23 01:19:07.252  6661  6661 D APP_LAUNCH: 35745598 (1) doProcessInputEvents ACTION_UP [219,845]
06-23 01:19:08.134  6661  6661 D APP_LAUNCH_START: 35746480 (2) doProcessInputEvents ACTION_DOWN [270,930]
06-23 01:19:08.208  6661  6661 D APP_LAUNCH: 35746553 (0) doProcessInputEvents ACTION_UP [228,862]
06-23 01:19:10.012  6661  6661 D APP_LAUNCH_START: 35748357 (3) doProcessInputEvents ACTION_DOWN [385,1071]
06-23 01:19:10.015  1260  1730 I chatty  : uid=1000(system) AlarmManager expire 22 lines
06-23 01:19:10.101  6661  6661 D APP_LAUNCH: 35748446 (0) doProcessInputEvents ACTION_UP [340,920]
06-23 01:19:14.359  6661  6661 D APP_LAUNCH_START: 35752704 (2) doProcessInputEvents ACTION_DOWN [422,1141]
06-23 01:19:14.431  6661  6661 D APP_LAUNCH: 35752776 (1) doProcessInputEvents ACTION_UP [384,1011]
06-23 01:19:14.561  6661  6661 D APP_LAUNCH_START: 35752907 (2) doProcessInputEvents ACTION_DOWN [414,1020]
06-23 01:19:14.689  6661  6661 D APP_LAUNCH: 35753035 (2) doProcessInputEvents ACTION_UP [414,1020]
06-23 01:19:16.183  1260  1274 I chatty  : uid=1000(system) Binder:1260_2 expire 5 lines
06-23 01:19:16.766  6661  6661 D APP_LAUNCH_START: 35755112 (3) doProcessInputEvents ACTION_DOWN [356,1135]
06-23 01:19:16.863  6661  6661 D APP_LAUNCH: 35755209 (1) doProcessInputEvents ACTION_UP [360,1030]
06-23 01:19:17.495  1260  1758 I chatty  : uid=1000(system) ConnectivitySer expire 76 lines
06-23 01:19:17.495  1260  1753 I chatty  : uid=1000(system) WifiStateMachin expire 3 lines
06-23 01:19:17.850  6661  6661 D APP_LAUNCH_START: 35756196 (3) doProcessInputEvents ACTION_DOWN [302,1014]
06-23 01:19:17.948  6661  6661 D APP_LAUNCH: 35756294 (1) doProcessInputEvents ACTION_UP [245,898]
06-23 01:19:17.958  1260  1290 I chatty  : uid=1000(system) ActivityManager expire 19 lines
06-23 01:19:18.550  6661  6661 D APP_LAUNCH_START: 35756895 (1) doProcessInputEvents ACTION_DOWN [271,1056]
06-23 01:19:18.670  6661  6661 D APP_LAUNCH: 35757015 (1) doProcessInputEvents ACTION_UP [271,1056]
06-23 01:19:20.478  1260  2847 I chatty  : uid=1000(system) Binder:1260_A expire 3 lines
06-23 01:19:22.092  6661  6661 D APP_LAUNCH_START: 35760437 (3) doProcessInputEvents ACTION_DOWN [308,1047]
06-23 01:19:22.146  6661  6661 D APP_LAUNCH: 35760492 (1) doProcessInputEvents ACTION_UP [301,1032]
06-23 01:19:23.137  6661  6661 D APP_LAUNCH_START: 35761483 (3) doProcessInputEvents ACTION_DOWN [250,1047]
06-23 01:19:23.239  6661  6661 D APP_LAUNCH: 35761585 (4) doProcessInputEvents ACTION_UP [250,1047]
06-23 01:19:24.090  6661  6661 D APP_LAUNCH_START: 35762435 (1) doProcessInputEvents ACTION_DOWN [311,1155]
06-23 01:19:24.215  6661  6661 D APP_LAUNCH: 35762560 (0) doProcessInputEvents ACTION_UP [304,1078]
06-23 01:19:25.000  1260  1730 I chatty  : uid=1000(system) AlarmManager expire 21 lines
06-23 01:19:25.200  1260  1755 I chatty  : uid=1000(system) WifiScanningSer expire 1 line
06-23 01:19:25.312  6661  6661 D APP_LAUNCH_START: 35763657 (2) doProcessInputEvents ACTION_DOWN [313,1179]
06-23 01:19:25.401  6661  6661 D APP_LAUNCH: 35763747 (1) doProcessInputEvents ACTION_UP [285,1077]
06-23 01:19:27.831  6661  6661 D APP_LAUNCH_START: 35766177 (3) doProcessInputEvents ACTION_DOWN [311,1175]
06-23 01:19:27.945  6661  6661 D APP_LAUNCH: 35766291 (0) doProcessInputEvents ACTION_UP [245,963]
06-23 01:19:28.806  6661  6661 D APP_LAUNCH_START: 35767152 (3) doProcessInputEvents ACTION_DOWN [273,1073]
06-23 01:19:28.879  6661  6661 D APP_LAUNCH: 35767225 (2) doProcessInputEvents ACTION_UP [247,993]
06-23 01:19:29.480  6661  6661 D APP_LAUNCH_START: 35767826 (2) doProcessInputEvents ACTION_DOWN [370,1194]
06-23 01:19:29.571  6661  6661 D APP_LAUNCH: 35767917 (1) doProcessInputEvents ACTION_UP [330,1037]
06-23 01:19:29.719  6661  6661 D APP_LAUNCH_START: 35768065 (1) doProcessInputEvents ACTION_DOWN [338,1056]
06-23 01:19:29.899  6661  6661 D APP_LAUNCH: 35768245 (1) doProcessInputEvents ACTION_UP [338,1056]
06-23 01:19:30.151  6661  6661 D APP_LAUNCH_START: 35768497 (3) doProcessInputEvents ACTION_DOWN [86,875]
06-23 01:19:30.191  6661  6661 D APP_LAUNCH: 35768537 (1) doProcessInputEvents ACTION_UP [86,875]
06-23 01:19:30.512  6661  6661 D APP_LAUNCH_START: 35768858 (1) doProcessInputEvents ACTION_DOWN [334,1205]
06-23 01:19:30.596  6661  6661 D APP_LAUNCH: 35768942 (0) doProcessInputEvents ACTION_UP [304,1054]
06-23 01:19:30.727  6661  6661 D APP_LAUNCH_START: 35769073 (1) doProcessInputEvents ACTION_DOWN [340,1054]
06-23 01:19:30.840  6661  6661 D APP_LAUNCH: 35769185 (1) doProcessInputEvents ACTION_UP [340,1054]
06-23 01:19:31.463  6661  6661 D APP_LAUNCH_START: 35769809 (3) doProcessInputEvents ACTION_DOWN [301,1139]
06-23 01:19:31.555  6661  6661 D APP_LAUNCH: 35769901 (3) doProcessInputEvents ACTION_UP [286,1048]
06-23 01:19:31.604  1260  1290 I chatty  : uid=1000(system) ActivityManager expire 1 line
06-23 01:19:32.436  6661  6661 D APP_LAUNCH_START: 35770782 (3) doProcessInputEvents ACTION_DOWN [349,1172]
06-23 01:19:32.517  6661  6661 D APP_LAUNCH: 35770863 (0) doProcessInputEvents ACTION_UP [302,1030]
06-23 01:19:32.648  6661  6661 D APP_LAUNCH_START: 35770993 (1) doProcessInputEvents ACTION_DOWN [340,1098]
06-23 01:19:32.785  6661  6661 D APP_LAUNCH: 35771130 (0) doProcessInputEvents ACTION_UP [340,1098]
06-23 01:19:33.809  6661  6661 D APP_LAUNCH_START: 35772155 (6) doProcessInputEvents ACTION_DOWN [286,1115]
06-23 01:19:33.895  6661  6661 D APP_LAUNCH: 35772241 (1) doProcessInputEvents ACTION_UP [247,1005]
06-23 01:19:35.088  6661  6661 D APP_LAUNCH_START: 35773434 (1) doProcessInputEvents ACTION_DOWN [341,1139]
06-23 01:19:35.191  6661  6661 D APP_LAUNCH: 35773536 (0) doProcessInputEvents ACTION_UP [312,1017]
06-23 01:19:37.692  6661  6661 D APP_LAUNCH_START: 35776038 (2) doProcessInputEvents ACTION_DOWN [276,1063]
06-23 01:19:37.775  6661  6661 D APP_LAUNCH: 35776120 (1) doProcessInputEvents ACTION_UP [220,949]
06-23 01:19:39.085  1260  1741 I chatty  : uid=1000(system) InputReader expire 6 lines
06-23 01:19:39.201  1260  1260 I chatty  : uid=1000 system_server expire 9 lines
06-23 01:19:39.204  1260  1419 I chatty  : uid=1000(system) PowerManagerSer expire 2 lines
06-23 01:19:39.206  1260  1855 I chatty  : uid=1000(system) ColorBalanceThr expire 4 lines
06-23 01:19:39.272  1260  3021 I chatty  : uid=1000(system) Binder:1260_14 expire 2 lines
06-23 01:19:39.303  1260  1758 I chatty  : uid=1000(system) ConnectivitySer expire 2 lines
06-23 01:19:39.305  1260  1864 I chatty  : uid=1000(system) FingerPrintThre expire 7 lines
06-23 01:19:39.420  1260  3021 I chatty  : uid=1000(system) Binder:1260_14 expire 56 lines
06-23 01:19:39.481  1260  1419 I chatty  : uid=1000(system) PowerManagerSer expire 33 lines
06-23 01:19:39.481  1260  1895 I chatty  : uid=1000(system) PhotonicModulat expire 3 lines
06-23 01:19:39.494  1260  2847 I chatty  : uid=1000(system) Binder:1260_A expire 14 lines
06-23 01:19:39.494  1260  1260 I chatty  : uid=1000 system_server expire 33 lines
06-23 01:19:39.526  1260  1753 I chatty  : uid=1000(system) WifiStateMachin expire 2 lines
06-23 01:19:39.539  1260  1274 I chatty  : uid=1000(system) Binder:1260_2 expire 21 lines
06-23 01:19:39.564  1983  1983 D KeyguardViewMediator: setLockScreenShown begin, true, seq:35777910
06-23 01:19:39.566  1260  1417 I chatty  : uid=1000(system) android.display expire 1 line
06-23 01:19:39.568  1983  2105 D KeyguardViewMediator: setLockScreenShown true, seq:35777910
06-23 01:19:39.575  1260  1290 I chatty  : uid=1000(system) ActivityManager expire 2 lines
06-23 01:19:39.580  1260  1718 I chatty  : uid=1000(system) android.anim expire 11 lines
06-23 01:19:39.620  1260 12135 I chatty  : uid=1000(system) Binder:1260_1E expire 23 lines
06-23 01:19:39.631   995  1138 D QMI_FW  : chen-screen off: is_screen_off = 1 
06-23 01:19:39.642  1122  1186 D QMI_FW  : chen-screen off: is_screen_off = 1 
06-23 01:19:39.732  1983  1983 V KeyguardStatusView: refresh statusview showing:true
06-23 01:19:39.740  1983  1983 V KeyguardDisplayManager: show
06-23 01:19:39.746  1260  2999 I chatty  : uid=1000(system) Binder:1260_12 expire 11 lines
06-23 01:19:39.966  1260  2289 I chatty  : uid=1000(system) LocationThread expire 5 lines
06-23 01:19:39.968  1260  3188 I chatty  : uid=1000(system) IzatProvider expire 1 line
06-23 01:19:40.000  1260  1730 I chatty  : uid=1000(system) AlarmManager expire 6 lines
06-23 01:20:22.208  1260  1741 I chatty  : uid=1000(system) InputReader expire 6 lines
06-23 01:20:22.220  1260  1415 I chatty  : uid=1000(system) android.fg expire 2 lines
06-23 01:20:22.224  1260  1260 I chatty  : uid=1000 system_server expire 44 lines
06-23 01:20:22.225  1260  1855 I chatty  : uid=1000(system) ColorBalanceThr expire 8 lines
06-23 01:20:22.231  1260  1419 I chatty  : uid=1000(system) PowerManagerSer expire 60 lines
06-23 01:20:22.241  1260  2999 I chatty  : uid=1000(system) Binder:1260_12 expire 15 lines
06-23 01:20:22.252  1260  3021 I chatty  : uid=1000(system) Binder:1260_14 expire 10 lines
06-23 01:20:22.255  1260  1291 I chatty  : uid=1000(system) android.ui expire 6 lines
06-23 01:20:22.258  1260 12135 I chatty  : uid=1000(system) Binder:1260_1E expire 5 lines
06-23 01:20:22.267  1260  1417 I chatty  : uid=1000(system) android.display expire 3 lines
06-23 01:20:22.273  1260  1718 I chatty  : uid=1000(system) android.anim expire 10 lines
06-23 01:20:22.277  1260 10771 I chatty  : uid=1000(system) Binder:1260_1C expire 8 lines
06-23 01:20:22.284   995  1138 D QMI_FW  : chen-screen on: is_screen_off = 0 
06-23 01:20:22.287  1122  1186 D QMI_FW  : chen-screen on: is_screen_off = 0 
06-23 01:20:22.288  1260  1287 I chatty  : uid=1000(system) android.bg expire 1 line
06-23 01:20:22.314  1260  1758 I chatty  : uid=1000(system) ConnectivitySer expire 36 lines
06-23 01:20:22.321  1260  1753 I chatty  : uid=1000(system) WifiStateMachin expire 1 line
06-23 01:20:22.347  1260  1895 I chatty  : uid=1000(system) PhotonicModulat expire 6 lines
06-23 01:20:22.389  1260  2847 I chatty  : uid=1000(system) Binder:1260_A expire 3 lines
06-23 01:20:22.392  1260  2255 I chatty  : uid=1000(system) Binder:1260_7 expire 5 lines
06-23 01:20:22.392  1260  5151 I chatty  : uid=1000(system) Binder:1260_17 expire 4 lines
06-23 01:20:22.907  1260 15244 I chatty  : uid=1000 system_server expire 4 lines
06-23 01:20:23.082  1260  1741 I chatty  : uid=1000(system) InputReader expire 6 lines
06-23 01:20:23.565   995  1138 D QMI_FW  : chen-screen off: is_screen_off = 1 
06-23 01:20:23.567  1122  1186 D QMI_FW  : chen-screen off: is_screen_off = 1 
06-23 01:20:23.568  1260  1718 I chatty  : uid=1000(system) android.anim expire 3 lines
06-23 01:20:23.835  1260  1419 I chatty  : uid=1000(system) PowerManagerSer expire 3 lines
06-23 01:20:23.841  1260  1260 I chatty  : uid=1000 system_server expire 30 lines
06-23 01:20:23.867  1260  2999 I chatty  : uid=1000(system) Binder:1260_12 expire 12 lines
06-23 01:20:23.884  1260  1753 I chatty  : uid=1000(system) WifiStateMachin expire 3 lines
06-23 01:20:23.890  1260  2847 I chatty  : uid=1000(system) Binder:1260_A expire 9 lines
06-23 01:20:23.932  1260  3021 I chatty  : uid=1000(system) Binder:1260_14 expire 6 lines
06-23 01:20:27.174  1260  1755 I chatty  : uid=1000(system) WifiScanningSer expire 1 line
06-23 01:20:45.638  1260  1415 I chatty  : uid=1000(system) android.fg expire 3 lines
06-23 01:20:46.485  1260 15256 I chatty  : uid=1000 system_server expire 5 lines
06-23 01:20:46.510  1260 15257 I chatty  : uid=1000 system_server expire 1 line
06-23 01:20:46.512  1260 15259 I chatty  : uid=1000 system_server expire 2 lines
06-23 01:20:46.528  1260  2289 I chatty  : uid=1000(system) LocationThread expire 6 lines
06-23 01:20:46.532  1260  3188 I chatty  : uid=1000(system) IzatProvider expire 2 lines
06-23 01:20:46.538  1260  5151 I chatty  : uid=1000(system) Binder:1260_17 expire 2 lines
06-23 01:20:46.547  1260  2255 I chatty  : uid=1000(system) Binder:1260_7 expire 4 lines
06-23 01:20:46.553  1260  1295 I chatty  : uid=1000(system) batterystats-sy expire 1 line
06-23 01:20:46.558   995  1180 D QMI_FW  : chen print_ind pid(995) service_id = 0x2  msg_id = 0x5f
06-23 01:20:46.724  1260  1260 I chatty  : uid=1000 system_server expire 134 lines
06-23 01:20:46.729 13637 13637 E ActivityThread: Failed to find provider info for com.opera.minisettingsmocker
06-23 01:20:46.739  1260  1732 I chatty  : uid=1000(system) UEventObserver expire 2 lines
06-23 01:20:46.765  1260  1260 I chatty  : uid=1000 system_server expire 105 lines
06-23 01:20:46.775  1260  2255 I chatty  : uid=1000(system) Binder:1260_7 expire 7 lines
06-23 01:20:46.778  1260  1419 I chatty  : uid=1000(system) PowerManagerSer expire 63 lines
06-23 01:20:46.783  1260  1415 I chatty  : uid=1000(system) android.fg expire 3 lines
06-23 01:20:46.784  1260  1287 I chatty  : uid=1000(system) android.bg expire 3 lines
06-23 01:20:46.786  1260  3021 I chatty  : uid=1000(system) Binder:1260_14 expire 10 lines
06-23 01:20:46.791  1260  1855 I chatty  : uid=1000(system) ColorBalanceThr expire 4 lines
06-23 01:20:46.807  1260  2999 I chatty  : uid=1000(system) Binder:1260_12 expire 5 lines
06-23 01:20:46.818  1260 10771 I chatty  : uid=1000(system) Binder:1260_1C expire 1 line
06-23 01:20:46.822  1260  1417 I chatty  : uid=1000(system) android.display expire 2 lines
06-23 01:20:46.836  1260  2847 I chatty  : uid=1000(system) Binder:1260_A expire 4 lines
06-23 01:20:46.839  1260  5151 I chatty  : uid=1000(system) Binder:1260_17 expire 4 lines
06-23 01:20:46.841   995  1138 D QMI_FW  : chen-screen on: is_screen_off = 0 
06-23 01:20:46.844  1122  1186 D QMI_FW  : chen-screen on: is_screen_off = 0 
06-23 01:20:46.854  1260  1718 I chatty  : uid=1000(system) android.anim expire 7 lines
06-23 01:20:46.900  1260  1291 I chatty  : uid=1000(system) android.ui expire 6 lines
06-23 01:20:46.980  1260  1895 I chatty  : uid=1000(system) PhotonicModulat expire 3 lines
06-23 01:20:47.003  1260  1758 I chatty  : uid=1000(system) ConnectivitySer expire 11 lines
06-23 01:20:47.104  1260  2999 I chatty  : uid=1000(system) Binder:1260_12 expire 11 lines
06-23 01:20:47.216  1260  2255 I chatty  : uid=1000(system) Binder:1260_7 expire 16 lines
06-23 01:20:47.337 15299 15299 D ActivityThread: Loading provider com.whatsapp.provider.contact: com.whatsapp.contact.ContactProvider
06-23 01:20:47.392  1260  5151 I chatty  : uid=1000(system) Binder:1260_17 expire 9 lines
06-23 01:20:47.436  1260 10771 I chatty  : uid=1000(system) Binder:1260_1C expire 3 lines
06-23 01:20:47.443  1260  1260 I chatty  : uid=1000 system_server expire 10 lines
06-23 01:20:47.454  1260  1718 I chatty  : uid=1000(system) android.anim expire 6 lines
06-23 01:20:47.745  1260  2847 I chatty  : uid=1000(system) Binder:1260_A expire 9 lines
06-23 01:20:47.916  1260  1274 I chatty  : uid=1000(system) Binder:1260_2 expire 12 lines
06-23 01:20:48.017  1260 12135 I chatty  : uid=1000(system) Binder:1260_1E expire 16 lines
06-23 01:20:48.018  1260 11496 I chatty  : uid=1000(system) Binder:1260_1D expire 45 lines
06-23 01:20:48.030  1260  1417 I chatty  : uid=1000(system) android.display expire 1 line
06-23 01:20:48.053  1260  2978 I chatty  : uid=1000(system) Binder:1260_10 expire 27 lines
06-23 01:20:48.074  1260  2358 I chatty  : uid=1000(system) Binder:1260_8 expire 21 lines
06-23 01:20:48.217  1260 12458 I chatty  : uid=1000(system) Binder:1260_1F expire 4 lines
06-23 01:20:48.372  1260  3021 I chatty  : uid=1000(system) Binder:1260_14 expire 22 lines
06-23 01:20:48.659  1260  1290 I chatty  : uid=1000(system) ActivityManager expire 3 lines
06-23 01:20:49.199  1260  1287 I chatty  : uid=1000(system) android.bg expire 35 lines
06-23 01:20:50.319  1260  2978 I chatty  : uid=1000(system) Binder:1260_10 expire 41 lines
06-23 01:20:50.532  1260  3021 I chatty  : uid=1000(system) Binder:1260_14 expire 21 lines
06-23 01:20:50.783  1260  2358 I chatty  : uid=1000(system) Binder:1260_8 expire 10 lines
06-23 01:20:50.943  1260  1260 I chatty  : uid=1000 system_server expire 9 lines
06-23 01:20:50.994  1260  5151 I chatty  : uid=1000(system) Binder:1260_17 expire 29 lines
06-23 01:20:51.141  1260 11496 I chatty  : uid=1000(system) Binder:1260_1D expire 22 lines
06-23 01:20:51.566  1260 16096 I chatty  : uid=1000 system_server expire 3 lines
06-23 01:20:51.688  1260  1758 I chatty  : uid=1000(system) ConnectivitySer expire 15 lines
06-23 01:20:51.708  1260  1290 I chatty  : uid=1000(system) ActivityManager expire 2 lines
06-23 01:20:52.655  1260  2247 I chatty  : uid=1000(system) Binder:1260_6 expire 6 lines
06-23 01:20:52.655  1260 12458 I chatty  : uid=1000(system) Binder:1260_1F expire 5 lines
06-23 01:20:52.670  1260  1718 I chatty  : uid=1000(system) android.anim expire 6 lines
06-23 01:20:52.778  1260  2972 I chatty  : uid=1000(system) Binder:1260_F expire 1 line
06-23 01:20:52.867  1260  2857 I chatty  : uid=1000(system) Binder:1260_C expire 11 lines
06-23 01:20:52.942  1260  3037 I chatty  : uid=1000(system) Binder:1260_15 expire 13 lines
06-23 01:20:53.084  1260  1415 I chatty  : uid=1000(system) android.fg expire 1 line
06-23 01:20:53.084  1260  1749 I chatty  : uid=1000(system) NetworkStats expire 6 lines
06-23 01:20:53.317  1260  1755 I chatty  : uid=1000(system) WifiScanningSer expire 1 line
06-23 01:20:53.318  1260  1753 I chatty  : uid=1000(system) WifiStateMachin expire 1 line
06-23 01:20:53.904   475   479 D VoldCryptCmdListener: cryptfs getpwtype
06-23 01:20:53.906  1260  1745 I chatty  : uid=1000(system) CryptdConnector expire 1 line
06-23 01:20:54.147  1260  1937 I chatty  : uid=1000(system) Binder:1260_4 expire 24 lines
06-23 01:20:54.148  1260  1758 I chatty  : uid=1000(system) ConnectivitySer expire 5 lines
06-23 01:20:54.148  1260  3021 I chatty  : uid=1000(system) Binder:1260_14 expire 23 lines
06-23 01:20:54.149  1260  2247 I chatty  : uid=1000(system) Binder:1260_6 expire 14 lines
06-23 01:20:54.158  1260  1718 I chatty  : uid=1000(system) android.anim expire 12 lines
06-23 01:20:54.159  1260 12135 I chatty  : uid=1000(system) Binder:1260_1E expire 9 lines
06-23 01:20:54.163  1260  2999 I chatty  : uid=1000(system) Binder:1260_12 expire 13 lines
06-23 01:20:54.164  1260 11496 I chatty  : uid=1000(system) Binder:1260_1D expire 3 lines
06-23 01:20:54.164  1260  1287 I chatty  : uid=1000(system) android.bg expire 10 lines
06-23 01:20:54.186  1260  1260 I chatty  : uid=1000 system_server expire 13 lines
06-23 01:20:54.779  1260  1419 I chatty  : uid=1000(system) PowerManagerSer expire 57 lines
06-23 01:20:54.792  1260  1895 I chatty  : uid=1000(system) PhotonicModulat expire 12 lines
06-23 01:20:55.001  1260  1730 I chatty  : uid=1000(system) AlarmManager expire 11 lines
06-23 01:20:55.303  1260  1290 I chatty  : uid=1000(system) ActivityManager expire 2 lines
06-23 01:20:55.929  1260  1289 I chatty  : uid=1000(system) EmbryoManager expire 1 line
06-23 01:20:56.136  1260  2358 I chatty  : uid=1000(system) Binder:1260_8 expire 2 lines
06-23 01:20:56.672  1260  2847 I chatty  : uid=1000(system) Binder:1260_A expire 5 lines
06-23 01:20:56.779  1260  1855 I chatty  : uid=1000(system) ColorBalanceThr expire 4 lines
06-23 01:20:56.940  1260  1758 I chatty  : uid=1000(system) ConnectivitySer expire 9 lines
06-23 01:20:56.993  1260  1260 I chatty  : uid=1000 system_server expire 47 lines
06-23 01:20:57.021  1260  2847 I chatty  : uid=1000(system) Binder:1260_A expire 10 lines
06-23 01:20:57.070  1260  1895 I chatty  : uid=1000(system) PhotonicModulat expire 3 lines
06-23 01:20:57.070  1260  1419 I chatty  : uid=1000(system) PowerManagerSer expire 25 lines
06-23 01:20:57.084  1260  2255 I chatty  : uid=1000(system) Binder:1260_7 expire 7 lines
06-23 01:20:57.113  1260  2358 I chatty  : uid=1000(system) Binder:1260_8 expire 20 lines
06-23 01:20:57.126  1260 11496 I chatty  : uid=1000(system) Binder:1260_1D expire 7 lines
06-23 01:20:57.137  1260  1417 I chatty  : uid=1000(system) android.display expire 1 line
06-23 01:20:57.161   995  1138 D QMI_FW  : chen-screen off: is_screen_off = 1 
06-23 01:20:57.169  1122  1186 D QMI_FW  : chen-screen off: is_screen_off = 1 
06-23 01:20:57.170  1260  1289 I chatty  : uid=1000(system) EmbryoManager expire 5 lines
06-23 01:20:57.184  1260  1718 I chatty  : uid=1000(system) android.anim expire 10 lines
06-23 01:20:57.247  1260  1753 I chatty  : uid=1000(system) WifiStateMachin expire 2 lines
06-23 01:20:57.251  1260  1290 I chatty  : uid=1000(system) ActivityManager expire 3 lines
06-23 01:20:57.394  1260  3021 I chatty  : uid=1000(system) Binder:1260_14 expire 2 lines
06-23 01:20:57.409  1260 12458 I chatty  : uid=1000(system) Binder:1260_1F expire 2 lines
06-23 01:20:57.666  1260 12135 I chatty  : uid=1000(system) Binder:1260_1E expire 8 lines
06-23 01:21:00.000  1260  1730 I chatty  : uid=1000(system) AlarmManager expire 11 lines
06-23 01:21:00.703  1260  1287 I chatty  : uid=1000(system) android.bg expire 20 lines
06-23 01:21:01.158 13637 15317 E ActivityThread: Failed to find provider info for com.opera.branding.BrandingProvider
06-23 01:21:01.314  1260  1426 I chatty  : uid=1000(system) PackageManager expire 1 line
06-23 01:21:01.401  2337  2337 D AppOpsManager: [scene]  setUidMode code=15, uid=1001, mode=0 Callers=com.android.internal.telephony.SmsApplication.assignWriteSmsPermissionToSystemUid:691 com.android.internal.telephony.SmsApplication.getApplication:524 com.android.internal.telephony.SmsApplication.getDefaultSendToApplication:879 com.android.internal.telephony.SmsApplication$SmsPackageMonitor.onPackageChanged:736 com.android.internal.telephony.SmsApplication$SmsPackageMonitor.onPackageModified:718 com.android.internal.content.PackageMonitor.onReceive:384 
06-23 01:21:01.411  1260  2247 I chatty  : uid=1000(system) Binder:1260_6 expire 6 lines
06-23 01:21:01.704  1260  1274 I chatty  : uid=1000(system) Binder:1260_2 expire 5 lines
06-23 01:21:02.326  1260  1291 I chatty  : uid=1000(system) android.ui expire 5 lines
06-23 01:21:02.340  1260  1937 I chatty  : uid=1000(system) Binder:1260_4 expire 2 lines
06-23 01:21:02.683  1260  5151 I chatty  : uid=1000(system) Binder:1260_17 expire 10 lines
06-23 01:21:02.826  1260  1937 I chatty  : uid=1000(system) Binder:1260_4 expire 34 lines
06-23 01:21:02.861  1260  1260 I chatty  : uid=1000 system_server expire 27 lines
06-23 01:21:02.937  1260  1274 I chatty  : uid=1000(system) Binder:1260_2 expire 14 lines
06-23 01:21:03.123  1260  2247 I chatty  : uid=1000(system) Binder:1260_6 expire 9 lines
06-23 01:21:03.786  1260  1290 I chatty  : uid=1000(system) ActivityManager expire 8 lines
06-23 01:21:03.890  1260  1730 I chatty  : uid=1000(system) AlarmManager expire 14 lines
06-23 01:21:04.144  1260  2358 I chatty  : uid=1000(system) Binder:1260_8 expire 1 line
06-23 01:21:04.156  1260  1718 I chatty  : uid=1000(system) android.anim expire 12 lines
06-23 01:21:04.311  1260 12458 I chatty  : uid=1000(system) Binder:1260_1F expire 3 lines
06-23 01:21:06.033  1260  2999 I chatty  : uid=1000(system) Binder:1260_12 expire 4 lines
06-23 01:21:06.149  1260  3021 I chatty  : uid=1000(system) Binder:1260_14 expire 2 lines
06-23 01:21:06.305  1260  2972 I chatty  : uid=1000(system) Binder:1260_F expire 23 lines
06-23 01:21:06.305  1260  1758 I chatty  : uid=1000(system) ConnectivitySer expire 6 lines
06-23 01:21:07.156  1260  1289 I chatty  : uid=1000(system) EmbryoManager expire 4 lines
06-23 01:21:07.710  1260  2847 I chatty  : uid=1000(system) Binder:1260_A expire 8 lines
06-23 01:21:08.683  1260 11496 I chatty  : uid=1000(system) Binder:1260_1D expire 10 lines
06-23 01:21:09.957  1260  2255 I chatty  : uid=1000(system) Binder:1260_7 expire 10 lines
06-23 01:21:10.047  1260  3037 I chatty  : uid=1000(system) Binder:1260_15 expire 6 lines
06-23 01:21:12.327  1260  1287 I chatty  : uid=1000(system) android.bg expire 15 lines
06-23 01:21:20.694  1260  1755 I chatty  : uid=1000(system) WifiScanningSer expire 1 line
06-23 01:21:20.706  1260  1753 I chatty  : uid=1000(system) WifiStateMachin expire 1 line
06-23 01:21:20.740  1260  2289 I chatty  : uid=1000(system) LocationThread expire 1 line
06-23 01:21:20.740  1260  3188 I chatty  : uid=1000(system) IzatProvider expire 3 lines
06-23 01:21:29.106  1260  1937 I chatty  : uid=1000(system) Binder:1260_4 expire 5 lines
06-23 01:21:31.717  1260  1260 I chatty  : uid=1000 system_server expire 31 lines
06-23 01:21:33.233  1260  1730 I chatty  : uid=1000(system) AlarmManager expire 7 lines
06-23 01:21:33.235  1260  1287 I chatty  : uid=1000(system) android.bg expire 45 lines
06-23 01:21:37.708  1260  2972 I chatty  : uid=1000(system) Binder:1260_F expire 4 lines
06-23 01:21:39.437  1260  1415 I chatty  : uid=1000(system) android.fg expire 5 lines
06-23 01:21:39.437  1260  1749 I chatty  : uid=1000(system) NetworkStats expire 30 lines
06-23 01:21:41.353  1260 11496 I chatty  : uid=1000(system) Binder:1260_1D expire 5 lines
06-23 01:21:41.373  1260  1718 I chatty  : uid=1000(system) android.anim expire 6 lines
06-23 01:21:41.466  1260  2969 I chatty  : uid=1000(system) Binder:1260_E expire 2 lines
06-23 01:21:41.766  1260 12135 I chatty  : uid=1000(system) Binder:1260_1E expire 13 lines
06-23 01:21:41.823  1260  1274 I chatty  : uid=1000(system) Binder:1260_2 expire 3 lines
06-23 01:21:41.913  1260  3037 I chatty  : uid=1000(system) Binder:1260_15 expire 15 lines
06-23 01:21:42.020  1260  2847 I chatty  : uid=1000(system) Binder:1260_A expire 15 lines
06-23 01:21:42.973  1260  1290 I chatty  : uid=1000(system) ActivityManager expire 2 lines
06-23 01:21:44.378  1260  1289 I chatty  : uid=1000(system) EmbryoManager expire 2 lines
06-23 01:21:46.545  1260  2289 I chatty  : uid=1000(system) LocationThread expire 8 lines
06-23 01:21:55.648  1260  2255 I chatty  : uid=1000(system) Binder:1260_7 expire 5 lines
06-23 01:21:57.123  1260  1758 I chatty  : uid=1000(system) ConnectivitySer expire 10 lines
06-23 01:21:57.437  1260  1287 I chatty  : uid=1000(system) android.bg expire 2 lines
06-23 01:21:57.508  1260  1274 I chatty  : uid=1000(system) Binder:1260_2 expire 29 lines
06-23 01:21:57.519  1260  1260 I chatty  : uid=1000 system_server expire 10 lines
06-23 01:21:57.565  1260 12135 I chatty  : uid=1000(system) Binder:1260_1E expire 17 lines
06-23 01:21:57.723  1260  3037 I chatty  : uid=1000(system) Binder:1260_15 expire 86 lines
06-23 01:21:58.266  1260  1415 I chatty  : uid=1000(system) android.fg expire 8 lines
06-23 01:21:58.267  1260  1749 I chatty  : uid=1000(system) NetworkStats expire 48 lines
06-23 01:21:58.816  1260  1718 I chatty  : uid=1000(system) android.anim expire 2 lines
06-23 01:21:59.779  1260  1290 I chatty  : uid=1000(system) ActivityManager expire 4 lines
06-23 01:22:00.001  1260  1730 I chatty  : uid=1000(system) AlarmManager expire 2 lines
06-23 01:22:00.874  1260  2255 I chatty  : uid=1000(system) Binder:1260_7 expire 9 lines
06-23 01:22:19.739  1260  1274 I chatty  : uid=1000(system) Binder:1260_2 expire 33 lines
06-23 01:22:19.740  1260  1260 I chatty  : uid=1000 system_server expire 52 lines
06-23 01:22:22.468  1260  1415 I chatty  : uid=1000(system) android.fg expire 4 lines
06-23 01:22:22.468  1260  1749 I chatty  : uid=1000(system) NetworkStats expire 18 lines
06-23 01:22:23.266  1260  1730 I chatty  : uid=1000(system) AlarmManager expire 9 lines
06-23 01:22:23.566  1260  1290 I chatty  : uid=1000(system) ActivityManager expire 4 lines
06-23 01:22:23.587  1260  3037 I chatty  : uid=1000(system) Binder:1260_15 expire 1 line
06-23 01:22:23.598  1260  2972 I chatty  : uid=1000(system) Binder:1260_F expire 1 line
06-23 01:22:23.604  1260  4536 I chatty  : uid=1000(system) Binder:1260_16 expire 26 lines
06-23 01:22:23.606  1260  1718 I chatty  : uid=1000(system) android.anim expire 6 lines
06-23 01:22:26.647  1260  1289 I chatty  : uid=1000(system) EmbryoManager expire 4 lines
06-23 01:22:46.547  1260  2289 I chatty  : uid=1000(system) LocationThread expire 16 lines
06-23 01:22:46.551  1260  3188 I chatty  : uid=1000(system) IzatProvider expire 4 lines
06-23 01:22:57.401  1260  6802 I chatty  : uid=1000(system) Binder:1260_19 expire 4 lines
06-23 01:23:13.068  1260 13330 I chatty  : uid=1000(system) Binder:1260_20 expire 30 lines
06-23 01:23:46.562  1260  2289 I chatty  : uid=1000(system) LocationThread expire 6 lines
06-23 01:23:49.725  1260  1260 I chatty  : uid=1000 system_server expire 17 lines
06-23 01:23:49.970  1260  1415 I chatty  : uid=1000(system) android.fg expire 1 line
06-23 01:23:53.212  1260  1274 I chatty  : uid=1000(system) Binder:1260_2 expire 12 lines
06-23 01:23:56.955  1260  1730 I chatty  : uid=1000(system) AlarmManager expire 14 lines
06-23 01:23:56.996  1260  1287 I chatty  : uid=1000(system) android.bg expire 2 lines
06-23 01:23:57.002  1260  3021 I chatty  : uid=1000(system) Binder:1260_14 expire 11 lines
06-23 01:24:17.949  1260  1418 I chatty  : uid=1000(system) CpuTracker expire 12 lines
06-23 01:24:18.011  1260  1295 I chatty  : uid=1000(system) batterystats-sy expire 1 line
06-23 01:24:18.046   995  1180 D QMI_FW  : chen print_ind pid(995) service_id = 0x2  msg_id = 0x5f
06-23 01:24:18.050  1260  1274 I chatty  : uid=1000(system) Binder:1260_2 expire 5 lines
06-23 01:24:19.724  1260  1260 I chatty  : uid=1000 system_server expire 22 lines
06-23 01:24:20.507  1260 13330 I chatty  : uid=1000(system) Binder:1260_20 expire 3 lines
06-23 01:24:20.518  1260  3021 I chatty  : uid=1000(system) Binder:1260_14 expire 12 lines
06-23 01:24:20.550  1260 12135 I chatty  : uid=1000(system) Binder:1260_1E expire 1 line
06-23 01:24:20.557  1260 10771 I chatty  : uid=1000(system) Binder:1260_1C expire 1 line
06-23 01:24:23.625  1260  6802 I chatty  : uid=1000(system) Binder:1260_19 expire 16 lines
06-23 01:24:46.561  1260  3188 I chatty  : uid=1000(system) IzatProvider expire 1 line
06-23 01:24:49.740  1260  1290 I chatty  : uid=1000(system) ActivityManager expire 230 lines
06-23 01:24:50.033  1260  1718 I chatty  : uid=1000(system) android.anim expire 4 lines
06-23 01:24:50.044  1260  6802 I chatty  : uid=1000(system) Binder:1260_19 expire 17 lines
06-23 01:24:50.044  1260  1758 I chatty  : uid=1000(system) ConnectivitySer expire 3 lines
06-23 01:24:51.376  1260 10771 I chatty  : uid=1000(system) Binder:1260_1C expire 3 lines
06-23 01:24:51.419  1260  1287 I chatty  : uid=1000(system) android.bg expire 2 lines
06-23 01:24:51.439  1260  3021 I chatty  : uid=1000(system) Binder:1260_14 expire 1 line
06-23 01:24:51.644  1260  1260 I chatty  : uid=1000 system_server expire 9 lines
06-23 01:24:53.073  1260  1289 I chatty  : uid=1000(system) EmbryoManager expire 1 line
06-23 01:25:00.000  1260  1730 I chatty  : uid=1000(system) AlarmManager expire 26 lines
06-23 01:25:07.731  1260  1260 I chatty  : uid=1000 system_server expire 58 lines
06-23 01:25:13.526  1260 10771 I chatty  : uid=1000(system) Binder:1260_1C expire 20 lines
06-23 01:25:14.291  1260  1290 I chatty  : uid=1000(system) ActivityManager expire 22 lines
06-23 01:25:19.722  1260  6802 I chatty  : uid=1000(system) Binder:1260_19 expire 47 lines
06-23 01:25:46.549  1260  2289 I chatty  : uid=1000(system) LocationThread expire 8 lines
06-23 01:25:46.554  1260  3188 I chatty  : uid=1000(system) IzatProvider expire 2 lines
06-23 01:26:00.081  1260  1749 I chatty  : uid=1000(system) NetworkStats expire 4 lines
06-23 01:26:00.231  1260  1287 I chatty  : uid=1000(system) android.bg expire 2 lines
06-23 01:26:00.279  1260  1274 I chatty  : uid=1000(system) Binder:1260_2 expire 4 lines
06-23 01:26:00.375  1260  3021 I chatty  : uid=1000(system) Binder:1260_14 expire 6 lines
06-23 01:26:46.546  1260  2289 I chatty  : uid=1000(system) LocationThread expire 8 lines
06-23 01:26:46.550  1260  3188 I chatty  : uid=1000(system) IzatProvider expire 2 lines
06-23 01:26:46.550  1260  6802 I chatty  : uid=1000(system) Binder:1260_19 expire 5 lines
06-23 01:26:46.558  1260  1274 I chatty  : uid=1000(system) Binder:1260_2 expire 8 lines
06-23 01:26:49.722  1260  1260 I chatty  : uid=1000 system_server expire 14 lines
06-23 01:27:00.000  1260  1730 I chatty  : uid=1000(system) AlarmManager expire 26 lines
06-23 01:27:00.333  1260  1290 I chatty  : uid=1000(system) ActivityManager expire 3 lines
06-23 01:27:00.459  1260  2247 I chatty  : uid=1000(system) Binder:1260_6 expire 14 lines
06-23 01:27:00.463  1260  1718 I chatty  : uid=1000(system) android.anim expire 2 lines
06-23 01:27:00.700  1260  2150 I chatty  : uid=1000(system) Binder:1260_5 expire 13 lines
06-23 01:27:00.976  1260 12458 I chatty  : uid=1000(system) Binder:1260_1F expire 1 line
06-23 01:27:00.988  1260  1287 I chatty  : uid=1000(system) android.bg expire 4 lines
06-23 01:27:01.025  1260  2358 I chatty  : uid=1000(system) Binder:1260_8 expire 21 lines
06-23 01:27:03.494  1260  1289 I chatty  : uid=1000(system) EmbryoManager expire 2 lines
06-23 01:27:07.773  1260  1295 I chatty  : uid=1000(system) batterystats-sy expire 1 line
06-23 01:27:07.781   995  1180 D QMI_FW  : chen print_ind pid(995) service_id = 0x2  msg_id = 0x5f
06-23 01:27:07.793  1122  1186 D QMI_FW  : chen-screen on: is_screen_off = 0 
06-23 01:27:07.794   995  1138 D QMI_FW  : chen-screen on: is_screen_off = 0 
06-23 01:27:07.798  1260  1260 I chatty  : uid=1000 system_server expire 19 lines
06-23 01:27:07.805  1260  2847 I chatty  : uid=1000(system) Binder:1260_A expire 7 lines
06-23 01:27:07.808  1260  2595 I chatty  : uid=1000(system) backup expire 39 lines
06-23 01:27:07.840  1260 17818 I chatty  : uid=1000 system_server expire 2 lines
06-23 01:27:12.084  1260  2978 I chatty  : uid=1000(system) Binder:1260_10 expire 4 lines
06-23 01:27:25.724  1260  2358 I chatty  : uid=1000(system) Binder:1260_8 expire 42 lines
06-23 01:27:25.725  1260  1260 I chatty  : uid=1000 system_server expire 62 lines
06-23 01:27:30.000  1260  1730 I chatty  : uid=1000(system) AlarmManager expire 22 lines
06-23 01:27:46.551  1260  2289 I chatty  : uid=1000(system) LocationThread expire 16 lines
06-23 01:27:46.559  1260  3188 I chatty  : uid=1000(system) IzatProvider expire 4 lines
06-23 01:27:46.560  1260  2847 I chatty  : uid=1000(system) Binder:1260_A expire 39 lines
06-23 01:29:00.242  1260  1415 I chatty  : uid=1000(system) android.fg expire 2 lines
06-23 01:29:00.322  1260  1718 I chatty  : uid=1000(system) android.anim expire 2 lines
06-23 01:29:01.306  1260  1290 I chatty  : uid=1000(system) ActivityManager expire 1 line
06-23 01:29:13.731  1260  1260 I chatty  : uid=1000 system_server expire 33 lines
06-23 01:29:14.506  1260  2358 I chatty  : uid=1000(system) Binder:1260_8 expire 5 lines
06-23 01:29:20.618  1260  1730 I chatty  : uid=1000(system) AlarmManager expire 94 lines
06-23 01:29:20.645  1260  2978 I chatty  : uid=1000(system) Binder:1260_10 expire 2 lines
06-23 01:29:20.654  1260  1287 I chatty  : uid=1000(system) android.bg expire 2 lines
06-23 01:29:20.696  1260  2847 I chatty  : uid=1000(system) Binder:1260_A expire 23 lines
06-23 01:29:20.784  1260 11496 I chatty  : uid=1000(system) Binder:1260_1D expire 16 lines
06-23 01:29:20.803  1260  2150 I chatty  : uid=1000(system) Binder:1260_5 expire 18 lines
06-23 01:29:41.922  1260  1415 I chatty  : uid=1000(system) android.fg expire 3 lines
06-23 01:29:46.547  1260  2289 I chatty  : uid=1000(system) LocationThread expire 5 lines
06-23 01:29:46.559  1260  3188 I chatty  : uid=1000(system) IzatProvider expire 3 lines
06-23 01:30:07.724  1260  1260 I chatty  : uid=1000 system_server expire 29 lines
06-23 01:30:08.039  1260  1415 I chatty  : uid=1000(system) android.fg expire 1 line
06-23 01:30:10.000  1260  1730 I chatty  : uid=1000(system) AlarmManager expire 67 lines
06-23 01:30:12.132  1260 11496 I chatty  : uid=1000(system) Binder:1260_1D expire 27 lines
06-23 01:30:14.593  1260  1290 I chatty  : uid=1000(system) ActivityManager expire 18 lines
06-23 01:30:19.725  1260  2150 I chatty  : uid=1000(system) Binder:1260_5 expire 17 lines
06-23 01:30:22.652  1260  2847 I chatty  : uid=1000(system) Binder:1260_A expire 17 lines
06-23 01:30:46.545  1260  2289 I chatty  : uid=1000(system) LocationThread expire 10 lines
06-23 01:30:50.988  1260  1291 I chatty  : uid=1000(system) android.ui expire 5 lines
06-23 01:30:51.107  1260 12458 I chatty  : uid=1000(system) Binder:1260_1F expire 1 line
06-23 01:31:01.039  1260  1287 I chatty  : uid=1000(system) android.bg expire 9 lines
06-23 01:31:01.726  1260 12458 I chatty  : uid=1000(system) Binder:1260_1F expire 66 lines
06-23 01:31:01.729  1260  1260 I chatty  : uid=1000 system_server expire 63 lines
06-23 01:31:06.202  1260  1415 I chatty  : uid=1000(system) android.fg expire 4 lines
06-23 01:31:07.728  1260  2150 I chatty  : uid=1000(system) Binder:1260_5 expire 20 lines
06-23 01:31:31.774  1260  1295 I chatty  : uid=1000(system) batterystats-sy expire 1 line
06-23 01:31:31.815  1260 17989 I chatty  : uid=1000 system_server expire 2 lines
06-23 01:31:46.547  1260  2289 I chatty  : uid=1000(system) LocationThread expire 20 lines
06-23 01:31:46.553  1260  3188 I chatty  : uid=1000(system) IzatProvider expire 4 lines
06-23 01:31:51.124  1260  1730 I chatty  : uid=1000(system) AlarmManager expire 1 line
06-23 01:32:52.681  1260  2150 I chatty  : uid=1000(system) Binder:1260_5 expire 43 lines
06-23 01:32:55.726  1260  1260 I chatty  : uid=1000 system_server expire 68 lines
06-23 01:33:07.722  1260 12458 I chatty  : uid=1000(system) Binder:1260_1F expire 21 lines
06-23 01:33:12.242  1260  1415 I chatty  : uid=1000(system) android.fg expire 2 lines
06-23 01:33:46.549  1260  2289 I chatty  : uid=1000(system) LocationThread expire 13 lines
06-23 01:33:46.558  1260  3188 I chatty  : uid=1000(system) IzatProvider expire 3 lines
06-23 01:34:11.221  1260  2847 I chatty  : uid=1000(system) Binder:1260_A expire 34 lines
06-23 01:34:54.898  1260  1290 I chatty  : uid=1000(system) ActivityManager expire 31 lines
06-23 01:34:55.730  1260  1260 I chatty  : uid=1000 system_server expire 44 lines
06-23 01:34:57.279  1260  1415 I chatty  : uid=1000(system) android.fg expire 6 lines
06-23 01:35:01.723  1260  2847 I chatty  : uid=1000(system) Binder:1260_A expire 25 lines
06-23 01:35:25.680  1260  1287 I chatty  : uid=1000(system) android.bg expire 2 lines
06-23 01:35:25.722  1260 11496 I chatty  : uid=1000(system) Binder:1260_1D expire 29 lines
06-23 01:35:43.722  1260  2150 I chatty  : uid=1000(system) Binder:1260_5 expire 18 lines
06-23 01:35:46.554  1260  2289 I chatty  : uid=1000(system) LocationThread expire 7 lines
06-23 01:35:46.561  1260  3188 I chatty  : uid=1000(system) IzatProvider expire 2 lines
06-23 01:35:49.769  1260  1295 I chatty  : uid=1000(system) batterystats-sy expire 1 line
06-23 01:35:49.820  1260 18117 I chatty  : uid=1000 system_server expire 2 lines
06-23 01:36:01.234  1260  1730 I chatty  : uid=1000(system) AlarmManager expire 15 lines
06-23 01:36:01.394  1260  2978 I chatty  : uid=1000(system) Binder:1260_10 expire 8 lines
06-23 01:36:01.474  1260 12458 I chatty  : uid=1000(system) Binder:1260_1F expire 4 lines
06-23 01:36:02.251  1260  1758 I chatty  : uid=1000(system) ConnectivitySer expire 5 lines
06-23 01:36:02.579  1260  2595 I chatty  : uid=1000(system) backup expire 1 line
06-23 01:36:02.600  1260  2247 I chatty  : uid=1000(system) Binder:1260_6 expire 1 line
06-23 01:36:02.603  1260  1273 I chatty  : uid=1000(system) Binder:1260_1 expire 5 lines
06-23 01:36:02.670  1260  2978 I chatty  : uid=1000(system) Binder:1260_10 expire 38 lines
06-23 01:36:02.720  1260  2358 I chatty  : uid=1000(system) Binder:1260_8 expire 22 lines
06-23 01:36:02.722  1260  2150 I chatty  : uid=1000(system) Binder:1260_5 expire 43 lines
06-23 01:36:02.741  1260  2247 I chatty  : uid=1000(system) Binder:1260_6 expire 5 lines
06-23 01:36:02.795  1260  2847 I chatty  : uid=1000(system) Binder:1260_A expire 33 lines
06-23 01:36:02.802  1260 11496 I chatty  : uid=1000(system) Binder:1260_1D expire 1 line
06-23 01:36:05.000  1260  1730 I chatty  : uid=1000(system) AlarmManager expire 27 lines
06-23 01:36:05.831  1260  1287 I chatty  : uid=1000(system) android.bg expire 3 lines
06-23 01:36:07.722  1260  1260 I chatty  : uid=1000 system_server expire 25 lines
06-23 01:36:12.558  1260  1426 I chatty  : uid=1000(system) PackageManager expire 1 line
06-23 01:36:12.616  2337  2337 D AppOpsManager: [scene]  setUidMode code=15, uid=1001, mode=0 Callers=com.android.internal.telephony.SmsApplication.assignWriteSmsPermissionToSystemUid:691 com.android.internal.telephony.SmsApplication.getApplication:524 com.android.internal.telephony.SmsApplication.getDefaultSendToApplication:879 com.android.internal.telephony.SmsApplication$SmsPackageMonitor.onPackageChanged:736 com.android.internal.telephony.SmsApplication$SmsPackageMonitor.onPackageModified:718 com.android.internal.content.PackageMonitor.onReceive:384 
06-23 01:36:18.452  1260  1718 I chatty  : uid=1000(system) android.anim expire 2 lines
06-23 01:36:19.425  1260  1290 I chatty  : uid=1000(system) ActivityManager expire 4 lines
--------- beginning of main
06-23 01:36:19.733 17069 17069 I LoadedApk: X.1cI@b9c8a7f onReceive android.intent.action.BATTERY_CHANGED in 0ms
06-23 01:36:19.734 17552 17552 I LoadedApk: dbxyzptlk.db10020200.dt.c@f152fd3 onReceive android.intent.action.BATTERY_CHANGED in 0ms
06-23 01:36:19.734 17552 17552 I LoadedApk: dbxyzptlk.db10020200.dt.c@2d48941 onReceive android.intent.action.BATTERY_CHANGED in 0ms
06-23 01:36:21.145  8503 13756 I chatty  : uid=10094(com.amazon.kindle) BatchTransmitte expire 13 lines
06-23 01:36:25.730  3040  3040 I LoadedApk: aomz@4169ded onReceive android.intent.action.BATTERY_CHANGED in 1ms
06-23 01:36:25.730  2337  2337 I LoadedApk: com.qualcomm.ims.vt.LowBatteryHandler$1@fc861a8 onReceive android.intent.action.BATTERY_CHANGED in 0ms
06-23 01:36:25.731  5951  5951 I LoadedApk: amlg@95dd4ae onReceive android.intent.action.BATTERY_CHANGED in 1ms
06-23 01:36:25.732  8576  8576 I LoadedApk: X.2HM@4ffd679 onReceive android.intent.action.BATTERY_CHANGED in 0ms
06-23 01:36:25.733 16437 16437 I LoadedApk: com.h.c.o@5b2b58d onReceive android.intent.action.BATTERY_CHANGED in 0ms
06-23 01:36:25.732  1983  1983 I chatty  : uid=10028(com.android.systemui) expire 14 lines
06-23 01:36:25.733  3211  3211 I LoadedApk: com.oneplus.opbackup.download.processor.c$a@91b9c05 onReceive android.intent.action.BATTERY_CHANGED in 0ms
06-23 01:36:25.733 15299 15299 I LoadedApk: com.whatsapp.an@8efef5e onReceive android.intent.action.BATTERY_CHANGED in 1ms
06-23 01:36:25.733 17069 17069 I LoadedApk: X.1cI@b9c8a7f onReceive android.intent.action.BATTERY_CHANGED in 0ms
06-23 01:36:25.734 17552 17552 I LoadedApk: dbxyzptlk.db10020200.dt.c@f152fd3 onReceive android.intent.action.BATTERY_CHANGED in 1ms
06-23 01:36:25.734 17552 17552 I LoadedApk: dbxyzptlk.db10020200.dt.c@2d48941 onReceive android.intent.action.BATTERY_CHANGED in 0ms
06-23 01:36:27.854   556   556 W vendor.qti.hard: type=1400 audit(0.0:56929): avc: denied { kill } for capability=5 scontext=u:r:hal_perf_default:s0 tcontext=u:r:hal_perf_default:s0 tclass=capability permissive=0
06-23 01:36:31.724  1260  1260 I chatty  : uid=1000 system_server expire 21 lines
06-23 01:36:31.727  2337  2337 I LoadedApk: com.qualcomm.ims.vt.LowBatteryHandler$1@fc861a8 onReceive android.intent.action.BATTERY_CHANGED in 1ms
06-23 01:36:31.728  8576  8576 I LoadedApk: X.2HM@4ffd679 onReceive android.intent.action.BATTERY_CHANGED in 0ms
06-23 01:36:31.729 15299 15299 I LoadedApk: com.whatsapp.an@8efef5e onReceive android.intent.action.BATTERY_CHANGED in 0ms
06-23 01:36:31.730  3040  3040 I LoadedApk: aomz@4169ded onReceive android.intent.action.BATTERY_CHANGED in 0ms
06-23 01:36:31.730 17069 17069 I LoadedApk: X.1cI@b9c8a7f onReceive android.intent.action.BATTERY_CHANGED in 0ms
06-23 01:36:31.730 16437 16437 I LoadedApk: com.h.c.o@5b2b58d onReceive android.intent.action.BATTERY_CHANGED in 1ms
06-23 01:36:31.731 17552 17552 I LoadedApk: dbxyzptlk.db10020200.dt.c@f152fd3 onReceive android.intent.action.BATTERY_CHANGED in 1ms
06-23 01:36:31.731 17552 17552 I LoadedApk: dbxyzptlk.db10020200.dt.c@2d48941 onReceive android.intent.action.BATTERY_CHANGED in 0ms
06-23 01:36:31.735  3211  3211 I LoadedApk: com.oneplus.opbackup.download.processor.c$a@91b9c05 onReceive android.intent.action.BATTERY_CHANGED in 1ms
06-23 01:36:31.735  5951  5951 I LoadedApk: amlg@95dd4ae onReceive android.intent.action.BATTERY_CHANGED in 1ms
06-23 01:36:37.727  2337  2337 I LoadedApk: com.qualcomm.ims.vt.LowBatteryHandler$1@fc861a8 onReceive android.intent.action.BATTERY_CHANGED in 1ms
06-23 01:36:37.729  3211  3211 I LoadedApk: com.oneplus.opbackup.download.processor.c$a@91b9c05 onReceive android.intent.action.BATTERY_CHANGED in 1ms
06-23 01:36:37.730 16437 16437 I LoadedApk: com.h.c.o@5b2b58d onReceive android.intent.action.BATTERY_CHANGED in 0ms
06-23 01:36:37.730  1983  1983 I chatty  : uid=10028(com.android.systemui) expire 21 lines
06-23 01:36:37.731 17069 17069 I LoadedApk: X.1cI@b9c8a7f onReceive android.intent.action.BATTERY_CHANGED in 0ms
06-23 01:36:37.731 15299 15299 I LoadedApk: com.whatsapp.an@8efef5e onReceive android.intent.action.BATTERY_CHANGED in 0ms
06-23 01:36:37.732 17552 17552 I LoadedApk: dbxyzptlk.db10020200.dt.c@f152fd3 onReceive android.intent.action.BATTERY_CHANGED in 0ms
06-23 01:36:37.732  5951  5951 I LoadedApk: amlg@95dd4ae onReceive android.intent.action.BATTERY_CHANGED in 0ms
06-23 01:36:37.732 17552 17552 I LoadedApk: dbxyzptlk.db10020200.dt.c@2d48941 onReceive android.intent.action.BATTERY_CHANGED in 0ms
06-23 01:36:37.733  3040  3040 I LoadedApk: aomz@4169ded onReceive android.intent.action.BATTERY_CHANGED in 0ms
06-23 01:36:37.733  8576  8576 I LoadedApk: X.2HM@4ffd679 onReceive android.intent.action.BATTERY_CHANGED in 0ms
06-23 01:36:41.240  8503 14152 I chatty  : uid=10094(com.amazon.kindle) MAPCommonThread expire 16 lines
06-23 01:36:43.730  2337  2337 I LoadedApk: com.qualcomm.ims.vt.LowBatteryHandler$1@fc861a8 onReceive android.intent.action.BATTERY_CHANGED in 1ms
06-23 01:36:43.732  3040  3040 I LoadedApk: aomz@4169ded onReceive android.intent.action.BATTERY_CHANGED in 0ms
06-23 01:36:43.733 17069 17069 I LoadedApk: X.1cI@b9c8a7f onReceive android.intent.action.BATTERY_CHANGED in 0ms
06-23 01:36:43.734 15299 15299 I LoadedApk: com.whatsapp.an@8efef5e onReceive android.intent.action.BATTERY_CHANGED in 1ms
06-23 01:36:43.734 17552 17552 I LoadedApk: dbxyzptlk.db10020200.dt.c@f152fd3 onReceive android.intent.action.BATTERY_CHANGED in 0ms
06-23 01:36:43.734  3211  3211 I LoadedApk: com.oneplus.opbackup.download.processor.c$a@91b9c05 onReceive android.intent.action.BATTERY_CHANGED in 1ms
06-23 01:36:43.734  8576  8576 I LoadedApk: X.2HM@4ffd679 onReceive android.intent.action.BATTERY_CHANGED in 0ms
06-23 01:36:43.735 17552 17552 I LoadedApk: dbxyzptlk.db10020200.dt.c@2d48941 onReceive android.intent.action.BATTERY_CHANGED in 0ms
06-23 01:36:43.737  5951  5951 I LoadedApk: amlg@95dd4ae onReceive android.intent.action.BATTERY_CHANGED in 1ms
06-23 01:36:43.738 16437 16437 I LoadedApk: com.h.c.o@5b2b58d onReceive android.intent.action.BATTERY_CHANGED in 0ms
06-23 01:36:46.342   880   972 I ThermalEngine: Monitor : quiet_therm = 33, msm_therm = 33, ufs_therm = 33, battery_therm = 309,current_now = -404000 
06-23 01:36:46.577  1260  1260 I chatty  : uid=1000 system_server expire 42 lines
06-23 01:36:46.581  3040  3040 I LoadedApk: aomz@4169ded onReceive android.intent.action.BATTERY_CHANGED in 1ms
06-23 01:36:46.581  2337  2337 I LoadedApk: com.qualcomm.ims.vt.LowBatteryHandler$1@fc861a8 onReceive android.intent.action.BATTERY_CHANGED in 1ms
06-23 01:36:46.583  5951  5951 I LoadedApk: amlg@95dd4ae onReceive android.intent.action.BATTERY_CHANGED in 0ms
06-23 01:36:46.584  3211  3211 I LoadedApk: com.oneplus.opbackup.download.processor.c$a@91b9c05 onReceive android.intent.action.BATTERY_CHANGED in 0ms
06-23 01:36:46.585 15299 15299 I LoadedApk: com.whatsapp.an@8efef5e onReceive android.intent.action.BATTERY_CHANGED in 0ms
06-23 01:36:46.586 16437 16437 I LoadedApk: com.h.c.o@5b2b58d onReceive android.intent.action.BATTERY_CHANGED in 1ms
06-23 01:36:46.589 17069 17069 I LoadedApk: X.1cI@b9c8a7f onReceive android.intent.action.BATTERY_CHANGED in 0ms
