06-23 01:41:12.159  8503 13756 E AmazonKindle.com.amazon.kindle.services.authentication.MAPTokenCache: 	at com.amazon.kindle.services.authentication.AuthenticationService.getToken(AuthenticationService.java:333)
06-23 01:41:12.159  8503 13756 E AmazonKindle.com.amazon.kindle.services.authentication.MAPTokenCache: 	at com.amazon.kindle.services.authentication.AuthenticationService.getToken(AuthenticationService.java:338)
06-23 01:41:12.159  8503 13756 E AmazonKindle.com.amazon.kindle.services.authentication.MAPTokenCache: 	at com.amazon.kcp.application.internal.metrics.StandaloneDCMMetricsFactoryProvider$1.getAccessToken(StandaloneDCMMetricsFactoryProvider.java:25)
06-23 01:41:12.159  8503 13756 E AmazonKindle.com.amazon.kindle.services.authentication.MAPTokenCache: 	at com.amazon.client.metrics.BaseMetricsServiceFactory$DelegatingOAuthHelper.getAccessToken(BaseMetricsServiceFactory.java:529)
06-23 01:41:12.159  8503 13756 E AmazonKindle.com.amazon.kindle.services.authentication.MAPTokenCache: 	at com.amazon.client.metrics.transport.ProvidedOAuthMetricsTransport.signRequest(ProvidedOAuthMetricsTransport.java:37)
06-23 01:41:12.159  8503 13756 E AmazonKindle.com.amazon.kindle.services.authentication.MAPTokenCache: 	at com.amazon.client.metrics.transport.AbstractHTTPMetricsTransport.attemptTransmit(AbstractHTTPMetricsTransport.java:126)
06-23 01:41:12.159  8503 13756 E AmazonKindle.com.amazon.kindle.services.authentication.MAPTokenCache: 	at com.amazon.client.metrics.transport.AbstractHTTPMetricsTransport.transmit(AbstractHTTPMetricsTransport.java:75)
06-23 01:41:12.159  8503 13756 E AmazonKindle.com.amazon.kindle.services.authentication.MAPTokenCache: 	at com.amazon.client.metrics.batch.transmitter.BatchTransmitter$QueuePusher.transmitBatch(BatchTransmitter.java:252)
06-23 01:41:12.159  8503 13756 E AmazonKindle.com.amazon.kindle.services.authentication.MAPTokenCache: 	at com.amazon.client.metrics.batch.transmitter.BatchTransmitter$QueuePusher.sendBatches(BatchTransmitter.java:180)
06-23 01:41:12.159  8503 13756 E AmazonKindle.com.amazon.kindle.services.authentication.MAPTokenCache: 	at com.amazon.client.metrics.batch.transmitter.BatchTransmitter$QueuePusher.run(BatchTransmitter.java:138)
06-23 01:41:12.159  8503 13756 E AmazonKindle.com.amazon.kindle.services.authentication.MAPTokenCache: 	at java.util.concurrent.ThreadPoolExecutor.runWorker(ThreadPoolExecutor.java:1162)
06-23 01:41:12.159  8503 13756 E AmazonKindle.com.amazon.kindle.services.authentication.MAPTokenCache: 	at java.util.concurrent.ThreadPoolExecutor$Worker.run(ThreadPoolExecutor.java:636)
06-23 01:41:12.159  8503 13756 E AmazonKindle.com.amazon.kindle.services.authentication.MAPTokenCache: 	at java.lang.Thread.run(Thread.java:764)
06-23 01:41:13.722  1260  6802 D BatteryService: Processing new values: chargerAcOnline=false, chargerUsbOnline=true, chargerWirelessOnline=false, maxChargingCurrent500000, maxChargingVoltage5000000, batteryStatus=2, batteryHealth=2, batteryPresent=true, batteryLevel=51, batteryTechnology=Li-ion, batteryVoltage=3922, batteryChargeCounter=1533361, batteryFullCharge=3027000, batteryTemperature=307, mBatteryLevelCritical=false, mPlugType=2
06-23 01:41:13.723  1260  6802 D BatteryService: Processing new values: chargerAcOnline=false, chargerUsbOnline=true, chargerWirelessOnline=false, maxChargingCurrent500000, maxChargingVoltage5000000, batteryStatus=2, batteryHealth=2, batteryPresent=true, batteryLevel=51, batteryTechnology=Li-ion, batteryVoltage=3922, batteryChargeCounter=1533361, batteryFullCharge=3027000, batteryTemperature=307, mBatteryLevelCritical=false, mPlugType=2
06-23 01:41:13.723  1260  6802 D BatteryService: Sending ACTION_BATTERY_CHANGED.  level:51, scale:100, status:2, health:2, present:true, voltage: 3922, temperature: 307, technology: Li-ion, AC powered:false, USB powered:true, Wireless powered:false, icon:17303316, invalid charger:0, maxChargingCurrent:500000, maxChargingVoltage:5000000, chargeCounter:1533361, fastChargeStatus:false
06-23 01:41:13.723  1260  1260 V ActivityManager: Broadcast sticky: Intent { act=android.intent.action.BATTERY_CHANGED flg=0x60000010 (has extras) } ordered=false userid=-1 from pid=1260 uid=1000
06-23 01:41:13.726  1260  1260 I DeviceIdleController: updateChargingLocked: charging=true
06-23 01:41:13.727  1260  1260 I DeviceIdleController: becomeActiveLocked, reason = charging
06-23 01:41:13.727  1983  1983 I chatty  : uid=10028(com.android.systemui) expire 14 lines
06-23 01:41:13.729  8576  8576 I LoadedApk: X.2HM@4ffd679 onReceive android.intent.action.BATTERY_CHANGED in 0ms
06-23 01:41:13.729  2337  2337 I LoadedApk: com.qualcomm.ims.vt.LowBatteryHandler$1@fc861a8 onReceive android.intent.action.BATTERY_CHANGED in 0ms
06-23 01:41:13.731  3040  3040 I LoadedApk: aomz@4169ded onReceive android.intent.action.BATTERY_CHANGED in 0ms
06-23 01:41:13.731  5951  5951 I LoadedApk: amlg@95dd4ae onReceive android.intent.action.BATTERY_CHANGED in 1ms
06-23 01:41:13.731 17069 17069 I LoadedApk: X.1cI@b9c8a7f onReceive android.intent.action.BATTERY_CHANGED in 0ms
06-23 01:41:13.733 17552 17552 I LoadedApk: dbxyzptlk.db10020200.dt.c@f152fd3 onReceive android.intent.action.BATTERY_CHANGED in 0ms
06-23 01:41:13.734 17552 17552 I LoadedApk: dbxyzptlk.db10020200.dt.c@2d48941 onReceive android.intent.action.BATTERY_CHANGED in 0ms
06-23 01:41:13.734  3211  3211 I LoadedApk: com.oneplus.opbackup.download.processor.c$a@91b9c05 onReceive android.intent.action.BATTERY_CHANGED in 0ms
06-23 01:41:13.735 15299 15299 I LoadedApk: com.whatsapp.an@8efef5e onReceive android.intent.action.BATTERY_CHANGED in 1ms
06-23 01:41:19.729  1260  6802 D BatteryService: Processing new values: chargerAcOnline=false, chargerUsbOnline=true, chargerWirelessOnline=false, maxChargingCurrent500000, maxChargingVoltage5000000, batteryStatus=2, batteryHealth=2, batteryPresent=true, batteryLevel=51, batteryTechnology=Li-ion, batteryVoltage=3921, batteryChargeCounter=1534039, batteryFullCharge=3027000, batteryTemperature=307, mBatteryLevelCritical=false, mPlugType=2
06-23 01:41:19.729  1260  6802 D BatteryService: Processing new values: chargerAcOnline=false, chargerUsbOnline=true, chargerWirelessOnline=false, maxChargingCurrent500000, maxChargingVoltage5000000, batteryStatus=2, batteryHealth=2, batteryPresent=true, batteryLevel=51, batteryTechnology=Li-ion, batteryVoltage=3921, batteryChargeCounter=1534039, batteryFullCharge=3027000, batteryTemperature=307, mBatteryLevelCritical=false, mPlugType=2
06-23 01:41:19.730  1260  6802 D BatteryService: Sending ACTION_BATTERY_CHANGED.  level:51, scale:100, status:2, health:2, present:true, voltage: 3921, temperature: 307, technology: Li-ion, AC powered:false, USB powered:true, Wireless powered:false, icon:17303316, invalid charger:0, maxChargingCurrent:500000, maxChargingVoltage:5000000, chargeCounter:1534039, fastChargeStatus:false
06-23 01:41:19.731  1260  1260 V ActivityManager: Broadcast sticky: Intent { act=android.intent.action.BATTERY_CHANGED flg=0x60000010 (has extras) } ordered=false userid=-1 from pid=1260 uid=1000
06-23 01:41:19.732  1260  1260 I DeviceIdleController: updateChargingLocked: charging=true
06-23 01:41:19.733  1260  1260 I DeviceIdleController: becomeActiveLocked, reason = charging
06-23 01:41:19.734  2337  2337 I LoadedApk: com.qualcomm.ims.vt.LowBatteryHandler$1@fc861a8 onReceive android.intent.action.BATTERY_CHANGED in 0ms
06-23 01:41:19.734  3040  3040 I LoadedApk: aomz@4169ded onReceive android.intent.action.BATTERY_CHANGED in 0ms
06-23 01:41:19.736 17552 17552 I LoadedApk: dbxyzptlk.db10020200.dt.c@f152fd3 onReceive android.intent.action.BATTERY_CHANGED in 0ms
06-23 01:41:19.736 17552 17552 I LoadedApk: dbxyzptlk.db10020200.dt.c@2d48941 onReceive android.intent.action.BATTERY_CHANGED in 0ms
06-23 01:41:19.738 15299 15299 I LoadedApk: com.whatsapp.an@8efef5e onReceive android.intent.action.BATTERY_CHANGED in 0ms
06-23 01:41:19.738  3211  3211 I LoadedApk: com.oneplus.opbackup.download.processor.c$a@91b9c05 onReceive android.intent.action.BATTERY_CHANGED in 2ms
06-23 01:41:19.740 17069 17069 I LoadedApk: X.1cI@b9c8a7f onReceive android.intent.action.BATTERY_CHANGED in 0ms
06-23 01:41:19.741  8576  8576 I LoadedApk: X.2HM@4ffd679 onReceive android.intent.action.BATTERY_CHANGED in 0ms
06-23 01:41:19.741  5951  5951 I LoadedApk: amlg@95dd4ae onReceive android.intent.action.BATTERY_CHANGED in 0ms
06-23 01:41:22.161  8503 13756 E ...th.device.callback.b: Timed out waiting for result!
06-23 01:41:22.163  8503 13756 E AmazonKindle.com.amazon.kindle.services.authentication.MAPTokenCache: [BatchTransmitterThreadName]: Retrieving of token: com.amazon.kindle/com.amazon.dcp.sso.token.oauth.amazon.access_token failed
06-23 01:41:22.163  8503 13756 E AmazonKindle.com.amazon.kindle.services.authentication.MAPTokenCache: java.util.concurrent.TimeoutException: Timed out waiting for result!
06-23 01:41:22.163  8503 13756 E AmazonKindle.com.amazon.kindle.services.authentication.MAPTokenCache: 	at com.amazon.identity.auth.device.callback.b.a(DCP:170)
06-23 01:41:22.163  8503 13756 E AmazonKindle.com.amazon.kindle.services.authentication.MAPTokenCache: 	at com.amazon.identity.auth.device.callback.b.get(DCP:26)
06-23 01:41:22.163  8503 13756 E AmazonKindle.com.amazon.kindle.services.authentication.MAPTokenCache: 	at com.amazon.kindle.services.authentication.MAPTokenCache.retrieveToken(MAPTokenCache.java:378)
06-23 01:41:22.163  8503 13756 E AmazonKindle.com.amazon.kindle.services.authentication.MAPTokenCache: 	at com.amazon.kindle.services.authentication.MAPTokenCache.fetchTokenManagementToken(MAPTokenCache.java:338)
06-23 01:41:22.163  8503 13756 E AmazonKindle.com.amazon.kindle.services.authentication.MAPTokenCache: 	at com.amazon.kindle.services.authentication.MAPTokenCache.fetchValue(MAPTokenCache.java:198)
06-23 01:41:22.163  8503 13756 E AmazonKindle.com.amazon.kindle.services.authentication.MAPTokenCache: 	at com.amazon.kindle.services.authentication.MAPTokenCache.getValue(MAPTokenCache.java:156)
06-23 01:41:22.163  8503 13756 E AmazonKindle.com.amazon.kindle.services.authentication.MAPTokenCache: 	at com.amazon.kindle.services.authentication.AuthenticationService.getToken(AuthenticationService.java:333)
06-23 01:41:22.163  8503 13756 E AmazonKindle.com.amazon.kindle.services.authentication.MAPTokenCache: 	at com.amazon.kindle.services.authentication.AuthenticationService.getToken(AuthenticationService.java:338)
06-23 01:41:22.163  8503 13756 E AmazonKindle.com.amazon.kindle.services.authentication.MAPTokenCache: 	at com.amazon.kcp.application.internal.metrics.StandaloneDCMMetricsFactoryProvider$1.getAccessToken(StandaloneDCMMetricsFactoryProvider.java:25)
06-23 01:41:22.163  8503 13756 E AmazonKindle.com.amazon.kindle.services.authentication.MAPTokenCache: 	at com.amazon.client.metrics.BaseMetricsServiceFactory$DelegatingOAuthHelper.getAccessToken(BaseMetricsServiceFactory.java:529)
06-23 01:41:22.163  8503 13756 E AmazonKindle.com.amazon.kindle.services.authentication.MAPTokenCache: 	at com.amazon.client.metrics.transport.ProvidedOAuthMetricsTransport.signRequest(ProvidedOAuthMetricsTransport.java:37)
06-23 01:41:22.163  8503 13756 E AmazonKindle.com.amazon.kindle.services.authentication.MAPTokenCache: 	at com.amazon.client.metrics.transport.AbstractHTTPMetricsTransport.attemptTransmit(AbstractHTTPMetricsTransport.java:126)
06-23 01:41:22.163  8503 13756 E AmazonKindle.com.amazon.kindle.services.authentication.MAPTokenCache: 	at com.amazon.client.metrics.transport.AbstractHTTPMetricsTransport.transmit(AbstractHTTPMetricsTransport.java:75)
06-23 01:41:22.163  8503 13756 E AmazonKindle.com.amazon.kindle.services.authentication.MAPTokenCache: 	at com.amazon.client.metrics.batch.transmitter.BatchTransmitter$QueuePusher.transmitBatch(BatchTransmitter.java:252)
06-23 01:41:22.163  8503 13756 E AmazonKindle.com.amazon.kindle.services.authentication.MAPTokenCache: 	at com.amazon.client.metrics.batch.transmitter.BatchTransmitter$QueuePusher.sendBatches(BatchTransmitter.java:180)
06-23 01:41:22.163  8503 13756 E AmazonKindle.com.amazon.kindle.services.authentication.MAPTokenCache: 	at com.amazon.client.metrics.batch.transmitter.BatchTransmitter$QueuePusher.run(BatchTransmitter.java:138)
06-23 01:41:22.163  8503 13756 E AmazonKindle.com.amazon.kindle.services.authentication.MAPTokenCache: 	at java.util.concurrent.ThreadPoolExecutor.runWorker(ThreadPoolExecutor.java:1162)
06-23 01:41:22.163  8503 13756 E AmazonKindle.com.amazon.kindle.services.authentication.MAPTokenCache: 	at java.util.concurrent.ThreadPoolExecutor$Worker.run(ThreadPoolExecutor.java:636)
06-23 01:41:22.163  8503 13756 E AmazonKindle.com.amazon.kindle.services.authentication.MAPTokenCache: 	at java.lang.Thread.run(Thread.java:764)
06-23 01:41:22.164  8503 13756 E AmazonKindle.com.amazon.kindle.services.authentication.MAPTokenCache: [BatchTransmitterThreadName]: Result is null or empty: [], aborting...
06-23 01:41:22.165  8503 13756 E ProvidedOAuthMetricsTransport: Exception getting OAuth token
06-23 01:41:22.165  8503 13756 E ProvidedOAuthMetricsTransport: java.lang.Exception: Unable to retrieve access token
06-23 01:41:22.165  8503 13756 E ProvidedOAuthMetricsTransport: 	at com.amazon.kcp.application.internal.metrics.StandaloneDCMMetricsFactoryProvider$1.getAccessToken(StandaloneDCMMetricsFactoryProvider.java:28)
06-23 01:41:22.165  8503 13756 E ProvidedOAuthMetricsTransport: 	at com.amazon.client.metrics.BaseMetricsServiceFactory$DelegatingOAuthHelper.getAccessToken(BaseMetricsServiceFactory.java:529)
06-23 01:41:22.165  8503 13756 E ProvidedOAuthMetricsTransport: 	at com.amazon.client.metrics.transport.ProvidedOAuthMetricsTransport.signRequest(ProvidedOAuthMetricsTransport.java:37)
06-23 01:41:22.165  8503 13756 E ProvidedOAuthMetricsTransport: 	at com.amazon.client.metrics.transport.AbstractHTTPMetricsTransport.attemptTransmit(AbstractHTTPMetricsTransport.java:126)
06-23 01:41:22.165  8503 13756 E ProvidedOAuthMetricsTransport: 	at com.amazon.client.metrics.transport.AbstractHTTPMetricsTransport.transmit(AbstractHTTPMetricsTransport.java:75)
06-23 01:41:22.165  8503 13756 E ProvidedOAuthMetricsTransport: 	at com.amazon.client.metrics.batch.transmitter.BatchTransmitter$QueuePusher.transmitBatch(BatchTransmitter.java:252)
06-23 01:41:22.165  8503 13756 E ProvidedOAuthMetricsTransport: 	at com.amazon.client.metrics.batch.transmitter.BatchTransmitter$QueuePusher.sendBatches(BatchTransmitter.java:180)
06-23 01:41:22.165  8503 13756 E ProvidedOAuthMetricsTransport: 	at com.amazon.client.metrics.batch.transmitter.BatchTransmitter$QueuePusher.run(BatchTransmitter.java:138)
06-23 01:41:22.165  8503 13756 E ProvidedOAuthMetricsTransport: 	at java.util.concurrent.ThreadPoolExecutor.runWorker(ThreadPoolExecutor.java:1162)
06-23 01:41:22.165  8503 13756 E ProvidedOAuthMetricsTransport: 	at java.util.concurrent.ThreadPoolExecutor$Worker.run(ThreadPoolExecutor.java:636)
06-23 01:41:22.165  8503 13756 E ProvidedOAuthMetricsTransport: 	at java.lang.Thread.run(Thread.java:764)
06-23 01:41:22.165  8503 13756 I ProvidedOAuthMetricsTransport: Manually releasing wifi lock
06-23 01:41:22.170  8503 13756 I ProvidedOAuthMetricsTransport: Manually releasing wake lock
06-23 01:41:22.172  1260  6802 D PowerManagerService: releaseWL: l=121966539 [HTTPMetricsTransportWakeLock], f=0x1
06-23 01:41:22.176  8503 13756 I ProvidedOAuthMetricsTransport: Attempting transmission using fallback transport
06-23 01:41:22.180  8503 13756 I StaticCredentialMetricsTransport: Acquiring wake lock with timeout: 300000ms
06-23 01:41:22.182  1260  6802 D PowerManagerService: acquireWL: l=68805781, f=0x1, t="HTTPMetricsTransportWakeLock", ws=null, uid=10094, pid=8503
06-23 01:41:22.183  8503 13756 I StaticCredentialMetricsTransport: Acquiring wifi lock
06-23 01:41:22.202  8503 14152 E ....auth.device.token.j: Received an error when calling getOAuthAccessToken. ErrorCode: 3 ErrorMessage: failed to connect to api.amazon.com/52.119.196.25 (port 443) from /192.168.0.104 (port 45276) after 30000ms 
06-23 01:41:22.731  1260  6802 I chatty  : uid=1000(system) Binder:1260_19 expire 7 lines
06-23 01:41:22.743  1260  6802 D PowerManagerService: acquireWL: l=185144439, f=0x1, t="Icing", ws=WorkSource{10010 com.google.android.gms}, uid=10010, pid=3040
06-23 01:41:22.748  1260  2997 V ActivityManager: Broadcast: Intent { act=com.google.android.gms.icing.IME_NOTIFICATION flg=0x10 pkg=com.google.android.inputmethod.pinyin (has extras) } ordered=false userid=0 from pid=3040 uid=10010
06-23 01:41:22.751  1260  2997 V ActivityManager: Broadcast: Intent { act=com.google.android.gms.icing.IME_NOTIFICATION flg=0x10 pkg=com.google.android.apps.inputmethod.hindi (has extras) } ordered=false userid=0 from pid=3040 uid=10010
06-23 01:41:22.753  1260  1274 V ActivityManager: Broadcast: Intent { act=com.google.android.gms.icing.IME_NOTIFICATION flg=0x10 pkg=com.google.android.apps.inputmethod.zhuyin (has extras) } ordered=false userid=0 from pid=3040 uid=10010
06-23 01:41:22.754  1260  1274 V ActivityManager: Broadcast: Intent { act=com.google.android.gms.icing.IME_NOTIFICATION flg=0x10 pkg=com.google.android.inputmethod.latin.canary (has extras) } ordered=false userid=0 from pid=3040 uid=10010
06-23 01:41:22.755  1260  1274 V ActivityManager: Broadcast: Intent { act=com.google.android.gms.icing.IME_NOTIFICATION flg=0x10 pkg=com.android.inputmethod.latin (has extras) } ordered=false userid=0 from pid=3040 uid=10010
06-23 01:41:22.755  1260  1274 V ActivityManager: Broadcast: Intent { act=com.google.android.gms.icing.IME_NOTIFICATION flg=0x10 pkg=com.google.android.inputmethod.japanese (has extras) } ordered=false userid=0 from pid=3040 uid=10010
06-23 01:41:22.756  1260  1274 V ActivityManager: Broadcast: Intent { act=com.google.android.gms.icing.IME_NOTIFICATION flg=0x10 pkg=com.google.android.inputmethod.latin (has extras) } ordered=false userid=0 from pid=3040 uid=10010
06-23 01:41:22.757  1260  1274 V ActivityManager: Broadcast: Intent { act=com.google.android.gms.icing.IME_NOTIFICATION flg=0x10 pkg=com.google.android.inputmethod.latin.dev (has extras) } ordered=false userid=0 from pid=3040 uid=10010
06-23 01:41:22.758  3040  4285 I Icing   : IndexChimeraService.getServiceInterface callingPackage=com.android.chrome componentName=null serviceId=36
06-23 01:41:22.758  1260  1274 V ActivityManager: Broadcast: Intent { act=com.google.android.gms.icing.IME_NOTIFICATION flg=0x10 pkg=com.google.android.inputmethod.korean (has extras) } ordered=false userid=0 from pid=3040 uid=10010
06-23 01:41:22.758  1260  1274 V ActivityManager: Broadcast: Intent { act=com.google.android.gms.icing.IME_NOTIFICATION flg=0x10 pkg=com.google.android.apps.inputmethod.cantonese (has extras) } ordered=false userid=0 from pid=3040 uid=10010
06-23 01:41:22.773  2598  9643 I AsyncOpDispatcher: 19-GetFileDescriptorAndDelete
06-23 01:41:22.788  3040 12445 I Icing   : Usage reports ok 0, Failed Usage reports 0, indexed 0, rejected 0, imm upload false
06-23 01:41:23.798  3040 12445 I Icing   : Indexing 7050A674D5AAD95C6D94110A3CCFAD7419BD94B5 from com.android.chrome
06-23 01:41:23.842  3040 12445 I Icing   : Indexing done 7050A674D5AAD95C6D94110A3CCFAD7419BD94B5
06-23 01:41:23.843  1260  1273 D PowerManagerService: releaseWL: l=185144439 [Icing], f=0x1
06-23 01:41:25.724  1260  1274 D BatteryService: Processing new values: chargerAcOnline=false, chargerUsbOnline=true, chargerWirelessOnline=false, maxChargingCurrent500000, maxChargingVoltage5000000, batteryStatus=2, batteryHealth=2, batteryPresent=true, batteryLevel=51, batteryTechnology=Li-ion, batteryVoltage=3916, batteryChargeCounter=1534695, batteryFullCharge=3027000, batteryTemperature=307, mBatteryLevelCritical=false, mPlugType=2
06-23 01:41:25.725  1260  1274 D BatteryService: Processing new values: chargerAcOnline=false, chargerUsbOnline=true, chargerWirelessOnline=false, maxChargingCurrent500000, maxChargingVoltage5000000, batteryStatus=2, batteryHealth=2, batteryPresent=true, batteryLevel=51, batteryTechnology=Li-ion, batteryVoltage=3916, batteryChargeCounter=1534695, batteryFullCharge=3027000, batteryTemperature=307, mBatteryLevelCritical=false, mPlugType=2
06-23 01:41:25.725  1260  1274 D BatteryService: Sending ACTION_BATTERY_CHANGED.  level:51, scale:100, status:2, health:2, present:true, voltage: 3916, temperature: 307, technology: Li-ion, AC powered:false, USB powered:true, Wireless powered:false, icon:17303316, invalid charger:0, maxChargingCurrent:500000, maxChargingVoltage:5000000, chargeCounter:1534695, fastChargeStatus:false
06-23 01:41:25.725  1260  1260 V ActivityManager: Broadcast sticky: Intent { act=android.intent.action.BATTERY_CHANGED flg=0x60000010 (has extras) } ordered=false userid=-1 from pid=1260 uid=1000
06-23 01:41:25.728  1260  1260 I chatty  : uid=1000 system_server expire 21 lines
06-23 01:41:25.728  1260  1260 I DeviceIdleController: updateChargingLocked: charging=true
06-23 01:41:25.728  1260  1260 I DeviceIdleController: becomeActiveLocked, reason = charging
06-23 01:41:25.731  1983  1983 I chatty  : uid=10028(com.android.systemui) expire 14 lines
06-23 01:41:25.732  3040  3040 I LoadedApk: aomz@4169ded onReceive android.intent.action.BATTERY_CHANGED in 0ms
06-23 01:41:25.733  3211  3211 I LoadedApk: com.oneplus.opbackup.download.processor.c$a@91b9c05 onReceive android.intent.action.BATTERY_CHANGED in 0ms
06-23 01:41:25.734 17069 17069 I LoadedApk: X.1cI@b9c8a7f onReceive android.intent.action.BATTERY_CHANGED in 1ms
06-23 01:41:25.734  8576  8576 I LoadedApk: X.2HM@4ffd679 onReceive android.intent.action.BATTERY_CHANGED in 0ms
06-23 01:41:25.734 15299 15299 I LoadedApk: com.whatsapp.an@8efef5e onReceive android.intent.action.BATTERY_CHANGED in 0ms
06-23 01:41:25.735  5951  5951 I LoadedApk: amlg@95dd4ae onReceive android.intent.action.BATTERY_CHANGED in 0ms
06-23 01:41:25.736 17552 17552 I LoadedApk: dbxyzptlk.db10020200.dt.c@f152fd3 onReceive android.intent.action.BATTERY_CHANGED in 1ms
06-23 01:41:25.736 17552 17552 I LoadedApk: dbxyzptlk.db10020200.dt.c@2d48941 onReceive android.intent.action.BATTERY_CHANGED in 0ms
06-23 01:41:25.737  2337  2337 I LoadedApk: com.qualcomm.ims.vt.LowBatteryHandler$1@fc861a8 onReceive android.intent.action.BATTERY_CHANGED in 0ms
06-23 01:41:27.591  8503 13857 D AbstractMetricsFactoryImpl: record : No data points in metrics event
06-23 01:41:27.854   556   556 W vendor.qti.hard: type=1400 audit(0.0:56948): avc: denied { kill } for capability=5 scontext=u:r:hal_perf_default:s0 tcontext=u:r:hal_perf_default:s0 tclass=capability permissive=0
06-23 01:41:31.724  1260  1274 D BatteryService: Processing new values: chargerAcOnline=false, chargerUsbOnline=true, chargerWirelessOnline=false, maxChargingCurrent500000, maxChargingVoltage5000000, batteryStatus=2, batteryHealth=2, batteryPresent=true, batteryLevel=51, batteryTechnology=Li-ion, batteryVoltage=3923, batteryChargeCounter=1535382, batteryFullCharge=3027000, batteryTemperature=307, mBatteryLevelCritical=false, mPlugType=2
06-23 01:41:31.724  1260  1274 D BatteryService: Processing new values: chargerAcOnline=false, chargerUsbOnline=true, chargerWirelessOnline=false, maxChargingCurrent500000, maxChargingVoltage5000000, batteryStatus=2, batteryHealth=2, batteryPresent=true, batteryLevel=51, batteryTechnology=Li-ion, batteryVoltage=3923, batteryChargeCounter=1535382, batteryFullCharge=3027000, batteryTemperature=307, mBatteryLevelCritical=false, mPlugType=2
06-23 01:41:31.725  1260  1274 D BatteryService: Sending ACTION_BATTERY_CHANGED.  level:51, scale:100, status:2, health:2, present:true, voltage: 3923, temperature: 307, technology: Li-ion, AC powered:false, USB powered:true, Wireless powered:false, icon:17303316, invalid charger:0, maxChargingCurrent:500000, maxChargingVoltage:5000000, chargeCounter:1535382, fastChargeStatus:false
06-23 01:41:31.725  1260  1260 V ActivityManager: Broadcast sticky: Intent { act=android.intent.action.BATTERY_CHANGED flg=0x60000010 (has extras) } ordered=false userid=-1 from pid=1260 uid=1000
06-23 01:41:31.729  1260  1260 I DeviceIdleController: updateChargingLocked: charging=true
06-23 01:41:31.729  1260  1260 I DeviceIdleController: becomeActiveLocked, reason = charging
06-23 01:41:31.730  3040  3040 I LoadedApk: aomz@4169ded onReceive android.intent.action.BATTERY_CHANGED in 1ms
06-23 01:41:31.730  2337  2337 I LoadedApk: com.qualcomm.ims.vt.LowBatteryHandler$1@fc861a8 onReceive android.intent.action.BATTERY_CHANGED in 0ms
06-23 01:41:31.731  5951  5951 I LoadedApk: amlg@95dd4ae onReceive android.intent.action.BATTERY_CHANGED in 0ms
06-23 01:41:31.732  3211  3211 I LoadedApk: com.oneplus.opbackup.download.processor.c$a@91b9c05 onReceive android.intent.action.BATTERY_CHANGED in 0ms
06-23 01:41:31.732  8576  8576 I LoadedApk: X.2HM@4ffd679 onReceive android.intent.action.BATTERY_CHANGED in 0ms
06-23 01:41:31.732 17552 17552 I LoadedApk: dbxyzptlk.db10020200.dt.c@f152fd3 onReceive android.intent.action.BATTERY_CHANGED in 0ms
06-23 01:41:31.733 17552 17552 I LoadedApk: dbxyzptlk.db10020200.dt.c@2d48941 onReceive android.intent.action.BATTERY_CHANGED in 1ms
06-23 01:41:31.733 15299 15299 I LoadedApk: com.whatsapp.an@8efef5e onReceive android.intent.action.BATTERY_CHANGED in 1ms
06-23 01:41:31.733 17069 17069 I LoadedApk: X.1cI@b9c8a7f onReceive android.intent.action.BATTERY_CHANGED in 0ms
06-23 01:41:32.244  8503 13756 W StaticCredentialMetricsTransport: SocketTimeoutException thrown while uploading
06-23 01:41:32.244  8503 13756 W StaticCredentialMetricsTransport: java.net.SocketTimeoutException: failed to connect to device-metrics-us-2.amazon.com/52.46.129.75 (port 443) from /192.168.0.104 (port 38041) after 10000ms
06-23 01:41:32.244  8503 13756 W StaticCredentialMetricsTransport: 	at libcore.io.IoBridge.connectErrno(IoBridge.java:185)
06-23 01:41:32.244  8503 13756 W StaticCredentialMetricsTransport: 	at libcore.io.IoBridge.connect(IoBridge.java:130)
06-23 01:41:32.244  8503 13756 W StaticCredentialMetricsTransport: 	at java.net.PlainSocketImpl.socketConnect(PlainSocketImpl.java:129)
06-23 01:41:32.244  8503 13756 W StaticCredentialMetricsTransport: 	at java.net.AbstractPlainSocketImpl.doConnect(AbstractPlainSocketImpl.java:356)
06-23 01:41:32.244  8503 13756 W StaticCredentialMetricsTransport: 	at java.net.AbstractPlainSocketImpl.connectToAddress(AbstractPlainSocketImpl.java:200)
06-23 01:41:32.244  8503 13756 W StaticCredentialMetricsTransport: 	at java.net.AbstractPlainSocketImpl.connect(AbstractPlainSocketImpl.java:182)
06-23 01:41:32.244  8503 13756 W StaticCredentialMetricsTransport: 	at java.net.SocksSocketImpl.connect(SocksSocketImpl.java:356)
06-23 01:41:32.244  8503 13756 W StaticCredentialMetricsTransport: 	at java.net.Socket.connect(Socket.java:616)
06-23 01:41:32.244  8503 13756 W StaticCredentialMetricsTransport: 	at com.android.okhttp.internal.Platform.connectSocket(Platform.java:145)
06-23 01:41:32.244  8503 13756 W StaticCredentialMetricsTransport: 	at com.android.okhttp.internal.io.RealConnection.connectSocket(RealConnection.java:141)
06-23 01:41:32.244  8503 13756 W StaticCredentialMetricsTransport: 	at com.android.okhttp.internal.io.RealConnection.connect(RealConnection.java:112)
06-23 01:41:32.244  8503 13756 W StaticCredentialMetricsTransport: 	at com.android.okhttp.internal.http.StreamAllocation.findConnection(StreamAllocation.java:184)
06-23 01:41:32.244  8503 13756 W StaticCredentialMetricsTransport: 	at com.android.okhttp.internal.http.StreamAllocation.findHealthyConnection(StreamAllocation.java:126)
06-23 01:41:32.244  8503 13756 W StaticCredentialMetricsTransport: 	at com.android.okhttp.internal.http.StreamAllocation.newStream(StreamAllocation.java:95)
06-23 01:41:32.244  8503 13756 W StaticCredentialMetricsTransport: 	at com.android.okhttp.internal.http.HttpEngine.connect(HttpEngine.java:281)
06-23 01:41:32.244  8503 13756 W StaticCredentialMetricsTransport: 	at com.android.okhttp.internal.http.HttpEngine.sendRequest(HttpEngine.java:224)
06-23 01:41:32.244  8503 13756 W StaticCredentialMetricsTransport: 	at com.android.okhttp.internal.huc.HttpURLConnectionImpl.execute(HttpURLConnectionImpl.java:461)
06-23 01:41:32.244  8503 13756 W StaticCredentialMetricsTransport: 	at com.android.okhttp.internal.huc.HttpURLConnectionImpl.connect(HttpURLConnectionImpl.java:127)
06-23 01:41:32.244  8503 13756 W StaticCredentialMetricsTransport: 	at com.android.okhttp.internal.huc.HttpURLConnectionImpl.getOutputStream(HttpURLConnectionImpl.java:258)
06-23 01:41:32.244  8503 13756 W StaticCredentialMetricsTransport: 	at com.android.okhttp.internal.huc.DelegatingHttpsURLConnection.getOutputStream(DelegatingHttpsURLConnection.java:218)
06-23 01:41:32.244  8503 13756 W StaticCredentialMetricsTransport: 	at com.android.okhttp.internal.huc.HttpsURLConnectionImpl.getOutputStream(Unknown Source:0)
06-23 01:41:32.244  8503 13756 W StaticCredentialMetricsTransport: 	at com.amazon.client.metrics.transport.AbstractHTTPMetricsTransport.attemptTransmit(AbstractHTTPMetricsTransport.java:130)
06-23 01:41:32.244  8503 13756 W StaticCredentialMetricsTransport: 	at com.amazon.client.metrics.transport.AbstractHTTPMetricsTransport.transmit(AbstractHTTPMetricsTransport.java:75)
06-23 01:41:32.244  8503 13756 W StaticCredentialMetricsTransport: 	at com.amazon.client.metrics.transport.AbstractHTTPMetricsTransport.transmit(AbstractHTTPMetricsTransport.java:80)
06-23 01:41:32.244  8503 13756 W StaticCredentialMetricsTransport: 	at com.amazon.client.metrics.batch.transmitter.BatchTransmitter$QueuePusher.transmitBatch(BatchTransmitter.java:252)
06-23 01:41:32.244  8503 13756 W StaticCredentialMetricsTransport: 	at com.amazon.client.metrics.batch.transmitter.BatchTransmitter$QueuePusher.sendBatches(BatchTransmitter.java:180)
06-23 01:41:32.244  8503 13756 W StaticCredentialMetricsTransport: 	at com.amazon.client.metrics.batch.transmitter.BatchTransmitter$QueuePusher.run(BatchTransmitter.java:138)
06-23 01:41:32.244  8503 13756 W StaticCredentialMetricsTransport: 	at java.util.concurrent.ThreadPoolExecutor.runWorker(ThreadPoolExecutor.java:1162)
06-23 01:41:32.244  8503 13756 W StaticCredentialMetricsTransport: 	at java.util.concurrent.ThreadPoolExecutor$Worker.run(ThreadPoolExecutor.java:636)
06-23 01:41:32.244  8503 13756 W StaticCredentialMetricsTransport: 	at java.lang.Thread.run(Thread.java:764)
06-23 01:41:32.245  8503 13756 I StaticCredentialMetricsTransport: Manually releasing wifi lock
06-23 01:41:32.248  8503 13756 I StaticCredentialMetricsTransport: Manually releasing wake lock
06-23 01:41:32.251  1260  2997 D PowerManagerService: releaseWL: l=68805781 [HTTPMetricsTransportWakeLock], f=0x1
06-23 01:41:32.254  8503 13756 W Metrics:BatchTransmitte: QueuePusher.sendBatches - Batch transmission failed on network error, re-enqueuing batch;
06-23 01:41:32.262  8503 13756 I ProvidedOAuthMetricsTransport: Acquiring wake lock with timeout: 300000ms
06-23 01:41:32.264  1260  2997 D PowerManagerService: acquireWL: l=263149672, f=0x1, t="HTTPMetricsTransportWakeLock", ws=null, uid=10094, pid=8503
06-23 01:41:32.266  8503 13756 I ProvidedOAuthMetricsTransport: Acquiring wifi lock
06-23 01:41:32.281  8503 14152 I ...en.OAuthTokenManager: OAuth access token near or past expiry. Refreshing...
06-23 01:41:32.281  8503 14152 I ...en.OAuthTokenManager: Refreshing access token for package com.amazon.kindle
06-23 01:41:32.285  8503 14152 I ....auth.device.utils.d: Cannot get panda registration domain with AccountManagerConstants.PANDA_DOMAIN_KEY, fall back to sign in domain: www.amazon.com
06-23 01:41:32.285  8503 14152 I ....auth.device.utils.d: Use legacy partial domain www.amazon.com in db to construct Panda host
06-23 01:41:32.286  8503 14152 I ....auth.device.token.e: Refreshing Normal OAuth token with exchange token endpoint https://api.amazon.com:443/auth/token due to [com.amazon.kindle]
06-23 01:41:32.295  8503 14152 I ...entity.kcpsdk.auth.d: X-Amzn-RequestId:65a2670c-175a-490f-a48d-b84b4e0d6aa8
06-23 01:41:32.296  8503 14152 I ....auth.device.utils.g: Starting request to endpoint https://api.amazon.com:443/auth/token
06-23 01:41:37.726  1260  2997 D BatteryService: Processing new values: chargerAcOnline=false, chargerUsbOnline=true, chargerWirelessOnline=false, maxChargingCurrent500000, maxChargingVoltage5000000, batteryStatus=2, batteryHealth=2, batteryPresent=true, batteryLevel=51, batteryTechnology=Li-ion, batteryVoltage=3923, batteryChargeCounter=1536042, batteryFullCharge=3027000, batteryTemperature=307, mBatteryLevelCritical=false, mPlugType=2
06-23 01:41:37.726  1260  2997 D BatteryService: Processing new values: chargerAcOnline=false, chargerUsbOnline=true, chargerWirelessOnline=false, maxChargingCurrent500000, maxChargingVoltage5000000, batteryStatus=2, batteryHealth=2, batteryPresent=true, batteryLevel=51, batteryTechnology=Li-ion, batteryVoltage=3923, batteryChargeCounter=1536042, batteryFullCharge=3027000, batteryTemperature=307, mBatteryLevelCritical=false, mPlugType=2
06-23 01:41:37.726  1260  2997 D BatteryService: Sending ACTION_BATTERY_CHANGED.  level:51, scale:100, status:2, health:2, present:true, voltage: 3923, temperature: 307, technology: Li-ion, AC powered:false, USB powered:true, Wireless powered:false, icon:17303316, invalid charger:0, maxChargingCurrent:500000, maxChargingVoltage:5000000, chargeCounter:1536042, fastChargeStatus:false
06-23 01:41:37.727  1260  1260 V ActivityManager: Broadcast sticky: Intent { act=android.intent.action.BATTERY_CHANGED flg=0x60000010 (has extras) } ordered=false userid=-1 from pid=1260 uid=1000
06-23 01:41:37.728  1260  1260 I DeviceIdleController: updateChargingLocked: charging=true
06-23 01:41:37.728  1260  1260 I DeviceIdleController: becomeActiveLocked, reason = charging
06-23 01:41:37.729  1260  1419 I chatty  : uid=1000(system) PowerManagerSer expire 9 lines
06-23 01:41:37.730  3040  3040 I LoadedApk: aomz@4169ded onReceive android.intent.action.BATTERY_CHANGED in 1ms
06-23 01:41:37.730  1983  1983 I chatty  : uid=10028(com.android.systemui) expire 21 lines
06-23 01:41:37.732  2337  2337 I LoadedApk: com.qualcomm.ims.vt.LowBatteryHandler$1@fc861a8 onReceive android.intent.action.BATTERY_CHANGED in 0ms
06-23 01:41:37.732  5951  5951 I LoadedApk: amlg@95dd4ae onReceive android.intent.action.BATTERY_CHANGED in 1ms
06-23 01:41:37.734  8576  8576 I LoadedApk: X.2HM@4ffd679 onReceive android.intent.action.BATTERY_CHANGED in 0ms
06-23 01:41:37.734 17552 17552 I LoadedApk: dbxyzptlk.db10020200.dt.c@f152fd3 onReceive android.intent.action.BATTERY_CHANGED in 0ms
06-23 01:41:37.734 15299 15299 I LoadedApk: com.whatsapp.an@8efef5e onReceive android.intent.action.BATTERY_CHANGED in 0ms
06-23 01:41:37.734 17552 17552 I LoadedApk: dbxyzptlk.db10020200.dt.c@2d48941 onReceive android.intent.action.BATTERY_CHANGED in 0ms
06-23 01:41:37.735 17069 17069 I LoadedApk: X.1cI@b9c8a7f onReceive android.intent.action.BATTERY_CHANGED in 0ms
06-23 01:41:37.735  3211  3211 I LoadedApk: com.oneplus.opbackup.download.processor.c$a@91b9c05 onReceive android.intent.action.BATTERY_CHANGED in 0ms
06-23 01:41:42.272  8503 13756 E ...th.device.callback.b: Timed out waiting for result!
06-23 01:41:42.274  8503 13756 E AmazonKindle.com.amazon.kindle.services.authentication.MAPTokenCache: [BatchTransmitterThreadName]: Retrieving of token: com.amazon.kindle/com.amazon.dcp.sso.token.oauth.amazon.access_token failed
06-23 01:41:42.274  8503 13756 E AmazonKindle.com.amazon.kindle.services.authentication.MAPTokenCache: java.util.concurrent.TimeoutException: Timed out waiting for result!
06-23 01:41:42.274  8503 13756 E AmazonKindle.com.amazon.kindle.services.authentication.MAPTokenCache: 	at com.amazon.identity.auth.device.callback.b.a(DCP:170)
06-23 01:41:42.274  8503 13756 E AmazonKindle.com.amazon.kindle.services.authentication.MAPTokenCache: 	at com.amazon.identity.auth.device.callback.b.get(DCP:26)
06-23 01:41:42.274  8503 13756 E AmazonKindle.com.amazon.kindle.services.authentication.MAPTokenCache: 	at com.amazon.kindle.services.authentication.MAPTokenCache.retrieveToken(MAPTokenCache.java:378)
06-23 01:41:42.274  8503 13756 E AmazonKindle.com.amazon.kindle.services.authentication.MAPTokenCache: 	at com.amazon.kindle.services.authentication.MAPTokenCache.fetchTokenManagementToken(MAPTokenCache.java:338)
06-23 01:41:42.274  8503 13756 E AmazonKindle.com.amazon.kindle.services.authentication.MAPTokenCache: 	at com.amazon.kindle.services.authentication.MAPTokenCache.fetchValue(MAPTokenCache.java:198)
06-23 01:41:42.274  8503 13756 E AmazonKindle.com.amazon.kindle.services.authentication.MAPTokenCache: 	at com.amazon.kindle.services.authentication.MAPTokenCache.getValue(MAPTokenCache.java:156)
06-23 01:41:42.274  8503 13756 E AmazonKindle.com.amazon.kindle.services.authentication.MAPTokenCache: 	at com.amazon.kindle.services.authentication.AuthenticationService.getToken(AuthenticationService.java:333)
06-23 01:41:42.274  8503 13756 E AmazonKindle.com.amazon.kindle.services.authentication.MAPTokenCache: 	at com.amazon.kindle.services.authentication.AuthenticationService.getToken(AuthenticationService.java:338)
06-23 01:41:42.274  8503 13756 E AmazonKindle.com.amazon.kindle.services.authentication.MAPTokenCache: 	at com.amazon.kcp.application.internal.metrics.StandaloneDCMMetricsFactoryProvider$1.getAccessToken(StandaloneDCMMetricsFactoryProvider.java:25)
06-23 01:41:42.274  8503 13756 E AmazonKindle.com.amazon.kindle.services.authentication.MAPTokenCache: 	at com.amazon.client.metrics.BaseMetricsServiceFactory$DelegatingOAuthHelper.getAccessToken(BaseMetricsServiceFactory.java:529)
06-23 01:41:42.274  8503 13756 E AmazonKindle.com.amazon.kindle.services.authentication.MAPTokenCache: 	at com.amazon.client.metrics.transport.ProvidedOAuthMetricsTransport.signRequest(ProvidedOAuthMetricsTransport.java:37)
06-23 01:41:42.274  8503 13756 E AmazonKindle.com.amazon.kindle.services.authentication.MAPTokenCache: 	at com.amazon.client.metrics.transport.AbstractHTTPMetricsTransport.attemptTransmit(AbstractHTTPMetricsTransport.java:126)
06-23 01:41:42.274  8503 13756 E AmazonKindle.com.amazon.kindle.services.authentication.MAPTokenCache: 	at com.amazon.client.metrics.transport.AbstractHTTPMetricsTransport.transmit(AbstractHTTPMetricsTransport.java:75)
06-23 01:41:42.274  8503 13756 E AmazonKindle.com.amazon.kindle.services.authentication.MAPTokenCache: 	at com.amazon.client.metrics.batch.transmitter.BatchTransmitter$QueuePusher.transmitBatch(BatchTransmitter.java:252)
06-23 01:41:42.274  8503 13756 E AmazonKindle.com.amazon.kindle.services.authentication.MAPTokenCache: 	at com.amazon.client.metrics.batch.transmitter.BatchTransmitter$QueuePusher.sendBatches(BatchTransmitter.java:180)
06-23 01:41:42.274  8503 13756 E AmazonKindle.com.amazon.kindle.services.authentication.MAPTokenCache: 	at com.amazon.client.metrics.batch.transmitter.BatchTransmitter$QueuePusher.run(BatchTransmitter.java:138)
06-23 01:41:42.274  8503 13756 E AmazonKindle.com.amazon.kindle.services.authentication.MAPTokenCache: 	at java.util.concurrent.ThreadPoolExecutor.runWorker(ThreadPoolExecutor.java:1162)
06-23 01:41:42.274  8503 13756 E AmazonKindle.com.amazon.kindle.services.authentication.MAPTokenCache: 	at java.util.concurrent.ThreadPoolExecutor$Worker.run(ThreadPoolExecutor.java:636)
06-23 01:41:42.274  8503 13756 E AmazonKindle.com.amazon.kindle.services.authentication.MAPTokenCache: 	at java.lang.Thread.run(Thread.java:764)
06-23 01:41:43.724  1260  2997 D BatteryService: Processing new values: chargerAcOnline=false, chargerUsbOnline=true, chargerWirelessOnline=false, maxChargingCurrent500000, maxChargingVoltage5000000, batteryStatus=2, batteryHealth=2, batteryPresent=true, batteryLevel=51, batteryTechnology=Li-ion, batteryVoltage=3920, batteryChargeCounter=1536469, batteryFullCharge=3027000, batteryTemperature=307, mBatteryLevelCritical=false, mPlugType=2
06-23 01:41:43.724  1260  2997 D BatteryService: Processing new values: chargerAcOnline=false, chargerUsbOnline=true, chargerWirelessOnline=false, maxChargingCurrent500000, maxChargingVoltage5000000, batteryStatus=2, batteryHealth=2, batteryPresent=true, batteryLevel=51, batteryTechnology=Li-ion, batteryVoltage=3920, batteryChargeCounter=1536469, batteryFullCharge=3027000, batteryTemperature=307, mBatteryLevelCritical=false, mPlugType=2
06-23 01:41:43.725  1260  2997 D BatteryService: Sending ACTION_BATTERY_CHANGED.  level:51, scale:100, status:2, health:2, present:true, voltage: 3920, temperature: 307, technology: Li-ion, AC powered:false, USB powered:true, Wireless powered:false, icon:17303316, invalid charger:0, maxChargingCurrent:500000, maxChargingVoltage:5000000, chargeCounter:1536469, fastChargeStatus:false
06-23 01:41:43.725  1260  1260 V ActivityManager: Broadcast sticky: Intent { act=android.intent.action.BATTERY_CHANGED flg=0x60000010 (has extras) } ordered=false userid=-1 from pid=1260 uid=1000
06-23 01:41:43.730  1260  1260 I chatty  : uid=1000 system_server expire 28 lines
06-23 01:41:43.731  1260  1260 I DeviceIdleController: updateChargingLocked: charging=true
06-23 01:41:43.732  1260  1260 I DeviceIdleController: becomeActiveLocked, reason = charging
06-23 01:41:43.743 17069 17069 I LoadedApk: X.1cI@b9c8a7f onReceive android.intent.action.BATTERY_CHANGED in 0ms
06-23 01:41:43.744  2337  2337 I LoadedApk: com.qualcomm.ims.vt.LowBatteryHandler$1@fc861a8 onReceive android.intent.action.BATTERY_CHANGED in 2ms
06-23 01:41:43.744  3040  3040 I LoadedApk: aomz@4169ded onReceive android.intent.action.BATTERY_CHANGED in 1ms
06-23 01:41:43.745 15299 15299 I LoadedApk: com.whatsapp.an@8efef5e onReceive android.intent.action.BATTERY_CHANGED in 0ms
06-23 01:41:43.745 17552 17552 I LoadedApk: dbxyzptlk.db10020200.dt.c@f152fd3 onReceive android.intent.action.BATTERY_CHANGED in 0ms
06-23 01:41:43.745 17552 17552 I LoadedApk: dbxyzptlk.db10020200.dt.c@2d48941 onReceive android.intent.action.BATTERY_CHANGED in 0ms
06-23 01:41:43.746  3211  3211 I LoadedApk: com.oneplus.opbackup.download.processor.c$a@91b9c05 onReceive android.intent.action.BATTERY_CHANGED in 1ms
06-23 01:41:43.746  8576  8576 I LoadedApk: X.2HM@4ffd679 onReceive android.intent.action.BATTERY_CHANGED in 0ms
06-23 01:41:43.746  5951  5951 I LoadedApk: amlg@95dd4ae onReceive android.intent.action.BATTERY_CHANGED in 0ms
06-23 01:41:46.420   880   972 I ThermalEngine: Monitor : quiet_therm = 33, msm_therm = 33, ufs_therm = 33, battery_therm = 307,current_now = -377000 
06-23 01:41:46.530  1260  2997 D BatteryService: Processing new values: chargerAcOnline=false, chargerUsbOnline=true, chargerWirelessOnline=false, maxChargingCurrent500000, maxChargingVoltage5000000, batteryStatus=2, batteryHealth=2, batteryPresent=true, batteryLevel=51, batteryTechnology=Li-ion, batteryVoltage=3920, batteryChargeCounter=1536747, batteryFullCharge=3027000, batteryTemperature=307, mBatteryLevelCritical=false, mPlugType=2
06-23 01:41:46.530  1260  2997 D BatteryService: Processing new values: chargerAcOnline=false, chargerUsbOnline=true, chargerWirelessOnline=false, maxChargingCurrent500000, maxChargingVoltage5000000, batteryStatus=2, batteryHealth=2, batteryPresent=true, batteryLevel=51, batteryTechnology=Li-ion, batteryVoltage=3920, batteryChargeCounter=1536747, batteryFullCharge=3027000, batteryTemperature=307, mBatteryLevelCritical=false, mPlugType=2
06-23 01:41:46.531  1260  2997 D BatteryService: Sending ACTION_BATTERY_CHANGED.  level:51, scale:100, status:2, health:2, present:true, voltage: 3920, temperature: 307, technology: Li-ion, AC powered:false, USB powered:true, Wireless powered:false, icon:17303316, invalid charger:0, maxChargingCurrent:500000, maxChargingVoltage:5000000, chargeCounter:1536747, fastChargeStatus:false
06-23 01:41:46.532  1260  1260 V ActivityManager: Broadcast sticky: Intent { act=android.intent.action.BATTERY_CHANGED flg=0x60000010 (has extras) } ordered=false userid=-1 from pid=1260 uid=1000
06-23 01:41:46.537  1260  1260 I DeviceIdleController: updateChargingLocked: charging=true
06-23 01:41:46.537  1260  1260 I DeviceIdleController: becomeActiveLocked, reason = charging
06-23 01:41:46.541  3211  3211 I LoadedApk: com.oneplus.opbackup.download.processor.c$a@91b9c05 onReceive android.intent.action.BATTERY_CHANGED in 0ms
06-23 01:41:46.541  3040  3040 I LoadedApk: aomz@4169ded onReceive android.intent.action.BATTERY_CHANGED in 0ms
06-23 01:41:46.542  2337  2337 I LoadedApk: com.qualcomm.ims.vt.LowBatteryHandler$1@fc861a8 onReceive android.intent.action.BATTERY_CHANGED in 0ms
06-23 01:41:46.544  8576  8576 I LoadedApk: X.2HM@4ffd679 onReceive android.intent.action.BATTERY_CHANGED in 1ms
06-23 01:41:46.545 17069 17069 I LoadedApk: X.1cI@b9c8a7f onReceive android.intent.action.BATTERY_CHANGED in 0ms
06-23 01:41:46.546 15299 15299 I LoadedApk: com.whatsapp.an@8efef5e onReceive android.intent.action.BATTERY_CHANGED in 0ms
06-23 01:41:46.547 17552 17552 I LoadedApk: dbxyzptlk.db10020200.dt.c@f152fd3 onReceive android.intent.action.BATTERY_CHANGED in 1ms
06-23 01:41:46.548 17552 17552 I LoadedApk: dbxyzptlk.db10020200.dt.c@2d48941 onReceive android.intent.action.BATTERY_CHANGED in 1ms
06-23 01:41:46.549   996  2290 V LocSvc_HIDL_IzatProvider: [onLocationChanged][67] [HS] =>>>> [HC]
06-23 01:41:46.551   996  2290 V LocSvc_HIDL_IzatProvider: [onLocationChanged][67] [HS] =>>>> [HC]
06-23 01:41:46.551  5951  5951 I LoadedApk: amlg@95dd4ae onReceive android.intent.action.BATTERY_CHANGED in 1ms
06-23 01:41:46.552  1260  2289 D PowerManagerService: acquireWL: l=176179694, f=0x1, t="LocationManagerService", ws=WorkSource{1000 android}, uid=1000, pid=1260
06-23 01:41:46.553  1260  2289 D PowerManagerService: acquireWL: l=55829855, f=0x1, t="LocationManagerService", ws=WorkSource{1000 com.qualcomm.location}, uid=1000, pid=1260
06-23 01:41:46.555  1260  2289 D PowerManagerService: acquireWL: l=59741468, f=0x1, t="LocationManagerService", ws=WorkSource{10010 com.google.android.gms}, uid=1000, pid=1260
06-23 01:41:46.558  1260  2289 D PowerManagerService: acquireWL: l=54080805, f=0x1, t="LocationManagerService", ws=WorkSource{10010 com.google.android.gms}, uid=1000, pid=1260
06-23 01:41:46.559  1260  1273 D PowerManagerService: releaseWL: l=54080805 [LocationManagerService], f=0x1
06-23 01:41:46.560  1260  3188 D PowerManagerService: releaseWL: l=55829855 [LocationManagerService], f=0x1
06-23 01:41:46.560  1260  1274 D PowerManagerService: releaseWL: l=59741468 [LocationManagerService], f=0x1
06-23 01:41:46.562  1260  2289 D PowerManagerService: acquireWL: l=55829855, f=0x1, t="LocationManagerService", ws=WorkSource{1000 com.qualcomm.location}, uid=1000, pid=1260
06-23 01:41:46.563  1260  2289 D PowerManagerService: acquireWL: l=59741468, f=0x1, t="LocationManagerService", ws=WorkSource{10010 com.google.android.gms}, uid=1000, pid=1260
06-23 01:41:46.564  1260  2289 D PowerManagerService: acquireWL: l=54080805, f=0x1, t="LocationManagerService", ws=WorkSource{10010 com.google.android.gms}, uid=1000, pid=1260
06-23 01:41:46.565  1260  1273 D PowerManagerService: releaseWL: l=54080805 [LocationManagerService], f=0x1
06-23 01:41:46.566  1260  1274 D PowerManagerService: releaseWL: l=59741468 [LocationManagerService], f=0x1
06-23 01:41:46.566  1260  3188 D PowerManagerService: releaseWL: l=55829855 [LocationManagerService], f=0x1
06-23 01:41:46.567  1260  2289 D PowerManagerService: releaseWL: l=176179694 [LocationManagerService], f=0x1
06-23 01:41:48.208  8503 13755 E AmazonKindle.com.amazon.kindle.webservices.BaseWebRequestExecutor: [Timer-0]: error
06-23 01:41:48.208  8503 13755 E AmazonKindle.com.amazon.kindle.webservices.BaseWebRequestExecutor: java.net.SocketTimeoutException: failed to connect to ecx.images-amazon.com/52.85.98.46 (port 80) from /192.168.0.104 (port 44801) after 60000ms: isConnected failed: ETIMEDOUT (Connection timed out)
06-23 01:41:48.208  8503 13755 E AmazonKindle.com.amazon.kindle.webservices.BaseWebRequestExecutor: 	at libcore.io.IoBridge.isConnected(IoBridge.java:271)
06-23 01:41:48.208  8503 13755 E AmazonKindle.com.amazon.kindle.webservices.BaseWebRequestExecutor: 	at libcore.io.IoBridge.connectErrno(IoBridge.java:188)
06-23 01:41:48.208  8503 13755 E AmazonKindle.com.amazon.kindle.webservices.BaseWebRequestExecutor: 	at libcore.io.IoBridge.connect(IoBridge.java:130)
06-23 01:41:48.208  8503 13755 E AmazonKindle.com.amazon.kindle.webservices.BaseWebRequestExecutor: 	at java.net.PlainSocketImpl.socketConnect(PlainSocketImpl.java:129)
06-23 01:41:48.208  8503 13755 E AmazonKindle.com.amazon.kindle.webservices.BaseWebRequestExecutor: 	at java.net.AbstractPlainSocketImpl.doConnect(AbstractPlainSocketImpl.java:356)
06-23 01:41:48.208  8503 13755 E AmazonKindle.com.amazon.kindle.webservices.BaseWebRequestExecutor: 	at java.net.AbstractPlainSocketImpl.connectToAddress(AbstractPlainSocketImpl.java:200)
06-23 01:41:48.208  8503 13755 E AmazonKindle.com.amazon.kindle.webservices.BaseWebRequestExecutor: 	at java.net.AbstractPlainSocketImpl.connect(AbstractPlainSocketImpl.java:182)
06-23 01:41:48.208  8503 13755 E AmazonKindle.com.amazon.kindle.webservices.BaseWebRequestExecutor: 	at java.net.SocksSocketImpl.connect(SocksSocketImpl.java:356)
06-23 01:41:48.208  8503 13755 E AmazonKindle.com.amazon.kindle.webservices.BaseWebRequestExecutor: 	at java.net.Socket.connect(Socket.java:616)
06-23 01:41:48.208  8503 13755 E AmazonKindle.com.amazon.kindle.webservices.BaseWebRequestExecutor: 	at com.android.okhttp.internal.Platform.connectSocket(Platform.java:145)
06-23 01:41:48.208  8503 13755 E AmazonKindle.com.amazon.kindle.webservices.BaseWebRequestExecutor: 	at com.android.okhttp.internal.io.RealConnection.connectSocket(RealConnection.java:141)
06-23 01:41:48.208  8503 13755 E AmazonKindle.com.amazon.kindle.webservices.BaseWebRequestExecutor: 	at com.android.okhttp.internal.io.RealConnection.connect(RealConnection.java:112)
