--------- beginning of system
06-23 01:09:48.224  1260  6802 I chatty  : uid=1000(system) Binder:1260_19 expire 14 lines
06-23 01:09:48.228  1260  2255 I chatty  : uid=1000(system) Binder:1260_7 expire 32 lines
06-23 01:09:48.681  5835  5835 D APP_LAUNCH_START: 35187026 (2) doProcessInputEvents ACTION_DOWN [697,1295]
06-23 01:09:48.757  5835  5835 D APP_LAUNCH: 35187103 (4) doProcessInputEvents ACTION_UP [755,1144]
06-23 01:09:48.858  5835  5835 D APP_LAUNCH_START: 35187204 (1) doProcessInputEvents ACTION_DOWN [742,1109]
06-23 01:09:49.008  5835  5835 D APP_LAUNCH: 35187353 (4) doProcessInputEvents ACTION_UP [742,1109]
06-23 01:09:49.096  1260  1718 I chatty  : uid=1000(system) android.anim expire 7 lines
06-23 01:09:49.133  1260  1730 I chatty  : uid=1000(system) AlarmManager expire 24 lines
06-23 01:09:49.157  1260  2289 I chatty  : uid=1000(system) LocationThread expire 1 line
06-23 01:09:49.158  1260  3188 I chatty  : uid=1000(system) IzatProvider expire 1 line
06-23 01:09:49.932  5835  5835 D APP_LAUNCH_START: 35188277 (2) doProcessInputEvents ACTION_DOWN [703,1255]
06-23 01:09:49.993  5835  5835 D APP_LAUNCH: 35188338 (3) doProcessInputEvents ACTION_UP [745,1154]
06-23 01:09:50.103  5835  5835 D APP_LAUNCH_START: 35188449 (10) doProcessInputEvents ACTION_DOWN [776,1103]
06-23 01:09:50.222  5835  5835 D APP_LAUNCH: 35188568 (1) doProcessInputEvents ACTION_UP [776,1103]
06-23 01:09:51.125  5835  5835 D APP_LAUNCH_START: 35189471 (2) doProcessInputEvents ACTION_DOWN [688,1288]
06-23 01:09:51.280  5835  5835 D APP_LAUNCH: 35189626 (4) doProcessInputEvents ACTION_UP [692,1196]
06-23 01:09:52.836  1260  1287 I chatty  : uid=1000(system) android.bg expire 47 lines
06-23 01:09:53.540  1260  2997 I chatty  : uid=1000(system) Binder:1260_11 expire 8 lines
06-23 01:09:53.623  1260  1758 I chatty  : uid=1000(system) ConnectivitySer expire 3 lines
06-23 01:09:54.041  1260  1805 I chatty  : uid=1000(system) Binder:1260_3 expire 6 lines
06-23 01:09:55.954  5835  5835 D APP_LAUNCH_START: 35194300 (3) doProcessInputEvents ACTION_DOWN [840,1186]
06-23 01:09:56.103  5835  5835 D APP_LAUNCH: 35194448 (7) doProcessInputEvents ACTION_UP [860,1111]
06-23 01:09:58.576  5835  5835 D APP_LAUNCH_START: 35196922 (2) doProcessInputEvents ACTION_DOWN [837,1208]
06-23 01:09:58.652  5835  5835 D APP_LAUNCH: 35196998 (5) doProcessInputEvents ACTION_UP [864,1138]
06-23 01:09:58.669  1260  1260 I chatty  : uid=1000 system_server expire 7 lines
06-23 01:09:58.987  1260  2255 I chatty  : uid=1000(system) Binder:1260_7 expire 20 lines
06-23 01:09:59.143  1260  1274 I chatty  : uid=1000(system) Binder:1260_2 expire 10 lines
06-23 01:09:59.145  1260  1287 I chatty  : uid=1000(system) android.bg expire 53 lines
06-23 01:09:59.164  1260  1260 I chatty  : uid=1000 system_server expire 29 lines
06-23 01:09:59.654  1260  1758 I chatty  : uid=1000(system) ConnectivitySer expire 72 lines
06-23 01:09:59.654  1260  1753 I chatty  : uid=1000(system) WifiStateMachin expire 2 lines
06-23 01:10:00.000  1260  1730 I chatty  : uid=1000(system) AlarmManager expire 12 lines
06-23 01:10:00.115  1260  1805 I chatty  : uid=1000(system) Binder:1260_3 expire 2 lines
06-23 01:10:01.111  5835  5835 D APP_LAUNCH_START: 35199457 (3) doProcessInputEvents ACTION_DOWN [695,1339]
06-23 01:10:01.263  5835  5835 D APP_LAUNCH: 35199608 (5) doProcessInputEvents ACTION_UP [688,1296]
06-23 01:10:01.643  5835  5835 D APP_LAUNCH_START: 35199989 (2) doProcessInputEvents ACTION_DOWN [689,1302]
06-23 01:10:01.792  5835  5835 D APP_LAUNCH: 35200137 (6) doProcessInputEvents ACTION_UP [689,1154]
06-23 01:10:01.849  5835  5835 D APP_LAUNCH_START: 35200195 (3) doProcessInputEvents ACTION_DOWN [698,1152]
06-23 01:10:02.036  5835  5835 D APP_LAUNCH: 35200382 (2) doProcessInputEvents ACTION_UP [698,1152]
06-23 01:10:04.327  1260  2997 I chatty  : uid=1000(system) Binder:1260_11 expire 1 line
06-23 01:10:04.375  1260  6802 I chatty  : uid=1000(system) Binder:1260_19 expire 5 lines
06-23 01:10:04.630  5835  5835 D APP_LAUNCH_START: 35202976 (4) doProcessInputEvents ACTION_DOWN [656,1390]
06-23 01:10:04.742  5835  5835 D APP_LAUNCH: 35203087 (2) doProcessInputEvents ACTION_UP [663,1261]
06-23 01:10:04.841  5835  5835 D APP_LAUNCH_START: 35203187 (6) doProcessInputEvents ACTION_DOWN [673,1268]
06-23 01:10:04.877  1260  4536 I chatty  : uid=1000(system) Binder:1260_16 expire 1 line
06-23 01:10:04.982  5835  5835 D APP_LAUNCH: 35203328 (1) doProcessInputEvents ACTION_UP [673,1268]
06-23 01:10:05.376  1260  1290 I chatty  : uid=1000(system) ActivityManager expire 1 line
06-23 01:10:06.306  1260  3037 I chatty  : uid=1000(system) Binder:1260_15 expire 20 lines
06-23 01:10:08.229  1260  1260 I chatty  : uid=1000 system_server expire 23 lines
06-23 01:10:09.810  1983  1983 D APP_LAUNCH_START: 35208155 (3) doProcessInputEvents ACTION_DOWN [544,64]
06-23 01:10:09.817  1260 13357 I chatty  : uid=1000 system_server expire 2 lines
06-23 01:10:09.819  1260  1740 I chatty  : uid=1000(system) InputDispatcher expire 25 lines
06-23 01:10:09.888  1983  1983 D APP_LAUNCH: 35208234 (0) doProcessInputEvents ACTION_UP [544,64]
06-23 01:10:09.914  1260  1290 I chatty  : uid=1000(system) ActivityManager expire 11 lines
06-23 01:10:09.923  1260  6802 I chatty  : uid=1000(system) Binder:1260_19 expire 4 lines
06-23 01:10:09.958  1260  4536 I chatty  : uid=1000(system) Binder:1260_16 expire 56 lines
06-23 01:10:09.997  1260  1287 I chatty  : uid=1000(system) android.bg expire 2 lines
06-23 01:10:10.000  1260  1730 I chatty  : uid=1000(system) AlarmManager expire 7 lines
06-23 01:10:10.015  1260  1718 I chatty  : uid=1000(system) android.anim expire 27 lines
06-23 01:10:10.053  1260  2255 I chatty  : uid=1000(system) Binder:1260_7 expire 3 lines
06-23 01:10:10.074  1260  1417 I chatty  : uid=1000(system) android.display expire 5 lines
06-23 01:10:10.415  1260  2997 I chatty  : uid=1000(system) Binder:1260_11 expire 55 lines
06-23 01:10:10.418  2973  2973 D APP_LAUNCH_START: 35208763 (1) doProcessInputEvents ACTION_DOWN [131,1714]
06-23 01:10:10.459  2973  2973 D APP_LAUNCH: 35208805 (1) doProcessInputEvents ACTION_UP [131,1714]
06-23 01:10:10.521  1260  1718 I chatty  : uid=1000(system) android.anim expire 24 lines
06-23 01:10:10.539  1260  2255 I chatty  : uid=1000(system) Binder:1260_7 expire 43 lines
06-23 01:10:10.540  1260  1758 I chatty  : uid=1000(system) ConnectivitySer expire 8 lines
06-23 01:10:10.625  1260  3037 I chatty  : uid=1000(system) Binder:1260_15 expire 1 line
06-23 01:10:10.685  1260  1417 I chatty  : uid=1000(system) android.display expire 5 lines
06-23 01:10:10.692  1260 10771 I chatty  : uid=1000(system) Binder:1260_1C expire 1 line
06-23 01:10:10.791  1260  6802 I chatty  : uid=1000(system) Binder:1260_19 expire 14 lines
06-23 01:10:11.000  1260  1290 I chatty  : uid=1000(system) ActivityManager expire 4 lines
06-23 01:10:11.009  1260  7332 I chatty  : uid=1000(system) Binder:1260_1A expire 17 lines
06-23 01:10:11.015  1260  1260 I chatty  : uid=1000 system_server expire 28 lines
06-23 01:10:11.695  1260  1730 I chatty  : uid=1000(system) AlarmManager expire 15 lines
06-23 01:10:12.481  6661  6661 D APP_LAUNCH_START: 35210826 (5) doProcessInputEvents ACTION_DOWN [314,815]
06-23 01:10:12.553  6661  6661 D APP_LAUNCH: 35210899 (4) doProcessInputEvents ACTION_UP [315,946]
06-23 01:10:13.160  6661  6661 D APP_LAUNCH_START: 35211506 (1) doProcessInputEvents ACTION_DOWN [1011,156]
06-23 01:10:13.631  1260  4536 I chatty  : uid=1000(system) Binder:1260_16 expire 10 lines
06-23 01:10:14.277  6661  6661 D APP_LAUNCH: 35212623 (1085) doProcessInputEvents ACTION_UP [1011,156]
06-23 01:10:14.279  6661  6661 D APP_LAUNCH_START: 35212625 (17) doProcessInputEvents ACTION_DOWN [1011,157]
06-23 01:10:14.332  1260  1295 I chatty  : uid=1000(system) batterystats-sy expire 1 line
06-23 01:10:14.356  1260 13386 I chatty  : uid=1000 system_server expire 6 lines
06-23 01:10:14.360  6661  6661 D APP_LAUNCH: 35212705 (55) doProcessInputEvents ACTION_UP [1011,157]
06-23 01:10:14.975  6661  6661 D APP_LAUNCH_START: 35213320 (1) doProcessInputEvents ACTION_DOWN [287,213]
06-23 01:10:15.032  6661  6661 D APP_LAUNCH: 35213378 (1) doProcessInputEvents ACTION_UP [287,213]
06-23 01:10:15.552  1260  1287 I chatty  : uid=1000(system) android.bg expire 65 lines
06-23 01:10:16.625  6661  6661 D APP_LAUNCH_START: 35214970 (2) doProcessInputEvents ACTION_DOWN [427,901]
06-23 01:10:16.691  6661  6661 D APP_LAUNCH: 35215036 (1) doProcessInputEvents ACTION_UP [427,901]
06-23 01:10:17.413  1260  1730 I chatty  : uid=1000(system) AlarmManager expire 17 lines
06-23 01:10:17.419  1260  2997 I chatty  : uid=1000(system) Binder:1260_11 expire 14 lines
06-23 01:10:17.426  1260  1260 I chatty  : uid=1000 system_server expire 19 lines
06-23 01:10:17.439  1260  4536 I chatty  : uid=1000(system) Binder:1260_16 expire 10 lines
06-23 01:10:17.440  1260  7332 I chatty  : uid=1000(system) Binder:1260_1A expire 16 lines
06-23 01:10:17.472  1260  2255 I chatty  : uid=1000(system) Binder:1260_7 expire 4 lines
06-23 01:10:17.626  1260  6802 I chatty  : uid=1000(system) Binder:1260_19 expire 17 lines
06-23 01:10:17.762  1260  1758 I chatty  : uid=1000(system) ConnectivitySer expire 41 lines
06-23 01:10:17.762  1260  1753 I chatty  : uid=1000(system) WifiStateMachin expire 6 lines
06-23 01:10:22.054   992   992 W wificond: Failed to get NL80211_ATTR_STATUS_CODE
06-23 01:10:22.079   992   992 E wificond: Failed to get NL80211_STA_INFO_TX_PACKETS
06-23 01:10:22.117  1260  1290 I chatty  : uid=1000(system) ActivityManager expire 1 line
06-23 01:10:22.118  1260  1754 I chatty  : uid=1000(system) IpManager.wlan0 expire 1 line
06-23 01:10:23.807  1260  1758 I chatty  : uid=1000(system) ConnectivitySer expire 92 lines
06-23 01:10:23.807  1260  1753 I chatty  : uid=1000(system) WifiStateMachin expire 6 lines
06-23 01:10:24.585  1260  1290 I chatty  : uid=1000(system) ActivityManager expire 1 line
06-23 01:10:25.000  1260  1730 I chatty  : uid=1000(system) AlarmManager expire 7 lines
06-23 01:10:25.060  1260  6802 I chatty  : uid=1000(system) Binder:1260_19 expire 1 line
06-23 01:10:25.077  1260  1260 I chatty  : uid=1000 system_server expire 3 lines
06-23 01:10:25.127  1260 10130 I chatty  : uid=1000 system_server expire 1 line
06-23 01:10:25.292   992   992 I wificond: Oem Command: iwpriv wlan0 wowlDelPtrn 28:05:c0eefbf55376000000000000080045000000000000000000000000000000c0a8006d000000000000:fc0e0003c0 (len=122)
06-23 01:10:25.292   992   992 I wificond: iwpriv tool:/system/bin/iwpriv
06-23 01:10:25.301  1260  2969 I chatty  : uid=1000(system) Binder:1260_E expire 3 lines
06-23 01:10:25.302  1260  3037 I chatty  : uid=1000(system) Binder:1260_15 expire 26 lines
06-23 01:10:25.308  1260  7332 I chatty  : uid=1000(system) Binder:1260_1A expire 9 lines
06-23 01:10:25.310  1260  2978 I chatty  : uid=1000(system) Binder:1260_10 expire 34 lines
06-23 01:10:25.326  1260  1805 I chatty  : uid=1000(system) Binder:1260_3 expire 4 lines
06-23 01:10:25.365   992   992 I wificond: iwpriv command: 0
06-23 01:10:25.384  1260  3001 I chatty  : uid=1000(system) Binder:1260_13 expire 8 lines
06-23 01:10:25.408  1260  1415 I chatty  : uid=1000(system) android.fg expire 1 line
06-23 01:10:25.411 23866 23866 W ContextImpl: Calling a method in the system process without a qualified user: android.app.ContextImpl.sendBroadcast:967 android.content.ContextWrapper.sendBroadcast:432 com.oneplus.security.SecureService$b.onReceive:172 android.app.LoadedApk$ReceiverDispatcher$Args.lambda$-android_app_LoadedApk$ReceiverDispatcher$Args_53427:1339 android.app.-$Lambda$FilBqgnXJrN9Mgyks1XHeAxzSTk.$m$0:4 
06-23 01:10:25.414  1260  2847 I chatty  : uid=1000(system) Binder:1260_A expire 8 lines
06-23 01:10:25.416 23866 23866 W ContextImpl: Calling a method in the system process without a qualified user: android.app.ContextImpl.sendBroadcast:967 android.content.ContextWrapper.sendBroadcast:432 com.oneplus.security.SecureService$b.onReceive:172 android.app.LoadedApk$ReceiverDispatcher$Args.lambda$-android_app_LoadedApk$ReceiverDispatcher$Args_53427:1339 android.app.-$Lambda$FilBqgnXJrN9Mgyks1XHeAxzSTk.$m$0:4 
06-23 01:10:25.418 23866 23866 W ContextImpl: Calling a method in the system process without a qualified user: android.app.ContextImpl.sendBroadcast:967 android.content.ContextWrapper.sendBroadcast:432 com.oneplus.security.SecureService$b.onReceive:172 android.app.LoadedApk$ReceiverDispatcher$Args.lambda$-android_app_LoadedApk$ReceiverDispatcher$Args_53427:1339 android.app.-$Lambda$FilBqgnXJrN9Mgyks1XHeAxzSTk.$m$0:4 
06-23 01:10:25.452 23866 23866 W ContextImpl: Calling a method in the system process without a qualified user: android.app.ContextImpl.sendBroadcast:967 android.content.ContextWrapper.sendBroadcast:432 com.oneplus.security.SecureService$b.onReceive:172 android.app.LoadedApk$ReceiverDispatcher$Args.lambda$-android_app_LoadedApk$ReceiverDispatcher$Args_53427:1339 android.app.-$Lambda$FilBqgnXJrN9Mgyks1XHeAxzSTk.$m$0:4 
06-23 01:10:25.465 23866 23866 W ContextImpl: Calling a method in the system process without a qualified user: android.app.ContextImpl.sendBroadcast:967 android.content.ContextWrapper.sendBroadcast:432 com.oneplus.security.SecureService$b.onReceive:172 android.app.LoadedApk$ReceiverDispatcher$Args.lambda$-android_app_LoadedApk$ReceiverDispatcher$Args_53427:1339 android.app.-$Lambda$FilBqgnXJrN9Mgyks1XHeAxzSTk.$m$0:4 
06-23 01:10:25.470 23866 23866 W ContextImpl: Calling a method in the system process without a qualified user: android.app.ContextImpl.sendBroadcast:967 android.content.ContextWrapper.sendBroadcast:432 com.oneplus.security.SecureService$b.onReceive:172 android.app.LoadedApk$ReceiverDispatcher$Args.lambda$-android_app_LoadedApk$ReceiverDispatcher$Args_53427:1339 android.app.-$Lambda$FilBqgnXJrN9Mgyks1XHeAxzSTk.$m$0:4 
06-23 01:10:25.480 23866 23866 W ContextImpl: Calling a method in the system process without a qualified user: android.app.ContextImpl.sendBroadcast:967 android.content.ContextWrapper.sendBroadcast:432 com.oneplus.security.SecureService$b.onReceive:172 android.app.LoadedApk$ReceiverDispatcher$Args.lambda$-android_app_LoadedApk$ReceiverDispatcher$Args_53427:1339 android.app.-$Lambda$FilBqgnXJrN9Mgyks1XHeAxzSTk.$m$0:4 
06-23 01:10:25.486 23866 23866 W ContextImpl: Calling a method in the system process without a qualified user: android.app.ContextImpl.sendBroadcast:967 android.content.ContextWrapper.sendBroadcast:432 com.oneplus.security.SecureService$b.onReceive:172 android.app.LoadedApk$ReceiverDispatcher$Args.lambda$-android_app_LoadedApk$ReceiverDispatcher$Args_53427:1339 android.app.-$Lambda$FilBqgnXJrN9Mgyks1XHeAxzSTk.$m$0:4 
06-23 01:10:25.490 23866 23866 W ContextImpl: Calling a method in the system process without a qualified user: android.app.ContextImpl.sendBroadcast:967 android.content.ContextWrapper.sendBroadcast:432 com.oneplus.security.SecureService$b.onReceive:172 android.app.LoadedApk$ReceiverDispatcher$Args.lambda$-android_app_LoadedApk$ReceiverDispatcher$Args_53427:1339 android.app.-$Lambda$FilBqgnXJrN9Mgyks1XHeAxzSTk.$m$0:4 
06-23 01:10:25.491  1260  3021 I chatty  : uid=1000(system) Binder:1260_14 expire 1 line
06-23 01:10:25.519 23866 23866 W ContextImpl: Calling a method in the system process without a qualified user: android.app.ContextImpl.sendBroadcast:967 android.content.ContextWrapper.sendBroadcast:432 com.oneplus.security.SecureService$b.onReceive:172 android.app.LoadedApk$ReceiverDispatcher$Args.lambda$-android_app_LoadedApk$ReceiverDispatcher$Args_53427:1339 android.app.-$Lambda$FilBqgnXJrN9Mgyks1XHeAxzSTk.$m$0:4 
06-23 01:10:25.538 23866 23866 W ContextImpl: Calling a method in the system process without a qualified user: android.app.ContextImpl.sendBroadcast:967 android.content.ContextWrapper.sendBroadcast:432 com.oneplus.security.SecureService$b.onReceive:172 android.app.LoadedApk$ReceiverDispatcher$Args.lambda$-android_app_LoadedApk$ReceiverDispatcher$Args_53427:1339 android.app.-$Lambda$FilBqgnXJrN9Mgyks1XHeAxzSTk.$m$0:4 
06-23 01:10:25.540 23866 23866 W ContextImpl: Calling a method in the system process without a qualified user: android.app.ContextImpl.sendBroadcast:967 android.content.ContextWrapper.sendBroadcast:432 com.oneplus.security.SecureService$b.onReceive:172 android.app.LoadedApk$ReceiverDispatcher$Args.lambda$-android_app_LoadedApk$ReceiverDispatcher$Args_53427:1339 android.app.-$Lambda$FilBqgnXJrN9Mgyks1XHeAxzSTk.$m$0:4 
06-23 01:10:25.542 23866 23866 W ContextImpl: Calling a method in the system process without a qualified user: android.app.ContextImpl.sendBroadcast:967 android.content.ContextWrapper.sendBroadcast:432 com.oneplus.security.SecureService$b.onReceive:172 android.app.LoadedApk$ReceiverDispatcher$Args.lambda$-android_app_LoadedApk$ReceiverDispatcher$Args_53427:1339 android.app.-$Lambda$FilBqgnXJrN9Mgyks1XHeAxzSTk.$m$0:4 
06-23 01:10:25.576 23866 23866 W ContextImpl: Calling a method in the system process without a qualified user: android.app.ContextImpl.sendBroadcast:967 android.content.ContextWrapper.sendBroadcast:432 com.oneplus.security.SecureService$b.onReceive:172 android.app.LoadedApk$ReceiverDispatcher$Args.lambda$-android_app_LoadedApk$ReceiverDispatcher$Args_53427:1339 android.app.-$Lambda$FilBqgnXJrN9Mgyks1XHeAxzSTk.$m$0:4 
06-23 01:10:25.579 23866 23866 W ContextImpl: Calling a method in the system process without a qualified user: android.app.ContextImpl.sendBroadcast:967 android.content.ContextWrapper.sendBroadcast:432 com.oneplus.security.SecureService$b.onReceive:172 android.app.LoadedApk$ReceiverDispatcher$Args.lambda$-android_app_LoadedApk$ReceiverDispatcher$Args_53427:1339 android.app.-$Lambda$FilBqgnXJrN9Mgyks1XHeAxzSTk.$m$0:4 
06-23 01:10:25.582 23866 23866 W ContextImpl: Calling a method in the system process without a qualified user: android.app.ContextImpl.sendBroadcast:967 android.content.ContextWrapper.sendBroadcast:432 com.oneplus.security.SecureService$b.onReceive:172 android.app.LoadedApk$ReceiverDispatcher$Args.lambda$-android_app_LoadedApk$ReceiverDispatcher$Args_53427:1339 android.app.-$Lambda$FilBqgnXJrN9Mgyks1XHeAxzSTk.$m$0:4 
06-23 01:10:25.589 23866 23866 W ContextImpl: Calling a method in the system process without a qualified user: android.app.ContextImpl.sendBroadcast:967 android.content.ContextWrapper.sendBroadcast:432 com.oneplus.security.SecureService$b.onReceive:172 android.app.LoadedApk$ReceiverDispatcher$Args.lambda$-android_app_LoadedApk$ReceiverDispatcher$Args_53427:1339 android.app.-$Lambda$FilBqgnXJrN9Mgyks1XHeAxzSTk.$m$0:4 
06-23 01:10:25.616 23866 23866 W ContextImpl: Calling a method in the system process without a qualified user: android.app.ContextImpl.sendBroadcast:967 android.content.ContextWrapper.sendBroadcast:432 com.oneplus.security.SecureService$b.onReceive:172 android.app.LoadedApk$ReceiverDispatcher$Args.lambda$-android_app_LoadedApk$ReceiverDispatcher$Args_53427:1339 android.app.-$Lambda$FilBqgnXJrN9Mgyks1XHeAxzSTk.$m$0:4 
06-23 01:10:25.619 23866 23866 W ContextImpl: Calling a method in the system process without a qualified user: android.app.ContextImpl.sendBroadcast:967 android.content.ContextWrapper.sendBroadcast:432 com.oneplus.security.SecureService$b.onReceive:172 android.app.LoadedApk$ReceiverDispatcher$Args.lambda$-android_app_LoadedApk$ReceiverDispatcher$Args_53427:1339 android.app.-$Lambda$FilBqgnXJrN9Mgyks1XHeAxzSTk.$m$0:4 
06-23 01:10:25.621 23866 23866 W ContextImpl: Calling a method in the system process without a qualified user: android.app.ContextImpl.sendBroadcast:967 android.content.ContextWrapper.sendBroadcast:432 com.oneplus.security.SecureService$b.onReceive:172 android.app.LoadedApk$ReceiverDispatcher$Args.lambda$-android_app_LoadedApk$ReceiverDispatcher$Args_53427:1339 android.app.-$Lambda$FilBqgnXJrN9Mgyks1XHeAxzSTk.$m$0:4 
06-23 01:10:25.623 23866 23866 W ContextImpl: Calling a method in the system process without a qualified user: android.app.ContextImpl.sendBroadcast:967 android.content.ContextWrapper.sendBroadcast:432 com.oneplus.security.SecureService$b.onReceive:172 android.app.LoadedApk$ReceiverDispatcher$Args.lambda$-android_app_LoadedApk$ReceiverDispatcher$Args_53427:1339 android.app.-$Lambda$FilBqgnXJrN9Mgyks1XHeAxzSTk.$m$0:4 
06-23 01:10:25.641 23866 23866 W ContextImpl: Calling a method in the system process without a qualified user: android.app.ContextImpl.sendBroadcast:967 android.content.ContextWrapper.sendBroadcast:432 com.oneplus.security.SecureService$b.onReceive:172 android.app.LoadedApk$ReceiverDispatcher$Args.lambda$-android_app_LoadedApk$ReceiverDispatcher$Args_53427:1339 android.app.-$Lambda$FilBqgnXJrN9Mgyks1XHeAxzSTk.$m$0:4 
06-23 01:10:25.645 23866 23866 W ContextImpl: Calling a method in the system process without a qualified user: android.app.ContextImpl.sendBroadcast:967 android.content.ContextWrapper.sendBroadcast:432 com.oneplus.security.SecureService$b.onReceive:172 android.app.LoadedApk$ReceiverDispatcher$Args.lambda$-android_app_LoadedApk$ReceiverDispatcher$Args_53427:1339 android.app.-$Lambda$FilBqgnXJrN9Mgyks1XHeAxzSTk.$m$0:4 
06-23 01:10:25.646 23866 23866 W ContextImpl: Calling a method in the system process without a qualified user: android.app.ContextImpl.sendBroadcast:967 android.content.ContextWrapper.sendBroadcast:432 com.oneplus.security.SecureService$b.onReceive:172 android.app.LoadedApk$ReceiverDispatcher$Args.lambda$-android_app_LoadedApk$ReceiverDispatcher$Args_53427:1339 android.app.-$Lambda$FilBqgnXJrN9Mgyks1XHeAxzSTk.$m$0:4 
06-23 01:10:25.647  1260  2978 I chatty  : uid=1000(system) Binder:1260_10 expire 2 lines
06-23 01:10:25.648 23866 23866 W ContextImpl: Calling a method in the system process without a qualified user: android.app.ContextImpl.sendBroadcast:967 android.content.ContextWrapper.sendBroadcast:432 com.oneplus.security.SecureService$b.onReceive:172 android.app.LoadedApk$ReceiverDispatcher$Args.lambda$-android_app_LoadedApk$ReceiverDispatcher$Args_53427:1339 android.app.-$Lambda$FilBqgnXJrN9Mgyks1XHeAxzSTk.$m$0:4 
06-23 01:10:25.649  1260  3037 I chatty  : uid=1000(system) Binder:1260_15 expire 12 lines
06-23 01:10:25.651 23866 23866 W ContextImpl: Calling a method in the system process without a qualified user: android.app.ContextImpl.sendBroadcast:967 android.content.ContextWrapper.sendBroadcast:432 com.oneplus.security.SecureService$b.onReceive:172 android.app.LoadedApk$ReceiverDispatcher$Args.lambda$-android_app_LoadedApk$ReceiverDispatcher$Args_53427:1339 android.app.-$Lambda$FilBqgnXJrN9Mgyks1XHeAxzSTk.$m$0:4 
06-23 01:10:25.651  1260  7332 I chatty  : uid=1000(system) Binder:1260_1A expire 8 lines
06-23 01:10:25.659 23866 23866 W ContextImpl: Calling a method in the system process without a qualified user: android.app.ContextImpl.sendBroadcast:967 android.content.ContextWrapper.sendBroadcast:432 com.oneplus.security.SecureService$b.onReceive:172 android.app.LoadedApk$ReceiverDispatcher$Args.lambda$-android_app_LoadedApk$ReceiverDispatcher$Args_53427:1339 android.app.-$Lambda$FilBqgnXJrN9Mgyks1XHeAxzSTk.$m$0:4 
06-23 01:10:25.685  1260  1287 I chatty  : uid=1000(system) android.bg expire 2 lines
06-23 01:10:25.685  1260  1260 I chatty  : uid=1000 system_server expire 23 lines
06-23 01:10:26.026  1260  1805 I chatty  : uid=1000(system) Binder:1260_3 expire 18 lines
06-23 01:10:26.280  1260  3001 I chatty  : uid=1000(system) Binder:1260_13 expire 38 lines
06-23 01:10:26.280  1260  1758 I chatty  : uid=1000(system) ConnectivitySer expire 5 lines
06-23 01:10:26.422  1260  2293 I chatty  : uid=1000(system) NetworkTimeUpda expire 2 lines
06-23 01:10:26.488 23866 23902 W ContextImpl: Calling a method in the system process without a qualified user: android.app.ContextImpl.startService:1477 android.content.ContextWrapper.startService:645 com.oneplus.security.firewall.NetworkRestrictService.a:154 com.oneplus.security.receiver.a.e:127 com.oneplus.security.SecureService$a.handleMessage:77 
06-23 01:10:26.504  1260  1730 I chatty  : uid=1000(system) AlarmManager expire 6 lines
06-23 01:10:27.256  1983  1983 D APP_LAUNCH_START: 35225601 (4) doProcessInputEvents ACTION_DOWN [567,121]
06-23 01:10:27.263  1260 13609 I chatty  : uid=1000 system_server expire 2 lines
06-23 01:10:27.264  1260  1740 I chatty  : uid=1000(system) InputDispatcher expire 10 lines
06-23 01:10:27.281  1260  1290 I chatty  : uid=1000(system) ActivityManager expire 8 lines
06-23 01:10:27.309  1983  1983 D APP_LAUNCH: 35225655 (1) doProcessInputEvents ACTION_UP [567,121]
06-23 01:10:27.310  1260  2847 I chatty  : uid=1000(system) Binder:1260_A expire 46 lines
06-23 01:10:27.432  1260  1718 I chatty  : uid=1000(system) android.anim expire 26 lines
06-23 01:10:27.486  1260  1417 I chatty  : uid=1000(system) android.display expire 5 lines
06-23 01:10:28.118  1260  1755 I chatty  : uid=1000(system) WifiScanningSer expire 1 line
06-23 01:10:28.130   992   992 W wificond: Scan is not started. Ignore abort request
06-23 01:10:28.138  1260  1753 I chatty  : uid=1000(system) WifiStateMachin expire 3 lines
06-23 01:10:28.289  2973  2973 D APP_LAUNCH_START: 35226635 (3) doProcessInputEvents ACTION_DOWN [402,850]
06-23 01:10:28.347  2973  2973 D APP_LAUNCH: 35226693 (2) doProcessInputEvents ACTION_UP [402,850]
06-23 01:10:28.963  2973  2973 D APP_LAUNCH_START: 35227308 (2) doProcessInputEvents ACTION_DOWN [342,682]
06-23 01:10:29.031  2973  2973 D APP_LAUNCH: 35227377 (6) doProcessInputEvents ACTION_UP [342,682]
06-23 01:10:29.159  1260  1289 I chatty  : uid=1000(system) EmbryoManager expire 2 lines
06-23 01:10:29.160  1260  1417 I chatty  : uid=1000(system) android.display expire 4 lines
06-23 01:10:29.164  1260  3001 I chatty  : uid=1000(system) Binder:1260_13 expire 72 lines
06-23 01:10:29.165  1260  1290 I chatty  : uid=1000(system) ActivityManager expire 7 lines
06-23 01:10:29.210  1260  1718 I chatty  : uid=1000(system) android.anim expire 26 lines
06-23 01:10:29.263  1260  1805 I chatty  : uid=1000(system) Binder:1260_3 expire 14 lines
06-23 01:10:29.362  1260  1753 I chatty  : uid=1000(system) WifiStateMachin expire 16 lines
06-23 01:10:29.394  1260  1758 I chatty  : uid=1000(system) ConnectivitySer expire 42 lines
06-23 01:10:29.599  1260  7332 I chatty  : uid=1000(system) Binder:1260_1A expire 15 lines
06-23 01:10:29.661  1260  1730 I chatty  : uid=1000(system) AlarmManager expire 13 lines
06-23 01:10:29.666  1260  1260 I chatty  : uid=1000 system_server expire 23 lines
06-23 01:10:30.848   992   992 I wificond: Oem Command: iwpriv wlan0 wowlAddPtrn 28:05:c0eefbf55376000000000000080045000000000000000000000000000000c0a80068000000000000:fc0e0003c0 (len=122)
06-23 01:10:30.848   992   992 I wificond: iwpriv tool:/system/bin/iwpriv
06-23 01:10:30.851  1260  2847 I chatty  : uid=1000(system) Binder:1260_A expire 2 lines
06-23 01:10:30.893   992   992 I wificond: iwpriv command: 0
06-23 01:10:30.910  1260  3037 I chatty  : uid=1000(system) Binder:1260_15 expire 10 lines
06-23 01:10:30.980  1260  1758 I chatty  : uid=1000(system) ConnectivitySer expire 135 lines
06-23 01:10:30.981  1260  1805 I chatty  : uid=1000(system) Binder:1260_3 expire 9 lines
06-23 01:10:30.987  1260  7332 I chatty  : uid=1000(system) Binder:1260_1A expire 6 lines
06-23 01:10:30.988  1260  2289 I chatty  : uid=1000(system) LocationThread expire 2 lines
06-23 01:10:30.989  1260  3188 I chatty  : uid=1000(system) IzatProvider expire 1 line
06-23 01:10:30.991  1260  3001 I chatty  : uid=1000(system) Binder:1260_13 expire 5 lines
06-23 01:10:31.022  1260  1937 I chatty  : uid=1000(system) Binder:1260_4 expire 1 line
06-23 01:10:31.027   990  1140 E NetlinkEvent: NetlinkEvent::FindParam(): Parameter 'INTERFACE' not found
06-23 01:10:31.027   990  1140 E NetlinkEvent: NetlinkEvent::FindParam(): Parameter 'STATE' not found
06-23 01:10:31.027   990  1140 E NetlinkEvent: NetlinkEvent::FindParam(): Parameter 'TIME_NS' not found
06-23 01:10:31.027   990  1140 E NetlinkEvent: NetlinkEvent::FindParam(): Parameter 'UID' not found
06-23 01:10:31.111  1260  2847 I chatty  : uid=1000(system) Binder:1260_A expire 1 line
06-23 01:10:31.117  1260 13654 I chatty  : uid=1000(system) NetworkMonitorN expire 1 line
06-23 01:10:31.123  1260  1415 I chatty  : uid=1000(system) android.fg expire 1 line
06-23 01:10:31.130  1260  1856 I chatty  : uid=1000(system) ConnectivityThr expire 1 line
06-23 01:10:31.137  1260  3021 I chatty  : uid=1000(system) Binder:1260_14 expire 1 line
06-23 01:10:31.143  1260  2966 I chatty  : uid=1000(system) Binder:1260_D expire 15 lines
06-23 01:10:31.251  1260  2972 I chatty  : uid=1000(system) Binder:1260_F expire 1 line
06-23 01:10:31.263  1260  1273 I chatty  : uid=1000(system) Binder:1260_1 expire 8 lines
06-23 01:10:31.270  1260  2837 I chatty  : uid=1000(system) Binder:1260_9 expire 7 lines
06-23 01:10:31.316  1260  5855 I chatty  : uid=1000(system) Binder:1260_18 expire 2 lines
06-23 01:10:31.333  1260  2978 I chatty  : uid=1000(system) Binder:1260_10 expire 1 line
06-23 01:10:31.342  1260  1260 I chatty  : uid=1000 system_server expire 4 lines
06-23 01:10:31.345  1260  1287 I chatty  : uid=1000(system) android.bg expire 11 lines
06-23 01:10:31.353  1260  2969 I chatty  : uid=1000(system) Binder:1260_E expire 8 lines
06-23 01:10:31.375  3211  3211 W ContextImpl: Calling a method in the system process without a qualified user: android.app.ContextImpl.startService:1477 android.content.ContextWrapper.startService:645 com.oneplus.opbackup.service.BackupService.a:13 com.oneplus.opbackup.receiver.CheckUpdateReceiver.a:20 com.oneplus.opbackup.receiver.NetworkListenerService$a.onReceive:18 
06-23 01:10:31.789  1260  1730 I chatty  : uid=1000(system) AlarmManager expire 17 lines
06-23 01:10:32.125  1260  1758 I chatty  : uid=1000(system) ConnectivitySer expire 49 lines
06-23 01:10:32.135  1260  1273 I chatty  : uid=1000(system) Binder:1260_1 expire 32 lines
06-23 01:10:32.142 23866 23902 W ContextImpl: Calling a method in the system process without a qualified user: android.app.ContextImpl.startService:1477 android.content.ContextWrapper.startService:645 com.oneplus.security.firewall.NetworkRestrictService.a:154 com.oneplus.security.receiver.a.e:127 com.oneplus.security.SecureService$a.handleMessage:77 
06-23 01:10:32.258  1260  1260 I chatty  : uid=1000 system_server expire 3 lines
06-23 01:10:32.344  1260  2293 I chatty  : uid=1000(system) NetworkTimeUpda expire 2 lines
06-23 01:10:32.351  1260  2966 I chatty  : uid=1000(system) Binder:1260_D expire 28 lines
06-23 01:10:32.748  1260  3037 I chatty  : uid=1000(system) Binder:1260_15 expire 68 lines
06-23 01:10:33.104  1260  1718 I chatty  : uid=1000(system) android.anim expire 23 lines
06-23 01:10:33.250  1260  1417 I chatty  : uid=1000(system) android.display expire 5 lines
06-23 01:10:33.265  1260  1419 I chatty  : uid=1000(system) PowerManagerSer expire 4 lines
06-23 01:10:33.287  1260  1895 I chatty  : uid=1000(system) PhotonicModulat expire 52 lines
06-23 01:10:34.509  8503  8503 D APP_LAUNCH_START: 35232855 (3) doProcessInputEvents ACTION_DOWN [152,177]
06-23 01:10:34.575  8503  8503 D APP_LAUNCH: 35232921 (1) doProcessInputEvents ACTION_UP [152,177]
06-23 01:10:34.924  8503 13708 W ActivityThread: ClassLoader.getResources: The class loader returned by Thread.getContextClassLoader() may fail for processes that host multiple applications. You should explicitly specify a context class loader. For example: Thread.setContextClassLoader(getClass().getClassLoader());
06-23 01:10:35.412  1260  1753 I chatty  : uid=1000(system) WifiStateMachin expire 3 lines
06-23 01:10:36.973  8503  8503 D APP_LAUNCH_START: 35235318 (2) doProcessInputEvents ACTION_DOWN [257,643]
06-23 01:10:37.118  8503  8503 D APP_LAUNCH: 35235464 (4) doProcessInputEvents ACTION_UP [298,705]
06-23 01:10:37.891  8503  8503 D APP_LAUNCH_START: 35236237 (1) doProcessInputEvents ACTION_DOWN [341,750]
06-23 01:10:37.980  8503  8503 D APP_LAUNCH: 35236325 (3) doProcessInputEvents ACTION_UP [171,687]
06-23 01:10:38.074  1260  1287 I chatty  : uid=1000(system) android.bg expire 4 lines
06-23 01:10:38.458  1260  1758 I chatty  : uid=1000(system) ConnectivitySer expire 31 lines
06-23 01:10:38.886  8503  8503 D APP_LAUNCH_START: 35237232 (3) doProcessInputEvents ACTION_DOWN [140,129]
06-23 01:10:38.896  1260  3037 I chatty  : uid=1000(system) Binder:1260_15 expire 36 lines
06-23 01:10:38.934  8503  8503 D APP_LAUNCH: 35237279 (0) doProcessInputEvents ACTION_UP [140,129]
06-23 01:10:39.190  1260  2837 I chatty  : uid=1000(system) Binder:1260_9 expire 30 lines
06-23 01:10:39.753  8503  8503 D APP_LAUNCH_START: 35238098 (4) doProcessInputEvents ACTION_DOWN [401,682]
06-23 01:10:39.858  8503  8503 D APP_LAUNCH: 35238204 (8) doProcessInputEvents ACTION_UP [537,632]
06-23 01:10:40.001  1260  1730 I chatty  : uid=1000(system) AlarmManager expire 10 lines
06-23 01:10:40.027  1260  1260 I chatty  : uid=1000 system_server expire 3 lines
06-23 01:10:41.498  1260  1290 I chatty  : uid=1000(system) ActivityManager expire 4 lines
06-23 01:10:41.666  1983  1983 D APP_LAUNCH_START: 35240012 (2) doProcessInputEvents ACTION_DOWN [548,86]
06-23 01:10:41.672  1260  2966 I chatty  : uid=1000(system) Binder:1260_D expire 65 lines
06-23 01:10:41.675  1260 14017 I chatty  : uid=1000 system_server expire 2 lines
06-23 01:10:41.676  1260  1740 I chatty  : uid=1000(system) InputDispatcher expire 26 lines
06-23 01:10:41.731  1983  1983 D APP_LAUNCH: 35240077 (1) doProcessInputEvents ACTION_UP [548,86]
06-23 01:10:41.870  1260  1718 I chatty  : uid=1000(system) android.anim expire 27 lines
06-23 01:10:41.893  1260  1417 I chatty  : uid=1000(system) android.display expire 3 lines
06-23 01:10:42.184  1260  1419 I chatty  : uid=1000(system) PowerManagerSer expire 30 lines
06-23 01:10:42.213  1260  1895 I chatty  : uid=1000(system) PhotonicModulat expire 32 lines
06-23 01:10:42.247  1260  1419 I chatty  : uid=1000(system) PowerManagerSer expire 119 lines
06-23 01:10:42.248  1260  1260 I chatty  : uid=1000 system_server expire 29 lines
06-23 01:10:42.248  1260  2966 I chatty  : uid=1000(system) Binder:1260_D expire 40 lines
06-23 01:10:42.264  1260  1290 I chatty  : uid=1000(system) ActivityManager expire 4 lines
06-23 01:10:42.265  1260  3037 I chatty  : uid=1000(system) Binder:1260_15 expire 67 lines
06-23 01:10:42.353  2973  2973 D APP_LAUNCH_START: 35240698 (0) doProcessInputEvents ACTION_DOWN [105,1725]
06-23 01:10:42.393  1260  1895 I chatty  : uid=1000(system) PhotonicModulat expire 21 lines
06-23 01:10:42.395  1260  2966 I chatty  : uid=1000(system) Binder:1260_D expire 17 lines
06-23 01:10:42.395  1260  1419 I chatty  : uid=1000(system) PowerManagerSer expire 94 lines
06-23 01:10:42.396  1260  1260 I chatty  : uid=1000 system_server expire 7 lines
06-23 01:10:42.403  2973  2973 D APP_LAUNCH: 35240749 (1) doProcessInputEvents ACTION_UP [105,1725]
06-23 01:10:42.426  1260  1290 I chatty  : uid=1000(system) ActivityManager expire 4 lines
06-23 01:10:42.427  1260  1417 I chatty  : uid=1000(system) android.display expire 3 lines
06-23 01:10:42.436  1260  2837 I chatty  : uid=1000(system) Binder:1260_9 expire 3 lines
06-23 01:10:42.463  1260  1718 I chatty  : uid=1000(system) android.anim expire 3 lines
06-23 01:10:42.483  1260  2969 I chatty  : uid=1000(system) Binder:1260_E expire 3 lines
06-23 01:10:42.486  1260  1758 I chatty  : uid=1000(system) ConnectivitySer expire 5 lines
06-23 01:10:42.502  1260  1419 I chatty  : uid=1000(system) PowerManagerSer expire 101 lines
06-23 01:10:42.502  1260  2966 I chatty  : uid=1000(system) Binder:1260_D expire 10 lines
06-23 01:10:42.510  1260  1895 I chatty  : uid=1000(system) PhotonicModulat expire 22 lines
06-23 01:10:42.512  1260  3037 I chatty  : uid=1000(system) Binder:1260_15 expire 46 lines
06-23 01:10:42.512  1260  1260 I chatty  : uid=1000 system_server expire 8 lines
06-23 01:10:42.517  1260  2969 I chatty  : uid=1000(system) Binder:1260_E expire 15 lines
06-23 01:10:42.555  1260  1273 I chatty  : uid=1000(system) Binder:1260_1 expire 25 lines
06-23 01:10:42.629  1260  2966 I chatty  : uid=1000(system) Binder:1260_D expire 18 lines
06-23 01:10:42.629  1260  1419 I chatty  : uid=1000(system) PowerManagerSer expire 22 lines
06-23 01:10:42.630  1260  1895 I chatty  : uid=1000(system) PhotonicModulat expire 3 lines
06-23 01:10:42.640  1260  2969 I chatty  : uid=1000(system) Binder:1260_E expire 4 lines
06-23 01:10:42.646  1260  1260 I chatty  : uid=1000 system_server expire 28 lines
06-23 01:10:42.681  1260  1718 I chatty  : uid=1000(system) android.anim expire 13 lines
06-23 01:10:42.694  1260  1417 I chatty  : uid=1000(system) android.display expire 2 lines
06-23 01:10:42.940  1260  1290 I chatty  : uid=1000(system) ActivityManager expire 4 lines
06-23 01:10:42.942  1260  2837 I chatty  : uid=1000(system) Binder:1260_9 expire 10 lines
06-23 01:10:44.241  6661  6661 D APP_LAUNCH_START: 35242587 (2) doProcessInputEvents ACTION_DOWN [830,1024]
06-23 01:10:44.334  6661  6661 D APP_LAUNCH: 35242679 (0) doProcessInputEvents ACTION_UP [859,889]
06-23 01:10:44.491  1260  1758 I chatty  : uid=1000(system) ConnectivitySer expire 41 lines
06-23 01:10:44.890  6661  6661 D APP_LAUNCH_START: 35243236 (3) doProcessInputEvents ACTION_DOWN [810,851]
06-23 01:10:44.958  6661  6661 D APP_LAUNCH: 35243304 (3) doProcessInputEvents ACTION_UP [788,1051]
06-23 01:10:45.000  1260  1730 I chatty  : uid=1000(system) AlarmManager expire 27 lines
06-23 01:10:45.121  6661  6661 D APP_LAUNCH_START: 35243467 (2) doProcessInputEvents ACTION_DOWN [746,1022]
06-23 01:10:45.300  6661  6661 D APP_LAUNCH: 35243646 (1) doProcessInputEvents ACTION_UP [746,1022]
06-23 01:10:46.008  1260  1415 I chatty  : uid=1000(system) android.fg expire 1 line
06-23 01:10:46.008  1260  1749 I chatty  : uid=1000(system) NetworkStats expire 6 lines
06-23 01:10:46.389  6661  6661 D APP_LAUNCH_START: 35244735 (1) doProcessInputEvents ACTION_DOWN [781,1078]
06-23 01:10:46.483  6661  6661 D APP_LAUNCH: 35244828 (0) doProcessInputEvents ACTION_UP [806,935]
06-23 01:10:47.502  1260  1753 I chatty  : uid=1000(system) WifiStateMachin expire 1 line
06-23 01:10:48.967  1260  1287 I chatty  : uid=1000(system) android.bg expire 1 line
06-23 01:10:49.017  1260  3037 I chatty  : uid=1000(system) Binder:1260_15 expire 5 lines
06-23 01:10:49.933  1260  7332 I chatty  : uid=1000(system) Binder:1260_1A expire 2 lines
06-23 01:10:49.942  1260  5855 I chatty  : uid=1000(system) Binder:1260_18 expire 13 lines
06-23 01:10:50.000  1260  1730 I chatty  : uid=1000(system) AlarmManager expire 24 lines
06-23 01:10:50.007  1260  3037 I chatty  : uid=1000(system) Binder:1260_15 expire 3 lines
06-23 01:10:50.022  1260  1260 I chatty  : uid=1000 system_server expire 18 lines
06-23 01:10:50.045  1260  2966 I chatty  : uid=1000(system) Binder:1260_D expire 4 lines
06-23 01:10:50.045  1260  1287 I chatty  : uid=1000(system) android.bg expire 50 lines
06-23 01:10:50.509  1260  1758 I chatty  : uid=1000(system) ConnectivitySer expire 79 lines
06-23 01:10:50.509  1260  1753 I chatty  : uid=1000(system) WifiStateMachin expire 3 lines
06-23 01:10:52.822  1260  1755 I chatty  : uid=1000(system) WifiScanningSer expire 1 line
06-23 01:10:54.538  1260  7332 I chatty  : uid=1000(system) Binder:1260_1A expire 6 lines
06-23 01:11:01.279  6661  6661 D APP_LAUNCH_START: 35259624 (2) doProcessInputEvents ACTION_DOWN [899,1112]
06-23 01:11:01.417  6661  6661 D APP_LAUNCH: 35259763 (67) doProcessInputEvents ACTION_UP [938,946]
06-23 01:11:01.498  6661  6661 D APP_LAUNCH_START: 35259844 (1) doProcessInputEvents ACTION_DOWN [943,885]
06-23 01:11:01.584  1260  1730 I chatty  : uid=1000(system) AlarmManager expire 3 lines
06-23 01:11:01.593  1260  1260 I chatty  : uid=1000 system_server expire 10 lines
06-23 01:11:01.618  6661  6661 D APP_LAUNCH: 35259963 (0) doProcessInputEvents ACTION_UP [943,885]
06-23 01:11:02.130  6661  6661 D APP_LAUNCH_START: 35260476 (9) doProcessInputEvents ACTION_DOWN [886,854]
06-23 01:11:02.131  1260  2966 I chatty  : uid=1000(system) Binder:1260_D expire 2 lines
06-23 01:11:02.178  6661  6661 D APP_LAUNCH: 35260524 (0) doProcessInputEvents ACTION_UP [834,1056]
06-23 01:11:02.562  1260  1753 I chatty  : uid=1000(system) WifiStateMachin expire 2 lines
06-23 01:11:02.562  1260  1758 I chatty  : uid=1000(system) ConnectivitySer expire 76 lines
06-23 01:11:02.782  6661  6661 D APP_LAUNCH_START: 35261127 (1) doProcessInputEvents ACTION_DOWN [695,179]
06-23 01:11:02.796  6661  6661 D APP_LAUNCH: 35261141 (0) doProcessInputEvents ACTION_UP [695,179]
06-23 01:11:02.813  1260  1273 I chatty  : uid=1000(system) Binder:1260_1 expire 15 lines
06-23 01:11:02.820  1260  5855 I chatty  : uid=1000(system) Binder:1260_18 expire 6 lines
06-23 01:11:03.321  1260  1718 I chatty  : uid=1000(system) android.anim expire 7 lines
06-23 01:11:04.785  6661  6661 D APP_LAUNCH_START: 35263131 (3) doProcessInputEvents ACTION_DOWN [515,952]
06-23 01:11:04.861  6661  6661 D APP_LAUNCH: 35263206 (3) doProcessInputEvents ACTION_UP [515,952]
06-23 01:11:05.000  1260  1730 I chatty  : uid=1000(system) AlarmManager expire 28 lines
06-23 01:11:05.029  1260  7332 I chatty  : uid=1000(system) Binder:1260_1A expire 10 lines
06-23 01:11:06.418  1260  2978 I chatty  : uid=1000(system) Binder:1260_10 expire 9 lines
06-23 01:11:07.541  1260  1290 I chatty  : uid=1000(system) ActivityManager expire 1 line
06-23 01:11:07.905  6661  6661 D APP_LAUNCH_START: 35266251 (6) doProcessInputEvents ACTION_DOWN [731,918]
06-23 01:11:07.976  6661  6661 D APP_LAUNCH: 35266321 (0) doProcessInputEvents ACTION_UP [748,760]
06-23 01:11:08.088  1260  3037 I chatty  : uid=1000(system) Binder:1260_15 expire 2 lines
06-23 01:11:08.211  6661  6661 D APP_LAUNCH_START: 35266556 (2) doProcessInputEvents ACTION_DOWN [747,863]
06-23 01:11:08.329  6661  6661 D APP_LAUNCH: 35266675 (1) doProcessInputEvents ACTION_UP [747,863]
06-23 01:11:08.557  6661  6661 D APP_LAUNCH_START: 35266902 (2) doProcessInputEvents ACTION_DOWN [755,961]
06-23 01:11:08.622  6661  6661 D APP_LAUNCH: 35266968 (1) doProcessInputEvents ACTION_UP [824,753]
06-23 01:11:08.778  6661  6661 D APP_LAUNCH_START: 35267124 (1) doProcessInputEvents ACTION_DOWN [772,819]
06-23 01:11:08.915  6661  6661 D APP_LAUNCH: 35267261 (1) doProcessInputEvents ACTION_UP [772,819]
06-23 01:11:09.185  6661  6661 D APP_LAUNCH_START: 35267531 (2) doProcessInputEvents ACTION_DOWN [757,981]
06-23 01:11:09.259  6661  6661 D APP_LAUNCH: 35267605 (1) doProcessInputEvents ACTION_UP [810,762]
06-23 01:11:09.398  6661  6661 D APP_LAUNCH_START: 35267744 (1) doProcessInputEvents ACTION_DOWN [784,831]
06-23 01:11:09.526  6661  6661 D APP_LAUNCH: 35267872 (0) doProcessInputEvents ACTION_UP [784,831]
06-23 01:11:09.849  6661  6661 D APP_LAUNCH_START: 35268195 (2) doProcessInputEvents ACTION_DOWN [755,955]
06-23 01:11:09.907  6661  6661 D APP_LAUNCH: 35268252 (0) doProcessInputEvents ACTION_UP [793,801]
06-23 01:11:10.149  6661  6661 D APP_LAUNCH_START: 35268495 (1) doProcessInputEvents ACTION_DOWN [769,843]
06-23 01:11:10.252  6661  6661 D APP_LAUNCH: 35268598 (1) doProcessInputEvents ACTION_UP [769,843]
06-23 01:11:10.625  6661  6661 D APP_LAUNCH_START: 35268971 (1) doProcessInputEvents ACTION_DOWN [759,946]
06-23 01:11:10.692  6661  6661 D APP_LAUNCH: 35269038 (1) doProcessInputEvents ACTION_UP [801,791]
06-23 01:11:10.814  6661  6661 D APP_LAUNCH_START: 35269159 (1) doProcessInputEvents ACTION_DOWN [784,798]
06-23 01:11:10.925  6661  6661 D APP_LAUNCH: 35269270 (0) doProcessInputEvents ACTION_UP [784,798]
06-23 01:11:11.204  6661  6661 D APP_LAUNCH_START: 35269549 (1) doProcessInputEvents ACTION_DOWN [734,920]
06-23 01:11:11.261  6661  6661 D APP_LAUNCH: 35269607 (1) doProcessInputEvents ACTION_UP [775,772]
06-23 01:11:11.391  6661  6661 D APP_LAUNCH_START: 35269737 (1) doProcessInputEvents ACTION_DOWN [807,760]
06-23 01:11:11.547  6661  6661 D APP_LAUNCH: 35269893 (2) doProcessInputEvents ACTION_UP [807,760]
06-23 01:11:12.467  6661  6661 D APP_LAUNCH_START: 35270813 (3) doProcessInputEvents ACTION_DOWN [803,894]
06-23 01:11:12.608  6661  6661 D APP_LAUNCH: 35270954 (1) doProcessInputEvents ACTION_UP [826,777]
06-23 01:11:15.711  6661  6661 D APP_LAUNCH_START: 35274057 (3) doProcessInputEvents ACTION_DOWN [752,1061]
06-23 01:11:15.802  6661  6661 D APP_LAUNCH: 35274147 (1) doProcessInputEvents ACTION_UP [750,952]
06-23 01:11:16.514  1260  1730 I chatty  : uid=1000(system) AlarmManager expire 20 lines
06-23 01:11:16.547  1260  1755 I chatty  : uid=1000(system) WifiScanningSer expire 1 line
06-23 01:11:16.568  1260  1273 I chatty  : uid=1000(system) Binder:1260_1 expire 4 lines
06-23 01:11:17.279  6661  6661 D APP_LAUNCH_START: 35275625 (2) doProcessInputEvents ACTION_DOWN [777,1053]
06-23 01:11:17.405  6661  6661 D APP_LAUNCH: 35275750 (1) doProcessInputEvents ACTION_UP [782,926]
06-23 01:11:20.398  6661  6661 D APP_LAUNCH_START: 35278743 (2) doProcessInputEvents ACTION_DOWN [722,1041]
06-23 01:11:20.481  6661  6661 D APP_LAUNCH: 35278827 (4) doProcessInputEvents ACTION_UP [725,965]
06-23 01:11:20.862  6661  6661 D APP_LAUNCH_START: 35279208 (2) doProcessInputEvents ACTION_DOWN [731,1024]
06-23 01:11:20.936  6661  6661 D APP_LAUNCH: 35279282 (1) doProcessInputEvents ACTION_UP [757,921]
06-23 01:11:21.076  6661  6661 D APP_LAUNCH_START: 35279421 (1) doProcessInputEvents ACTION_DOWN [732,949]
06-23 01:11:21.206  6661  6661 D APP_LAUNCH: 35279552 (2) doProcessInputEvents ACTION_UP [732,949]
06-23 01:11:21.578  6661  6661 D APP_LAUNCH_START: 35279924 (2) doProcessInputEvents ACTION_DOWN [743,1058]
06-23 01:11:21.644  6661  6661 D APP_LAUNCH: 35279990 (1) doProcessInputEvents ACTION_UP [763,965]
06-23 01:11:21.766  6661  6661 D APP_LAUNCH_START: 35280112 (1) doProcessInputEvents ACTION_DOWN [747,955]
06-23 01:11:21.877  6661  6661 D APP_LAUNCH: 35280223 (1) doProcessInputEvents ACTION_UP [747,955]
06-23 01:11:23.144  6661  6661 D APP_LAUNCH_START: 35281490 (3) doProcessInputEvents ACTION_DOWN [725,1014]
06-23 01:11:23.311  6661  6661 D APP_LAUNCH: 35281656 (0) doProcessInputEvents ACTION_UP [686,1149]
06-23 01:11:23.710  6661  6661 D APP_LAUNCH_START: 35282055 (0) doProcessInputEvents ACTION_DOWN [714,968]
06-23 01:11:23.786  6661  6661 D APP_LAUNCH: 35282131 (0) doProcessInputEvents ACTION_UP [697,1094]
06-23 01:11:23.917  6661  6661 D APP_LAUNCH_START: 35282263 (2) doProcessInputEvents ACTION_DOWN [675,1101]
06-23 01:11:24.080  6661  6661 D APP_LAUNCH: 35282426 (1) doProcessInputEvents ACTION_UP [675,1101]
06-23 01:11:24.917  6661  6661 D APP_LAUNCH_START: 35283263 (4) doProcessInputEvents ACTION_DOWN [523,1554]
06-23 01:11:25.040  6661  6661 D APP_LAUNCH: 35283385 (0) doProcessInputEvents ACTION_UP [523,1554]
06-23 01:11:25.683  1260  1415 I chatty  : uid=1000(system) android.fg expire 1 line
06-23 01:11:25.683  1260  1749 I chatty  : uid=1000(system) NetworkStats expire 6 lines
06-23 01:11:27.108  6661  6661 D APP_LAUNCH_START: 35285454 (1) doProcessInputEvents ACTION_DOWN [798,1076]
06-23 01:11:27.185  6661  6661 D APP_LAUNCH: 35285530 (0) doProcessInputEvents ACTION_UP [802,1008]
06-23 01:11:28.676  1983  1983 D APP_LAUNCH_START: 35287021 (2) doProcessInputEvents ACTION_DOWN [541,96]
06-23 01:11:28.684  1260 14171 I chatty  : uid=1000 system_server expire 2 lines
06-23 01:11:28.685  1260  1740 I chatty  : uid=1000(system) InputDispatcher expire 5 lines
06-23 01:11:28.809  1983  1983 D APP_LAUNCH: 35287155 (2) doProcessInputEvents ACTION_UP [541,96]
06-23 01:11:28.814  1260  7332 I chatty  : uid=1000(system) Binder:1260_1A expire 59 lines
06-23 01:11:28.836  1260  1740 I chatty  : uid=1000(system) InputDispatcher expire 5 lines
06-23 01:11:28.869  1260  1758 I chatty  : uid=1000(system) ConnectivitySer expire 2 lines
06-23 01:11:28.880  1260  1290 I chatty  : uid=1000(system) ActivityManager expire 11 lines
06-23 01:11:28.893  1260  2978 I chatty  : uid=1000(system) Binder:1260_10 expire 24 lines
06-23 01:11:28.904  1260  1273 I chatty  : uid=1000(system) Binder:1260_1 expire 6 lines
06-23 01:11:28.961  1260  1718 I chatty  : uid=1000(system) android.anim expire 29 lines
06-23 01:11:28.991  1260  1417 I chatty  : uid=1000(system) android.display expire 5 lines
06-23 01:11:29.385  1260  1260 I chatty  : uid=1000 system_server expire 20 lines
06-23 01:11:29.623  2973  2973 D APP_LAUNCH_START: 35287968 (3) doProcessInputEvents ACTION_DOWN [144,1123]
06-23 01:11:29.733  2973  2973 D APP_LAUNCH: 35288079 (4) doProcessInputEvents ACTION_UP [144,1123]
06-23 01:11:29.768  1260  3037 I chatty  : uid=1000(system) Binder:1260_15 expire 30 lines
06-23 01:11:29.825  1260  1287 I chatty  : uid=1000(system) android.bg expire 1 line
06-23 01:11:29.880  1260  5855 I chatty  : uid=1000(system) Binder:1260_18 expire 58 lines
06-23 01:11:29.917  1260  1260 I chatty  : uid=1000 system_server expire 47 lines
06-23 01:11:29.925  1260  3037 I chatty  : uid=1000(system) Binder:1260_15 expire 1 line
06-23 01:11:29.972  1260  1718 I chatty  : uid=1000(system) android.anim expire 30 lines
06-23 01:11:29.981  1260  1417 I chatty  : uid=1000(system) android.display expire 3 lines
06-23 01:11:30.000  1260  1730 I chatty  : uid=1000(system) AlarmManager expire 28 lines
06-23 01:11:30.011  1260  7332 I chatty  : uid=1000(system) Binder:1260_1A expire 16 lines
06-23 01:11:30.269  1260  1290 I chatty  : uid=1000(system) ActivityManager expire 4 lines
06-23 01:11:30.441  1260  1287 I chatty  : uid=1000(system) android.bg expire 26 lines
06-23 01:11:30.468  1260  2966 I chatty  : uid=1000(system) Binder:1260_D expire 3 lines
06-23 01:11:30.613  1260  2837 I chatty  : uid=1000(system) Binder:1260_9 expire 12 lines
06-23 01:11:31.644  5835  5835 D APP_LAUNCH_START: 35289989 (1) doProcessInputEvents ACTION_DOWN [739,1219]
06-23 01:11:31.720  5835  5835 D APP_LAUNCH: 35290066 (2) doProcessInputEvents ACTION_UP [774,1032]
06-23 01:11:31.852  5835  5835 D APP_LAUNCH_START: 35290197 (3) doProcessInputEvents ACTION_DOWN [808,1005]
06-23 01:11:31.997  5835  5835 D APP_LAUNCH: 35290343 (2) doProcessInputEvents ACTION_UP [808,1005]
